Step 0
AIRPLANE_PICARD	0	old_lo=-0.01	old_hi=0.01	base_lo=-0.0054281536605925943	base_hi=0.0054032125578580828	diff_lo=-6.7024071478035387e-18	diff_hi=6.8008839300877899e-18	new_lo=-0.0054281536605926013	new_hi=0.0054032125578580897	subset=1
AIRPLANE_PICARD	1	old_lo=-0.01	old_hi=0.01	base_lo=-0.0054591950800548898	base_hi=0.0054718389707598177	diff_lo=-5.8492470126717984e-18	diff_hi=6.8754585358377155e-18	new_lo=-0.0054591950800548959	new_hi=0.0054718389707598247	subset=1
AIRPLANE_PICARD	2	old_lo=-0.01	old_hi=0.01	base_lo=-0.0028243810894335994	base_hi=0.0027604385411382536	diff_lo=-3.0265998041123532e-18	diff_hi=4.2711089294951943e-18	new_lo=-0.0028243810894336024	new_hi=0.0027604385411382579	subset=1
AIRPLANE_PICARD	3	old_lo=-0.01	old_hi=0.01	base_lo=-0.00076407574480565239	base_hi=0.00076397679582787927	diff_lo=-2.8667346274602326e-19	diff_hi=5.5644377994212855e-19	new_lo=-0.00076407574480565272	new_hi=0.00076397679582787992	subset=1
AIRPLANE_PICARD	4	old_lo=-0.01	old_hi=0.01	base_lo=-0.00076955572015092446	base_hi=0.0007760832793640601	diff_lo=-8.0915829592243006e-19	diff_hi=9.5549124168314879e-18	new_lo=-0.00076955572015092533	new_hi=0.00077608327936406975	subset=1
AIRPLANE_PICARD	5	old_lo=-0.01	old_hi=0.01	base_lo=-0.00078782366348139861	base_hi=0.00079464898816200189	diff_lo=-1.8578916183287228e-17	diff_hi=7.5707495827970221e-19	new_lo=-0.00078782366348141726	new_hi=0.00079464898816200265	subset=1
AIRPLANE_PICARD	6	old_lo=-0.01	old_hi=0.01	base_lo=-0.00047361842610913591	base_hi=0.00047242074483011158	diff_lo=-5.9501015226004515e-20	diff_hi=5.9501015226004515e-20	new_lo=-0.00047361842610913602	new_hi=0.00047242074483011168	subset=1
AIRPLANE_PICARD	7	old_lo=-0.01	old_hi=0.01	base_lo=-0.00045601854447866792	base_hi=0.00045655752131395643	diff_lo=-1.02695629777827e-19	diff_hi=1.02695629777827e-19	new_lo=-0.00045601854447866803	new_hi=0.00045655752131395653	subset=1
AIRPLANE_PICARD	8	old_lo=-0.01	old_hi=0.01	base_lo=-0.00039198917357112051	base_hi=0.00039089538883717106	diff_lo=-1.0789980020575743e-19	diff_hi=1.1345091532888323e-19	new_lo=-0.00039198917357112061	new_hi=0.00039089538883717122	subset=1
AIRPLANE_PICARD	9	old_lo=-0.01	old_hi=0.01	base_lo=-0.0001	base_hi=0.0001	diff_lo=0	diff_hi=0	new_lo=-0.0001	new_hi=0.0001	subset=1
AIRPLANE_PICARD	10	old_lo=-0.01	old_hi=0.01	base_lo=-0.0001	base_hi=0.0001	diff_lo=0	diff_hi=0	new_lo=-0.0001	new_hi=0.0001	subset=1
AIRPLANE_PICARD	11	old_lo=-0.01	old_hi=0.01	base_lo=-0.0001	base_hi=0.0001	diff_lo=0	diff_hi=0	new_lo=-0.0001	new_hi=0.0001	subset=1
AIRPLANE_PICARD	12	old_lo=-0.01	old_hi=0.01	base_lo=-0	base_hi=0	diff_lo=0	diff_hi=0	new_lo=-0	new_hi=0	subset=1
AIRPLANE_PICARD	13	old_lo=-0.01	old_hi=0.01	base_lo=-0	base_hi=0	diff_lo=0	diff_hi=0	new_lo=-0	new_hi=0	subset=1
AIRPLANE_PICARD	14	old_lo=-0.01	old_hi=0.01	base_lo=-0	base_hi=0	diff_lo=0	diff_hi=0	new_lo=-0	new_hi=0	subset=1
AIRPLANE_PICARD	15	old_lo=-0.01	old_hi=0.01	base_lo=-0	base_hi=0	diff_lo=0	diff_hi=0	new_lo=-0	new_hi=0	subset=1
AIRPLANE_PICARD	16	old_lo=-0.01	old_hi=0.01	base_lo=-0	base_hi=0	diff_lo=0	diff_hi=0	new_lo=-0	new_hi=0	subset=1
AIRPLANE_PICARD	17	old_lo=-0.01	old_hi=0.01	base_lo=-0	base_hi=0	diff_lo=0	diff_hi=0	new_lo=-0	new_hi=0	subset=1
AIRPLANE_PICARD	18	old_lo=-0.01	old_hi=0.01	base_lo=-0	base_hi=0	diff_lo=0	diff_hi=0	new_lo=-0	new_hi=0	subset=1
PERIOD 0 FLOWPIPES 1 STATUS 3 BOX_SAFE 0
DIAGNOSTIC_COMPLETED_CALLS 0/1
FLOWPIPE_SEGMENTS 1
UNKNOWN
time cost: 0.792000
