Step 0
Step 1
Step 2
Step 3
Step 4
Step 5
Step 6
Step 7
Step 8
Step 9
Step 10
Step 11
Step 12
Step 13
Step 14
Step 15
Step 16
Step 17
Step 18
Flow* terminated.
Broken branch: 2
Step 19
Flow* terminated.
Broken branch: 1
Flow* terminated.
Broken branch: 0
Flow* terminated.
Broken branch: 5
Flow* terminated.
Broken branch: 4
Flow* terminated.
Broken branch: 3
Unknown.
HULL x1 -0.166655722711 0.295727739656
HULL x2 -0.39472413478 0.0137049225619
HULL x3 -1.20212698477 2.09167507926
HULL x4 -2.86245700654 3.43768842248
HULL t 18.9 20
HULL u1 -3.17694720435 24.3036782171
time cost: 4.239165
