Step 0
AIRPLANE_PICARD	0	old_lo=-0.01	old_hi=0.01	base_lo=-0.004536160592554633	base_hi=0.0045622456131759938	diff_lo=-8.2469494196620619e-18	diff_hi=1.2449125064151202e-17	new_lo=-0.0045361605925546417	new_hi=0.0045622456131760069	subset=1
AIRPLANE_PICARD	1	old_lo=-0.01	old_hi=0.01	base_lo=-0.0042298985649100182	base_hi=0.0042472483888532772	diff_lo=-6.1586777344580049e-18	diff_hi=7.8181072726835181e-18	new_lo=-0.0042298985649100252	new_hi=0.0042472483888532859	subset=1
AIRPLANE_PICARD	2	old_lo=-0.01	old_hi=0.01	base_lo=-0.0025564223737240552	base_hi=0.0025286412396557348	diff_lo=-5.7704234908880439e-18	diff_hi=4.1224223109222694e-18	new_lo=-0.0025564223737240613	new_hi=0.0025286412396557391	subset=1
AIRPLANE_PICARD	3	old_lo=-0.01	old_hi=0.01	base_lo=-0.00060276945484977716	base_hi=0.0006026701277022093	diff_lo=-2.8066438062523965e-19	diff_hi=9.1956442460627869e-18	new_lo=-0.00060276945484977749	new_hi=0.00060267012770221851	subset=1
AIRPLANE_PICARD	4	old_lo=-0.01	old_hi=0.01	base_lo=-0.00074646090607498707	base_hi=0.00074834464914686806	diff_lo=-1.6072698727498395e-18	diff_hi=5.3462789750824436e-19	new_lo=-0.0007464609060749887	new_hi=0.0007483446491468686	subset=1
AIRPLANE_PICARD	5	old_lo=-0.01	old_hi=0.01	base_lo=-0.00069940430486121943	base_hi=0.00070624142963781537	diff_lo=-9.6971042307103545e-18	diff_hi=7.5042749791975909e-19	new_lo=-0.00069940430486122918	new_hi=0.00070624142963781613	subset=1
AIRPLANE_PICARD	6	old_lo=-0.01	old_hi=0.01	base_lo=-0.00089573185201857893	base_hi=0.00088789724504168119	diff_lo=-1.1241008124329717e-19	diff_hi=1.0963452368173427e-19	new_lo=-0.00089573185201857915	new_hi=0.0008878972450416814	subset=1
AIRPLANE_PICARD	7	old_lo=-0.01	old_hi=0.01	base_lo=-0.00061801361442289076	base_hi=0.00061479642558837327	diff_lo=-1.0755285551056206e-19	diff_hi=9.9226182825873391e-20	new_lo=-0.00061801361442289087	new_hi=0.00061479642558837338	subset=1
AIRPLANE_PICARD	8	old_lo=-0.01	old_hi=0.01	base_lo=-0.00058051381904412858	base_hi=0.00057364982498755957	diff_lo=-8.049116928532388e-20	diff_hi=6.9388939039072297e-20	new_lo=-0.00058051381904412869	new_hi=0.00057364982498755968	subset=1
AIRPLANE_PICARD	9	old_lo=-0.01	old_hi=0.01	base_lo=-0.0001	base_hi=0.0001	diff_lo=0	diff_hi=0	new_lo=-0.0001	new_hi=0.0001	subset=1
AIRPLANE_PICARD	10	old_lo=-0.01	old_hi=0.01	base_lo=-0.0001	base_hi=0.0001	diff_lo=0	diff_hi=0	new_lo=-0.0001	new_hi=0.0001	subset=1
AIRPLANE_PICARD	11	old_lo=-0.01	old_hi=0.01	base_lo=-0.0001	base_hi=0.0001	diff_lo=0	diff_hi=0	new_lo=-0.0001	new_hi=0.0001	subset=1
AIRPLANE_PICARD	12	old_lo=-0.01	old_hi=0.01	base_lo=-0	base_hi=0	diff_lo=0	diff_hi=0	new_lo=-0	new_hi=0	subset=1
AIRPLANE_PICARD	13	old_lo=-0.01	old_hi=0.01	base_lo=-0	base_hi=0	diff_lo=0	diff_hi=0	new_lo=-0	new_hi=0	subset=1
AIRPLANE_PICARD	14	old_lo=-0.01	old_hi=0.01	base_lo=-0	base_hi=0	diff_lo=0	diff_hi=0	new_lo=-0	new_hi=0	subset=1
AIRPLANE_PICARD	15	old_lo=-0.01	old_hi=0.01	base_lo=-0	base_hi=0	diff_lo=0	diff_hi=0	new_lo=-0	new_hi=0	subset=1
AIRPLANE_PICARD	16	old_lo=-0.01	old_hi=0.01	base_lo=-0	base_hi=0	diff_lo=0	diff_hi=0	new_lo=-0	new_hi=0	subset=1
AIRPLANE_PICARD	17	old_lo=-0.01	old_hi=0.01	base_lo=-0	base_hi=0	diff_lo=0	diff_hi=0	new_lo=-0	new_hi=0	subset=1
AIRPLANE_PICARD	18	old_lo=-0.01	old_hi=0.01	base_lo=-0	base_hi=0	diff_lo=0	diff_hi=0	new_lo=-0	new_hi=0	subset=1
PERIOD 0 FLOWPIPES 1 STATUS 3 BOX_SAFE 0
DIAGNOSTIC_COMPLETED_CALLS 0/1
FLOWPIPE_SEGMENTS 1
UNKNOWN
time cost: 0.792000
