Step 0
AIRPLANE_PICARD	0	old_lo=-0.01	old_hi=0.01	base_lo=-0.0053474439941646988	base_hi=0.0053193541273850713	diff_lo=-4.4867258057005737e-18	diff_hi=5.1490524806870579e-18	new_lo=-0.005347443994164704	new_hi=0.0053193541273850765	subset=1
AIRPLANE_PICARD	1	old_lo=-0.01	old_hi=0.01	base_lo=-0.0053814272666032554	base_hi=0.0053893811261719318	diff_lo=-4.7143446553950776e-18	diff_hi=5.4494996478323368e-18	new_lo=-0.0053814272666032606	new_hi=0.0053893811261719379	subset=1
AIRPLANE_PICARD	2	old_lo=-0.01	old_hi=0.01	base_lo=-0.0027816538427302261	base_hi=0.0027162999796506559	diff_lo=-2.6664503938178561e-18	diff_hi=4.2624121824689632e-18	new_lo=-0.0027816538427302292	new_hi=0.0027162999796506602	subset=1
AIRPLANE_PICARD	3	old_lo=-0.01	old_hi=0.01	base_lo=-0.00076617735203390902	base_hi=0.0007660846768535335	diff_lo=-2.8667346274602326e-19	diff_hi=8.3399953609841774e-19	new_lo=-0.00076617735203390934	new_hi=0.00076608467685353437	subset=1
AIRPLANE_PICARD	4	old_lo=-0.01	old_hi=0.01	base_lo=-0.00072444823712109916	base_hi=0.00073091033051638475	diff_lo=-7.993744555179208e-19	diff_hi=9.5410207512358652e-18	new_lo=-0.00072444823712110003	new_hi=0.0007309103305163944	subset=1
AIRPLANE_PICARD	5	old_lo=-0.01	old_hi=0.01	base_lo=-0.00073982559726137247	base_hi=0.00074671686331272591	diff_lo=-1.8578909244393326e-17	diff_hi=7.4733969013252036e-19	new_lo=-0.00073982559726139111	new_hi=0.00074671686331272667	subset=1
AIRPLANE_PICARD	6	old_lo=-0.01	old_hi=0.01	base_lo=-0.00047344775530024969	base_hi=0.00047229377703310619	diff_lo=-6.2450045135165075e-20	diff_hi=6.800116025829086e-20	new_lo=-0.0004734477553002498	new_hi=0.0004722937770331063	subset=1
AIRPLANE_PICARD	7	old_lo=-0.01	old_hi=0.01	base_lo=-0.00045514252283562572	base_hi=0.00045562769375658642	diff_lo=-9.9920072216264098e-20	diff_hi=1.1102230246251568e-19	new_lo=-0.00045514252283562583	new_hi=0.00045562769375658658	subset=1
AIRPLANE_PICARD	8	old_lo=-0.01	old_hi=0.01	base_lo=-0.00039119507293212339	base_hi=0.00039010061024606738	diff_lo=-1.1067535776732033e-19	diff_hi=1.0512424264419455e-19	new_lo=-0.00039119507293212355	new_hi=0.00039010061024606749	subset=1
AIRPLANE_PICARD	9	old_lo=-0.01	old_hi=0.01	base_lo=-0.0001	base_hi=0.0001	diff_lo=0	diff_hi=0	new_lo=-0.0001	new_hi=0.0001	subset=1
AIRPLANE_PICARD	10	old_lo=-0.01	old_hi=0.01	base_lo=-0.0001	base_hi=0.0001	diff_lo=0	diff_hi=0	new_lo=-0.0001	new_hi=0.0001	subset=1
AIRPLANE_PICARD	11	old_lo=-0.01	old_hi=0.01	base_lo=-0.0001	base_hi=0.0001	diff_lo=0	diff_hi=0	new_lo=-0.0001	new_hi=0.0001	subset=1
AIRPLANE_PICARD	12	old_lo=-0.01	old_hi=0.01	base_lo=-0	base_hi=0	diff_lo=0	diff_hi=0	new_lo=-0	new_hi=0	subset=1
AIRPLANE_PICARD	13	old_lo=-0.01	old_hi=0.01	base_lo=-0	base_hi=0	diff_lo=0	diff_hi=0	new_lo=-0	new_hi=0	subset=1
AIRPLANE_PICARD	14	old_lo=-0.01	old_hi=0.01	base_lo=-0	base_hi=0	diff_lo=0	diff_hi=0	new_lo=-0	new_hi=0	subset=1
AIRPLANE_PICARD	15	old_lo=-0.01	old_hi=0.01	base_lo=-0	base_hi=0	diff_lo=0	diff_hi=0	new_lo=-0	new_hi=0	subset=1
AIRPLANE_PICARD	16	old_lo=-0.01	old_hi=0.01	base_lo=-0	base_hi=0	diff_lo=0	diff_hi=0	new_lo=-0	new_hi=0	subset=1
AIRPLANE_PICARD	17	old_lo=-0.01	old_hi=0.01	base_lo=-0	base_hi=0	diff_lo=0	diff_hi=0	new_lo=-0	new_hi=0	subset=1
AIRPLANE_PICARD	18	old_lo=-0.01	old_hi=0.01	base_lo=-0	base_hi=0	diff_lo=0	diff_hi=0	new_lo=-0	new_hi=0	subset=1
PERIOD 0 FLOWPIPES 1 STATUS 3 BOX_SAFE 0
DIAGNOSTIC_COMPLETED_CALLS 0/1
FLOWPIPE_SEGMENTS 1
UNKNOWN
time cost: 0.808000
