
==============NVSMI LOG==============

Timestamp                                              : Tue Aug  4 08:48:03 2026
Driver Version                                         : 580.159.03
CUDA Version                                           : 13.0

Attached GPUs                                          : 4
GPU 00000000:1C:00.0
    Product Name                                       : NVIDIA Graphics Device
    Product Brand                                      : Tesla
    Product Architecture                               : Volta
    Display Mode                                       : Requested functionality has been deprecated
    Display Attached                                   : No
    Display Active                                     : Disabled
    Persistence Mode                                   : Disabled
    Addressing Mode                                    : N/A
    MIG Mode
        Current                                        : N/A
        Pending                                        : N/A
    Accounting Mode                                    : Disabled
    Accounting Mode Buffer Size                        : 4000
    Driver Model
        Current                                        : N/A
        Pending                                        : N/A
    Serial Number                                      : 0332017030191
    GPU UUID                                           : GPU-1c6effec-22d4-17fd-fdf1-7ce10166132e
    GPU PDI                                            : 0xbb42fbb2610
    Minor Number                                       : 1
    VBIOS Version                                      : 88.00.13.00.00
    MultiGPU Board                                     : No
    Board ID                                           : 0x1c00
    Board Part Number                                  : 699-2G503-0200-100
    GPU Part Number                                    : 1DB0-890-A1
    FRU Part Number                                    : N/A
    Platform Info
        Chassis Serial Number                          : N/A
        Slot Number                                    : N/A
        Tray Index                                     : N/A
        Host ID                                        : N/A
        Peer Type                                      : N/A
        Module Id                                      : 4
        GPU Fabric GUID                                : N/A
    Inforom Version
        Image Version                                  : G503.0200.00.03
        OEM Object                                     : 1.1
        ECC Object                                     : 5.0
        Power Management Object                        : N/A
    Inforom BBX Object Flush
        Latest Timestamp                               : N/A
        Latest Duration                                : N/A
    GPU Operation Mode
        Current                                        : N/A
        Pending                                        : N/A
    GPU C2C Mode                                       : N/A
    GPU Virtualization Mode
        Virtualization Mode                            : None
        Host VGPU Mode                                 : N/A
        vGPU Heterogeneous Mode                        : N/A
    GPU Recovery Action                                : None
    GSP Firmware Version                               : N/A
    IBMNPU
        Relaxed Ordering Mode                          : N/A
    PCI
        Bus                                            : 0x1C
        Device                                         : 0x00
        Domain                                         : 0x0000
        Base Classcode                                 : 0x3
        Sub Classcode                                  : 0x2
        Device Id                                      : 0x1DB010DE
        Bus Id                                         : 00000000:1C:00.0
        Sub System Id                                  : 0x121310DE
        GPU Link Info
            PCIe Generation
                Max                                    : 3
                Current                                : 3
                Device Current                         : 3
                Device Max                             : 3
                Host Max                               : 3
            Link Width
                Max                                    : 16x
                Current                                : 16x
        Bridge Chip
            Type                                       : N/A
            Firmware                                   : N/A
        Replays Since Reset                            : 0
        Replay Number Rollovers                        : 0
        Tx Throughput                                  : 0 KB/s
        Rx Throughput                                  : 0 KB/s
        Atomic Caps Outbound                           : N/A
        Atomic Caps Inbound                            : N/A
    Fan Speed                                          : N/A
    Performance State                                  : P0
    Clocks Event Reasons
        Idle                                           : Not Active
        Applications Clocks Setting                    : Not Active
        SW Power Cap                                   : Not Active
        HW Slowdown                                    : Not Active
            HW Thermal Slowdown                        : Not Active
            HW Power Brake Slowdown                    : Not Active
        Sync Boost                                     : Not Active
        SW Thermal Slowdown                            : Not Active
        Display Clock Setting                          : Not Active
    Clocks Event Reasons Counters
        SW Power Capping                               : 1650258895 us
        Sync Boost                                     : 0 us
        SW Thermal Slowdown                            : 0 us
        HW Thermal Slowdown                            : 0 us
        HW Power Braking                               : 0 us
    Sparse Operation Mode                              : N/A
    FB Memory Usage
        Total                                          : 16384 MiB
        Reserved                                       : 240 MiB
        Used                                           : 0 MiB
        Free                                           : 16145 MiB
    BAR1 Memory Usage
        Total                                          : 16384 MiB
        Used                                           : 2 MiB
        Free                                           : 16382 MiB
    Conf Compute Protected Memory Usage
        Total                                          : 0 MiB
        Used                                           : 0 MiB
        Free                                           : 0 MiB
    Compute Mode                                       : Default
    Utilization
        GPU                                            : 5 %
        Memory                                         : 0 %
        Encoder                                        : 0 %
        Decoder                                        : 0 %
        JPEG                                           : N/A
        OFA                                            : N/A
    Encoder Stats
        Active Sessions                                : 0
        Average FPS                                    : 0
        Average Latency                                : 0
    FBC Stats
        Active Sessions                                : 0
        Average FPS                                    : 0
        Average Latency                                : 0
    DRAM Encryption Mode
        Current                                        : N/A
        Pending                                        : N/A
    ECC Mode
        Current                                        : Disabled
        Pending                                        : Disabled
    ECC Errors
        Volatile
            Single Bit            
                Device Memory                          : N/A
                Register File                          : N/A
                L1 Cache                               : N/A
                L2 Cache                               : N/A
                Texture Memory                         : N/A
                Texture Shared                         : N/A
                CBU                                    : N/A
                Total                                  : N/A
            Double Bit            
                Device Memory                          : N/A
                Register File                          : N/A
                L1 Cache                               : N/A
                L2 Cache                               : N/A
                Texture Memory                         : N/A
                Texture Shared                         : N/A
                CBU                                    : N/A
                Total                                  : N/A
        Aggregate
            Single Bit            
                Device Memory                          : N/A
                Register File                          : N/A
                L1 Cache                               : N/A
                L2 Cache                               : N/A
                Texture Memory                         : N/A
                Texture Shared                         : N/A
                CBU                                    : N/A
                Total                                  : N/A
            Double Bit            
                Device Memory                          : N/A
                Register File                          : N/A
                L1 Cache                               : N/A
                L2 Cache                               : N/A
                Texture Memory                         : N/A
                Texture Shared                         : N/A
                CBU                                    : N/A
                Total                                  : N/A
    Retired Pages
        Single Bit ECC                                 : 0
        Double Bit ECC                                 : 0
        Pending Page Blacklist                         : No
    Remapped Rows                                      : N/A
    Temperature
        GPU Current Temp                               : 36 C
        GPU T.Limit Temp                               : N/A
        GPU Shutdown Temp                              : 90 C
        GPU Slowdown Temp                              : 87 C
        GPU Max Operating Temp                         : 83 C
        GPU Target Temperature                         : N/A
        Memory Current Temp                            : 32 C
        Memory Max Operating Temp                      : 85 C
    GPU Power Readings
        Average Power Draw                             : N/A
        Instantaneous Power Draw                       : 64.21 W
        Current Power Limit                            : 300.00 W
        Requested Power Limit                          : 300.00 W
        Default Power Limit                            : 300.00 W
        Min Power Limit                                : 100.00 W
        Max Power Limit                                : 300.00 W
    GPU Memory Power Readings 
        Average Power Draw                             : N/A
        Instantaneous Power Draw                       : N/A
    Module Power Readings
        Average Power Draw                             : N/A
        Instantaneous Power Draw                       : N/A
        Current Power Limit                            : N/A
        Requested Power Limit                          : N/A
        Default Power Limit                            : N/A
        Min Power Limit                                : N/A
        Max Power Limit                                : N/A
    Power Smoothing                                    : N/A
    Workload Power Profiles
        Requested Profiles                             : N/A
        Enforced Profiles                              : N/A
    Clocks
        Graphics                                       : 1530 MHz
        SM                                             : 1530 MHz
        Memory                                         : 877 MHz
        Video                                          : 1372 MHz
    Applications Clocks
        Graphics                                       : 1530 MHz
        Memory                                         : 877 MHz
    Default Applications Clocks
        Graphics                                       : 1312 MHz
        Memory                                         : 877 MHz
    Deferred Clocks
        Memory                                         : N/A
    Max Clocks
        Graphics                                       : 1530 MHz
        SM                                             : 1530 MHz
        Memory                                         : 877 MHz
        Video                                          : 1372 MHz
    Max Customer Boost Clocks
        Graphics                                       : 1530 MHz
    Clock Policy
        Auto Boost                                     : N/A
        Auto Boost Default                             : N/A
    Fabric
        State                                          : N/A
        Status                                         : N/A
        CliqueId                                       : N/A
        ClusterUUID                                    : N/A
        Health
            Summary                                    : N/A
            Bandwidth                                  : N/A
            Route Recovery in progress                 : N/A
            Route Unhealthy                            : N/A
            Access Timeout Recovery                    : N/A
            Incorrect Configuration                    : N/A
            Partition Assigned                         : N/A
    Processes                                          : None
    Capabilities
        EGM                                            : disabled

