{"plant": "van_der_pol", "batch": 1, "block": 1, "mode": "S_scalar_full", "seconds": 0.150805702, "requests": 238}
{"plant": "van_der_pol", "batch": 1, "block": 1, "mode": "B_cpu_full", "seconds": 0.286428533, "requests": 238}
{"plant": "van_der_pol", "batch": 1, "block": 1, "mode": "CPU_tensor_compute", "seconds": 0.234346283, "requests": 238}
{"plant": "van_der_pol", "batch": 1, "block": 1, "mode": "GPU_resident", "seconds": 0.033451026, "requests": 238}
{"plant": "van_der_pol", "batch": 1, "block": 1, "mode": "GPU_full_roundtrip", "seconds": 0.178538051, "requests": 238}
{"plant": "van_der_pol", "batch": 1, "block": 2, "mode": "GPU_full_roundtrip", "seconds": 0.17782386, "requests": 238}
{"plant": "van_der_pol", "batch": 1, "block": 2, "mode": "GPU_resident", "seconds": 0.03259568, "requests": 238}
{"plant": "van_der_pol", "batch": 1, "block": 2, "mode": "CPU_tensor_compute", "seconds": 0.235461228, "requests": 238}
{"plant": "van_der_pol", "batch": 1, "block": 2, "mode": "B_cpu_full", "seconds": 0.295763176, "requests": 238}
{"plant": "van_der_pol", "batch": 1, "block": 2, "mode": "S_scalar_full", "seconds": 0.150450219, "requests": 238}
{"plant": "van_der_pol", "batch": 1, "block": 3, "mode": "S_scalar_full", "seconds": 0.150662279, "requests": 238}
{"plant": "van_der_pol", "batch": 1, "block": 3, "mode": "B_cpu_full", "seconds": 0.288628458, "requests": 238}
{"plant": "van_der_pol", "batch": 1, "block": 3, "mode": "CPU_tensor_compute", "seconds": 0.227659304, "requests": 238}
{"plant": "van_der_pol", "batch": 1, "block": 3, "mode": "GPU_resident", "seconds": 0.033786737, "requests": 238}
{"plant": "van_der_pol", "batch": 1, "block": 3, "mode": "GPU_full_roundtrip", "seconds": 0.179672392, "requests": 238}
{"plant": "van_der_pol", "batch": 1, "block": 4, "mode": "GPU_full_roundtrip", "seconds": 0.178059694, "requests": 238}
{"plant": "van_der_pol", "batch": 1, "block": 4, "mode": "GPU_resident", "seconds": 0.032176835, "requests": 238}
{"plant": "van_der_pol", "batch": 1, "block": 4, "mode": "CPU_tensor_compute", "seconds": 0.227961913, "requests": 238}
{"plant": "van_der_pol", "batch": 1, "block": 4, "mode": "B_cpu_full", "seconds": 0.293955411, "requests": 238}
{"plant": "van_der_pol", "batch": 1, "block": 4, "mode": "S_scalar_full", "seconds": 0.154724599, "requests": 238}
{"plant": "van_der_pol", "batch": 1, "block": 5, "mode": "S_scalar_full", "seconds": 0.150503671, "requests": 238}
{"plant": "van_der_pol", "batch": 1, "block": 5, "mode": "B_cpu_full", "seconds": 0.285964362, "requests": 238}
{"plant": "van_der_pol", "batch": 1, "block": 5, "mode": "CPU_tensor_compute", "seconds": 0.226335884, "requests": 238}
{"plant": "van_der_pol", "batch": 1, "block": 5, "mode": "GPU_resident", "seconds": 0.032700008, "requests": 238}
{"plant": "van_der_pol", "batch": 1, "block": 5, "mode": "GPU_full_roundtrip", "seconds": 0.17836963, "requests": 238}
{"plant": "van_der_pol", "batch": 8, "block": 1, "mode": "S_scalar_full", "seconds": 1.22040087, "requests": 1904}
{"plant": "van_der_pol", "batch": 8, "block": 1, "mode": "B_cpu_full", "seconds": 0.755735971, "requests": 1904}
{"plant": "van_der_pol", "batch": 8, "block": 1, "mode": "CPU_tensor_compute", "seconds": 0.614617204, "requests": 1904}
{"plant": "van_der_pol", "batch": 8, "block": 1, "mode": "GPU_resident", "seconds": 0.033350792, "requests": 1904}
{"plant": "van_der_pol", "batch": 8, "block": 1, "mode": "GPU_full_roundtrip", "seconds": 0.266883579, "requests": 1904}
{"plant": "van_der_pol", "batch": 8, "block": 2, "mode": "GPU_full_roundtrip", "seconds": 0.264633727, "requests": 1904}
{"plant": "van_der_pol", "batch": 8, "block": 2, "mode": "GPU_resident", "seconds": 0.033352751, "requests": 1904}
{"plant": "van_der_pol", "batch": 8, "block": 2, "mode": "CPU_tensor_compute", "seconds": 0.606392606, "requests": 1904}
{"plant": "van_der_pol", "batch": 8, "block": 2, "mode": "B_cpu_full", "seconds": 0.754104509, "requests": 1904}
{"plant": "van_der_pol", "batch": 8, "block": 2, "mode": "S_scalar_full", "seconds": 1.216132996, "requests": 1904}
{"plant": "van_der_pol", "batch": 8, "block": 3, "mode": "S_scalar_full", "seconds": 1.199514487, "requests": 1904}
{"plant": "van_der_pol", "batch": 8, "block": 3, "mode": "B_cpu_full", "seconds": 0.760682167, "requests": 1904}
{"plant": "van_der_pol", "batch": 8, "block": 3, "mode": "CPU_tensor_compute", "seconds": 0.611418437, "requests": 1904}
{"plant": "van_der_pol", "batch": 8, "block": 3, "mode": "GPU_resident", "seconds": 0.033294875, "requests": 1904}
{"plant": "van_der_pol", "batch": 8, "block": 3, "mode": "GPU_full_roundtrip", "seconds": 0.264205992, "requests": 1904}
{"plant": "van_der_pol", "batch": 8, "block": 4, "mode": "GPU_full_roundtrip", "seconds": 0.259518045, "requests": 1904}
{"plant": "van_der_pol", "batch": 8, "block": 4, "mode": "GPU_resident", "seconds": 0.032021153, "requests": 1904}
{"plant": "van_der_pol", "batch": 8, "block": 4, "mode": "CPU_tensor_compute", "seconds": 0.61551009, "requests": 1904}
{"plant": "van_der_pol", "batch": 8, "block": 4, "mode": "B_cpu_full", "seconds": 0.756978856, "requests": 1904}
{"plant": "van_der_pol", "batch": 8, "block": 4, "mode": "S_scalar_full", "seconds": 1.211858168, "requests": 1904}
{"plant": "van_der_pol", "batch": 8, "block": 5, "mode": "S_scalar_full", "seconds": 1.205271449, "requests": 1904}
{"plant": "van_der_pol", "batch": 8, "block": 5, "mode": "B_cpu_full", "seconds": 0.759995218, "requests": 1904}
{"plant": "van_der_pol", "batch": 8, "block": 5, "mode": "CPU_tensor_compute", "seconds": 0.612402617, "requests": 1904}
{"plant": "van_der_pol", "batch": 8, "block": 5, "mode": "GPU_resident", "seconds": 0.033867072, "requests": 1904}
{"plant": "van_der_pol", "batch": 8, "block": 5, "mode": "GPU_full_roundtrip", "seconds": 0.268194809, "requests": 1904}
{"plant": "van_der_pol", "batch": 32, "block": 1, "mode": "S_scalar_full", "seconds": 4.839153203, "requests": 7616}
{"plant": "van_der_pol", "batch": 32, "block": 1, "mode": "B_cpu_full", "seconds": 2.293001645, "requests": 7616}
{"plant": "van_der_pol", "batch": 32, "block": 1, "mode": "CPU_tensor_compute", "seconds": 1.884199346, "requests": 7616}
{"plant": "van_der_pol", "batch": 32, "block": 1, "mode": "GPU_resident", "seconds": 0.034018358, "requests": 7616}
{"plant": "van_der_pol", "batch": 32, "block": 1, "mode": "GPU_full_roundtrip", "seconds": 0.805715964, "requests": 7616}
{"plant": "van_der_pol", "batch": 32, "block": 2, "mode": "GPU_full_roundtrip", "seconds": 0.53259185, "requests": 7616}
{"plant": "van_der_pol", "batch": 32, "block": 2, "mode": "GPU_resident", "seconds": 0.033056505, "requests": 7616}
{"plant": "van_der_pol", "batch": 32, "block": 2, "mode": "CPU_tensor_compute", "seconds": 1.895766244, "requests": 7616}
{"plant": "van_der_pol", "batch": 32, "block": 2, "mode": "B_cpu_full", "seconds": 2.30820229, "requests": 7616}
{"plant": "van_der_pol", "batch": 32, "block": 2, "mode": "S_scalar_full", "seconds": 4.895131611, "requests": 7616}
{"plant": "van_der_pol", "batch": 32, "block": 3, "mode": "S_scalar_full", "seconds": 4.886562569, "requests": 7616}
{"plant": "van_der_pol", "batch": 32, "block": 3, "mode": "B_cpu_full", "seconds": 2.302104265, "requests": 7616}
{"plant": "van_der_pol", "batch": 32, "block": 3, "mode": "CPU_tensor_compute", "seconds": 1.883193883, "requests": 7616}
{"plant": "van_der_pol", "batch": 32, "block": 3, "mode": "GPU_resident", "seconds": 0.033388505, "requests": 7616}
{"plant": "van_der_pol", "batch": 32, "block": 3, "mode": "GPU_full_roundtrip", "seconds": 0.546163364, "requests": 7616}
{"plant": "van_der_pol", "batch": 32, "block": 4, "mode": "GPU_full_roundtrip", "seconds": 0.531401602, "requests": 7616}
{"plant": "van_der_pol", "batch": 32, "block": 4, "mode": "GPU_resident", "seconds": 0.03336443, "requests": 7616}
{"plant": "van_der_pol", "batch": 32, "block": 4, "mode": "CPU_tensor_compute", "seconds": 1.91670218, "requests": 7616}
{"plant": "van_der_pol", "batch": 32, "block": 4, "mode": "B_cpu_full", "seconds": 2.31749453, "requests": 7616}
{"plant": "van_der_pol", "batch": 32, "block": 4, "mode": "S_scalar_full", "seconds": 4.879528478, "requests": 7616}
{"plant": "van_der_pol", "batch": 32, "block": 5, "mode": "S_scalar_full", "seconds": 4.8664287, "requests": 7616}
{"plant": "van_der_pol", "batch": 32, "block": 5, "mode": "B_cpu_full", "seconds": 2.560909629, "requests": 7616}
{"plant": "van_der_pol", "batch": 32, "block": 5, "mode": "CPU_tensor_compute", "seconds": 1.908269808, "requests": 7616}
{"plant": "van_der_pol", "batch": 32, "block": 5, "mode": "GPU_resident", "seconds": 0.033214903, "requests": 7616}
{"plant": "van_der_pol", "batch": 32, "block": 5, "mode": "GPU_full_roundtrip", "seconds": 0.539979857, "requests": 7616}
{"plant": "brusselator", "batch": 1, "block": 1, "mode": "S_scalar_full", "seconds": 0.209157644, "requests": 326}
{"plant": "brusselator", "batch": 1, "block": 1, "mode": "B_cpu_full", "seconds": 0.404815065, "requests": 326}
{"plant": "brusselator", "batch": 1, "block": 1, "mode": "CPU_tensor_compute", "seconds": 0.322563984, "requests": 326}
{"plant": "brusselator", "batch": 1, "block": 1, "mode": "GPU_resident", "seconds": 0.045318537, "requests": 326}
{"plant": "brusselator", "batch": 1, "block": 1, "mode": "GPU_full_roundtrip", "seconds": 0.249164772, "requests": 326}
{"plant": "brusselator", "batch": 1, "block": 2, "mode": "GPU_full_roundtrip", "seconds": 0.249305303, "requests": 326}
{"plant": "brusselator", "batch": 1, "block": 2, "mode": "GPU_resident", "seconds": 0.044440388, "requests": 326}
{"plant": "brusselator", "batch": 1, "block": 2, "mode": "CPU_tensor_compute", "seconds": 0.321559524, "requests": 326}
{"plant": "brusselator", "batch": 1, "block": 2, "mode": "B_cpu_full", "seconds": 0.402333043, "requests": 326}
{"plant": "brusselator", "batch": 1, "block": 2, "mode": "S_scalar_full", "seconds": 0.213366589, "requests": 326}
{"plant": "brusselator", "batch": 1, "block": 3, "mode": "S_scalar_full", "seconds": 0.209767701, "requests": 326}
{"plant": "brusselator", "batch": 1, "block": 3, "mode": "B_cpu_full", "seconds": 0.402476846, "requests": 326}
{"plant": "brusselator", "batch": 1, "block": 3, "mode": "CPU_tensor_compute", "seconds": 0.320767976, "requests": 326}
{"plant": "brusselator", "batch": 1, "block": 3, "mode": "GPU_resident", "seconds": 0.044818637, "requests": 326}
{"plant": "brusselator", "batch": 1, "block": 3, "mode": "GPU_full_roundtrip", "seconds": 0.245855537, "requests": 326}
{"plant": "brusselator", "batch": 1, "block": 4, "mode": "GPU_full_roundtrip", "seconds": 0.246069351, "requests": 326}
{"plant": "brusselator", "batch": 1, "block": 4, "mode": "GPU_resident", "seconds": 0.043652875, "requests": 326}
{"plant": "brusselator", "batch": 1, "block": 4, "mode": "CPU_tensor_compute", "seconds": 0.321705167, "requests": 326}
{"plant": "brusselator", "batch": 1, "block": 4, "mode": "B_cpu_full", "seconds": 0.410243657, "requests": 326}
{"plant": "brusselator", "batch": 1, "block": 4, "mode": "S_scalar_full", "seconds": 0.216357567, "requests": 326}
{"plant": "brusselator", "batch": 1, "block": 5, "mode": "S_scalar_full", "seconds": 0.209987395, "requests": 326}
{"plant": "brusselator", "batch": 1, "block": 5, "mode": "B_cpu_full", "seconds": 0.403458128, "requests": 326}
{"plant": "brusselator", "batch": 1, "block": 5, "mode": "CPU_tensor_compute", "seconds": 0.323145945, "requests": 326}
{"plant": "brusselator", "batch": 1, "block": 5, "mode": "GPU_resident", "seconds": 0.044909364, "requests": 326}
{"plant": "brusselator", "batch": 1, "block": 5, "mode": "GPU_full_roundtrip", "seconds": 0.249088371, "requests": 326}
{"plant": "brusselator", "batch": 8, "block": 1, "mode": "S_scalar_full", "seconds": 1.701045906, "requests": 2608}
{"plant": "brusselator", "batch": 8, "block": 1, "mode": "B_cpu_full", "seconds": 1.04814875, "requests": 2608}
{"plant": "brusselator", "batch": 8, "block": 1, "mode": "CPU_tensor_compute", "seconds": 1.082695039, "requests": 2608}
{"plant": "brusselator", "batch": 8, "block": 1, "mode": "GPU_resident", "seconds": 0.045348627, "requests": 2608}
{"plant": "brusselator", "batch": 8, "block": 1, "mode": "GPU_full_roundtrip", "seconds": 0.364257943, "requests": 2608}
{"plant": "brusselator", "batch": 8, "block": 2, "mode": "GPU_full_roundtrip", "seconds": 0.36763926, "requests": 2608}
{"plant": "brusselator", "batch": 8, "block": 2, "mode": "GPU_resident", "seconds": 0.045281991, "requests": 2608}
{"plant": "brusselator", "batch": 8, "block": 2, "mode": "CPU_tensor_compute", "seconds": 0.855756707, "requests": 2608}
{"plant": "brusselator", "batch": 8, "block": 2, "mode": "B_cpu_full", "seconds": 1.04076197, "requests": 2608}
{"plant": "brusselator", "batch": 8, "block": 2, "mode": "S_scalar_full", "seconds": 1.678419605, "requests": 2608}
{"plant": "brusselator", "batch": 8, "block": 3, "mode": "S_scalar_full", "seconds": 1.683789135, "requests": 2608}
{"plant": "brusselator", "batch": 8, "block": 3, "mode": "B_cpu_full", "seconds": 1.043291491, "requests": 2608}
{"plant": "brusselator", "batch": 8, "block": 3, "mode": "CPU_tensor_compute", "seconds": 0.850865775, "requests": 2608}
{"plant": "brusselator", "batch": 8, "block": 3, "mode": "GPU_resident", "seconds": 0.045941616, "requests": 2608}
{"plant": "brusselator", "batch": 8, "block": 3, "mode": "GPU_full_roundtrip", "seconds": 0.360442224, "requests": 2608}
{"plant": "brusselator", "batch": 8, "block": 4, "mode": "GPU_full_roundtrip", "seconds": 0.361121366, "requests": 2608}
{"plant": "brusselator", "batch": 8, "block": 4, "mode": "GPU_resident", "seconds": 0.047942982, "requests": 2608}
{"plant": "brusselator", "batch": 8, "block": 4, "mode": "CPU_tensor_compute", "seconds": 0.854023205, "requests": 2608}
{"plant": "brusselator", "batch": 8, "block": 4, "mode": "B_cpu_full", "seconds": 1.052214278, "requests": 2608}
{"plant": "brusselator", "batch": 8, "block": 4, "mode": "S_scalar_full", "seconds": 1.680231632, "requests": 2608}
{"plant": "brusselator", "batch": 8, "block": 5, "mode": "S_scalar_full", "seconds": 1.702689277, "requests": 2608}
{"plant": "brusselator", "batch": 8, "block": 5, "mode": "B_cpu_full", "seconds": 1.053316509, "requests": 2608}
{"plant": "brusselator", "batch": 8, "block": 5, "mode": "CPU_tensor_compute", "seconds": 0.858763991, "requests": 2608}
{"plant": "brusselator", "batch": 8, "block": 5, "mode": "GPU_resident", "seconds": 0.0461919, "requests": 2608}
{"plant": "brusselator", "batch": 8, "block": 5, "mode": "GPU_full_roundtrip", "seconds": 0.362031124, "requests": 2608}
{"plant": "brusselator", "batch": 32, "block": 1, "mode": "S_scalar_full", "seconds": 6.757347281, "requests": 10432}
{"plant": "brusselator", "batch": 32, "block": 1, "mode": "B_cpu_full", "seconds": 3.213433956, "requests": 10432}
{"plant": "brusselator", "batch": 32, "block": 1, "mode": "CPU_tensor_compute", "seconds": 2.895911578, "requests": 10432}
{"plant": "brusselator", "batch": 32, "block": 1, "mode": "GPU_resident", "seconds": 0.047093036, "requests": 10432}
{"plant": "brusselator", "batch": 32, "block": 1, "mode": "GPU_full_roundtrip", "seconds": 0.739785818, "requests": 10432}
{"plant": "brusselator", "batch": 32, "block": 2, "mode": "GPU_full_roundtrip", "seconds": 0.744659873, "requests": 10432}
{"plant": "brusselator", "batch": 32, "block": 2, "mode": "GPU_resident", "seconds": 0.046156768, "requests": 10432}
{"plant": "brusselator", "batch": 32, "block": 2, "mode": "CPU_tensor_compute", "seconds": 2.638530249, "requests": 10432}
{"plant": "brusselator", "batch": 32, "block": 2, "mode": "B_cpu_full", "seconds": 3.202794764, "requests": 10432}
{"plant": "brusselator", "batch": 32, "block": 2, "mode": "S_scalar_full", "seconds": 7.027360025, "requests": 10432}
{"plant": "brusselator", "batch": 32, "block": 3, "mode": "S_scalar_full", "seconds": 6.754000351, "requests": 10432}
{"plant": "brusselator", "batch": 32, "block": 3, "mode": "B_cpu_full", "seconds": 3.200057402, "requests": 10432}
{"plant": "brusselator", "batch": 32, "block": 3, "mode": "CPU_tensor_compute", "seconds": 2.644766496, "requests": 10432}
{"plant": "brusselator", "batch": 32, "block": 3, "mode": "GPU_resident", "seconds": 0.045433024, "requests": 10432}
{"plant": "brusselator", "batch": 32, "block": 3, "mode": "GPU_full_roundtrip", "seconds": 0.741118167, "requests": 10432}
{"plant": "brusselator", "batch": 32, "block": 4, "mode": "GPU_full_roundtrip", "seconds": 0.737388019, "requests": 10432}
{"plant": "brusselator", "batch": 32, "block": 4, "mode": "GPU_resident", "seconds": 0.04508082, "requests": 10432}
{"plant": "brusselator", "batch": 32, "block": 4, "mode": "CPU_tensor_compute", "seconds": 2.654151704, "requests": 10432}
{"plant": "brusselator", "batch": 32, "block": 4, "mode": "B_cpu_full", "seconds": 3.19932888, "requests": 10432}
{"plant": "brusselator", "batch": 32, "block": 4, "mode": "S_scalar_full", "seconds": 6.771504967, "requests": 10432}
{"plant": "brusselator", "batch": 32, "block": 5, "mode": "S_scalar_full", "seconds": 6.768963263, "requests": 10432}
{"plant": "brusselator", "batch": 32, "block": 5, "mode": "B_cpu_full", "seconds": 3.207209496, "requests": 10432}
{"plant": "brusselator", "batch": 32, "block": 5, "mode": "CPU_tensor_compute", "seconds": 2.631950301, "requests": 10432}
{"plant": "brusselator", "batch": 32, "block": 5, "mode": "GPU_resident", "seconds": 0.045067449, "requests": 10432}
{"plant": "brusselator", "batch": 32, "block": 5, "mode": "GPU_full_roundtrip", "seconds": 0.738508101, "requests": 10432}
