{"plant": "brusselator", "task": 0, "steps": 2, "requests": 326}
{"plant": "brusselator", "task": 1, "steps": 2, "requests": 326}
{"plant": "brusselator", "task": 2, "steps": 2, "requests": 326}
{"plant": "brusselator", "task": 3, "steps": 2, "requests": 326}
{"plant": "brusselator", "task": 4, "steps": 2, "requests": 326}
{"plant": "brusselator", "task": 5, "steps": 2, "requests": 326}
{"plant": "brusselator", "task": 6, "steps": 2, "requests": 326}
{"plant": "brusselator", "task": 7, "steps": 2, "requests": 326}
{"plant": "brusselator", "task": 8, "steps": 2, "requests": 326}
{"plant": "brusselator", "task": 9, "steps": 2, "requests": 326}
{"plant": "brusselator", "task": 10, "steps": 2, "requests": 326}
{"plant": "brusselator", "task": 11, "steps": 2, "requests": 326}
{"plant": "brusselator", "task": 12, "steps": 2, "requests": 326}
{"plant": "brusselator", "task": 13, "steps": 2, "requests": 326}
{"plant": "brusselator", "task": 14, "steps": 2, "requests": 326}
{"plant": "brusselator", "task": 15, "steps": 2, "requests": 326}
{"plant": "brusselator", "task": 16, "steps": 2, "requests": 326}
{"plant": "brusselator", "task": 17, "steps": 2, "requests": 326}
{"plant": "brusselator", "task": 18, "steps": 2, "requests": 326}
{"plant": "brusselator", "task": 19, "steps": 2, "requests": 326}
{"plant": "brusselator", "task": 20, "steps": 2, "requests": 326}
{"plant": "brusselator", "task": 21, "steps": 2, "requests": 326}
{"plant": "brusselator", "task": 22, "steps": 2, "requests": 326}
{"plant": "brusselator", "task": 23, "steps": 2, "requests": 326}
{"plant": "brusselator", "task": 24, "steps": 2, "requests": 326}
{"plant": "brusselator", "task": 25, "steps": 2, "requests": 326}
{"plant": "brusselator", "task": 26, "steps": 2, "requests": 326}
{"plant": "brusselator", "task": 27, "steps": 2, "requests": 326}
{"plant": "brusselator", "task": 28, "steps": 2, "requests": 326}
{"plant": "brusselator", "task": 29, "steps": 2, "requests": 326}
{"plant": "brusselator", "task": 30, "steps": 2, "requests": 326}
{"plant": "brusselator", "task": 31, "steps": 2, "requests": 326}
{"plant": "van_der_pol", "task": 0, "steps": 2, "requests": 238}
{"plant": "van_der_pol", "task": 1, "steps": 2, "requests": 238}
{"plant": "van_der_pol", "task": 2, "steps": 2, "requests": 238}
{"plant": "van_der_pol", "task": 3, "steps": 2, "requests": 238}
{"plant": "van_der_pol", "task": 4, "steps": 2, "requests": 238}
{"plant": "van_der_pol", "task": 5, "steps": 2, "requests": 238}
{"plant": "van_der_pol", "task": 6, "steps": 2, "requests": 238}
{"plant": "van_der_pol", "task": 7, "steps": 2, "requests": 238}
{"plant": "van_der_pol", "task": 8, "steps": 2, "requests": 238}
{"plant": "van_der_pol", "task": 9, "steps": 2, "requests": 238}
{"plant": "van_der_pol", "task": 10, "steps": 2, "requests": 238}
{"plant": "van_der_pol", "task": 11, "steps": 2, "requests": 238}
{"plant": "van_der_pol", "task": 12, "steps": 2, "requests": 238}
{"plant": "van_der_pol", "task": 13, "steps": 2, "requests": 238}
{"plant": "van_der_pol", "task": 14, "steps": 2, "requests": 238}
{"plant": "van_der_pol", "task": 15, "steps": 2, "requests": 238}
{"plant": "van_der_pol", "task": 16, "steps": 2, "requests": 238}
{"plant": "van_der_pol", "task": 17, "steps": 2, "requests": 238}
{"plant": "van_der_pol", "task": 18, "steps": 2, "requests": 238}
{"plant": "van_der_pol", "task": 19, "steps": 2, "requests": 238}
{"plant": "van_der_pol", "task": 20, "steps": 2, "requests": 238}
{"plant": "van_der_pol", "task": 21, "steps": 2, "requests": 238}
{"plant": "van_der_pol", "task": 22, "steps": 2, "requests": 238}
{"plant": "van_der_pol", "task": 23, "steps": 2, "requests": 238}
{"plant": "van_der_pol", "task": 24, "steps": 2, "requests": 238}
{"plant": "van_der_pol", "task": 25, "steps": 2, "requests": 238}
{"plant": "van_der_pol", "task": 26, "steps": 2, "requests": 238}
{"plant": "van_der_pol", "task": 27, "steps": 2, "requests": 238}
{"plant": "van_der_pol", "task": 28, "steps": 2, "requests": 238}
{"plant": "van_der_pol", "task": 29, "steps": 2, "requests": 238}
{"plant": "van_der_pol", "task": 30, "steps": 2, "requests": 238}
{"plant": "van_der_pol", "task": 31, "steps": 2, "requests": 238}
{"checkpoint": "artifacts/runs/boundary_execution_20260908T172756Z/raw_minimal/state_inputs/brusselator_before0002", "requests": 268}
{"checkpoint": "artifacts/runs/boundary_execution_20260908T172756Z/raw_minimal/state_inputs/brusselator_before0101", "requests": 188}
{"checkpoint": "artifacts/runs/boundary_execution_20260908T172756Z/raw_minimal/state_inputs/brusselator_before0995", "requests": 148}
{"checkpoint": "artifacts/runs/boundary_execution_20260908T172756Z/raw_minimal/state_inputs/brusselator_before0999", "requests": 148}
{"checkpoint": "artifacts/runs/boundary_execution_20260908T172756Z/raw_minimal/state_inputs/brusselator_before1000", "requests": 148}
{"checkpoint": "artifacts/runs/boundary_execution_20260908T172756Z/raw_minimal/state_inputs/brusselator_before1001", "requests": 152}
{"checkpoint": "artifacts/runs/boundary_execution_20260908T172756Z/raw_minimal/state_inputs/van_der_pol_before0002", "requests": 117}
{"checkpoint": "artifacts/runs/boundary_execution_20260908T172756Z/raw_minimal/state_inputs/van_der_pol_before0099", "requests": 117}
{"checkpoint": "artifacts/runs/boundary_execution_20260908T172756Z/raw_minimal/state_inputs/van_der_pol_before0100", "requests": 117}
{"checkpoint": "artifacts/runs/boundary_execution_20260908T172756Z/raw_minimal/state_inputs/van_der_pol_before0101", "requests": 126}
{"checkpoint": "artifacts/runs/boundary_execution_20260908T172756Z/raw_minimal/formal/vdp_full_candidate/checkpoint_0120", "requests": 118}
{"checkpoint": "artifacts/runs/boundary_execution_20260908T172756Z/raw_minimal/formal/vdp_full_candidate/checkpoint_0994", "requests": 113}
