Step 0
AIRPLANE_PICARD	0	old_lo=-0.01	old_hi=0.01	base_lo=-0.0051626536880097383	base_hi=0.0052019328477367508	diff_lo=-1.1146047048290116e-17	diff_hi=1.1093320706478959e-17	new_lo=-0.0051626536880097496	new_hi=0.0052019328477367621	subset=1
AIRPLANE_PICARD	1	old_lo=-0.01	old_hi=0.01	base_lo=-0.0047901774448945592	base_hi=0.0047744361273533882	diff_lo=-9.3816412971570338e-18	diff_hi=6.2775733685368188e-18	new_lo=-0.0047901774448945687	new_hi=0.0047744361273533951	subset=1
AIRPLANE_PICARD	2	old_lo=-0.01	old_hi=0.01	base_lo=-0.0028495941746863743	base_hi=0.0028153753686106075	diff_lo=-6.2957139501662642e-18	diff_hi=3.7303909961039527e-18	new_lo=-0.0028495941746863808	new_hi=0.0028153753686106114	subset=1
AIRPLANE_PICARD	3	old_lo=-0.01	old_hi=0.01	base_lo=-0.00060299943266534247	base_hi=0.00060294468435475169	diff_lo=-2.9155844405437402e-19	diff_hi=1.8086990238863626e-17	new_lo=-0.00060299943266534279	new_hi=0.0006029446843547698	subset=1
AIRPLANE_PICARD	4	old_lo=-0.01	old_hi=0.01	base_lo=-0.0007680471100412927	base_hi=0.00077301159245331784	diff_lo=-9.9805441688971585e-18	diff_hi=1.0645373471618319e-18	new_lo=-0.00076804711004130278	new_hi=0.00077301159245331892	subset=1
AIRPLANE_PICARD	5	old_lo=-0.01	old_hi=0.01	base_lo=-0.00075975950099391068	base_hi=0.00076485529173176661	diff_lo=-4.8340775826716265e-18	diff_hi=5.3473891981070689e-19	new_lo=-0.00075975950099391556	new_hi=0.00076485529173176716	subset=1
AIRPLANE_PICARD	6	old_lo=-0.01	old_hi=0.01	base_lo=-0.00099333534251416647	base_hi=0.00097985392652038877	diff_lo=-1.297573160030652e-19	diff_hi=1.2420620087993943e-19	new_lo=-0.00099333534251416669	new_hi=0.00097985392652038899	subset=1
AIRPLANE_PICARD	7	old_lo=-0.01	old_hi=0.01	base_lo=-0.00070623510450395371	base_hi=0.00070336295276307961	diff_lo=-6.800116025829086e-20	diff_hi=6.800116025829086e-20	new_lo=-0.00070623510450395382	new_hi=0.00070336295276307971	subset=1
AIRPLANE_PICARD	8	old_lo=-0.01	old_hi=0.01	base_lo=-0.0006838800484340493	base_hi=0.00067157137379874926	diff_lo=-1.4016565685892606e-19	diff_hi=1.1241008124329712e-19	new_lo=-0.00068388004843404951	new_hi=0.00067157137379874948	subset=1
AIRPLANE_PICARD	9	old_lo=-0.01	old_hi=0.01	base_lo=-0.0001	base_hi=0.0001	diff_lo=0	diff_hi=0	new_lo=-0.0001	new_hi=0.0001	subset=1
AIRPLANE_PICARD	10	old_lo=-0.01	old_hi=0.01	base_lo=-0.0001	base_hi=0.0001	diff_lo=0	diff_hi=0	new_lo=-0.0001	new_hi=0.0001	subset=1
AIRPLANE_PICARD	11	old_lo=-0.01	old_hi=0.01	base_lo=-0.0001	base_hi=0.0001	diff_lo=0	diff_hi=0	new_lo=-0.0001	new_hi=0.0001	subset=1
AIRPLANE_PICARD	12	old_lo=-0.01	old_hi=0.01	base_lo=-0	base_hi=0	diff_lo=0	diff_hi=0	new_lo=-0	new_hi=0	subset=1
AIRPLANE_PICARD	13	old_lo=-0.01	old_hi=0.01	base_lo=-0	base_hi=0	diff_lo=0	diff_hi=0	new_lo=-0	new_hi=0	subset=1
AIRPLANE_PICARD	14	old_lo=-0.01	old_hi=0.01	base_lo=-0	base_hi=0	diff_lo=0	diff_hi=0	new_lo=-0	new_hi=0	subset=1
AIRPLANE_PICARD	15	old_lo=-0.01	old_hi=0.01	base_lo=-0	base_hi=0	diff_lo=0	diff_hi=0	new_lo=-0	new_hi=0	subset=1
AIRPLANE_PICARD	16	old_lo=-0.01	old_hi=0.01	base_lo=-0	base_hi=0	diff_lo=0	diff_hi=0	new_lo=-0	new_hi=0	subset=1
AIRPLANE_PICARD	17	old_lo=-0.01	old_hi=0.01	base_lo=-0	base_hi=0	diff_lo=0	diff_hi=0	new_lo=-0	new_hi=0	subset=1
AIRPLANE_PICARD	18	old_lo=-0.01	old_hi=0.01	base_lo=-0	base_hi=0	diff_lo=0	diff_hi=0	new_lo=-0	new_hi=0	subset=1
PERIOD 0 FLOWPIPES 1 STATUS 3 BOX_SAFE 0
DIAGNOSTIC_COMPLETED_CALLS 0/1
FLOWPIPE_SEGMENTS 1
UNKNOWN
time cost: 0.801000
