In file included from expression.h:9,
                 from settings.cpp:7:
TaylorModel.h: In member function ‘void flowstar::TaylorModel<DATA_TYPE2>::derivative(flowstar::TaylorModel<DATA_TYPE2>&, unsigned int) const’:
TaylorModel.h:900:21: warning: no match for ‘operator=’ (operand types are ‘const flowstar::Interval’ and ‘int’) [-Wtemplate-body]
  900 |         remainder = 0;
      |                     ^
TaylorModel.h:900:21: note: there are 3 candidates
In file included from settings.h:9,
                 from settings.cpp:6:
Interval.h:250:20: note: candidate 1: ‘flowstar::Interval& flowstar::Interval::operator=(const flowstar::Interval&)’ (near match)
  250 |         Interval & operator = (const Interval & I);
      |                    ^~~~~~~~
Interval.h:250:20: note: passing ‘const flowstar::Interval*’ as ‘this’ argument discards qualifiers
Interval.h:251:20: note: candidate 2: ‘flowstar::Interval& flowstar::Interval::operator=(const flowstar::Real&)’ (near match)
  251 |         Interval & operator = (const Real & r);
      |                    ^~~~~~~~
Interval.h:251:20: note: passing ‘const flowstar::Interval*’ as ‘this’ argument discards qualifiers
Interval.h:252:20: note: candidate 3: ‘flowstar::Interval& flowstar::Interval::operator=(double)’ (near match)
  252 |         Interval & operator = (const double d);
      |                    ^~~~~~~~
Interval.h:252:20: note: passing ‘const flowstar::Interval*’ as ‘this’ argument discards qualifiers
In file included from Constraints.h:9,
                 from Geometry.h:9,
                 from Geometry.cpp:6:
TaylorModel.h: In member function ‘void flowstar::TaylorModel<DATA_TYPE2>::derivative(flowstar::TaylorModel<DATA_TYPE2>&, unsigned int) const’:
TaylorModel.h:900:21: warning: no match for ‘operator=’ (operand types are ‘const flowstar::Interval’ and ‘int’) [-Wtemplate-body]
  900 |         remainder = 0;
      |                     ^
TaylorModel.h:900:21: note: there are 3 candidates
In file included from Matrix.h:10,
                 from Polynomial.h:10,
                 from TaylorModel.h:9:
Interval.h:250:20: note: candidate 1: ‘flowstar::Interval& flowstar::Interval::operator=(const flowstar::Interval&)’ (near match)
  250 |         Interval & operator = (const Interval & I);
      |                    ^~~~~~~~
Interval.h:250:20: note: passing ‘const flowstar::Interval*’ as ‘this’ argument discards qualifiers
Interval.h:251:20: note: candidate 2: ‘flowstar::Interval& flowstar::Interval::operator=(const flowstar::Real&)’ (near match)
  251 |         Interval & operator = (const Real & r);
      |                    ^~~~~~~~
Interval.h:251:20: note: passing ‘const flowstar::Interval*’ as ‘this’ argument discards qualifiers
Interval.h:252:20: note: candidate 3: ‘flowstar::Interval& flowstar::Interval::operator=(double)’ (near match)
  252 |         Interval & operator = (const double d);
      |                    ^~~~~~~~
Interval.h:252:20: note: passing ‘const flowstar::Interval*’ as ‘this’ argument discards qualifiers
In file included from Constraints.h:9,
                 from Constraints.cpp:6:
TaylorModel.h: In member function ‘void flowstar::TaylorModel<DATA_TYPE2>::derivative(flowstar::TaylorModel<DATA_TYPE2>&, unsigned int) const’:
TaylorModel.h:900:21: warning: no match for ‘operator=’ (operand types are ‘const flowstar::Interval’ and ‘int’) [-Wtemplate-body]
  900 |         remainder = 0;
      |                     ^
TaylorModel.h:900:21: note: there are 3 candidates
In file included from Matrix.h:10,
                 from Polynomial.h:10,
                 from TaylorModel.h:9:
Interval.h:250:20: note: candidate 1: ‘flowstar::Interval& flowstar::Interval::operator=(const flowstar::Interval&)’ (near match)
  250 |         Interval & operator = (const Interval & I);
      |                    ^~~~~~~~
Interval.h:250:20: note: passing ‘const flowstar::Interval*’ as ‘this’ argument discards qualifiers
Interval.h:251:20: note: candidate 2: ‘flowstar::Interval& flowstar::Interval::operator=(const flowstar::Real&)’ (near match)
  251 |         Interval & operator = (const Real & r);
      |                    ^~~~~~~~
Interval.h:251:20: note: passing ‘const flowstar::Interval*’ as ‘this’ argument discards qualifiers
Interval.h:252:20: note: candidate 3: ‘flowstar::Interval& flowstar::Interval::operator=(double)’ (near match)
  252 |         Interval & operator = (const double d);
      |                    ^~~~~~~~
Interval.h:252:20: note: passing ‘const flowstar::Interval*’ as ‘this’ argument discards qualifiers
In file included from Constraints.h:9,
                 from Geometry.h:9,
                 from Continuous.h:9,
                 from Continuous.cpp:6:
TaylorModel.h: In member function ‘void flowstar::TaylorModel<DATA_TYPE2>::derivative(flowstar::TaylorModel<DATA_TYPE2>&, unsigned int) const’:
TaylorModel.h:900:21: warning: no match for ‘operator=’ (operand types are ‘const flowstar::Interval’ and ‘int’) [-Wtemplate-body]
  900 |         remainder = 0;
      |                     ^
TaylorModel.h:900:21: note: there are 3 candidates
In file included from Matrix.h:10,
                 from Polynomial.h:10,
                 from TaylorModel.h:9:
Interval.h:250:20: note: candidate 1: ‘flowstar::Interval& flowstar::Interval::operator=(const flowstar::Interval&)’ (near match)
  250 |         Interval & operator = (const Interval & I);
      |                    ^~~~~~~~
Interval.h:250:20: note: passing ‘const flowstar::Interval*’ as ‘this’ argument discards qualifiers
Interval.h:251:20: note: candidate 2: ‘flowstar::Interval& flowstar::Interval::operator=(const flowstar::Real&)’ (near match)
  251 |         Interval & operator = (const Real & r);
      |                    ^~~~~~~~
Interval.h:251:20: note: passing ‘const flowstar::Interval*’ as ‘this’ argument discards qualifiers
Interval.h:252:20: note: candidate 3: ‘flowstar::Interval& flowstar::Interval::operator=(double)’ (near match)
  252 |         Interval & operator = (const double d);
      |                    ^~~~~~~~
Interval.h:252:20: note: passing ‘const flowstar::Interval*’ as ‘this’ argument discards qualifiers
In file included from Constraints.h:9,
                 from Geometry.h:9,
                 from Continuous.h:9,
                 from Discrete.h:10,
                 from Discrete.cpp:6:
TaylorModel.h: In member function ‘void flowstar::TaylorModel<DATA_TYPE2>::derivative(flowstar::TaylorModel<DATA_TYPE2>&, unsigned int) const’:
TaylorModel.h:900:21: warning: no match for ‘operator=’ (operand types are ‘const flowstar::Interval’ and ‘int’) [-Wtemplate-body]
  900 |         remainder = 0;
      |                     ^
TaylorModel.h:900:21: note: there are 3 candidates
In file included from Matrix.h:10,
                 from Polynomial.h:10,
                 from TaylorModel.h:9:
Interval.h:250:20: note: candidate 1: ‘flowstar::Interval& flowstar::Interval::operator=(const flowstar::Interval&)’ (near match)
  250 |         Interval & operator = (const Interval & I);
      |                    ^~~~~~~~
Interval.h:250:20: note: passing ‘const flowstar::Interval*’ as ‘this’ argument discards qualifiers
Interval.h:251:20: note: candidate 2: ‘flowstar::Interval& flowstar::Interval::operator=(const flowstar::Real&)’ (near match)
  251 |         Interval & operator = (const Real & r);
      |                    ^~~~~~~~
Interval.h:251:20: note: passing ‘const flowstar::Interval*’ as ‘this’ argument discards qualifiers
Interval.h:252:20: note: candidate 3: ‘flowstar::Interval& flowstar::Interval::operator=(double)’ (near match)
  252 |         Interval & operator = (const double d);
      |                    ^~~~~~~~
Interval.h:252:20: note: passing ‘const flowstar::Interval*’ as ‘this’ argument discards qualifiers
In file included from Constraints.h:9,
                 from Geometry.h:9,
                 from Continuous.h:9,
                 from Hybrid.h:10,
                 from Hybrid.cpp:6:
TaylorModel.h: In member function ‘void flowstar::TaylorModel<DATA_TYPE2>::derivative(flowstar::TaylorModel<DATA_TYPE2>&, unsigned int) const’:
TaylorModel.h:900:21: warning: no match for ‘operator=’ (operand types are ‘const flowstar::Interval’ and ‘int’) [-Wtemplate-body]
  900 |         remainder = 0;
      |                     ^
TaylorModel.h:900:21: note: there are 3 candidates
In file included from Matrix.h:10,
                 from Polynomial.h:10,
                 from TaylorModel.h:9:
Interval.h:250:20: note: candidate 1: ‘flowstar::Interval& flowstar::Interval::operator=(const flowstar::Interval&)’ (near match)
  250 |         Interval & operator = (const Interval & I);
      |                    ^~~~~~~~
Interval.h:250:20: note: passing ‘const flowstar::Interval*’ as ‘this’ argument discards qualifiers
Interval.h:251:20: note: candidate 2: ‘flowstar::Interval& flowstar::Interval::operator=(const flowstar::Real&)’ (near match)
  251 |         Interval & operator = (const Real & r);
      |                    ^~~~~~~~
Interval.h:251:20: note: passing ‘const flowstar::Interval*’ as ‘this’ argument discards qualifiers
Interval.h:252:20: note: candidate 3: ‘flowstar::Interval& flowstar::Interval::operator=(double)’ (near match)
  252 |         Interval & operator = (const double d);
      |                    ^~~~~~~~
Interval.h:252:20: note: passing ‘const flowstar::Interval*’ as ‘this’ argument discards qualifiers
In file included from Constraints.h:9,
                 from Geometry.h:9,
                 from Continuous.h:9,
                 from modelParser.h:9,
                 from modelLexer.l:7:
TaylorModel.h: In member function ‘void flowstar::TaylorModel<DATA_TYPE2>::derivative(flowstar::TaylorModel<DATA_TYPE2>&, unsigned int) const’:
TaylorModel.h:900:21: warning: no match for ‘operator=’ (operand types are ‘const flowstar::Interval’ and ‘int’) [-Wtemplate-body]
  900 |         remainder = 0;
      |                     ^
TaylorModel.h:900:21: note: there are 3 candidates
In file included from Matrix.h:10,
                 from Polynomial.h:10,
                 from TaylorModel.h:9:
Interval.h:250:20: note: candidate 1: ‘flowstar::Interval& flowstar::Interval::operator=(const flowstar::Interval&)’ (near match)
  250 |         Interval & operator = (const Interval & I);
      |                    ^~~~~~~~
Interval.h:250:20: note: passing ‘const flowstar::Interval*’ as ‘this’ argument discards qualifiers
Interval.h:251:20: note: candidate 2: ‘flowstar::Interval& flowstar::Interval::operator=(const flowstar::Real&)’ (near match)
  251 |         Interval & operator = (const Real & r);
      |                    ^~~~~~~~
Interval.h:251:20: note: passing ‘const flowstar::Interval*’ as ‘this’ argument discards qualifiers
Interval.h:252:20: note: candidate 3: ‘flowstar::Interval& flowstar::Interval::operator=(double)’ (near match)
  252 |         Interval & operator = (const double d);
      |                    ^~~~~~~~
Interval.h:252:20: note: passing ‘const flowstar::Interval*’ as ‘this’ argument discards qualifiers
In file included from Constraints.h:9,
                 from Geometry.h:9,
                 from Continuous.h:9,
                 from modelParser.h:9,
                 from modelParser.y:8:
TaylorModel.h: In member function ‘void flowstar::TaylorModel<DATA_TYPE2>::derivative(flowstar::TaylorModel<DATA_TYPE2>&, unsigned int) const’:
TaylorModel.h:900:21: warning: no match for ‘operator=’ (operand types are ‘const flowstar::Interval’ and ‘int’) [-Wtemplate-body]
  900 |         remainder = 0;
      |                     ^
TaylorModel.h:900:21: note: there are 3 candidates
In file included from Matrix.h:10,
                 from Polynomial.h:10,
                 from TaylorModel.h:9:
Interval.h:250:20: note: candidate 1: ‘flowstar::Interval& flowstar::Interval::operator=(const flowstar::Interval&)’ (near match)
  250 |         Interval & operator = (const Interval & I);
      |                    ^~~~~~~~
Interval.h:250:20: note: passing ‘const flowstar::Interval*’ as ‘this’ argument discards qualifiers
Interval.h:251:20: note: candidate 2: ‘flowstar::Interval& flowstar::Interval::operator=(const flowstar::Real&)’ (near match)
  251 |         Interval & operator = (const Real & r);
      |                    ^~~~~~~~
Interval.h:251:20: note: passing ‘const flowstar::Interval*’ as ‘this’ argument discards qualifiers
Interval.h:252:20: note: candidate 3: ‘flowstar::Interval& flowstar::Interval::operator=(double)’ (near match)
  252 |         Interval & operator = (const double d);
      |                    ^~~~~~~~
Interval.h:252:20: note: passing ‘const flowstar::Interval*’ as ‘this’ argument discards qualifiers
