Step 0
Step 1
Step 2
Step 3
Step 4
Step 5
Step 6
Step 7
Step 8
Step 9
Step 10
Step 11
Step 12
Step 13
Step 14
Step 15
Step 16
Step 17
Step 18
Step 19
Step 20
Step 21
Flow* terminated.
Broken branch: 0
HULL x1 -0.352733410458 0.356649361969
HULL x2 -1.12445684192 1.14237142295
HULL x3 -1.18760871806 1.16897752522
HULL x4 -8.23470649811 8.11361299156
HULL t 0.425 0.43
HULL u1 -2.06837021734 2.08856853703
SPEC WINDOW safeset t in [8, 10]: checked on 0 of 2000 substeps, 0 partial
time cost: 9.637798
