Step 0
AIRPLANE_PICARD	0	old_lo=-0.01	old_hi=0.01	base_lo=-0.0053613778995900306	base_hi=0.0053441372776869573	diff_lo=-8.6671086974021836e-18	diff_hi=8.4131544323777176e-18	new_lo=-0.0053613778995900392	new_hi=0.005344137277686966	subset=1
AIRPLANE_PICARD	1	old_lo=-0.01	old_hi=0.01	base_lo=-0.0053667723300839269	base_hi=0.0053851836170910198	diff_lo=-5.5824465420665641e-18	diff_hi=8.8131770400087008e-18	new_lo=-0.005366772330083933	new_hi=0.0053851836170910293	subset=1
AIRPLANE_PICARD	2	old_lo=-0.01	old_hi=0.01	base_lo=-0.0026357428338427379	base_hi=0.0025927818903517773	diff_lo=-4.3077115948383044e-18	diff_hi=3.7699241876391468e-18	new_lo=-0.0026357428338427422	new_hi=0.0025927818903517812	subset=1
AIRPLANE_PICARD	3	old_lo=-0.01	old_hi=0.01	base_lo=-0.00071776123955101946	base_hi=0.00071763330980699318	diff_lo=-3.0297986342020528e-19	diff_hi=9.2194585299409972e-18	new_lo=-0.00071776123955101978	new_hi=0.0007176333098070025	subset=1
AIRPLANE_PICARD	4	old_lo=-0.01	old_hi=0.01	base_lo=-0.00077167857787177683	base_hi=0.00077360343112582166	diff_lo=-2.7177149419799215e-18	diff_hi=5.3196336224914392e-19	new_lo=-0.00077167857787177965	new_hi=0.0007736034311258222	subset=1
AIRPLANE_PICARD	5	old_lo=-0.01	old_hi=0.01	base_lo=-0.0007052489538228381	base_hi=0.0007120586895714117	diff_lo=-1.8579110472316537e-17	diff_hi=7.461531392749522e-19	new_lo=-0.00070524895382285675	new_hi=0.00071205868957141245	subset=1
AIRPLANE_PICARD	6	old_lo=-0.01	old_hi=0.01	base_lo=-0.0010673483573173273	base_hi=0.001052357375746161	diff_lo=-1.9706458687096535e-19	diff_hi=1.5820678100908486e-19	new_lo=-0.0010673483573173275	new_hi=0.0010523573757461613	subset=1
AIRPLANE_PICARD	7	old_lo=-0.01	old_hi=0.01	base_lo=-0.00076694702908168338	base_hi=0.00076316855385071903	diff_lo=-1.2628786905111159e-19	diff_hi=1.0685896612017133e-19	new_lo=-0.0007669470290816836	new_hi=0.00076316855385071913	subset=1
AIRPLANE_PICARD	8	old_lo=-0.01	old_hi=0.01	base_lo=-0.00071214393817677654	base_hi=0.00069488850124751925	diff_lo=-1.5820678100908486e-19	diff_hi=1.2490009027033015e-19	new_lo=-0.00071214393817677676	new_hi=0.00069488850124751946	subset=1
AIRPLANE_PICARD	9	old_lo=-0.01	old_hi=0.01	base_lo=-0.0001	base_hi=0.0001	diff_lo=0	diff_hi=0	new_lo=-0.0001	new_hi=0.0001	subset=1
AIRPLANE_PICARD	10	old_lo=-0.01	old_hi=0.01	base_lo=-0.0001	base_hi=0.0001	diff_lo=0	diff_hi=0	new_lo=-0.0001	new_hi=0.0001	subset=1
AIRPLANE_PICARD	11	old_lo=-0.01	old_hi=0.01	base_lo=-0.0001	base_hi=0.0001	diff_lo=0	diff_hi=0	new_lo=-0.0001	new_hi=0.0001	subset=1
AIRPLANE_PICARD	12	old_lo=-0.01	old_hi=0.01	base_lo=-0	base_hi=0	diff_lo=0	diff_hi=0	new_lo=-0	new_hi=0	subset=1
AIRPLANE_PICARD	13	old_lo=-0.01	old_hi=0.01	base_lo=-0	base_hi=0	diff_lo=0	diff_hi=0	new_lo=-0	new_hi=0	subset=1
AIRPLANE_PICARD	14	old_lo=-0.01	old_hi=0.01	base_lo=-0	base_hi=0	diff_lo=0	diff_hi=0	new_lo=-0	new_hi=0	subset=1
AIRPLANE_PICARD	15	old_lo=-0.01	old_hi=0.01	base_lo=-0	base_hi=0	diff_lo=0	diff_hi=0	new_lo=-0	new_hi=0	subset=1
AIRPLANE_PICARD	16	old_lo=-0.01	old_hi=0.01	base_lo=-0	base_hi=0	diff_lo=0	diff_hi=0	new_lo=-0	new_hi=0	subset=1
AIRPLANE_PICARD	17	old_lo=-0.01	old_hi=0.01	base_lo=-0	base_hi=0	diff_lo=0	diff_hi=0	new_lo=-0	new_hi=0	subset=1
AIRPLANE_PICARD	18	old_lo=-0.01	old_hi=0.01	base_lo=-0	base_hi=0	diff_lo=0	diff_hi=0	new_lo=-0	new_hi=0	subset=1
PERIOD 0 FLOWPIPES 1 STATUS 3 BOX_SAFE 0
DIAGNOSTIC_COMPLETED_CALLS 0/1
FLOWPIPE_SEGMENTS 1
UNKNOWN
time cost: 0.795000
