Step 0
AIRPLANE_PICARD	0	old_lo=-0.01	old_hi=0.01	base_lo=-0.0059003043100974402	base_hi=0.0059047597365520319	diff_lo=-1.0493328428395914e-17	diff_hi=9.4815266749037779e-18	new_lo=-0.0059003043100974515	new_hi=0.0059047597365520415	subset=1
AIRPLANE_PICARD	1	old_lo=-0.01	old_hi=0.01	base_lo=-0.0059988346999084044	base_hi=0.0060315818702757389	diff_lo=-1.1822737233657693e-17	diff_hi=9.6009450389900225e-18	new_lo=-0.0059988346999084166	new_hi=0.0060315818702757493	subset=1
AIRPLANE_PICARD	2	old_lo=-0.01	old_hi=0.01	base_lo=-0.0031787372065652511	base_hi=0.0031435093296475767	diff_lo=-7.4829957045589475e-18	diff_hi=4.2370181437452969e-18	new_lo=-0.0031787372065652589	new_hi=0.003143509329647581	subset=1
AIRPLANE_PICARD	3	old_lo=-0.01	old_hi=0.01	base_lo=-0.00080571715143229689	base_hi=0.00080558876790466779	diff_lo=-3.1774582964771989e-19	diff_hi=9.2282292918355355e-18	new_lo=-0.00080571715143229721	new_hi=0.00080558876790467711	subset=1
AIRPLANE_PICARD	4	old_lo=-0.01	old_hi=0.01	base_lo=-0.00083234794359515524	base_hi=0.0008373459325046143	diff_lo=-1.1180778525243801e-18	diff_hi=5.5231097473296162e-18	new_lo=-0.00083234794359515643	new_hi=0.00083734593250461983	subset=1
AIRPLANE_PICARD	5	old_lo=-0.01	old_hi=0.01	base_lo=-0.00091243756827535461	base_hi=0.00091743441245086313	diff_lo=-1.818450945378914e-17	diff_hi=5.5505600116134735e-19	new_lo=-0.00091243756827537282	new_hi=0.00091743441245086379	subset=1
AIRPLANE_PICARD	6	old_lo=-0.01	old_hi=0.01	base_lo=-0.0012562395263434262	base_hi=0.0012288869595499009	diff_lo=-2.4702462297909747e-19	diff_hi=2.0261570199409117e-19	new_lo=-0.0012562395263434267	new_hi=0.0012288869595499011	subset=1
AIRPLANE_PICARD	7	old_lo=-0.01	old_hi=0.01	base_lo=-0.00092889099878344379	base_hi=0.00092062671349348642	diff_lo=-1.0269562977782701e-19	diff_hi=1.1934897514720438e-19	new_lo=-0.0009288909987834439	new_hi=0.00092062671349348664	subset=1
AIRPLANE_PICARD	8	old_lo=-0.01	old_hi=0.01	base_lo=-0.00087835398983912235	base_hi=0.00084931107446861796	diff_lo=-2.1371793224034269e-19	diff_hi=1.5820678100908484e-19	new_lo=-0.00087835398983912257	new_hi=0.00084931107446861818	subset=1
AIRPLANE_PICARD	9	old_lo=-0.01	old_hi=0.01	base_lo=-0.0001	base_hi=0.0001	diff_lo=0	diff_hi=0	new_lo=-0.0001	new_hi=0.0001	subset=1
AIRPLANE_PICARD	10	old_lo=-0.01	old_hi=0.01	base_lo=-0.0001	base_hi=0.0001	diff_lo=0	diff_hi=0	new_lo=-0.0001	new_hi=0.0001	subset=1
AIRPLANE_PICARD	11	old_lo=-0.01	old_hi=0.01	base_lo=-0.0001	base_hi=0.0001	diff_lo=0	diff_hi=0	new_lo=-0.0001	new_hi=0.0001	subset=1
AIRPLANE_PICARD	12	old_lo=-0.01	old_hi=0.01	base_lo=-0	base_hi=0	diff_lo=0	diff_hi=0	new_lo=-0	new_hi=0	subset=1
AIRPLANE_PICARD	13	old_lo=-0.01	old_hi=0.01	base_lo=-0	base_hi=0	diff_lo=0	diff_hi=0	new_lo=-0	new_hi=0	subset=1
AIRPLANE_PICARD	14	old_lo=-0.01	old_hi=0.01	base_lo=-0	base_hi=0	diff_lo=0	diff_hi=0	new_lo=-0	new_hi=0	subset=1
AIRPLANE_PICARD	15	old_lo=-0.01	old_hi=0.01	base_lo=-0	base_hi=0	diff_lo=0	diff_hi=0	new_lo=-0	new_hi=0	subset=1
AIRPLANE_PICARD	16	old_lo=-0.01	old_hi=0.01	base_lo=-0	base_hi=0	diff_lo=0	diff_hi=0	new_lo=-0	new_hi=0	subset=1
AIRPLANE_PICARD	17	old_lo=-0.01	old_hi=0.01	base_lo=-0	base_hi=0	diff_lo=0	diff_hi=0	new_lo=-0	new_hi=0	subset=1
AIRPLANE_PICARD	18	old_lo=-0.01	old_hi=0.01	base_lo=-0	base_hi=0	diff_lo=0	diff_hi=0	new_lo=-0	new_hi=0	subset=1
AIRPLANE_PICARD	0	old_lo=-0.01	old_hi=0.01	base_lo=-0.0070946226830280361	base_hi=0.0071063344033125714	diff_lo=-1.6244738627185814e-17	diff_hi=1.6207272069551669e-17	new_lo=-0.0070946226830280526	new_hi=0.0071063344033125879	subset=1
AIRPLANE_PICARD	1	old_lo=-0.01	old_hi=0.01	base_lo=-0.0071244896187231893	base_hi=0.0071631857431833854	diff_lo=-1.4667243006076556e-17	diff_hi=1.9031650008109093e-17	new_lo=-0.0071244896187232041	new_hi=0.0071631857431834044	subset=1
AIRPLANE_PICARD	2	old_lo=-0.01	old_hi=0.01	base_lo=-0.0036855200694159971	base_hi=0.0036527256936996935	diff_lo=-9.1734684085076508e-18	diff_hi=8.1847315383521e-18	new_lo=-0.0036855200694160067	new_hi=0.0036527256936997017	subset=1
AIRPLANE_PICARD	3	old_lo=-0.01	old_hi=0.01	base_lo=-0.0011033177887783668	base_hi=0.0011029171710520706	diff_lo=-9.3891170066615973e-18	diff_hi=1.8294493442936153e-17	new_lo=-0.0011033177887783763	new_hi=0.0011029171710520891	subset=1
AIRPLANE_PICARD	4	old_lo=-0.01	old_hi=0.01	base_lo=-0.0010256301082481089	base_hi=0.0010307664430478549	diff_lo=-5.6517000586074115e-18	diff_hi=1.0229760211800488e-17	new_lo=-0.0010256301082481147	new_hi=0.0010307664430478653	subset=1
AIRPLANE_PICARD	5	old_lo=-0.01	old_hi=0.01	base_lo=-0.001135301808098149	base_hi=0.0011399818584844545	diff_lo=-1.9607148966493315e-17	diff_hi=3.7382707769161821e-17	new_lo=-0.0011353018080981687	new_hi=0.001139981858484492	subset=1
AIRPLANE_PICARD	6	old_lo=-0.01	old_hi=0.01	base_lo=-0.0016361171876251432	base_hi=0.0015732800036784909	diff_lo=-7.2288941325993158e-19	diff_hi=7.3507931512562051e-19	new_lo=-0.001636117187625144	new_hi=0.0015732800036784918	subset=1
AIRPLANE_PICARD	7	old_lo=-0.01	old_hi=0.01	base_lo=-0.0012102087834752902	base_hi=0.0011754474307450016	diff_lo=-4.3040283793580084e-19	diff_hi=4.3094667374551961e-19	new_lo=-0.0012102087834752907	new_hi=0.001175447430745002	subset=1
AIRPLANE_PICARD	8	old_lo=-0.01	old_hi=0.01	base_lo=-0.0011434084208991608	base_hi=0.0010852245630818243	diff_lo=-6.9518788512260084e-19	diff_hi=6.2964743011498297e-19	new_lo=-0.0011434084208991617	new_hi=0.001085224563081825	subset=1
AIRPLANE_PICARD	9	old_lo=-0.01	old_hi=0.01	base_lo=-0.0001	base_hi=0.0001	diff_lo=0	diff_hi=0	new_lo=-0.0001	new_hi=0.0001	subset=1
AIRPLANE_PICARD	10	old_lo=-0.01	old_hi=0.01	base_lo=-0.0001	base_hi=0.0001	diff_lo=0	diff_hi=0	new_lo=-0.0001	new_hi=0.0001	subset=1
AIRPLANE_PICARD	11	old_lo=-0.01	old_hi=0.01	base_lo=-0.0001	base_hi=0.0001	diff_lo=0	diff_hi=0	new_lo=-0.0001	new_hi=0.0001	subset=1
AIRPLANE_PICARD	12	old_lo=-0.01	old_hi=0.01	base_lo=-0	base_hi=0	diff_lo=0	diff_hi=0	new_lo=-0	new_hi=0	subset=1
AIRPLANE_PICARD	13	old_lo=-0.01	old_hi=0.01	base_lo=-0	base_hi=0	diff_lo=0	diff_hi=0	new_lo=-0	new_hi=0	subset=1
AIRPLANE_PICARD	14	old_lo=-0.01	old_hi=0.01	base_lo=-0	base_hi=0	diff_lo=0	diff_hi=0	new_lo=-0	new_hi=0	subset=1
AIRPLANE_PICARD	15	old_lo=-0.01	old_hi=0.01	base_lo=-0	base_hi=0	diff_lo=0	diff_hi=0	new_lo=-0	new_hi=0	subset=1
AIRPLANE_PICARD	16	old_lo=-0.01	old_hi=0.01	base_lo=-0	base_hi=0	diff_lo=0	diff_hi=0	new_lo=-0	new_hi=0	subset=1
AIRPLANE_PICARD	17	old_lo=-0.01	old_hi=0.01	base_lo=-0	base_hi=0	diff_lo=0	diff_hi=0	new_lo=-0	new_hi=0	subset=1
AIRPLANE_PICARD	18	old_lo=-0.01	old_hi=0.01	base_lo=-0	base_hi=0	diff_lo=0	diff_hi=0	new_lo=-0	new_hi=0	subset=1
AIRPLANE_PICARD	0	old_lo=-0.01	old_hi=0.01	base_lo=-0.0083871043543185236	base_hi=0.0084067566361894861	diff_lo=-1.7933181849227911e-17	diff_hi=1.7715182619448856e-17	new_lo=-0.0083871043543185426	new_hi=0.0084067566361895052	subset=1
AIRPLANE_PICARD	1	old_lo=-0.01	old_hi=0.01	base_lo=-0.0083458837898624655	base_hi=0.0083913317109081363	diff_lo=-1.7518500322263911e-17	diff_hi=1.7583966509422715e-17	new_lo=-0.0083458837898624846	new_hi=0.0083913317109081554	subset=1
AIRPLANE_PICARD	2	old_lo=-0.01	old_hi=0.01	base_lo=-0.0042347296950797633	base_hi=0.0042043385974215794	diff_lo=-1.4174922520482387e-17	diff_hi=9.8339522289214864e-18	new_lo=-0.004234729695079778	new_hi=0.0042043385974215898	subset=1
AIRPLANE_PICARD	3	old_lo=-0.01	old_hi=0.01	base_lo=-0.0014029293903743772	base_hi=0.0014020666224712523	diff_lo=-6.8342326155906943e-19	diff_hi=2.745595190003368e-17	new_lo=-0.001402929390374378	new_hi=0.0014020666224712798	subset=1
AIRPLANE_PICARD	4	old_lo=-0.01	old_hi=0.01	base_lo=-0.0012219661275758504	base_hi=0.0012272168961060016	diff_lo=-1.4558010856926096e-17	diff_hi=1.3738903948973972e-18	new_lo=-0.0012219661275758651	new_hi=0.0012272168961060031	subset=1
AIRPLANE_PICARD	5	old_lo=-0.01	old_hi=0.01	base_lo=-0.0013619420287243717	base_hi=0.0013660422902652817	diff_lo=-5.4962083278695223e-17	diff_hi=1.8133756215371649e-18	new_lo=-0.0013619420287244268	new_hi=0.0013660422902652836	subset=1
AIRPLANE_PICARD	6	old_lo=-0.01	old_hi=0.01	base_lo=-0.0020417969977673651	base_hi=0.0019436182213951629	diff_lo=-1.302880221244753e-18	diff_hi=1.2056298884580169e-18	new_lo=-0.0020417969977673668	new_hi=0.0019436182213951642	subset=1
AIRPLANE_PICARD	7	old_lo=-0.01	old_hi=0.01	base_lo=-0.001512388107397864	base_hi=0.0014489889019610553	diff_lo=-6.4447871952338977e-19	diff_hi=6.5559135811049724e-19	new_lo=-0.0015123881073978646	new_hi=0.0014489889019610562	subset=1
AIRPLANE_PICARD	8	old_lo=-0.01	old_hi=0.01	base_lo=-0.0014271973887553322	base_hi=0.0013382831087538213	diff_lo=-1.3648857434891987e-18	diff_hi=1.3535267741685024e-18	new_lo=-0.0014271973887553338	new_hi=0.0013382831087538228	subset=1
AIRPLANE_PICARD	9	old_lo=-0.01	old_hi=0.01	base_lo=-0.0001	base_hi=0.0001	diff_lo=0	diff_hi=0	new_lo=-0.0001	new_hi=0.0001	subset=1
AIRPLANE_PICARD	10	old_lo=-0.01	old_hi=0.01	base_lo=-0.0001	base_hi=0.0001	diff_lo=0	diff_hi=0	new_lo=-0.0001	new_hi=0.0001	subset=1
AIRPLANE_PICARD	11	old_lo=-0.01	old_hi=0.01	base_lo=-0.0001	base_hi=0.0001	diff_lo=0	diff_hi=0	new_lo=-0.0001	new_hi=0.0001	subset=1
AIRPLANE_PICARD	12	old_lo=-0.01	old_hi=0.01	base_lo=-0	base_hi=0	diff_lo=0	diff_hi=0	new_lo=-0	new_hi=0	subset=1
AIRPLANE_PICARD	13	old_lo=-0.01	old_hi=0.01	base_lo=-0	base_hi=0	diff_lo=0	diff_hi=0	new_lo=-0	new_hi=0	subset=1
AIRPLANE_PICARD	14	old_lo=-0.01	old_hi=0.01	base_lo=-0	base_hi=0	diff_lo=0	diff_hi=0	new_lo=-0	new_hi=0	subset=1
AIRPLANE_PICARD	15	old_lo=-0.01	old_hi=0.01	base_lo=-0	base_hi=0	diff_lo=0	diff_hi=0	new_lo=-0	new_hi=0	subset=1
AIRPLANE_PICARD	16	old_lo=-0.01	old_hi=0.01	base_lo=-0	base_hi=0	diff_lo=0	diff_hi=0	new_lo=-0	new_hi=0	subset=1
AIRPLANE_PICARD	17	old_lo=-0.01	old_hi=0.01	base_lo=-0	base_hi=0	diff_lo=0	diff_hi=0	new_lo=-0	new_hi=0	subset=1
AIRPLANE_PICARD	18	old_lo=-0.01	old_hi=0.01	base_lo=-0	base_hi=0	diff_lo=0	diff_hi=0	new_lo=-0	new_hi=0	subset=1
AIRPLANE_PICARD	0	old_lo=-0.01	old_hi=0.01	base_lo=-0.009806341766297513	base_hi=0.0098349815415388828	diff_lo=-2.4201796816614196e-17	diff_hi=2.6489036658583524e-17	new_lo=-0.0098063417662975372	new_hi=0.0098349815415389105	subset=1
AIRPLANE_PICARD	1	old_lo=-0.01	old_hi=0.01	base_lo=-0.009689968087073203	base_hi=0.009743260992450117	diff_lo=-2.230139684034075e-17	diff_hi=3.2100132881657323e-17	new_lo=-0.0096899680870732256	new_hi=0.00974326099245015	subset=1
AIRPLANE_PICARD	2	old_lo=-0.01	old_hi=0.01	base_lo=-0.0048361837041248999	base_hi=0.004808273035604744	diff_lo=-1.1983572120732883e-17	diff_hi=1.4173341320034033e-17	new_lo=-0.004836183704124912	new_hi=0.0048082730356047588	subset=1
AIRPLANE_PICARD	3	old_lo=-0.01	old_hi=0.01	base_lo=-0.0017051227603970339	base_hi=0.0017036627250344896	diff_lo=-1.8714184715773494e-17	diff_hi=9.5061632177096029e-19	new_lo=-0.0017051227603970527	new_hi=0.0017036627250344907	subset=1
AIRPLANE_PICARD	4	old_lo=-0.01	old_hi=0.01	base_lo=-0.0014219530544987953	base_hi=0.0014272851416137593	diff_lo=-6.0743520131391426e-18	diff_hi=1.0483547244286731e-17	new_lo=-0.0014219530544988016	new_hi=0.0014272851416137699	subset=1
AIRPLANE_PICARD	5	old_lo=-0.01	old_hi=0.01	base_lo=-0.0015933121006532274	base_hi=0.0015964820770694591	diff_lo=-3.7822261815534473e-17	diff_hi=1.9882889605582526e-17	new_lo=-0.0015933121006532654	new_hi=0.001596482077069479	subset=1
AIRPLANE_PICARD	6	old_lo=-0.01	old_hi=0.01	base_lo=-0.0024838950463794457	base_hi=0.0023462226019821783	diff_lo=-1.9011970817106619e-18	diff_hi=1.6857513648882455e-18	new_lo=-0.0024838950463794479	new_hi=0.0023462226019821801	subset=1
AIRPLANE_PICARD	7	old_lo=-0.01	old_hi=0.01	base_lo=-0.0018439029326643543	base_hi=0.0017488031735092653	diff_lo=-1.1515348136842419e-18	diff_hi=9.9719473130310931e-19	new_lo=-0.0018439029326643556	new_hi=0.0017488031735092664	subset=1
AIRPLANE_PICARD	8	old_lo=-0.01	old_hi=0.01	base_lo=-0.0017373885458861241	base_hi=0.0016141441007811003	diff_lo=-1.3460786305041789e-18	diff_hi=1.4441772430706673e-18	new_lo=-0.0017373885458861257	new_hi=0.0016141441007811019	subset=1
AIRPLANE_PICARD	9	old_lo=-0.01	old_hi=0.01	base_lo=-0.0001	base_hi=0.0001	diff_lo=0	diff_hi=0	new_lo=-0.0001	new_hi=0.0001	subset=1
AIRPLANE_PICARD	10	old_lo=-0.01	old_hi=0.01	base_lo=-0.0001	base_hi=0.0001	diff_lo=0	diff_hi=0	new_lo=-0.0001	new_hi=0.0001	subset=1
AIRPLANE_PICARD	11	old_lo=-0.01	old_hi=0.01	base_lo=-0.0001	base_hi=0.0001	diff_lo=0	diff_hi=0	new_lo=-0.0001	new_hi=0.0001	subset=1
AIRPLANE_PICARD	12	old_lo=-0.01	old_hi=0.01	base_lo=-0	base_hi=0	diff_lo=0	diff_hi=0	new_lo=-0	new_hi=0	subset=1
AIRPLANE_PICARD	13	old_lo=-0.01	old_hi=0.01	base_lo=-0	base_hi=0	diff_lo=0	diff_hi=0	new_lo=-0	new_hi=0	subset=1
AIRPLANE_PICARD	14	old_lo=-0.01	old_hi=0.01	base_lo=-0	base_hi=0	diff_lo=0	diff_hi=0	new_lo=-0	new_hi=0	subset=1
AIRPLANE_PICARD	15	old_lo=-0.01	old_hi=0.01	base_lo=-0	base_hi=0	diff_lo=0	diff_hi=0	new_lo=-0	new_hi=0	subset=1
AIRPLANE_PICARD	16	old_lo=-0.01	old_hi=0.01	base_lo=-0	base_hi=0	diff_lo=0	diff_hi=0	new_lo=-0	new_hi=0	subset=1
AIRPLANE_PICARD	17	old_lo=-0.01	old_hi=0.01	base_lo=-0	base_hi=0	diff_lo=0	diff_hi=0	new_lo=-0	new_hi=0	subset=1
AIRPLANE_PICARD	18	old_lo=-0.01	old_hi=0.01	base_lo=-0	base_hi=0	diff_lo=0	diff_hi=0	new_lo=-0	new_hi=0	subset=1
AIRPLANE_PICARD	0	old_lo=-0.01	old_hi=0.01	base_lo=-0.011388660266344887	base_hi=0.011427798532561997	diff_lo=-3.3967849366600763e-17	diff_hi=2.5233114209211078e-17	new_lo=-0.011388660266344922	new_hi=0.011427798532562023	subset=0
AIRPLANE_PICARD	1	old_lo=-0.01	old_hi=0.01	base_lo=-0.011191160180926023	base_hi=0.011253779498343903	diff_lo=-2.5003263131803722e-17	diff_hi=3.1577004682911772e-17	new_lo=-0.011191160180926049	new_hi=0.011253779498343936	subset=0
AIRPLANE_PICARD	2	old_lo=-0.01	old_hi=0.01	base_lo=-0.005503432652116412	base_hi=0.0054782134763015052	diff_lo=-1.2210872937790124e-17	diff_hi=1.2249768907568475e-17	new_lo=-0.005503432652116425	new_hi=0.0054782134763015182	subset=1
AIRPLANE_PICARD	3	old_lo=-0.01	old_hi=0.01	base_lo=-0.0020105222507225047	base_hi=0.0020083835667786022	diff_lo=-1.2826094353268775e-18	diff_hi=1.9068881890182998e-17	new_lo=-0.002010522250722506	new_hi=0.0020083835667786213	subset=1
AIRPLANE_PICARD	4	old_lo=-0.01	old_hi=0.01	base_lo=-0.0016264252755102202	base_hi=0.0016318113000068917	diff_lo=-1.5367348127522146e-17	diff_hi=2.0444497874153069e-18	new_lo=-0.0016264252755102356	new_hi=0.0016318113000068938	subset=1
AIRPLANE_PICARD	5	old_lo=-0.01	old_hi=0.01	base_lo=-0.0018306055289536013	base_hi=0.0018324215970804936	diff_lo=-1.9539794261780353e-17	diff_hi=3.7079430671716011e-17	new_lo=-0.001830605528953621	new_hi=0.0018324215970805307	subset=1
AIRPLANE_PICARD	6	old_lo=-0.01	old_hi=0.01	base_lo=-0.0029767843940228049	base_hi=0.002793147307665448	diff_lo=-2.475642954524741e-18	diff_hi=2.5824290622589213e-18	new_lo=-0.0029767843940228076	new_hi=0.0027931473076654506	subset=1
AIRPLANE_PICARD	7	old_lo=-0.01	old_hi=0.01	base_lo=-0.0022162560056431134	base_hi=0.0020851712453098361	diff_lo=-1.5670459721506284e-18	diff_hi=1.5041761239342768e-18	new_lo=-0.0022162560056431151	new_hi=0.0020851712453098378	subset=1
AIRPLANE_PICARD	8	old_lo=-0.01	old_hi=0.01	base_lo=-0.0020843757609636023	base_hi=0.0019212018248454495	diff_lo=-2.3463596517114862e-18	diff_hi=2.1406283863545401e-18	new_lo=-0.0020843757609636049	new_hi=0.0019212018248454517	subset=1
AIRPLANE_PICARD	9	old_lo=-0.01	old_hi=0.01	base_lo=-0.0001	base_hi=0.0001	diff_lo=0	diff_hi=0	new_lo=-0.0001	new_hi=0.0001	subset=1
AIRPLANE_PICARD	10	old_lo=-0.01	old_hi=0.01	base_lo=-0.0001	base_hi=0.0001	diff_lo=0	diff_hi=0	new_lo=-0.0001	new_hi=0.0001	subset=1
AIRPLANE_PICARD	11	old_lo=-0.01	old_hi=0.01	base_lo=-0.0001	base_hi=0.0001	diff_lo=0	diff_hi=0	new_lo=-0.0001	new_hi=0.0001	subset=1
AIRPLANE_PICARD	12	old_lo=-0.01	old_hi=0.01	base_lo=-0	base_hi=0	diff_lo=0	diff_hi=0	new_lo=-0	new_hi=0	subset=1
AIRPLANE_PICARD	13	old_lo=-0.01	old_hi=0.01	base_lo=-0	base_hi=0	diff_lo=0	diff_hi=0	new_lo=-0	new_hi=0	subset=1
AIRPLANE_PICARD	14	old_lo=-0.01	old_hi=0.01	base_lo=-0	base_hi=0	diff_lo=0	diff_hi=0	new_lo=-0	new_hi=0	subset=1
AIRPLANE_PICARD	15	old_lo=-0.01	old_hi=0.01	base_lo=-0	base_hi=0	diff_lo=0	diff_hi=0	new_lo=-0	new_hi=0	subset=1
AIRPLANE_PICARD	16	old_lo=-0.01	old_hi=0.01	base_lo=-0	base_hi=0	diff_lo=0	diff_hi=0	new_lo=-0	new_hi=0	subset=1
AIRPLANE_PICARD	17	old_lo=-0.01	old_hi=0.01	base_lo=-0	base_hi=0	diff_lo=0	diff_hi=0	new_lo=-0	new_hi=0	subset=1
AIRPLANE_PICARD	18	old_lo=-0.01	old_hi=0.01	base_lo=-0	base_hi=0	diff_lo=0	diff_hi=0	new_lo=-0	new_hi=0	subset=1
PERIOD 0 FLOWPIPES 4 STATUS 4 BOX_SAFE 0
DIAGNOSTIC_COMPLETED_CALLS 0/1
FLOWPIPE_SEGMENTS 4
UNKNOWN
time cost: 0.616000
