Step 0
Step 1
FALSIFIED
HULL x1 -0.480326625419 0.480257227822
HULL x2 -0.480224457549 0.480449034875
HULL x3 -0.277482198107 0.54445811052
HULL x4 -0.402985419381 0.403035003287
HULL x5 -0.402964500649 0.403443325125
HULL x6 -1.98396633305 -0.507371495303
HULL x7 -0.00176365902218 0.00338517924101
HULL x8 -0.00173319371215 0.00263450520347
HULL x9 -5.17753914553e-06 5.51828180456e-06
HULL x10 -0.0424859408363 0.0384364277598
HULL x11 -0.0393658057416 0.0388209383584
HULL x12 -0 0
HULL t 0.2 0.2
HULL u1 3.12313412074 11.836014473
HULL u2 -0.0380114060671 0.0270056079461
HULL u3 -0.0326098288231 0.0273023637441
time cost: 1.426641
