Step 0
AIRPLANE_PICARD	0	old_lo=-0.01	old_hi=0.01	base_lo=-0.0062845129001719855	base_hi=0.0062674736747625019	diff_lo=-9.6808533411874172e-18	diff_hi=7.4950971355273661e-18	new_lo=-0.0062845129001719959	new_hi=0.0062674736747625097	subset=1
AIRPLANE_PICARD	1	old_lo=-0.01	old_hi=0.01	base_lo=-0.0063794736678996827	base_hi=0.0063930204239176121	diff_lo=-6.4604964896316204e-18	diff_hi=9.7245891894637456e-18	new_lo=-0.0063794736678996896	new_hi=0.0063930204239176225	subset=1
AIRPLANE_PICARD	2	old_lo=-0.01	old_hi=0.01	base_lo=-0.0031500753144285101	base_hi=0.0031055924944356841	diff_lo=-3.0141005432267813e-18	diff_hi=5.3969074579699897e-18	new_lo=-0.0031500753144285132	new_hi=0.0031055924944356898	subset=1
AIRPLANE_PICARD	3	old_lo=-0.01	old_hi=0.01	base_lo=-0.00089334307999893651	base_hi=0.00089319296027390261	diff_lo=-3.0854485633113886e-19	diff_hi=1.4103163081813366e-18	new_lo=-0.00089334307999893684	new_hi=0.00089319296027390413	subset=1
AIRPLANE_PICARD	4	old_lo=-0.01	old_hi=0.01	base_lo=-0.00098280165940686608	base_hi=0.00098523444015938093	diff_lo=-1.2195938703385427e-18	diff_hi=6.8177408163450107e-19	new_lo=-0.00098280165940686738	new_hi=0.0009852344401593818	subset=1
AIRPLANE_PICARD	5	old_lo=-0.01	old_hi=0.01	base_lo=-0.00079345364770667015	base_hi=0.00080255021147558028	diff_lo=-3.1277758161252231e-19	diff_hi=1.7938268925821185e-17	new_lo=-0.00079345364770667048	new_hi=0.00080255021147559828	subset=1
AIRPLANE_PICARD	6	old_lo=-0.01	old_hi=0.01	base_lo=-0.00045693494752538296	base_hi=0.00045620712063412094	diff_lo=-7.6501305290577217e-20	diff_hi=7.7889084071358667e-20	new_lo=-0.00045693494752538306	new_hi=0.00045620712063412105	subset=1
AIRPLANE_PICARD	7	old_lo=-0.01	old_hi=0.01	base_lo=-0.00041414211025622163	base_hi=0.00041398254984027712	diff_lo=-8.985867605559863e-20	diff_hi=8.7430063189231102e-20	new_lo=-0.00041414211025622173	new_hi=0.00041398254984027723	subset=1
AIRPLANE_PICARD	8	old_lo=-0.01	old_hi=0.01	base_lo=-0.00036243296442257743	base_hi=0.00036163845676983702	diff_lo=-6.9475675212871152e-20	diff_hi=7.5026790335996949e-20	new_lo=-0.00036243296442257754	new_hi=0.00036163845676983713	subset=1
AIRPLANE_PICARD	9	old_lo=-0.01	old_hi=0.01	base_lo=-0.0001	base_hi=0.0001	diff_lo=0	diff_hi=0	new_lo=-0.0001	new_hi=0.0001	subset=1
AIRPLANE_PICARD	10	old_lo=-0.01	old_hi=0.01	base_lo=-0.0001	base_hi=0.0001	diff_lo=0	diff_hi=0	new_lo=-0.0001	new_hi=0.0001	subset=1
AIRPLANE_PICARD	11	old_lo=-0.01	old_hi=0.01	base_lo=-0.0001	base_hi=0.0001	diff_lo=0	diff_hi=0	new_lo=-0.0001	new_hi=0.0001	subset=1
AIRPLANE_PICARD	12	old_lo=-0.01	old_hi=0.01	base_lo=-0	base_hi=0	diff_lo=0	diff_hi=0	new_lo=-0	new_hi=0	subset=1
AIRPLANE_PICARD	13	old_lo=-0.01	old_hi=0.01	base_lo=-0	base_hi=0	diff_lo=0	diff_hi=0	new_lo=-0	new_hi=0	subset=1
AIRPLANE_PICARD	14	old_lo=-0.01	old_hi=0.01	base_lo=-0	base_hi=0	diff_lo=0	diff_hi=0	new_lo=-0	new_hi=0	subset=1
AIRPLANE_PICARD	15	old_lo=-0.01	old_hi=0.01	base_lo=-0	base_hi=0	diff_lo=0	diff_hi=0	new_lo=-0	new_hi=0	subset=1
AIRPLANE_PICARD	16	old_lo=-0.01	old_hi=0.01	base_lo=-0	base_hi=0	diff_lo=0	diff_hi=0	new_lo=-0	new_hi=0	subset=1
AIRPLANE_PICARD	17	old_lo=-0.01	old_hi=0.01	base_lo=-0	base_hi=0	diff_lo=0	diff_hi=0	new_lo=-0	new_hi=0	subset=1
AIRPLANE_PICARD	18	old_lo=-0.01	old_hi=0.01	base_lo=-0	base_hi=0	diff_lo=0	diff_hi=0	new_lo=-0	new_hi=0	subset=1
PERIOD 0 FLOWPIPES 1 STATUS 3 BOX_SAFE 0
DIAGNOSTIC_COMPLETED_CALLS 0/1
FLOWPIPE_SEGMENTS 1
UNKNOWN
time cost: 0.804000
