initial.tmvPre.x remainder=[0,0] terms=2
  coefficient=1.1000000000000001 degrees=0,0,0,
  coefficient=0.099999999999999867 degrees=0,1,0,
initial.tmv.x remainder=[0,0] terms=1
  coefficient=1 degrees=0,1,0,
accepted.tmvPre.x remainder=[-2.173934309758468e-23,2.1739343100316561e-23] terms=5
  coefficient=1.1000000000000001 degrees=0,0,0,
  coefficient=0.099999999999999867 degrees=0,1,0,
  coefficient=-0.55000000000000004 degrees=2,0,0,
  coefficient=-0.049999999999999933 degrees=2,1,0,
  coefficient=0.045833333333333337 degrees=4,0,0,
accepted.tmvPre.y remainder=[-4.3476874215955009e-22,4.3476874215955009e-22] terms=4
  coefficient=-1.1000000000000001 degrees=1,0,0,
  coefficient=-0.099999999999999867 degrees=1,1,0,
  coefficient=0.18333333333333335 degrees=3,0,0,
  coefficient=0.016666666666666646 degrees=3,1,0,
accepted.tmv.x remainder=[0,0] terms=1
  coefficient=1 degrees=0,1,0,
endpoint.tmvPre.x remainder=[-2.173934309758468e-23,2.1739343100316561e-23] terms=2
  coefficient=1.0986252864583883 degrees=0,0,0,
  coefficient=0.099875000000004863 degrees=0,1,0,
endpoint.tmvPre.y remainder=[-4.3476874215955009e-22,4.3476874215955009e-22] terms=2
  coefficient=-0.054977083332234722 degrees=0,0,0,
  coefficient=-0.004997916666566786 degrees=0,1,0,
endpoint.tmv.x remainder=[0,0] terms=1
  coefficient=1 degrees=0,1,0,
validated_rhs_xdot_remainder=[-2.0833333333333326e-06,2.0833333333333326e-06] terms=3
  coefficient=[-1.1000000000000001,-1.1000000000000001] degrees=1,0,0,
  coefficient=[-0.099999999999999867,-0.099999999999999867] degrees=1,1,0,
  coefficient=[0.18333333333333335,0.18333333333333335] degrees=3,0,0,
endpoint_pre_x=[0.99875028645838326,1.1985002864583936] endpoint_composed_x=[0.99875028645838326,1.1985002864583936] cos(0.05)=0.99875026039496628
