Step 0
PERIOD 0 FLOWPIPES 4 STATUS 2 TARGET_INSIDE 1
Step 1
PERIOD 1 FLOWPIPES 4 STATUS 2 TARGET_INSIDE 1
Step 2
PERIOD 2 FLOWPIPES 4 STATUS 2 TARGET_INSIDE 1
Step 3
PERIOD 3 FLOWPIPES 4 STATUS 2 TARGET_INSIDE 1
Step 4
PERIOD 4 FLOWPIPES 4 STATUS 2 TARGET_INSIDE 1
Step 5
PERIOD 5 FLOWPIPES 4 STATUS 2 TARGET_INSIDE 1
Step 6
PERIOD 6 FLOWPIPES 4 STATUS 2 TARGET_INSIDE 1
Step 7
PERIOD 7 FLOWPIPES 4 STATUS 2 TARGET_INSIDE 1
Step 8
PERIOD 8 FLOWPIPES 4 STATUS 2 TARGET_INSIDE 1
Step 9
PERIOD 9 FLOWPIPES 4 STATUS 2 TARGET_INSIDE 1
Step 10
PERIOD 10 FLOWPIPES 4 STATUS 2 TARGET_INSIDE 1
Step 11
PERIOD 11 FLOWPIPES 4 STATUS 2 TARGET_INSIDE 1
Step 12
PERIOD 12 FLOWPIPES 4 STATUS 2 TARGET_INSIDE 1
Step 13
PERIOD 13 FLOWPIPES 4 STATUS 2 TARGET_INSIDE 1
Step 14
PERIOD 14 FLOWPIPES 4 STATUS 2 TARGET_INSIDE 1
Step 15
PERIOD 15 FLOWPIPES 4 STATUS 2 TARGET_INSIDE 1
Step 16
PERIOD 16 FLOWPIPES 4 STATUS 2 TARGET_INSIDE 1
Step 17
PERIOD 17 FLOWPIPES 4 STATUS 2 TARGET_INSIDE 1
Step 18
PERIOD 18 FLOWPIPES 4 STATUS 2 TARGET_INSIDE 1
Step 19
PERIOD 19 FLOWPIPES 4 STATUS 2 TARGET_INSIDE 1
Step 20
PERIOD 20 FLOWPIPES 3 STATUS 4 TARGET_INSIDE 1
COMPLETED_PERIODS 20/500
FLOWPIPE_SEGMENTS 83
TARGET_CHECKS 0/400
UNKNOWN
