Step 0
AIRPLANE_PICARD	0	old_lo=-0.01	old_hi=0.01	base_lo=-0.0056248904487529979	base_hi=0.005639993965657045	diff_lo=-4.6258321247568371e-18	diff_hi=5.6878252108205701e-18	new_lo=-0.0056248904487530031	new_hi=0.0056399939656570511	subset=1
AIRPLANE_PICARD	1	old_lo=-0.01	old_hi=0.01	base_lo=-0.0052665910909885476	base_hi=0.0052727256175231227	diff_lo=-4.3302251252301129e-18	diff_hi=4.3406349116888703e-18	new_lo=-0.0052665910909885519	new_hi=0.0052727256175231279	subset=1
AIRPLANE_PICARD	2	old_lo=-0.01	old_hi=0.01	base_lo=-0.0031382014491530244	base_hi=0.0031350210021742634	diff_lo=-2.1314593608619742e-18	diff_hi=4.3144348047900333e-18	new_lo=-0.0031382014491530266	new_hi=0.0031350210021742677	subset=1
AIRPLANE_PICARD	3	old_lo=-0.01	old_hi=0.01	base_lo=-0.00083256213398994155	base_hi=0.00083246147998902915	diff_lo=-3.0847546739209981e-19	diff_hi=1.4099971190617568e-18	new_lo=-0.00083256213398994188	new_hi=0.00083246147998903067	subset=1
AIRPLANE_PICARD	4	old_lo=-0.01	old_hi=0.01	base_lo=-0.00087578361618846276	base_hi=0.00087819140096108059	diff_lo=-2.8713420530124275e-18	diff_hi=6.678962938266865e-19	new_lo=-0.00087578361618846569	new_hi=0.00087819140096108135	subset=1
AIRPLANE_PICARD	5	old_lo=-0.01	old_hi=0.01	base_lo=-0.00077038805474991467	base_hi=0.00077948541697845579	diff_lo=-2.9075353236152074e-19	diff_hi=4.5926942804364057e-18	new_lo=-0.00077038805474991499	new_hi=0.00077948541697846045	subset=1
AIRPLANE_PICARD	6	old_lo=-0.01	old_hi=0.01	base_lo=-0.00044029762039728512	base_hi=0.00044001628395305128	diff_lo=-7.0343036950859556e-20	diff_hi=7.1730815731640994e-20	new_lo=-0.00044029762039728522	new_hi=0.00044001628395305139	subset=1
AIRPLANE_PICARD	7	old_lo=-0.01	old_hi=0.01	base_lo=-0.00039635348300995045	base_hi=0.00039638146152474725	diff_lo=-8.6389229103645012e-20	diff_hi=8.6389229103645012e-20	new_lo=-0.00039635348300995056	new_hi=0.00039638146152474736	subset=1
AIRPLANE_PICARD	8	old_lo=-0.01	old_hi=0.01	base_lo=-0.00035137597265975077	base_hi=0.0003511692713251296	diff_lo=-6.340414304695231e-20	diff_hi=6.4791921827733759e-20	new_lo=-0.00035137597265975088	new_hi=0.00035116927132512971	subset=1
AIRPLANE_PICARD	9	old_lo=-0.01	old_hi=0.01	base_lo=-0.0001	base_hi=0.0001	diff_lo=0	diff_hi=0	new_lo=-0.0001	new_hi=0.0001	subset=1
AIRPLANE_PICARD	10	old_lo=-0.01	old_hi=0.01	base_lo=-0.0001	base_hi=0.0001	diff_lo=0	diff_hi=0	new_lo=-0.0001	new_hi=0.0001	subset=1
AIRPLANE_PICARD	11	old_lo=-0.01	old_hi=0.01	base_lo=-0.0001	base_hi=0.0001	diff_lo=0	diff_hi=0	new_lo=-0.0001	new_hi=0.0001	subset=1
AIRPLANE_PICARD	12	old_lo=-0.01	old_hi=0.01	base_lo=-0	base_hi=0	diff_lo=0	diff_hi=0	new_lo=-0	new_hi=0	subset=1
AIRPLANE_PICARD	13	old_lo=-0.01	old_hi=0.01	base_lo=-0	base_hi=0	diff_lo=0	diff_hi=0	new_lo=-0	new_hi=0	subset=1
AIRPLANE_PICARD	14	old_lo=-0.01	old_hi=0.01	base_lo=-0	base_hi=0	diff_lo=0	diff_hi=0	new_lo=-0	new_hi=0	subset=1
AIRPLANE_PICARD	15	old_lo=-0.01	old_hi=0.01	base_lo=-0	base_hi=0	diff_lo=0	diff_hi=0	new_lo=-0	new_hi=0	subset=1
AIRPLANE_PICARD	16	old_lo=-0.01	old_hi=0.01	base_lo=-0	base_hi=0	diff_lo=0	diff_hi=0	new_lo=-0	new_hi=0	subset=1
AIRPLANE_PICARD	17	old_lo=-0.01	old_hi=0.01	base_lo=-0	base_hi=0	diff_lo=0	diff_hi=0	new_lo=-0	new_hi=0	subset=1
AIRPLANE_PICARD	18	old_lo=-0.01	old_hi=0.01	base_lo=-0	base_hi=0	diff_lo=0	diff_hi=0	new_lo=-0	new_hi=0	subset=1
PERIOD 0 FLOWPIPES 1 STATUS 2 BOX_SAFE 1
DIAGNOSTIC_COMPLETED_CALLS 1/1
FLOWPIPE_SEGMENTS 1
ONE_STEP_NUMERIC_ACCEPTED_ONLY
time cost: 0.441000
