Step 0
Step 1
Step 2
Step 3
Step 4
Step 5
Step 6
Step 7
Step 8
Step 9
Step 10
Step 11
Step 12
Step 13
Step 14
Step 15
Step 16
Step 17
Step 18
Step 19
Step 20
Step 21
Step 22
Step 23
Step 24
Step 25
Step 26
Step 27
Step 28
Step 29
VERIFIED
HULL x1 0.107092455909 0.198224018616
HULL x2 -0.0633755188799 -0.0482787157294
HULL x3 0.0487982420396 0.0737140662954
HULL x4 0.93229310113 1.22687486674
HULL t 6 6
HULL u1 0.0918056030295 0.132062237005
HULL u2 -0.300871044394 -0.249783670008
time cost: 12.666988
