Step 0
Step 1
FALSIFIED
HULL x1 -0.480432953412 0.48030899663
HULL x2 -0.480419697116 0.480322856879
HULL x3 -0.276932023391 0.543910762761
HULL x4 -0.402207303797 0.401327338032
HULL x5 -0.40750402942 0.405384010624
HULL x6 -1.98463778025 -0.506866479718
HULL x7 -0.00178433918622 0.00340732974416
HULL x8 -0.00175543756608 0.00265678422568
HULL x9 -5.53257817757e-06 5.9130604369e-06
HULL x10 -0.0425214191746 0.0384712913871
HULL x11 -0.0393992747821 0.0388550711548
HULL x12 -2.22507385851e-308 2.22507385851e-308
HULL t 0.2 0.2
HULL u1 3.12563287173 11.8338263623
HULL u2 -0.038046519432 0.0270399851525
HULL u3 -0.032625489086 0.0273181301069
time cost: 53.303662
{"status": "completed_and_direct_equal", "steps": 40, "wall_s": 58.87466875836253}
