Step 0
Step 1
Step 2
Step 3
Step 4
Step 5
Step 6
Step 7
Step 8
Step 9
Step 10
Step 11
Step 12
Step 13
Step 14
Step 15
Step 16
Step 17
Step 18
Step 19
Step 20
Step 21
Step 22
Step 23
Step 24
Step 25
Step 26
Step 27
Step 28
Step 29
Step 30
Step 31
Step 32
Step 33
Step 34
Step 35
Step 36
Step 37
Step 38
Step 39
Step 40
Step 41
Step 42
Step 43
Step 44
Step 45
Step 46
Step 47
Step 48
Step 49
VERIFIED
HULL x1 -3.45472309379 3.3509484759
HULL x2 -3.31812339146 3.67760086099
HULL x3 0.958473214631 1.02569896335
HULL x4 -0.812343682922 0.757915810812
HULL x5 -0.74781845121 0.911959525092
HULL x6 -0.0948355542522 0.0772025831634
HULL x7 -0.00366667968268 0.00762772865958
HULL x8 -0.00392092064912 0.00563853082156
HULL x9 -0.00307074377097 0.00307279656965
HULL x10 -0.076625413928 0.0765731066588
HULL x11 -0.0642909529241 0.0643518945499
HULL x12 -2.22507385851e-308 2.22507385851e-308
HULL t 5 5
HULL u1 -0.321036703578 0.409089819005
HULL u2 -0.0843987945977 0.0843678866162
HULL u3 -0.0708893225009 0.070858215092
time cost: 997.675007
