Step 0
Step 1
FALSIFIED
HULL x1 -0.480331860071 0.480262012419
HULL x2 -0.480249778308 0.480457415891
HULL x3 -0.276927114802 0.543908326757
HULL x4 -0.403208024655 0.40325842335
HULL x5 -0.403388843532 0.403875103557
HULL x6 -1.98458501399 -0.506864672633
HULL x7 -0.00179236041915 0.00340342471487
HULL x8 -0.00175920384953 0.00266007094597
HULL x9 -5.55429322583e-06 5.93487963208e-06
HULL x10 -0.0427011890414 0.0386847620009
HULL x11 -0.0394823645728 0.0389312753781
HULL x12 -2.22507385851e-308 2.22507385851e-308
HULL t 0.2 0.2
HULL u1 3.12511640924 11.8339899247
HULL u2 -0.0381036433967 0.02716449656
HULL u3 -0.0326876063422 0.0273773379361
time cost: 39.434528
