Step 0
Constructing input.
Calling CROWN.
Unpacking output from CROWN.
Flow* started.
Flow* finished.
Step 1
Constructing input.
Calling CROWN.
Unpacking output from CROWN.
Flow* started.
Flow* finished.
Step 2
Constructing input.
Calling CROWN.
Unpacking output from CROWN.
Flow* started.
Flow* finished.
Step 3
Constructing input.
Calling CROWN.
Unpacking output from CROWN.
Flow* started.
Flow* finished.
Step 4
Constructing input.
Calling CROWN.
Unpacking output from CROWN.
Flow* started.
Flow* finished.
Step 5
Constructing input.
Calling CROWN.
Unpacking output from CROWN.
Flow* started.
Flow* finished.
Step 6
Constructing input.
Calling CROWN.
Unpacking output from CROWN.
Flow* started.
Flow* finished.
Step 7
Constructing input.
Calling CROWN.
Unpacking output from CROWN.
Flow* started.
Flow* finished.
Step 8
Constructing input.
Calling CROWN.
Unpacking output from CROWN.
Flow* started.
Flow* finished.
Step 9
Constructing input.
Calling CROWN.
Unpacking output from CROWN.
Flow* started.
Flow* finished.
Step 10
Constructing input.
Calling CROWN.
Unpacking output from CROWN.
Flow* started.
Flow* finished.
Step 11
Constructing input.
Calling CROWN.
Unpacking output from CROWN.
Flow* started.
Flow* finished.
Step 12
Constructing input.
Calling CROWN.
Unpacking output from CROWN.
Flow* started.
Flow* finished.
Step 13
Constructing input.
Calling CROWN.
Unpacking output from CROWN.
Flow* started.
Flow* finished.
Step 14
Constructing input.
Calling CROWN.
Unpacking output from CROWN.
Flow* started.
Flow* finished.
Step 15
Constructing input.
Calling CROWN.
Unpacking output from CROWN.
Flow* started.
Flow* finished.
Step 16
Constructing input.
Calling CROWN.
Unpacking output from CROWN.
Flow* started.
Flow* finished.
Step 17
Constructing input.
Calling CROWN.
Unpacking output from CROWN.
Flow* started.
Flow* finished.
Step 18
Constructing input.
Calling CROWN.
Unpacking output from CROWN.
Flow* started.
Flow* finished.
Step 19
Constructing input.
Calling CROWN.
Unpacking output from CROWN.
Flow* started.
Flow* finished.
Step 20
Constructing input.
Calling CROWN.
Unpacking output from CROWN.
Flow* started.
Flow* finished.
Step 21
Constructing input.
Calling CROWN.
Unpacking output from CROWN.
Flow* started.
Flow* finished.
Step 22
Constructing input.
Calling CROWN.
Unpacking output from CROWN.
Flow* started.
Flow* finished.
Step 23
Constructing input.
Calling CROWN.
Unpacking output from CROWN.
Flow* started.
Flow* finished.
Step 24
Constructing input.
Calling CROWN.
Unpacking output from CROWN.
Flow* started.
Flow* finished.
Step 25
Constructing input.
Calling CROWN.
Unpacking output from CROWN.
Flow* started.
Flow* finished.
Step 26
Constructing input.
Calling CROWN.
Unpacking output from CROWN.
Flow* started.
Flow* finished.
Step 27
Constructing input.
Calling CROWN.
Unpacking output from CROWN.
Flow* started.
Flow* finished.
Step 28
Constructing input.
Calling CROWN.
Unpacking output from CROWN.
Flow* started.
Flow* finished.
Step 29
Constructing input.
Calling CROWN.
Unpacking output from CROWN.
Flow* started.
Flow* finished.
Step 30
Constructing input.
Calling CROWN.
Unpacking output from CROWN.
Flow* started.
