{"event": "START", "run": "window_brusselator_0001_0020_pair1_reference", "mode": "reference", "source_sha": "f627d6489155c775d4a7f3afde27c88982494ba2"}
{"event": "DONE", "run": "window_brusselator_0001_0020_pair1_reference", "solve_seconds": 33.779375695157796, "completed": true}
{"event": "START", "run": "window_brusselator_0001_0020_pair1_prepared_remainder_replay", "mode": "prepared_remainder_replay", "source_sha": "f627d6489155c775d4a7f3afde27c88982494ba2"}
{"event": "DONE", "run": "window_brusselator_0001_0020_pair1_prepared_remainder_replay", "solve_seconds": 26.097116104327142, "completed": true}
{"event": "EXACT_PAIR", "name": "window_brusselator_0001_0020_pair1", "speedup": 1.2943719742871076}
{"event": "START", "run": "window_brusselator_0001_0020_pair2_prepared_remainder_replay", "mode": "prepared_remainder_replay", "source_sha": "f627d6489155c775d4a7f3afde27c88982494ba2"}
{"event": "DONE", "run": "window_brusselator_0001_0020_pair2_prepared_remainder_replay", "solve_seconds": 25.541493679396808, "completed": true}
{"event": "START", "run": "window_brusselator_0001_0020_pair2_reference", "mode": "reference", "source_sha": "f627d6489155c775d4a7f3afde27c88982494ba2"}
{"event": "DONE", "run": "window_brusselator_0001_0020_pair2_reference", "solve_seconds": 34.440098230261356, "completed": true}
{"event": "EXACT_PAIR", "name": "window_brusselator_0001_0020_pair2", "speedup": 1.3483979700859334}
{"event": "START", "run": "window_brusselator_0001_0020_pair3_reference", "mode": "reference", "source_sha": "f627d6489155c775d4a7f3afde27c88982494ba2"}
{"event": "DONE", "run": "window_brusselator_0001_0020_pair3_reference", "solve_seconds": 34.27393534546718, "completed": true}
{"event": "START", "run": "window_brusselator_0001_0020_pair3_prepared_remainder_replay", "mode": "prepared_remainder_replay", "source_sha": "f627d6489155c775d4a7f3afde27c88982494ba2"}
{"event": "DONE", "run": "window_brusselator_0001_0020_pair3_prepared_remainder_replay", "solve_seconds": 25.869255781639367, "completed": true}
{"event": "EXACT_PAIR", "name": "window_brusselator_0001_0020_pair3", "speedup": 1.3248906591968144}
{"event": "START", "run": "window_brusselator_0101_0020_pair1_reference", "mode": "reference", "source_sha": "f627d6489155c775d4a7f3afde27c88982494ba2"}
{"event": "DONE", "run": "window_brusselator_0101_0020_pair1_reference", "solve_seconds": 35.81228787265718, "completed": true}
{"event": "START", "run": "window_brusselator_0101_0020_pair1_prepared_remainder_replay", "mode": "prepared_remainder_replay", "source_sha": "f627d6489155c775d4a7f3afde27c88982494ba2"}
{"event": "DONE", "run": "window_brusselator_0101_0020_pair1_prepared_remainder_replay", "solve_seconds": 26.233917826320976, "completed": true}
{"event": "EXACT_PAIR", "name": "window_brusselator_0101_0020_pair1", "speedup": 1.3651139761033346}
{"event": "START", "run": "window_brusselator_0101_0020_pair2_prepared_remainder_replay", "mode": "prepared_remainder_replay", "source_sha": "f627d6489155c775d4a7f3afde27c88982494ba2"}
{"event": "DONE", "run": "window_brusselator_0101_0020_pair2_prepared_remainder_replay", "solve_seconds": 26.522688220255077, "completed": true}
{"event": "START", "run": "window_brusselator_0101_0020_pair2_reference", "mode": "reference", "source_sha": "f627d6489155c775d4a7f3afde27c88982494ba2"}
{"event": "DONE", "run": "window_brusselator_0101_0020_pair2_reference", "solve_seconds": 36.56037920014933, "completed": true}
{"event": "EXACT_PAIR", "name": "window_brusselator_0101_0020_pair2", "speedup": 1.3784567724258274}
{"event": "START", "run": "window_brusselator_0101_0020_pair3_reference", "mode": "reference", "source_sha": "f627d6489155c775d4a7f3afde27c88982494ba2"}
{"event": "DONE", "run": "window_brusselator_0101_0020_pair3_reference", "solve_seconds": 36.33752598660067, "completed": true}
{"event": "START", "run": "window_brusselator_0101_0020_pair3_prepared_remainder_replay", "mode": "prepared_remainder_replay", "source_sha": "f627d6489155c775d4a7f3afde27c88982494ba2"}
{"event": "DONE", "run": "window_brusselator_0101_0020_pair3_prepared_remainder_replay", "solve_seconds": 26.23827796196565, "completed": true}
{"event": "EXACT_PAIR", "name": "window_brusselator_0101_0020_pair3", "speedup": 1.3849051389452705}
{"event": "START", "run": "window_brusselator_0981_0020_pair1_reference", "mode": "reference", "source_sha": "f627d6489155c775d4a7f3afde27c88982494ba2"}
{"event": "DONE", "run": "window_brusselator_0981_0020_pair1_reference", "solve_seconds": 41.66021809121594, "completed": true}
{"event": "START", "run": "window_brusselator_0981_0020_pair1_prepared_remainder_replay", "mode": "prepared_remainder_replay", "source_sha": "f627d6489155c775d4a7f3afde27c88982494ba2"}
{"event": "DONE", "run": "window_brusselator_0981_0020_pair1_prepared_remainder_replay", "solve_seconds": 31.176255620084703, "completed": true}
{"event": "EXACT_PAIR", "name": "window_brusselator_0981_0020_pair1", "speedup": 1.3362803602488154}
{"event": "START", "run": "window_brusselator_0981_0020_pair2_prepared_remainder_replay", "mode": "prepared_remainder_replay", "source_sha": "f627d6489155c775d4a7f3afde27c88982494ba2"}
{"event": "DONE", "run": "window_brusselator_0981_0020_pair2_prepared_remainder_replay", "solve_seconds": 31.326008710078895, "completed": true}
{"event": "START", "run": "window_brusselator_0981_0020_pair2_reference", "mode": "reference", "source_sha": "f627d6489155c775d4a7f3afde27c88982494ba2"}
{"event": "DONE", "run": "window_brusselator_0981_0020_pair2_reference", "solve_seconds": 41.56991847464815, "completed": true}
{"event": "EXACT_PAIR", "name": "window_brusselator_0981_0020_pair2", "speedup": 1.3270097336490032}
{"event": "START", "run": "window_brusselator_0981_0020_pair3_reference", "mode": "reference", "source_sha": "f627d6489155c775d4a7f3afde27c88982494ba2"}
{"event": "DONE", "run": "window_brusselator_0981_0020_pair3_reference", "solve_seconds": 41.57040109531954, "completed": true}
{"event": "START", "run": "window_brusselator_0981_0020_pair3_prepared_remainder_replay", "mode": "prepared_remainder_replay", "source_sha": "f627d6489155c775d4a7f3afde27c88982494ba2"}
{"event": "DONE", "run": "window_brusselator_0981_0020_pair3_prepared_remainder_replay", "solve_seconds": 31.125697172712535, "completed": true}
{"event": "EXACT_PAIR", "name": "window_brusselator_0981_0020_pair3", "speedup": 1.3355653004220491}
{"event": "START", "run": "window_van_der_pol_0001_0020_pair1_reference", "mode": "reference", "source_sha": "f627d6489155c775d4a7f3afde27c88982494ba2"}
{"event": "DONE", "run": "window_van_der_pol_0001_0020_pair1_reference", "solve_seconds": 12.451649144291878, "completed": true}
{"event": "START", "run": "window_van_der_pol_0001_0020_pair1_prepared_remainder_replay", "mode": "prepared_remainder_replay", "source_sha": "f627d6489155c775d4a7f3afde27c88982494ba2"}
{"event": "DONE", "run": "window_van_der_pol_0001_0020_pair1_prepared_remainder_replay", "solve_seconds": 12.41680151829496, "completed": true}
{"event": "EXACT_PAIR", "name": "window_van_der_pol_0001_0020_pair1", "speedup": 1.0028064897345401}
{"event": "START", "run": "window_van_der_pol_0001_0020_pair2_prepared_remainder_replay", "mode": "prepared_remainder_replay", "source_sha": "f627d6489155c775d4a7f3afde27c88982494ba2"}
{"event": "DONE", "run": "window_van_der_pol_0001_0020_pair2_prepared_remainder_replay", "solve_seconds": 12.262868541758507, "completed": true}
{"event": "START", "run": "window_van_der_pol_0001_0020_pair2_reference", "mode": "reference", "source_sha": "f627d6489155c775d4a7f3afde27c88982494ba2"}
{"event": "DONE", "run": "window_van_der_pol_0001_0020_pair2_reference", "solve_seconds": 12.256327495444566, "completed": true}
{"event": "EXACT_PAIR", "name": "window_van_der_pol_0001_0020_pair2", "speedup": 0.9994665973714333}
{"event": "START", "run": "window_van_der_pol_0001_0020_pair3_reference", "mode": "reference", "source_sha": "f627d6489155c775d4a7f3afde27c88982494ba2"}
{"event": "DONE", "run": "window_van_der_pol_0001_0020_pair3_reference", "solve_seconds": 12.31003458565101, "completed": true}
{"event": "START", "run": "window_van_der_pol_0001_0020_pair3_prepared_remainder_replay", "mode": "prepared_remainder_replay", "source_sha": "f627d6489155c775d4a7f3afde27c88982494ba2"}
{"event": "DONE", "run": "window_van_der_pol_0001_0020_pair3_prepared_remainder_replay", "solve_seconds": 12.194641892332584, "completed": true}
{"event": "EXACT_PAIR", "name": "window_van_der_pol_0001_0020_pair3", "speedup": 1.00946257334469}
{"event": "START", "run": "window_van_der_pol_0091_0020_pair1_reference", "mode": "reference", "source_sha": "f627d6489155c775d4a7f3afde27c88982494ba2"}
{"event": "DONE", "run": "window_van_der_pol_0091_0020_pair1_reference", "solve_seconds": 13.863779421430081, "completed": true}
{"event": "START", "run": "window_van_der_pol_0091_0020_pair1_prepared_remainder_replay", "mode": "prepared_remainder_replay", "source_sha": "f627d6489155c775d4a7f3afde27c88982494ba2"}
{"event": "DONE", "run": "window_van_der_pol_0091_0020_pair1_prepared_remainder_replay", "solve_seconds": 13.689862287603319, "completed": true}
{"event": "EXACT_PAIR", "name": "window_van_der_pol_0091_0020_pair1", "speedup": 1.0127040820552484}
{"event": "START", "run": "window_van_der_pol_0091_0020_pair2_prepared_remainder_replay", "mode": "prepared_remainder_replay", "source_sha": "f627d6489155c775d4a7f3afde27c88982494ba2"}
{"event": "DONE", "run": "window_van_der_pol_0091_0020_pair2_prepared_remainder_replay", "solve_seconds": 13.566048323642462, "completed": true}
{"event": "START", "run": "window_van_der_pol_0091_0020_pair2_reference", "mode": "reference", "source_sha": "f627d6489155c775d4a7f3afde27c88982494ba2"}
{"event": "DONE", "run": "window_van_der_pol_0091_0020_pair2_reference", "solve_seconds": 13.798950436990708, "completed": true}
{"event": "EXACT_PAIR", "name": "window_van_der_pol_0091_0020_pair2", "speedup": 1.0171680144277793}
{"event": "START", "run": "window_van_der_pol_0091_0020_pair3_reference", "mode": "reference", "source_sha": "f627d6489155c775d4a7f3afde27c88982494ba2"}
{"event": "DONE", "run": "window_van_der_pol_0091_0020_pair3_reference", "solve_seconds": 13.612620794214308, "completed": true}
{"event": "START", "run": "window_van_der_pol_0091_0020_pair3_prepared_remainder_replay", "mode": "prepared_remainder_replay", "source_sha": "f627d6489155c775d4a7f3afde27c88982494ba2"}
{"event": "DONE", "run": "window_van_der_pol_0091_0020_pair3_prepared_remainder_replay", "solve_seconds": 13.488260020501912, "completed": true}
{"event": "EXACT_PAIR", "name": "window_van_der_pol_0091_0020_pair3", "speedup": 1.0092199270716438}
{"event": "START", "run": "prefix_brusselator_0001_0100_pair1_reference", "mode": "reference", "source_sha": "f627d6489155c775d4a7f3afde27c88982494ba2"}
{"event": "DONE", "run": "prefix_brusselator_0001_0100_pair1_reference", "solve_seconds": 191.11325336014852, "completed": true}
{"event": "START", "run": "prefix_brusselator_0001_0100_pair1_prepared_remainder_replay", "mode": "prepared_remainder_replay", "source_sha": "f627d6489155c775d4a7f3afde27c88982494ba2"}
{"event": "DONE", "run": "prefix_brusselator_0001_0100_pair1_prepared_remainder_replay", "solve_seconds": 145.13491663802415, "completed": true}
{"event": "EXACT_PAIR", "name": "prefix_brusselator_0001_0100_pair1", "speedup": 1.3167972103969805}
{"event": "START", "run": "prefix_brusselator_0001_0100_pair2_prepared_remainder_replay", "mode": "prepared_remainder_replay", "source_sha": "f627d6489155c775d4a7f3afde27c88982494ba2"}
{"event": "DONE", "run": "prefix_brusselator_0001_0100_pair2_prepared_remainder_replay", "solve_seconds": 146.40901645179838, "completed": true}
{"event": "START", "run": "prefix_brusselator_0001_0100_pair2_reference", "mode": "reference", "source_sha": "f627d6489155c775d4a7f3afde27c88982494ba2"}
{"event": "DONE", "run": "prefix_brusselator_0001_0100_pair2_reference", "solve_seconds": 204.02065533632413, "completed": true}
{"event": "EXACT_PAIR", "name": "prefix_brusselator_0001_0100_pair2", "speedup": 1.3934978888646041}
{"event": "START", "run": "prefix_brusselator_0001_0100_pair3_reference", "mode": "reference", "source_sha": "f627d6489155c775d4a7f3afde27c88982494ba2"}
{"event": "DONE", "run": "prefix_brusselator_0001_0100_pair3_reference", "solve_seconds": 215.98681536363438, "completed": true}
{"event": "START", "run": "prefix_brusselator_0001_0100_pair3_prepared_remainder_replay", "mode": "prepared_remainder_replay", "source_sha": "f627d6489155c775d4a7f3afde27c88982494ba2"}
{"event": "DONE", "run": "prefix_brusselator_0001_0100_pair3_prepared_remainder_replay", "solve_seconds": 165.48669211938977, "completed": true}
{"event": "EXACT_PAIR", "name": "prefix_brusselator_0001_0100_pair3", "speedup": 1.3051612344019268}
{"event": "START", "run": "prefix_van_der_pol_0001_0100_pair1_reference", "mode": "reference", "source_sha": "f627d6489155c775d4a7f3afde27c88982494ba2"}
{"event": "DONE", "run": "prefix_van_der_pol_0001_0100_pair1_reference", "solve_seconds": 77.66859920043498, "completed": true}
{"event": "START", "run": "prefix_van_der_pol_0001_0100_pair1_prepared_remainder_replay", "mode": "prepared_remainder_replay", "source_sha": "f627d6489155c775d4a7f3afde27c88982494ba2"}
{"event": "DONE", "run": "prefix_van_der_pol_0001_0100_pair1_prepared_remainder_replay", "solve_seconds": 88.87083739601076, "completed": true}
{"event": "EXACT_PAIR", "name": "prefix_van_der_pol_0001_0100_pair1", "speedup": 0.8739492219966567}
{"event": "START", "run": "prefix_van_der_pol_0001_0100_pair2_prepared_remainder_replay", "mode": "prepared_remainder_replay", "source_sha": "f627d6489155c775d4a7f3afde27c88982494ba2"}
{"event": "DONE", "run": "prefix_van_der_pol_0001_0100_pair2_prepared_remainder_replay", "solve_seconds": 83.4621638734825, "completed": true}
{"event": "START", "run": "prefix_van_der_pol_0001_0100_pair2_reference", "mode": "reference", "source_sha": "f627d6489155c775d4a7f3afde27c88982494ba2"}
{"event": "DONE", "run": "prefix_van_der_pol_0001_0100_pair2_reference", "solve_seconds": 77.89085613796487, "completed": true}
{"event": "EXACT_PAIR", "name": "prefix_van_der_pol_0001_0100_pair2", "speedup": 0.9332475042947247}
{"event": "START", "run": "prefix_van_der_pol_0001_0100_pair3_reference", "mode": "reference", "source_sha": "f627d6489155c775d4a7f3afde27c88982494ba2"}
{"event": "DONE", "run": "prefix_van_der_pol_0001_0100_pair3_reference", "solve_seconds": 106.098979792092, "completed": true}
{"event": "START", "run": "prefix_van_der_pol_0001_0100_pair3_prepared_remainder_replay", "mode": "prepared_remainder_replay", "source_sha": "f627d6489155c775d4a7f3afde27c88982494ba2"}
{"event": "DONE", "run": "prefix_van_der_pol_0001_0100_pair3_prepared_remainder_replay", "solve_seconds": 105.72568158106878, "completed": true}
{"event": "EXACT_PAIR", "name": "prefix_van_der_pol_0001_0100_pair3", "speedup": 1.003530818675659}
{"event": "START", "run": "full_brusselator_prepared_remainder_replay", "mode": "prepared_remainder_replay", "source_sha": "f627d6489155c775d4a7f3afde27c88982494ba2"}
{"event": "DONE", "run": "full_brusselator_prepared_remainder_replay", "solve_seconds": 1833.6753757684492, "completed": true}
{"event": "FULL_EXACT", "plant": "brusselator", "reference": {"plant": "brusselator", "steps": 1000, "rejections": 0, "actual_sum_h": "720575940379279375/36028797018963968", "solve_seconds": 1980.3954096045345, "setup_seconds": 0.00300332298502326, "export_seconds": 92.74029888771474}, "optimized": {"plant": "brusselator", "steps": 1000, "rejections": 0, "actual_sum_h": "720575940379279375/36028797018963968", "solve_seconds": 1833.6753757684492, "setup_seconds": 0.0034638578072190285, "export_seconds": 118.9042263594456}, "all_steps_bit_identical": true, "solve_speedup": 1.0800141812312871, "with_setup_speedup": 1.0800137789293396, "peak_rss_ratio": 0.9999915075752429, "confidence": "single_full_pair_with_repeated_windows_and_prefixes"}
{"event": "START", "run": "full_van_der_pol_prepared_remainder_replay", "mode": "prepared_remainder_replay", "source_sha": "f627d6489155c775d4a7f3afde27c88982494ba2"}
{"event": "DONE", "run": "full_van_der_pol_prepared_remainder_replay", "solve_seconds": 685.0358790573664, "completed": true}
{"event": "FULL_EXACT", "plant": "van_der_pol", "reference": {"plant": "van_der_pol", "steps": 1000, "rejections": 0, "actual_sum_h": "720575940379279375/72057594037927936", "solve_seconds": 706.0341191939078, "setup_seconds": 0.003023989964276552, "export_seconds": 20.75776126049459}, "optimized": {"plant": "van_der_pol", "steps": 1000, "rejections": 0, "actual_sum_h": "720575940379279375/72057594037927936", "solve_seconds": 685.0358790573664, "setup_seconds": 0.0030801291577517986, "export_seconds": 20.824074159376323}, "all_steps_bit_identical": true, "solve_speedup": 1.030652759626891, "with_setup_speedup": 1.030652539853037, "peak_rss_ratio": 1.0250907716247462, "confidence": "single_full_pair_with_repeated_windows_and_prefixes"}
{"event": "START", "run": "adaptive_van_der_pol_prepared_remainder_replay", "mode": "prepared_remainder_replay", "source_sha": "f627d6489155c775d4a7f3afde27c88982494ba2"}
{"event": "DONE", "run": "adaptive_van_der_pol_prepared_remainder_replay", "solve_seconds": 185.0711364019662, "completed": true}
