{"window": "brusselator_0001_0020", "execution": "reference", "instrumentation": "production_diagnostic", "solve_seconds": 33.8939814530313}
{"window": "brusselator_0001_0020", "execution": "reference", "instrumentation": "scoped", "solve_seconds": 34.81017179088667}
{"window": "brusselator_0001_0020", "execution": "reference", "instrumentation": "cprofile", "solve_seconds": 42.0518772280775}
{"window": "brusselator_0001_0020", "execution": "prepared_remainder_replay", "instrumentation": "production_diagnostic", "solve_seconds": 25.721294245216995}
{"window": "brusselator_0001_0020", "execution": "prepared_remainder_replay", "instrumentation": "scoped", "solve_seconds": 26.872481992002577}
{"window": "brusselator_0001_0020", "execution": "prepared_remainder_replay", "instrumentation": "cprofile", "solve_seconds": 32.46694341767579}
{"window": "brusselator_0101_0120", "execution": "reference", "instrumentation": "production_diagnostic", "solve_seconds": 36.44981501623988}
{"window": "brusselator_0101_0120", "execution": "reference", "instrumentation": "scoped", "solve_seconds": 37.56454596621916}
{"window": "brusselator_0101_0120", "execution": "reference", "instrumentation": "cprofile", "solve_seconds": 45.188005975913256}
{"window": "brusselator_0101_0120", "execution": "prepared_remainder_replay", "instrumentation": "production_diagnostic", "solve_seconds": 26.21944258082658}
{"window": "brusselator_0101_0120", "execution": "prepared_remainder_replay", "instrumentation": "scoped", "solve_seconds": 27.12448875652626}
{"window": "brusselator_0101_0120", "execution": "prepared_remainder_replay", "instrumentation": "cprofile", "solve_seconds": 32.97746766638011}
{"window": "brusselator_0981_1000", "execution": "reference", "instrumentation": "production_diagnostic", "solve_seconds": 41.719526468776166}
{"window": "brusselator_0981_1000", "execution": "reference", "instrumentation": "scoped", "solve_seconds": 43.17818075791001}
{"window": "brusselator_0981_1000", "execution": "reference", "instrumentation": "cprofile", "solve_seconds": 52.77578570181504}
{"window": "brusselator_0981_1000", "execution": "prepared_remainder_replay", "instrumentation": "production_diagnostic", "solve_seconds": 31.508133283816278}
{"window": "brusselator_0981_1000", "execution": "prepared_remainder_replay", "instrumentation": "scoped", "solve_seconds": 32.39086186653003}
{"window": "brusselator_0981_1000", "execution": "prepared_remainder_replay", "instrumentation": "cprofile", "solve_seconds": 40.661662170663476}
{"window": "van_der_pol_0001_0020", "execution": "reference", "instrumentation": "production_diagnostic", "solve_seconds": 12.284471134655178}
{"window": "van_der_pol_0001_0020", "execution": "reference", "instrumentation": "scoped", "solve_seconds": 12.713025350589305}
{"window": "van_der_pol_0001_0020", "execution": "reference", "instrumentation": "cprofile", "solve_seconds": 15.960284390486777}
{"window": "van_der_pol_0001_0020", "execution": "prepared_remainder_replay", "instrumentation": "production_diagnostic", "solve_seconds": 12.344215220306069}
{"window": "van_der_pol_0001_0020", "execution": "prepared_remainder_replay", "instrumentation": "scoped", "solve_seconds": 12.608208388555795}
{"window": "van_der_pol_0001_0020", "execution": "prepared_remainder_replay", "instrumentation": "cprofile", "solve_seconds": 15.997954626102}
{"window": "van_der_pol_0091_0110", "execution": "reference", "instrumentation": "production_diagnostic", "solve_seconds": 13.577290046494454}
{"window": "van_der_pol_0091_0110", "execution": "reference", "instrumentation": "scoped", "solve_seconds": 13.908564794342965}
{"window": "van_der_pol_0091_0110", "execution": "reference", "instrumentation": "cprofile", "solve_seconds": 17.69794797571376}
{"window": "van_der_pol_0091_0110", "execution": "prepared_remainder_replay", "instrumentation": "production_diagnostic", "solve_seconds": 13.486984762828797}
{"window": "van_der_pol_0091_0110", "execution": "prepared_remainder_replay", "instrumentation": "scoped", "solve_seconds": 13.885042978450656}
{"window": "van_der_pol_0091_0110", "execution": "prepared_remainder_replay", "instrumentation": "cprofile", "solve_seconds": 17.6434085839428}
