Step 0
AIRPLANE_PICARD	0	old_lo=-0.01	old_hi=0.01	base_lo=-0.005159561717951751	base_hi=0.0051540462686304076	diff_lo=-6.1484278316796121e-18	diff_hi=8.3594959658188e-18	new_lo=-0.0051595617179517579	new_hi=0.0051540462686304163	subset=1
AIRPLANE_PICARD	1	old_lo=-0.01	old_hi=0.01	base_lo=-0.0047050980174840797	base_hi=0.0047223438201701596	diff_lo=-5.3322213542742915e-18	diff_hi=7.4643769174912913e-18	new_lo=-0.0047050980174840858	new_hi=0.0047223438201701674	subset=1
AIRPLANE_PICARD	2	old_lo=-0.01	old_hi=0.01	base_lo=-0.0029390810878094217	base_hi=0.0029066921122180168	diff_lo=-3.2148080493972989e-18	diff_hi=2.4081731978912563e-18	new_lo=-0.0029390810878094252	new_hi=0.0029066921122180194	subset=1
AIRPLANE_PICARD	3	old_lo=-0.01	old_hi=0.01	base_lo=-0.00074820216278091408	base_hi=0.00074806636460991195	diff_lo=-4.7297721295080928e-18	diff_hi=3.2357450052700197e-19	new_lo=-0.00074820216278091885	new_hi=0.00074806636460991228	subset=1
AIRPLANE_PICARD	4	old_lo=-0.01	old_hi=0.01	base_lo=-0.00075100416319198076	base_hi=0.00075293050751677022	diff_lo=-2.7065016894312074e-18	diff_hi=5.2041704279304221e-19	new_lo=-0.00075100416319198347	new_hi=0.00075293050751677076	subset=1
AIRPLANE_PICARD	5	old_lo=-0.01	old_hi=0.01	base_lo=-0.00079610129408734997	base_hi=0.00080290960458668441	diff_lo=-9.6972152530128171e-18	diff_hi=7.4742989575327115e-19	new_lo=-0.00079610129408735973	new_hi=0.00080290960458668517	subset=1
AIRPLANE_PICARD	6	old_lo=-0.01	old_hi=0.01	base_lo=-0.0010931861456000478	base_hi=0.0010841298199121461	diff_lo=-1.5404344466674055e-19	diff_hi=1.3739009929736318e-19	new_lo=-0.001093186145600048	new_hi=0.0010841298199121463	subset=1
AIRPLANE_PICARD	7	old_lo=-0.01	old_hi=0.01	base_lo=-0.00077650404688960517	base_hi=0.00077305042556945506	diff_lo=-1.3600232051658172e-19	diff_hi=1.2767564783189305e-19	new_lo=-0.00077650404688960539	new_hi=0.00077305042556945528	subset=1
AIRPLANE_PICARD	8	old_lo=-0.01	old_hi=0.01	base_lo=-0.0007119420854299072	base_hi=0.00070347901927908551	diff_lo=-1.3739009929736316e-19	diff_hi=1.2073675392798581e-19	new_lo=-0.00071194208542990742	new_hi=0.00070347901927908572	subset=1
AIRPLANE_PICARD	9	old_lo=-0.01	old_hi=0.01	base_lo=-0.0001	base_hi=0.0001	diff_lo=0	diff_hi=0	new_lo=-0.0001	new_hi=0.0001	subset=1
AIRPLANE_PICARD	10	old_lo=-0.01	old_hi=0.01	base_lo=-0.0001	base_hi=0.0001	diff_lo=0	diff_hi=0	new_lo=-0.0001	new_hi=0.0001	subset=1
AIRPLANE_PICARD	11	old_lo=-0.01	old_hi=0.01	base_lo=-0.0001	base_hi=0.0001	diff_lo=0	diff_hi=0	new_lo=-0.0001	new_hi=0.0001	subset=1
AIRPLANE_PICARD	12	old_lo=-0.01	old_hi=0.01	base_lo=-0	base_hi=0	diff_lo=0	diff_hi=0	new_lo=-0	new_hi=0	subset=1
AIRPLANE_PICARD	13	old_lo=-0.01	old_hi=0.01	base_lo=-0	base_hi=0	diff_lo=0	diff_hi=0	new_lo=-0	new_hi=0	subset=1
AIRPLANE_PICARD	14	old_lo=-0.01	old_hi=0.01	base_lo=-0	base_hi=0	diff_lo=0	diff_hi=0	new_lo=-0	new_hi=0	subset=1
AIRPLANE_PICARD	15	old_lo=-0.01	old_hi=0.01	base_lo=-0	base_hi=0	diff_lo=0	diff_hi=0	new_lo=-0	new_hi=0	subset=1
AIRPLANE_PICARD	16	old_lo=-0.01	old_hi=0.01	base_lo=-0	base_hi=0	diff_lo=0	diff_hi=0	new_lo=-0	new_hi=0	subset=1
AIRPLANE_PICARD	17	old_lo=-0.01	old_hi=0.01	base_lo=-0	base_hi=0	diff_lo=0	diff_hi=0	new_lo=-0	new_hi=0	subset=1
AIRPLANE_PICARD	18	old_lo=-0.01	old_hi=0.01	base_lo=-0	base_hi=0	diff_lo=0	diff_hi=0	new_lo=-0	new_hi=0	subset=1
PERIOD 0 FLOWPIPES 1 STATUS 3 BOX_SAFE 0
DIAGNOSTIC_COMPLETED_CALLS 0/1
FLOWPIPE_SEGMENTS 1
UNKNOWN
time cost: 0.805000
