Flow* one_step_common_input riccati h=0.005 T=0.005: 1/1 success
Flow* one_step_common_input riccati h=0.01 T=0.01: 1/1 success
Flow* one_step_common_input riccati h=0.02 T=0.02: 1/1 success
Flow* one_step_common_input riccati h=0.05 T=0.05: 0/1 validation_failed
Flow* one_step_common_input harmonic h=0.005 T=0.005: 1/1 success
Flow* one_step_common_input harmonic h=0.01 T=0.01: 1/1 success
Flow* one_step_common_input harmonic h=0.02 T=0.02: 1/1 success
Flow* one_step_common_input harmonic h=0.05 T=0.05: 0/1 validation_failed
Flow* one_step_common_input van_der_pol h=0.0025 T=0.0025: 1/1 success
Flow* one_step_common_input van_der_pol h=0.005 T=0.005: 1/1 success
Flow* one_step_common_input van_der_pol h=0.01 T=0.01: 0/1 validation_failed
Flow* one_step_common_input van_der_pol h=0.02 T=0.02: 0/1 validation_failed
Flow* multi_step_common_box_carry riccati h=0.01 T=1: 100/100 success
Flow* multi_step_common_box_carry harmonic h=0.01 T=4: 222/400 validation_failed
Flow* multi_step_common_box_carry van_der_pol h=0.005 T=1: 15/200 validation_failed
Flow* multi_step_common_box_carry van_der_pol h=0.01 T=1: 0/100 validation_failed
Flow* native_low_order riccati h=0.01 T=1: 100/100 success
Flow* native_low_order harmonic h=0.01 T=4: 400/400 success
Flow* native_low_order van_der_pol h=0.005 T=1: 17/200 validation_failed
Flow* native_low_order van_der_pol h=0.01 T=1: 0/100 validation_failed
