Torch one_step_common_input riccati h=0.005 T=0.005: 1/1 success
Torch one_step_common_input riccati h=0.01 T=0.01: 1/1 success
Torch one_step_common_input riccati h=0.02 T=0.02: 1/1 success
Torch one_step_common_input riccati h=0.05 T=0.05: 1/1 success
Torch one_step_common_input harmonic h=0.005 T=0.005: 1/1 success
Torch one_step_common_input harmonic h=0.01 T=0.01: 1/1 success
Torch one_step_common_input harmonic h=0.02 T=0.02: 1/1 success
Torch one_step_common_input harmonic h=0.05 T=0.05: 1/1 success
Torch one_step_common_input van_der_pol h=0.0025 T=0.0025: 1/1 success
Torch one_step_common_input van_der_pol h=0.005 T=0.005: 1/1 success
Torch one_step_common_input van_der_pol h=0.01 T=0.01: 1/1 success
Torch one_step_common_input van_der_pol h=0.02 T=0.02: 1/1 success
Torch multi_step_common_box_carry riccati h=0.01 T=1: 100/100 success
Torch multi_step_common_box_carry harmonic h=0.01 T=4: 400/400 success
Torch multi_step_common_box_carry van_der_pol h=0.005 T=1: 125/200 validation_failed
Torch multi_step_common_box_carry van_der_pol h=0.01 T=1: 59/100 validation_failed
Torch native_low_order riccati h=0.01 T=1: 100/100 success
Torch native_low_order harmonic h=0.01 T=4: 400/400 success
Torch native_low_order van_der_pol h=0.005 T=1: 96/200 validation_failed
Torch native_low_order van_der_pol h=0.01 T=1: 46/100 validation_failed
