b85a3211748cb77b736fe4ad42ee02d8d2b81148
78800e6e885484a8dd4dda846442f0872d010368656d530e85517ea20686a395  /srv/local/shengenli/flowstar_step1_stage_oracle/flowstar-toolbox/libflowstar.a
e2f9186e1576502d45771dfc5c244998680a1947d5c5bde7b8251536d7ac813c  /srv/local/shengenli/torch_tm_flowpipe_step1_stage_oracle/experiments/flowstar_step1_stage_observer_20260813.patch
e4302e3425f10b79a4bc8b1aeece2f111ee814573415c31142dadd714444e4e4  /tmp/flowstar_step1_stage_driver_evidence_20260814
	linux-vdso.so.1 (0x00007f4f78a23000)
	libmpfr.so.6 => /usr/lib/x86_64-linux-gnu/libmpfr.so.6 (0x00007f4f78857000)
	libgsl.so.28 => /usr/lib/x86_64-linux-gnu/libgsl.so.28 (0x00007f4f78400000)
	libglpk.so.40 => /usr/lib/x86_64-linux-gnu/libglpk.so.40 (0x00007f4f78781000)
	libstdc++.so.6 => /usr/lib/x86_64-linux-gnu/libstdc++.so.6 (0x00007f4f78000000)
	libgcc_s.so.1 => /usr/lib/x86_64-linux-gnu/libgcc_s.so.1 (0x00007f4f78753000)
	libc.so.6 => /usr/lib/x86_64-linux-gnu/libc.so.6 (0x00007f4f77c00000)
	libgmp.so.10 => /usr/lib/x86_64-linux-gnu/libgmp.so.10 (0x00007f4f7837a000)
	/lib64/ld-linux-x86-64.so.2 (0x00007f4f78a25000)
	libgslcblas.so.0 => /usr/lib/x86_64-linux-gnu/libgslcblas.so.0 (0x00007f4f78707000)
	libm.so.6 => /usr/lib/x86_64-linux-gnu/libm.so.6 (0x00007f4f77eda000)
	libcolamd.so.3 => /usr/lib/x86_64-linux-gnu/libcolamd.so.3 (0x00007f4f786fe000)
	libamd.so.3 => /usr/lib/x86_64-linux-gnu/libamd.so.3 (0x00007f4f786ef000)
	libz.so.1 => /usr/lib/x86_64-linux-gnu/libz.so.1 (0x00007f4f7835c000)
	libltdl.so.7 => /usr/lib/x86_64-linux-gnu/libltdl.so.7 (0x00007f4f786e4000)
	libsuitesparseconfig.so.7 => /usr/lib/x86_64-linux-gnu/libsuitesparseconfig.so.7 (0x00007f4f78357000)
	libgomp.so.1 => /usr/lib/x86_64-linux-gnu/libgomp.so.1 (0x00007f4f782f8000)
