Step 0
Step 1
Step 2
Step 3
Step 4
Step 5
Step 6
Step 7
Step 8
Step 9
Step 10
Step 11
Step 12
Step 13
Step 14
Step 15
Step 16
Step 17
Step 18
Step 19
Step 20
Step 21
Step 22
Step 23
Step 24
Step 25
Step 26
Step 27
Step 28
Step 29
HULL x1 0.165632689886 0.16971136936
HULL x2 -0.276319198553 -0.27052004082
HULL x3 -0.00609133763886 -0.000100599545896
HULL x4 -0.742620457068 -0.711269416012
HULL x5 0.505686506018 0.522678787561
HULL x6 -0.0606793030325 -0.0426690347616
HULL t 3 3
HULL u1 0.157864586402 0.162663438785
HULL u2 0.117980569411 0.123382422969
HULL u3 0.0342483512865 0.0381938761785
time cost: 8.819275
