{"accepted_steps": 1, "time": 0.02, "solve_seconds": 1.2210070579312742, "export_seconds": 0.0441781859844923, "queue_size": 1, "status": "RUNNING"}
{"accepted_steps": 20, "time": 0.4, "solve_seconds": 34.31882288213819, "export_seconds": 0.8716258648782969, "queue_size": 20, "status": "RUNNING"}
{"accepted_steps": 40, "time": 0.8, "solve_seconds": 76.23028401238844, "export_seconds": 1.7622429067268968, "queue_size": 40, "status": "RUNNING"}
{"accepted_steps": 60, "time": 1.2, "solve_seconds": 116.3056555739604, "export_seconds": 2.678272675257176, "queue_size": 60, "status": "RUNNING"}
{"accepted_steps": 80, "time": 1.6, "solve_seconds": 153.8559767641127, "export_seconds": 3.590783623047173, "queue_size": 80, "status": "RUNNING"}
{"accepted_steps": 100, "time": 2.0, "solve_seconds": 190.75294282427058, "export_seconds": 4.625635375734419, "queue_size": 100, "status": "RUNNING"}
{"accepted_steps": 120, "time": 2.4, "solve_seconds": 227.4252626961097, "export_seconds": 5.686835296917707, "queue_size": 120, "status": "RUNNING"}
{"accepted_steps": 140, "time": 2.8000000000000003, "solve_seconds": 263.1614989670925, "export_seconds": 6.699318749830127, "queue_size": 140, "status": "RUNNING"}
{"accepted_steps": 160, "time": 3.2, "solve_seconds": 297.56156844319776, "export_seconds": 7.7324539688415825, "queue_size": 160, "status": "RUNNING"}
{"accepted_steps": 180, "time": 3.6, "solve_seconds": 331.5279493108392, "export_seconds": 8.832098543643951, "queue_size": 180, "status": "RUNNING"}
{"accepted_steps": 200, "time": 4.0, "solve_seconds": 364.86168816685677, "export_seconds": 9.932403543964028, "queue_size": 200, "status": "RUNNING"}
{"accepted_steps": 220, "time": 4.4, "solve_seconds": 397.42345849378034, "export_seconds": 10.998897015117109, "queue_size": 220, "status": "RUNNING"}
{"accepted_steps": 240, "time": 4.8, "solve_seconds": 430.0629339660518, "export_seconds": 12.15299058984965, "queue_size": 240, "status": "RUNNING"}
{"accepted_steps": 260, "time": 5.2, "solve_seconds": 463.02635387238115, "export_seconds": 13.347556723747402, "queue_size": 260, "status": "RUNNING"}
{"accepted_steps": 280, "time": 5.6000000000000005, "solve_seconds": 497.1758313640021, "export_seconds": 14.538754081353545, "queue_size": 280, "status": "RUNNING"}
{"accepted_steps": 300, "time": 6.0, "solve_seconds": 532.1565093128011, "export_seconds": 15.789101459085941, "queue_size": 300, "status": "RUNNING"}
{"accepted_steps": 320, "time": 6.4, "solve_seconds": 567.753813139163, "export_seconds": 17.16564356535673, "queue_size": 320, "status": "RUNNING"}
{"accepted_steps": 340, "time": 6.8, "solve_seconds": 604.961770599708, "export_seconds": 18.63730989675969, "queue_size": 340, "status": "RUNNING"}
{"accepted_steps": 360, "time": 7.2, "solve_seconds": 651.3300474355929, "export_seconds": 20.129585433285683, "queue_size": 360, "status": "RUNNING"}
{"accepted_steps": 380, "time": 7.6000000000000005, "solve_seconds": 699.2009827299044, "export_seconds": 21.75352433603257, "queue_size": 380, "status": "RUNNING"}
{"accepted_steps": 400, "time": 8.0, "solve_seconds": 745.2914508422837, "export_seconds": 23.383146785665303, "queue_size": 400, "status": "RUNNING"}
{"accepted_steps": 420, "time": 8.4, "solve_seconds": 787.7543070167303, "export_seconds": 24.942826565355062, "queue_size": 420, "status": "RUNNING"}
{"accepted_steps": 440, "time": 8.8, "solve_seconds": 828.8124726107344, "export_seconds": 26.527447131928056, "queue_size": 440, "status": "RUNNING"}
{"accepted_steps": 460, "time": 9.200000000000001, "solve_seconds": 869.4699459578842, "export_seconds": 28.151294264476746, "queue_size": 460, "status": "RUNNING"}
{"accepted_steps": 480, "time": 9.6, "solve_seconds": 909.7236753399484, "export_seconds": 29.944528381340206, "queue_size": 480, "status": "RUNNING"}
{"accepted_steps": 500, "time": 10.0, "solve_seconds": 947.2336936555803, "export_seconds": 31.771959783043712, "queue_size": 500, "status": "RUNNING"}
{"accepted_steps": 520, "time": 10.4, "solve_seconds": 984.1741606933065, "export_seconds": 33.54456366831437, "queue_size": 520, "status": "RUNNING"}
{"accepted_steps": 540, "time": 10.8, "solve_seconds": 1020.3980454080738, "export_seconds": 35.19567183358595, "queue_size": 540, "status": "RUNNING"}
{"accepted_steps": 560, "time": 11.200000000000001, "solve_seconds": 1056.7633064067923, "export_seconds": 36.953297786880285, "queue_size": 560, "status": "RUNNING"}
{"accepted_steps": 580, "time": 11.6, "solve_seconds": 1093.3329749791883, "export_seconds": 38.83489953586832, "queue_size": 580, "status": "RUNNING"}
{"accepted_steps": 600, "time": 12.0, "solve_seconds": 1130.2935896571726, "export_seconds": 40.80494238762185, "queue_size": 600, "status": "RUNNING"}
{"accepted_steps": 620, "time": 12.4, "solve_seconds": 1167.7368774628267, "export_seconds": 42.82605453208089, "queue_size": 620, "status": "RUNNING"}
{"accepted_steps": 640, "time": 12.8, "solve_seconds": 1206.7837868155912, "export_seconds": 44.78091728221625, "queue_size": 640, "status": "RUNNING"}
{"accepted_steps": 660, "time": 13.200000000000001, "solve_seconds": 1246.10613039881, "export_seconds": 46.95951310871169, "queue_size": 660, "status": "RUNNING"}
{"accepted_steps": 680, "time": 13.6, "solve_seconds": 1285.4014648096636, "export_seconds": 49.045427521690726, "queue_size": 680, "status": "RUNNING"}
{"accepted_steps": 700, "time": 14.0, "solve_seconds": 1327.3872760110535, "export_seconds": 51.209161029197276, "queue_size": 700, "status": "RUNNING"}
{"accepted_steps": 720, "time": 14.4, "solve_seconds": 1379.0317130954936, "export_seconds": 53.67725501861423, "queue_size": 720, "status": "RUNNING"}
{"accepted_steps": 740, "time": 14.8, "solve_seconds": 1431.0629721381702, "export_seconds": 56.19691063184291, "queue_size": 740, "status": "RUNNING"}
{"accepted_steps": 760, "time": 15.200000000000001, "solve_seconds": 1481.4864461654797, "export_seconds": 58.696987429168075, "queue_size": 760, "status": "RUNNING"}
{"accepted_steps": 780, "time": 15.6, "solve_seconds": 1528.455298720859, "export_seconds": 61.22980306763202, "queue_size": 780, "status": "RUNNING"}
{"accepted_steps": 800, "time": 16.0, "solve_seconds": 1573.430210430175, "export_seconds": 63.53764395741746, "queue_size": 800, "status": "RUNNING"}
{"accepted_steps": 820, "time": 16.4, "solve_seconds": 1617.8255724767223, "export_seconds": 66.20648206816986, "queue_size": 820, "status": "RUNNING"}
{"accepted_steps": 840, "time": 16.8, "solve_seconds": 1662.1776830614544, "export_seconds": 68.73457353236154, "queue_size": 840, "status": "RUNNING"}
{"accepted_steps": 860, "time": 17.2, "solve_seconds": 1703.6663861279376, "export_seconds": 71.35723336227238, "queue_size": 860, "status": "RUNNING"}
{"accepted_steps": 880, "time": 17.6, "solve_seconds": 1744.6558468756266, "export_seconds": 74.05216973461211, "queue_size": 880, "status": "RUNNING"}
{"accepted_steps": 900, "time": 18.0, "solve_seconds": 1784.491023548413, "export_seconds": 76.77847813582048, "queue_size": 900, "status": "RUNNING"}
{"accepted_steps": 920, "time": 18.400000000000002, "solve_seconds": 1824.4838650221936, "export_seconds": 79.67717860732228, "queue_size": 920, "status": "RUNNING"}
{"accepted_steps": 940, "time": 18.8, "solve_seconds": 1865.0509652243927, "export_seconds": 82.47065621102229, "queue_size": 940, "status": "RUNNING"}
{"accepted_steps": 960, "time": 19.2, "solve_seconds": 1906.1961567508988, "export_seconds": 85.00494239432737, "queue_size": 960, "status": "RUNNING"}
{"accepted_steps": 980, "time": 19.6, "solve_seconds": 1948.6298387409188, "export_seconds": 87.8380901212804, "queue_size": 980, "status": "RUNNING"}
{"accepted_steps": 1000, "time": 20.0, "solve_seconds": 1991.9435554370284, "export_seconds": 90.68284394219518, "queue_size": 0, "status": "RUNNING"}
{
  "plant": "brusselator",
  "completed": true,
  "accepted_steps": 1000,
  "rejected_attempts": 0,
  "accepted_horizon_exact": "720575940379279375/36028797018963968",
  "solve_seconds": 1991.9435554370284,
  "export_seconds": 90.68284394219518,
  "failure": null
}
