{"accepted_steps": 1, "time": 0.02, "solve_seconds": 0.7370515521615744, "export_seconds": 0.046498374082148075, "queue_size": 1, "status": "RUNNING"}
{"accepted_steps": 20, "time": 0.4, "solve_seconds": 25.76643832679838, "export_seconds": 0.8790290616452694, "queue_size": 20, "status": "RUNNING"}
{"accepted_steps": 40, "time": 0.8, "solve_seconds": 59.41715816222131, "export_seconds": 1.7768935873173177, "queue_size": 40, "status": "RUNNING"}
{"accepted_steps": 60, "time": 1.2, "solve_seconds": 90.13433836400509, "export_seconds": 2.718094756361097, "queue_size": 60, "status": "RUNNING"}
{"accepted_steps": 80, "time": 1.6, "solve_seconds": 116.89515319187194, "export_seconds": 3.6903744926676154, "queue_size": 80, "status": "RUNNING"}
{"accepted_steps": 100, "time": 2.0, "solve_seconds": 142.90912432176992, "export_seconds": 4.729113363660872, "queue_size": 100, "status": "RUNNING"}
{"accepted_steps": 120, "time": 2.4, "solve_seconds": 168.83139697555453, "export_seconds": 5.834607576485723, "queue_size": 120, "status": "RUNNING"}
{"accepted_steps": 140, "time": 2.8000000000000003, "solve_seconds": 193.6649149665609, "export_seconds": 6.855179135687649, "queue_size": 140, "status": "RUNNING"}
{"accepted_steps": 160, "time": 3.2, "solve_seconds": 217.13318748166785, "export_seconds": 7.889194644987583, "queue_size": 160, "status": "RUNNING"}
{"accepted_steps": 180, "time": 3.6, "solve_seconds": 240.10056230565533, "export_seconds": 8.995181206613779, "queue_size": 180, "status": "RUNNING"}
{"accepted_steps": 200, "time": 4.0, "solve_seconds": 262.4528678841889, "export_seconds": 10.195750593207777, "queue_size": 200, "status": "RUNNING"}
{"accepted_steps": 220, "time": 4.4, "solve_seconds": 284.1952143837698, "export_seconds": 11.280897739809006, "queue_size": 220, "status": "RUNNING"}
{"accepted_steps": 240, "time": 4.8, "solve_seconds": 305.98863806482404, "export_seconds": 12.397794427350163, "queue_size": 240, "status": "RUNNING"}
{"accepted_steps": 260, "time": 5.2, "solve_seconds": 328.0969249345362, "export_seconds": 13.604285284876823, "queue_size": 260, "status": "RUNNING"}
{"accepted_steps": 280, "time": 5.6000000000000005, "solve_seconds": 351.32486331742257, "export_seconds": 14.871721107047051, "queue_size": 280, "status": "RUNNING"}
{"accepted_steps": 300, "time": 6.0, "solve_seconds": 375.4807680239901, "export_seconds": 16.123937393072993, "queue_size": 300, "status": "RUNNING"}
{"accepted_steps": 320, "time": 6.4, "solve_seconds": 399.9591890280135, "export_seconds": 17.45264495536685, "queue_size": 320, "status": "RUNNING"}
{"accepted_steps": 340, "time": 6.8, "solve_seconds": 427.4700634875335, "export_seconds": 18.924994975328445, "queue_size": 340, "status": "RUNNING"}
{"accepted_steps": 360, "time": 7.2, "solve_seconds": 464.70409153355286, "export_seconds": 20.4754362818785, "queue_size": 360, "status": "RUNNING"}
{"accepted_steps": 380, "time": 7.6000000000000005, "solve_seconds": 501.0845620650798, "export_seconds": 21.997968655079603, "queue_size": 380, "status": "RUNNING"}
{"accepted_steps": 400, "time": 8.0, "solve_seconds": 535.5804016008042, "export_seconds": 23.584709951654077, "queue_size": 400, "status": "RUNNING"}
{"accepted_steps": 420, "time": 8.4, "solve_seconds": 566.858949019108, "export_seconds": 25.287750667426735, "queue_size": 420, "status": "RUNNING"}
{"accepted_steps": 440, "time": 8.8, "solve_seconds": 597.0967768989503, "export_seconds": 26.964894980657846, "queue_size": 440, "status": "RUNNING"}
{"accepted_steps": 460, "time": 9.200000000000001, "solve_seconds": 626.8833275572397, "export_seconds": 28.73621165053919, "queue_size": 460, "status": "RUNNING"}
{"accepted_steps": 480, "time": 9.6, "solve_seconds": 656.3632979961112, "export_seconds": 30.561813707463443, "queue_size": 480, "status": "RUNNING"}
{"accepted_steps": 500, "time": 10.0, "solve_seconds": 683.1929036793299, "export_seconds": 32.33734976826236, "queue_size": 500, "status": "RUNNING"}
{"accepted_steps": 520, "time": 10.4, "solve_seconds": 709.4041639943607, "export_seconds": 34.166171078104526, "queue_size": 520, "status": "RUNNING"}
{"accepted_steps": 540, "time": 10.8, "solve_seconds": 734.6394776836969, "export_seconds": 35.90430873585865, "queue_size": 540, "status": "RUNNING"}
{"accepted_steps": 560, "time": 11.200000000000001, "solve_seconds": 760.0567274154164, "export_seconds": 37.94333065673709, "queue_size": 560, "status": "RUNNING"}
{"accepted_steps": 580, "time": 11.6, "solve_seconds": 785.9559043073095, "export_seconds": 39.8036421504803, "queue_size": 580, "status": "RUNNING"}
{"accepted_steps": 600, "time": 12.0, "solve_seconds": 812.173300602939, "export_seconds": 41.744709574617445, "queue_size": 600, "status": "RUNNING"}
{"accepted_steps": 620, "time": 12.4, "solve_seconds": 838.6728289145976, "export_seconds": 43.95827178750187, "queue_size": 620, "status": "RUNNING"}
{"accepted_steps": 640, "time": 12.8, "solve_seconds": 866.9393787221052, "export_seconds": 46.03537030471489, "queue_size": 640, "status": "RUNNING"}
{"accepted_steps": 660, "time": 13.200000000000001, "solve_seconds": 895.4684338704683, "export_seconds": 48.33951772330329, "queue_size": 660, "status": "RUNNING"}
{"accepted_steps": 680, "time": 13.6, "solve_seconds": 924.1564771705307, "export_seconds": 50.57172174518928, "queue_size": 680, "status": "RUNNING"}
{"accepted_steps": 700, "time": 14.0, "solve_seconds": 956.7826661807485, "export_seconds": 52.834071685094386, "queue_size": 700, "status": "RUNNING"}
{"accepted_steps": 720, "time": 14.4, "solve_seconds": 999.1928267208859, "export_seconds": 55.20341298915446, "queue_size": 720, "status": "RUNNING"}
{"accepted_steps": 740, "time": 14.8, "solve_seconds": 1039.159070325084, "export_seconds": 57.6377239683643, "queue_size": 740, "status": "RUNNING"}
{"accepted_steps": 760, "time": 15.200000000000001, "solve_seconds": 1078.0756320892833, "export_seconds": 60.17838743561879, "queue_size": 760, "status": "RUNNING"}
{"accepted_steps": 780, "time": 15.6, "solve_seconds": 1113.955850630533, "export_seconds": 62.68920327909291, "queue_size": 780, "status": "RUNNING"}
{"accepted_steps": 800, "time": 16.0, "solve_seconds": 1147.7425483921543, "export_seconds": 65.09252755623311, "queue_size": 800, "status": "RUNNING"}
{"accepted_steps": 820, "time": 16.4, "solve_seconds": 1180.9657449452206, "export_seconds": 67.70435278303921, "queue_size": 820, "status": "RUNNING"}
{"accepted_steps": 840, "time": 16.8, "solve_seconds": 1213.9669881295413, "export_seconds": 70.46906150318682, "queue_size": 840, "status": "RUNNING"}
{"accepted_steps": 860, "time": 17.2, "solve_seconds": 1244.111914019566, "export_seconds": 73.27912935661152, "queue_size": 860, "status": "RUNNING"}
{"accepted_steps": 880, "time": 17.6, "solve_seconds": 1274.179783469066, "export_seconds": 75.75575305335224, "queue_size": 880, "status": "RUNNING"}
{"accepted_steps": 900, "time": 18.0, "solve_seconds": 1302.921668809373, "export_seconds": 78.48686416447163, "queue_size": 900, "status": "RUNNING"}
{"accepted_steps": 920, "time": 18.400000000000002, "solve_seconds": 1332.1735491314903, "export_seconds": 81.40542171197012, "queue_size": 920, "status": "RUNNING"}
{"accepted_steps": 940, "time": 18.8, "solve_seconds": 1361.961722749751, "export_seconds": 84.0893097454682, "queue_size": 940, "status": "RUNNING"}
{"accepted_steps": 960, "time": 19.2, "solve_seconds": 1391.7474272735417, "export_seconds": 86.96544783562422, "queue_size": 960, "status": "RUNNING"}
{"accepted_steps": 980, "time": 19.6, "solve_seconds": 1422.4801257364452, "export_seconds": 90.42990539362654, "queue_size": 980, "status": "RUNNING"}
{"accepted_steps": 1000, "time": 20.0, "solve_seconds": 1454.6610955600627, "export_seconds": 93.26244529895484, "queue_size": 0, "status": "RUNNING"}
{
  "plant": "brusselator",
  "completed": true,
  "accepted_steps": 1000,
  "rejected_attempts": 0,
  "accepted_horizon_exact": "720575940379279375/36028797018963968",
  "solve_seconds": 1454.6610955600627,
  "export_seconds": 93.26244529895484,
  "failure": null
}
