{"accepted_steps": 1, "time": 0.025, "solve_seconds": 0.7609206307679415, "export_seconds": 0.018076385837048292, "queue_size": 1, "status": "RUNNING"}
{"accepted_steps": 20, "time": 0.3500681974606643, "solve_seconds": 13.618284071329981, "export_seconds": 0.3442427911795676, "queue_size": 20, "status": "RUNNING"}
{"accepted_steps": 40, "time": 1.0518533515391766, "solve_seconds": 27.656986649148166, "export_seconds": 0.7138284198008478, "queue_size": 40, "status": "RUNNING"}
{"accepted_steps": 60, "time": 2.5133965255142248, "solve_seconds": 42.22950847027823, "export_seconds": 1.1241537150926888, "queue_size": 60, "status": "RUNNING"}
{"accepted_steps": 80, "time": 3.207859282786534, "solve_seconds": 57.34502284741029, "export_seconds": 1.5674524148926139, "queue_size": 80, "status": "RUNNING"}
{"accepted_steps": 100, "time": 3.707063545179727, "solve_seconds": 72.492174861487, "export_seconds": 2.0892174071632326, "queue_size": 0, "status": "RUNNING"}
{"accepted_steps": 120, "time": 4.8103860743342794, "solve_seconds": 86.6049519344233, "export_seconds": 2.4326581191271544, "queue_size": 20, "status": "RUNNING"}
{"accepted_steps": 140, "time": 6.122135135506551, "solve_seconds": 101.19080304121599, "export_seconds": 2.803621329832822, "queue_size": 40, "status": "RUNNING"}
{"accepted_steps": 160, "time": 6.6434960019662475, "solve_seconds": 116.21619699383155, "export_seconds": 3.2123483326286077, "queue_size": 60, "status": "RUNNING"}
{"accepted_steps": 180, "time": 7.102817346063402, "solve_seconds": 131.06018951302394, "export_seconds": 3.653436578810215, "queue_size": 80, "status": "RUNNING"}
{"accepted_steps": 200, "time": 8.25950710933186, "solve_seconds": 145.76322264317423, "export_seconds": 4.12525598378852, "queue_size": 0, "status": "RUNNING"}
{"accepted_steps": 220, "time": 9.385874844611173, "solve_seconds": 160.3376661404036, "export_seconds": 4.459364118985832, "queue_size": 20, "status": "RUNNING"}
{"accepted_steps": 240, "time": 9.909649400013882, "solve_seconds": 175.13517241599038, "export_seconds": 4.833069478161633, "queue_size": 40, "status": "RUNNING"}
{
  "plant": "van_der_pol",
  "completed": true,
  "accepted_steps": 246,
  "rejected_attempts": 35,
  "accepted_horizon_exact": "5764607523034236731/576460752303423488",
  "solve_seconds": 179.55228186072782,
  "export_seconds": 4.9511315962299705,
  "failure": null
}
