{"accepted_steps": 1, "time": 0.01, "solve_seconds": 0.4082888909615576, "export_seconds": 0.019164564087986946, "queue_size": 1, "status": "RUNNING"}
{"accepted_steps": 20, "time": 0.2, "solve_seconds": 12.398545722477138, "export_seconds": 0.3457307694479823, "queue_size": 20, "status": "RUNNING"}
{"accepted_steps": 40, "time": 0.4, "solve_seconds": 25.9596938486211, "export_seconds": 0.7147205397486687, "queue_size": 40, "status": "RUNNING"}
{"accepted_steps": 60, "time": 0.6, "solve_seconds": 39.89907617960125, "export_seconds": 1.1207143436186016, "queue_size": 60, "status": "RUNNING"}
{"accepted_steps": 80, "time": 0.8, "solve_seconds": 53.82215496478602, "export_seconds": 1.5640136683359742, "queue_size": 80, "status": "RUNNING"}
{"accepted_steps": 100, "time": 1.0, "solve_seconds": 67.76652474096045, "export_seconds": 2.089217107743025, "queue_size": 0, "status": "RUNNING"}
{"accepted_steps": 120, "time": 1.2, "solve_seconds": 81.2650335021317, "export_seconds": 2.4379423507489264, "queue_size": 20, "status": "RUNNING"}
{"accepted_steps": 140, "time": 1.4000000000000001, "solve_seconds": 94.92035548761487, "export_seconds": 2.812474886421114, "queue_size": 40, "status": "RUNNING"}
{"accepted_steps": 160, "time": 1.6, "solve_seconds": 108.73377710022032, "export_seconds": 3.276968454942107, "queue_size": 60, "status": "RUNNING"}
{"accepted_steps": 180, "time": 1.8, "solve_seconds": 122.71897673234344, "export_seconds": 3.7266696710139513, "queue_size": 80, "status": "RUNNING"}
{"accepted_steps": 200, "time": 2.0, "solve_seconds": 136.8057619528845, "export_seconds": 4.243877879343927, "queue_size": 0, "status": "RUNNING"}
{"accepted_steps": 220, "time": 2.2, "solve_seconds": 150.4432679549791, "export_seconds": 4.580152589827776, "queue_size": 20, "status": "RUNNING"}
{"accepted_steps": 240, "time": 2.4, "solve_seconds": 164.322072962299, "export_seconds": 4.950894691050053, "queue_size": 40, "status": "RUNNING"}
{"accepted_steps": 260, "time": 2.6, "solve_seconds": 178.20141276204959, "export_seconds": 5.357728741597384, "queue_size": 60, "status": "RUNNING"}
{"accepted_steps": 280, "time": 2.8000000000000003, "solve_seconds": 192.2289067413658, "export_seconds": 5.799474180210382, "queue_size": 80, "status": "RUNNING"}
{"accepted_steps": 300, "time": 3.0, "solve_seconds": 206.4385388866067, "export_seconds": 6.32185447961092, "queue_size": 0, "status": "RUNNING"}
{"accepted_steps": 320, "time": 3.2, "solve_seconds": 220.44538473943248, "export_seconds": 6.655864966567606, "queue_size": 20, "status": "RUNNING"}
{"accepted_steps": 340, "time": 3.4, "solve_seconds": 234.54494253639132, "export_seconds": 7.026433893945068, "queue_size": 40, "status": "RUNNING"}
{"accepted_steps": 360, "time": 3.6, "solve_seconds": 248.67386457603425, "export_seconds": 7.436115821823478, "queue_size": 60, "status": "RUNNING"}
{"accepted_steps": 380, "time": 3.8000000000000003, "solve_seconds": 263.06099172029644, "export_seconds": 7.879533892031759, "queue_size": 80, "status": "RUNNING"}
{"accepted_steps": 400, "time": 4.0, "solve_seconds": 277.2112896349281, "export_seconds": 8.40199217107147, "queue_size": 0, "status": "RUNNING"}
{"accepted_steps": 420, "time": 4.2, "solve_seconds": 290.8408092819154, "export_seconds": 8.738719488494098, "queue_size": 20, "status": "RUNNING"}
{"accepted_steps": 440, "time": 4.4, "solve_seconds": 304.5604858943261, "export_seconds": 9.114938819780946, "queue_size": 40, "status": "RUNNING"}
{"accepted_steps": 460, "time": 4.6000000000000005, "solve_seconds": 318.286215627566, "export_seconds": 9.519737534224987, "queue_size": 60, "status": "RUNNING"}
{"accepted_steps": 480, "time": 4.8, "solve_seconds": 331.9057338484563, "export_seconds": 10.014663331210613, "queue_size": 80, "status": "RUNNING"}
{"accepted_steps": 500, "time": 5.0, "solve_seconds": 345.868792086374, "export_seconds": 10.484923135489225, "queue_size": 0, "status": "RUNNING"}
{"accepted_steps": 520, "time": 5.2, "solve_seconds": 359.47229567123577, "export_seconds": 10.829220972955227, "queue_size": 20, "status": "RUNNING"}
{"accepted_steps": 540, "time": 5.4, "solve_seconds": 373.00371952727437, "export_seconds": 11.20396050112322, "queue_size": 40, "status": "RUNNING"}
{"accepted_steps": 560, "time": 5.6000000000000005, "solve_seconds": 386.7105536782183, "export_seconds": 11.660535979550332, "queue_size": 60, "status": "RUNNING"}
{"accepted_steps": 580, "time": 5.8, "solve_seconds": 400.6016949038021, "export_seconds": 12.1022634874098, "queue_size": 80, "status": "RUNNING"}
{"accepted_steps": 600, "time": 6.0, "solve_seconds": 414.6962101091631, "export_seconds": 12.572564809117466, "queue_size": 0, "status": "RUNNING"}
{"accepted_steps": 620, "time": 6.2, "solve_seconds": 428.3466091877781, "export_seconds": 12.911952435038984, "queue_size": 20, "status": "RUNNING"}
{"accepted_steps": 640, "time": 6.4, "solve_seconds": 442.4011394334957, "export_seconds": 13.281370639801025, "queue_size": 40, "status": "RUNNING"}
{"accepted_steps": 660, "time": 6.6000000000000005, "solve_seconds": 456.5380668020807, "export_seconds": 13.697847079485655, "queue_size": 60, "status": "RUNNING"}
{"accepted_steps": 680, "time": 6.8, "solve_seconds": 470.82818009564653, "export_seconds": 14.192667338531464, "queue_size": 80, "status": "RUNNING"}
{"accepted_steps": 700, "time": 7.0, "solve_seconds": 485.36345194652677, "export_seconds": 14.66442057164386, "queue_size": 0, "status": "RUNNING"}
{"accepted_steps": 720, "time": 7.2, "solve_seconds": 499.4351602238603, "export_seconds": 14.999483044724911, "queue_size": 20, "status": "RUNNING"}
{"accepted_steps": 740, "time": 7.4, "solve_seconds": 513.2964056311175, "export_seconds": 15.37023998098448, "queue_size": 40, "status": "RUNNING"}
{"accepted_steps": 760, "time": 7.6000000000000005, "solve_seconds": 527.185347919818, "export_seconds": 15.77704622829333, "queue_size": 60, "status": "RUNNING"}
{"accepted_steps": 780, "time": 7.8, "solve_seconds": 541.0807604729198, "export_seconds": 16.22656991519034, "queue_size": 80, "status": "RUNNING"}
{"accepted_steps": 800, "time": 8.0, "solve_seconds": 555.0526485685259, "export_seconds": 16.70001054694876, "queue_size": 0, "status": "RUNNING"}
{"accepted_steps": 820, "time": 8.2, "solve_seconds": 568.4704038505442, "export_seconds": 17.042413752526045, "queue_size": 20, "status": "RUNNING"}
{"accepted_steps": 840, "time": 8.4, "solve_seconds": 582.0902769370005, "export_seconds": 17.412753514479846, "queue_size": 40, "status": "RUNNING"}
{"accepted_steps": 860, "time": 8.6, "solve_seconds": 595.7868529544212, "export_seconds": 17.820597758051008, "queue_size": 60, "status": "RUNNING"}
{"accepted_steps": 880, "time": 8.8, "solve_seconds": 609.6478424784727, "export_seconds": 18.270345591939986, "queue_size": 80, "status": "RUNNING"}
{"accepted_steps": 900, "time": 9.0, "solve_seconds": 623.7404471971095, "export_seconds": 18.793748488184065, "queue_size": 0, "status": "RUNNING"}
{"accepted_steps": 920, "time": 9.200000000000001, "solve_seconds": 637.2724343100563, "export_seconds": 19.126234871335328, "queue_size": 20, "status": "RUNNING"}
{"accepted_steps": 940, "time": 9.4, "solve_seconds": 650.9808815652505, "export_seconds": 19.503344281576574, "queue_size": 40, "status": "RUNNING"}
{"accepted_steps": 960, "time": 9.6, "solve_seconds": 664.8670988068916, "export_seconds": 19.917402519844472, "queue_size": 60, "status": "RUNNING"}
{"accepted_steps": 980, "time": 9.8, "solve_seconds": 679.1744504757226, "export_seconds": 20.386476811021566, "queue_size": 80, "status": "RUNNING"}
{"accepted_steps": 1000, "time": 10.0, "solve_seconds": 693.6573464274406, "export_seconds": 20.886315282899886, "queue_size": 0, "status": "RUNNING"}
{
  "plant": "van_der_pol",
  "completed": true,
  "accepted_steps": 1000,
  "rejected_attempts": 0,
  "accepted_horizon_exact": "720575940379279375/72057594037927936",
  "solve_seconds": 693.6573464274406,
  "export_seconds": 20.886315282899886,
  "failure": null
}
