{"accepted_steps": 1, "time": 0.01, "solve_seconds": 0.4245651247911155, "export_seconds": 0.020066820085048676, "queue_size": 1, "status": "RUNNING"}
{"accepted_steps": 20, "time": 0.2, "solve_seconds": 12.649328798055649, "export_seconds": 0.3520098375156522, "queue_size": 20, "status": "RUNNING"}
{"accepted_steps": 40, "time": 0.4, "solve_seconds": 26.44612629013136, "export_seconds": 0.7279688017442822, "queue_size": 40, "status": "RUNNING"}
{"accepted_steps": 60, "time": 0.6, "solve_seconds": 40.66332268901169, "export_seconds": 1.1389659405685961, "queue_size": 60, "status": "RUNNING"}
{"accepted_steps": 80, "time": 0.8, "solve_seconds": 54.93994789477438, "export_seconds": 1.5920675238594413, "queue_size": 80, "status": "RUNNING"}
{"accepted_steps": 100, "time": 1.0, "solve_seconds": 69.18577582482249, "export_seconds": 2.1181159038096666, "queue_size": 0, "status": "RUNNING"}
{"accepted_steps": 120, "time": 1.2, "solve_seconds": 83.01429478870705, "export_seconds": 2.476508244406432, "queue_size": 20, "status": "RUNNING"}
{"accepted_steps": 140, "time": 1.4000000000000001, "solve_seconds": 97.06519955396652, "export_seconds": 2.8609412563964725, "queue_size": 40, "status": "RUNNING"}
{"accepted_steps": 160, "time": 1.6, "solve_seconds": 111.25212932890281, "export_seconds": 3.3234495017677546, "queue_size": 60, "status": "RUNNING"}
{"accepted_steps": 180, "time": 1.8, "solve_seconds": 125.56294932449237, "export_seconds": 3.7734928620047867, "queue_size": 80, "status": "RUNNING"}
{"accepted_steps": 200, "time": 2.0, "solve_seconds": 139.9449223964475, "export_seconds": 4.297688368707895, "queue_size": 0, "status": "RUNNING"}
{"accepted_steps": 220, "time": 2.2, "solve_seconds": 153.8896921039559, "export_seconds": 4.639876263681799, "queue_size": 20, "status": "RUNNING"}
{"accepted_steps": 240, "time": 2.4, "solve_seconds": 168.0436163553968, "export_seconds": 5.015883594751358, "queue_size": 40, "status": "RUNNING"}
{"accepted_steps": 260, "time": 2.6, "solve_seconds": 182.2210770510137, "export_seconds": 5.426290624309331, "queue_size": 60, "status": "RUNNING"}
{"accepted_steps": 280, "time": 2.8000000000000003, "solve_seconds": 196.5806174101308, "export_seconds": 5.8752869558520615, "queue_size": 80, "status": "RUNNING"}
{"accepted_steps": 300, "time": 3.0, "solve_seconds": 211.14128798712045, "export_seconds": 6.400272671598941, "queue_size": 0, "status": "RUNNING"}
{"accepted_steps": 320, "time": 3.2, "solve_seconds": 225.39792295265943, "export_seconds": 6.747668726369739, "queue_size": 20, "status": "RUNNING"}
{"accepted_steps": 340, "time": 3.4, "solve_seconds": 239.78404746809974, "export_seconds": 7.124129811301827, "queue_size": 40, "status": "RUNNING"}
{"accepted_steps": 360, "time": 3.6, "solve_seconds": 254.29032662697136, "export_seconds": 7.536843032576144, "queue_size": 60, "status": "RUNNING"}
{"accepted_steps": 380, "time": 3.8000000000000003, "solve_seconds": 269.07540571223944, "export_seconds": 7.988827263470739, "queue_size": 80, "status": "RUNNING"}
{"accepted_steps": 400, "time": 4.0, "solve_seconds": 283.52190411277115, "export_seconds": 8.51253561489284, "queue_size": 0, "status": "RUNNING"}
{"accepted_steps": 420, "time": 4.2, "solve_seconds": 297.47357595385984, "export_seconds": 8.851967070251703, "queue_size": 20, "status": "RUNNING"}
{"accepted_steps": 440, "time": 4.4, "solve_seconds": 311.42393527692184, "export_seconds": 9.231545566115528, "queue_size": 40, "status": "RUNNING"}
{"accepted_steps": 460, "time": 4.6000000000000005, "solve_seconds": 325.41332316817716, "export_seconds": 9.644110246561468, "queue_size": 60, "status": "RUNNING"}
{"accepted_steps": 480, "time": 4.8, "solve_seconds": 339.3486498896964, "export_seconds": 10.141357533168048, "queue_size": 80, "status": "RUNNING"}
{"accepted_steps": 500, "time": 5.0, "solve_seconds": 353.65171997016296, "export_seconds": 10.619217944331467, "queue_size": 0, "status": "RUNNING"}
{"accepted_steps": 520, "time": 5.2, "solve_seconds": 367.693476641085, "export_seconds": 10.968021497130394, "queue_size": 20, "status": "RUNNING"}
{"accepted_steps": 540, "time": 5.4, "solve_seconds": 381.7563678873703, "export_seconds": 11.351051842328161, "queue_size": 40, "status": "RUNNING"}
{"accepted_steps": 560, "time": 5.6000000000000005, "solve_seconds": 395.9338406343013, "export_seconds": 11.826775861904025, "queue_size": 60, "status": "RUNNING"}
{"accepted_steps": 580, "time": 5.8, "solve_seconds": 410.2924218005501, "export_seconds": 12.281413679942489, "queue_size": 80, "status": "RUNNING"}
{"accepted_steps": 600, "time": 6.0, "solve_seconds": 424.843597097788, "export_seconds": 12.762536846101284, "queue_size": 0, "status": "RUNNING"}
{"accepted_steps": 620, "time": 6.2, "solve_seconds": 438.88925098860636, "export_seconds": 13.102799802552909, "queue_size": 20, "status": "RUNNING"}
{"accepted_steps": 640, "time": 6.4, "solve_seconds": 453.2515593627468, "export_seconds": 13.48124536825344, "queue_size": 40, "status": "RUNNING"}
{"accepted_steps": 660, "time": 6.6000000000000005, "solve_seconds": 467.8654076321982, "export_seconds": 13.899990014266223, "queue_size": 60, "status": "RUNNING"}
{"accepted_steps": 680, "time": 6.8, "solve_seconds": 482.65092492848635, "export_seconds": 14.404822666663677, "queue_size": 80, "status": "RUNNING"}
{"accepted_steps": 700, "time": 7.0, "solve_seconds": 497.65456587681547, "export_seconds": 14.890639579389244, "queue_size": 0, "status": "RUNNING"}
{"accepted_steps": 720, "time": 7.2, "solve_seconds": 512.0812750901096, "export_seconds": 15.24219238711521, "queue_size": 20, "status": "RUNNING"}
{"accepted_steps": 740, "time": 7.4, "solve_seconds": 526.3718364336528, "export_seconds": 15.625301163643599, "queue_size": 40, "status": "RUNNING"}
{"accepted_steps": 760, "time": 7.6000000000000005, "solve_seconds": 540.6910128849559, "export_seconds": 16.04391134902835, "queue_size": 60, "status": "RUNNING"}
{"accepted_steps": 780, "time": 7.8, "solve_seconds": 555.1298106559552, "export_seconds": 16.49839571956545, "queue_size": 80, "status": "RUNNING"}
{"accepted_steps": 800, "time": 8.0, "solve_seconds": 569.4948216825724, "export_seconds": 16.978951678611338, "queue_size": 0, "status": "RUNNING"}
{"accepted_steps": 820, "time": 8.2, "solve_seconds": 583.1293276702054, "export_seconds": 17.32069473946467, "queue_size": 20, "status": "RUNNING"}
{"accepted_steps": 840, "time": 8.4, "solve_seconds": 597.0847187074833, "export_seconds": 17.696947393473238, "queue_size": 40, "status": "RUNNING"}
{"accepted_steps": 860, "time": 8.6, "solve_seconds": 611.1367452568375, "export_seconds": 18.11938122846186, "queue_size": 60, "status": "RUNNING"}
{"accepted_steps": 880, "time": 8.8, "solve_seconds": 625.3423730111681, "export_seconds": 18.571337258908898, "queue_size": 80, "status": "RUNNING"}
{"accepted_steps": 900, "time": 9.0, "solve_seconds": 639.7472810205072, "export_seconds": 19.099344378337264, "queue_size": 0, "status": "RUNNING"}
{"accepted_steps": 920, "time": 9.200000000000001, "solve_seconds": 653.5537186022848, "export_seconds": 19.44128098944202, "queue_size": 20, "status": "RUNNING"}
{"accepted_steps": 940, "time": 9.4, "solve_seconds": 667.5942098582163, "export_seconds": 19.81893810722977, "queue_size": 40, "status": "RUNNING"}
{"accepted_steps": 960, "time": 9.6, "solve_seconds": 681.9260619129054, "export_seconds": 20.234115825034678, "queue_size": 60, "status": "RUNNING"}
{"accepted_steps": 980, "time": 9.8, "solve_seconds": 696.6008773520589, "export_seconds": 20.703306178562343, "queue_size": 80, "status": "RUNNING"}
{"accepted_steps": 1000, "time": 10.0, "solve_seconds": 711.3774532219395, "export_seconds": 21.209890367928892, "queue_size": 0, "status": "RUNNING"}
{
  "plant": "van_der_pol",
  "completed": true,
  "accepted_steps": 1000,
  "rejected_attempts": 0,
  "accepted_horizon_exact": "720575940379279375/72057594037927936",
  "solve_seconds": 711.3774532219395,
  "export_seconds": 21.209890367928892,
  "failure": null
}
