Step 0
AIRPLANE_PICARD	0	old_lo=-0.01	old_hi=0.01	base_lo=-0.0055633237101019332	base_hi=0.0055745269550406705	diff_lo=-3.5905364329883856e-18	diff_hi=3.58160492005174e-18	new_lo=-0.0055633237101019375	new_hi=0.0055745269550406748	subset=1
AIRPLANE_PICARD	1	old_lo=-0.01	old_hi=0.01	base_lo=-0.0052278744517353631	base_hi=0.0052342518306116919	diff_lo=-2.9943122634157361e-18	diff_hi=3.5523707817934207e-18	new_lo=-0.0052278744517353665	new_hi=0.0052342518306116963	subset=1
AIRPLANE_PICARD	2	old_lo=-0.01	old_hi=0.01	base_lo=-0.0031854753097767716	base_hi=0.0031777406745740156	diff_lo=-2.3548911663266282e-18	diff_hi=3.2590264399205271e-18	new_lo=-0.0031854753097767742	new_hi=0.0031777406745740191	subset=1
AIRPLANE_PICARD	3	old_lo=-0.01	old_hi=0.01	base_lo=-0.00082077973458739482	base_hi=0.00082066379842730356	diff_lo=-2.8628488468740445e-19	diff_hi=1.3878342919326771e-18	new_lo=-0.00082077973458739514	new_hi=0.00082066379842730497	subset=1
AIRPLANE_PICARD	4	old_lo=-0.01	old_hi=0.01	base_lo=-0.00085916237140346453	base_hi=0.0008615874602619422	diff_lo=-2.8709951083172318e-18	diff_hi=6.678962938266865e-19	new_lo=-0.00085916237140346745	new_hi=0.00086158746026194295	subset=1
AIRPLANE_PICARD	5	old_lo=-0.01	old_hi=0.01	base_lo=-0.00080034105673648735	base_hi=0.00080943454630129851	diff_lo=-2.9058006001392308e-19	diff_hi=4.5928816305718112e-18	new_lo=-0.00080034105673648767	new_hi=0.00080943454630130317	subset=1
AIRPLANE_PICARD	6	old_lo=-0.01	old_hi=0.01	base_lo=-0.00045264068105899487	base_hi=0.00045234755570831804	diff_lo=-6.8608313474882748e-20	diff_hi=6.8608313474882748e-20	new_lo=-0.00045264068105899498	new_hi=0.00045234755570831815	subset=1
AIRPLANE_PICARD	7	old_lo=-0.01	old_hi=0.01	base_lo=-0.00040807621877419554	base_hi=0.00040811835536718724	diff_lo=-1.0477729794899916e-19	diff_hi=1.0200174038743628e-19	new_lo=-0.00040807621877419565	new_hi=0.00040811835536718735	subset=1
AIRPLANE_PICARD	8	old_lo=-0.01	old_hi=0.01	base_lo=-0.00036089191624040056	base_hi=0.00036069889538197278	diff_lo=-6.9128730517675781e-20	diff_hi=7.051650929845723e-20	new_lo=-0.00036089191624040067	new_hi=0.00036069889538197289	subset=1
AIRPLANE_PICARD	9	old_lo=-0.01	old_hi=0.01	base_lo=-0.0001	base_hi=0.0001	diff_lo=0	diff_hi=0	new_lo=-0.0001	new_hi=0.0001	subset=1
AIRPLANE_PICARD	10	old_lo=-0.01	old_hi=0.01	base_lo=-0.0001	base_hi=0.0001	diff_lo=0	diff_hi=0	new_lo=-0.0001	new_hi=0.0001	subset=1
AIRPLANE_PICARD	11	old_lo=-0.01	old_hi=0.01	base_lo=-0.0001	base_hi=0.0001	diff_lo=0	diff_hi=0	new_lo=-0.0001	new_hi=0.0001	subset=1
AIRPLANE_PICARD	12	old_lo=-0.01	old_hi=0.01	base_lo=-0	base_hi=0	diff_lo=0	diff_hi=0	new_lo=-0	new_hi=0	subset=1
AIRPLANE_PICARD	13	old_lo=-0.01	old_hi=0.01	base_lo=-0	base_hi=0	diff_lo=0	diff_hi=0	new_lo=-0	new_hi=0	subset=1
AIRPLANE_PICARD	14	old_lo=-0.01	old_hi=0.01	base_lo=-0	base_hi=0	diff_lo=0	diff_hi=0	new_lo=-0	new_hi=0	subset=1
AIRPLANE_PICARD	15	old_lo=-0.01	old_hi=0.01	base_lo=-0	base_hi=0	diff_lo=0	diff_hi=0	new_lo=-0	new_hi=0	subset=1
AIRPLANE_PICARD	16	old_lo=-0.01	old_hi=0.01	base_lo=-0	base_hi=0	diff_lo=0	diff_hi=0	new_lo=-0	new_hi=0	subset=1
AIRPLANE_PICARD	17	old_lo=-0.01	old_hi=0.01	base_lo=-0	base_hi=0	diff_lo=0	diff_hi=0	new_lo=-0	new_hi=0	subset=1
AIRPLANE_PICARD	18	old_lo=-0.01	old_hi=0.01	base_lo=-0	base_hi=0	diff_lo=0	diff_hi=0	new_lo=-0	new_hi=0	subset=1
PERIOD 0 FLOWPIPES 1 STATUS 2 BOX_SAFE 1
DIAGNOSTIC_COMPLETED_CALLS 1/1
FLOWPIPE_SEGMENTS 1
ONE_STEP_NUMERIC_ACCEPTED_ONLY
time cost: 0.455000
