{
  "files": {
    "actual_path_summary.json": {
      "bytes": 2471,
      "sha256": "3460621bd7101ed0dff12563c772585da3232fb318229f037951e41cea6c4a81"
    },
    "raw_remainder_expression_tree.json": {
      "bytes": 115048,
      "sha256": "9189d2f74a9ec3d796d8d27626feb4fdeb2f26ef781d6de182cc20c1e4b284b6"
    },
    "stage_ledger.csv": {
      "bytes": 5897,
      "sha256": "6b86f94b72e51fa9783352b404868fb29878020bcaee197df2a2508d709612e8"
    },
    "stage_ledger.json": {
      "bytes": 886179,
      "sha256": "e4cb4706ef337ff2188135c5bc86dd76c5d447d9ff7d76d46e2b0161c7852f30"
    }
  },
  "hook_read_only_equivalence": true,
  "raw_expression_node_count": 18,
  "row_count": 16,
  "schema": "torch_step1_stage_ledger_manifest_v1",
  "status": "validated"
}
