appdirs==1.4.4
-e git+https://github.com/Verified-Intelligence/auto_LiRPA.git@5a098e8f9fb5786a428a024981d833d303921f2d#egg=auto_lirpa&subdirectory=../../../auto_LiRPA_5a098e8
filelock==3.29.0
fsspec==2026.4.0
graphviz==0.21
Jinja2==3.1.6
MarkupSafe==3.0.3
ml_dtypes==0.5.4
mpmath==1.3.0
networkx==3.6.1
numpy==2.3.3
nvidia-cublas-cu12==12.8.4.1
nvidia-cuda-cupti-cu12==12.8.90
nvidia-cuda-nvrtc-cu12==12.8.93
nvidia-cuda-runtime-cu12==12.8.90
nvidia-cudnn-cu12==9.10.2.21
nvidia-cufft-cu12==11.3.3.83
nvidia-cufile-cu12==1.13.1.3
nvidia-curand-cu12==10.3.9.90
nvidia-cusolver-cu12==11.7.3.90
nvidia-cusparse-cu12==12.5.8.93
nvidia-cusparselt-cu12==0.7.1
nvidia-nccl-cu12==2.27.3
nvidia-nvjitlink-cu12==12.8.93
nvidia-nvtx-cu12==12.8.90
onnx==1.22.0
onnx2pytorch @ git+https://github.com/Verified-Intelligence/onnx2pytorch.git@bae71f32f65534b7b13aa3a40d797919a94ace45
packaging==26.2
pillow==12.2.0
protobuf==7.35.1
PyYAML==6.0.3
sympy==1.14.0
torch==2.8.0+cu128
torchvision==0.23.0+cu128
tqdm==4.70.0
triton==3.4.0
typing_extensions==4.15.0
