Step 0
Step 1
FALSIFIED
HULL x1 -0.48033174722 0.480261936627
HULL x2 -0.48024902845 0.480457266168
HULL x3 -0.276929251105 0.543909353979
HULL x4 -0.403205966761 0.403257384601
HULL x5 -0.403385103916 0.403867711631
HULL x6 -1.98462259262 -0.50687151778
HULL x7 -0.00178495735169 0.00340148720414
HULL x8 -0.00175504582313 0.00265640095325
HULL x9 -5.53223436146e-06 5.91225002422e-06
HULL x10 -0.0425204466727 0.038483448129
HULL x11 -0.0393920181379 0.0388479839567
HULL x12 -2.22507385851e-308 2.22507385851e-308
HULL t 0.2 0.2
HULL u1 3.12560279338 11.8338142883
HULL u2 -0.0380335738036 0.0270317729699
HULL u3 -0.0326289608251 0.027321693214
time cost: 39.576247
