RUN_START {"argv": ["/srv/local/shengenli/flowstar_acceleration_20260921T153643Z/engine_huan_sr_chunk/integrations/crown_reach/gpu_driver.py", "/srv/local/shengenli/flowstar_acceleration_20260921T153643Z/runs/huan_quad_stage_a_40_20261001/quad_40.yaml", "--device", "cuda:0", "--engine", "sparse", "--crown-domain", "box", "--crown-relax", "same-slope", "--print-final-hull", "--metrics-json", "/srv/local/shengenli/flowstar_acceleration_20260921T153643Z/runs/huan_quad_stage_a_40_20261001/strict/metrics.json", "--strict"], "config": "/srv/local/shengenli/flowstar_acceleration_20260921T153643Z/runs/huan_quad_stage_a_40_20261001/quad_40.yaml", "cpu_affinity": [14, 15, 16, 17], "cuda_visible_devices": "3", "driver": "/srv/local/shengenli/flowstar_acceleration_20260921T153643Z/engine_huan_sr_chunk/integrations/crown_reach/gpu_driver.py", "mode": "strict", "modules": {"flowstar_seg_kernels": {"bytes": 1279632, "mtime_ns": 1790068022742403774, "path": "/srv/local/shengenli/flowstar_acceleration_20260921T153643Z/cache_four_way_v1/huan/flowstar_seg_kernels/flowstar_seg_kernels.so"}, "flowstar_tape_kernels": {"bytes": 1442736, "mtime_ns": 1790068080138544285, "path": "/srv/local/shengenli/flowstar_acceleration_20260921T153643Z/cache_four_way_v1/huan/flowstar_tape_kernels/flowstar_tape_kernels.so"}, "flowstar_valid_kernels": {"bytes": 1421248, "mtime_ns": 1790068137490679947, "path": "/srv/local/shengenli/flowstar_acceleration_20260921T153643Z/cache_four_way_v1/huan/flowstar_valid_kernels/flowstar_valid_kernels.so"}}, "start_utc": "2026-10-01T06:12:25.440275+00:00"}
Step 0
Step 1
FALSIFIED
HULL x1 -0.480488421428 0.480364382264
HULL x2 -0.480630295918 0.48048854977
HULL x3 -0.278764581508 0.545745560046
HULL x4 -0.402484315973 0.401582522736
HULL x5 -0.408735622748 0.406610116522
HULL x6 -1.98472003946 -0.506594263208
HULL x7 -0.00216172115215 0.00373633824659
HULL x8 -0.00209669827612 0.00299785188435
HULL x9 -6.98846985437e-06 7.29017750171e-06
HULL x10 -0.0428228793167 0.0387757163329
HULL x11 -0.0396897458498 0.0391418184502
HULL x12 -0 0
HULL t 0.2 0.2
HULL u1 3.11631366677 11.8427885164
HULL u2 -0.0382028452857 0.0272035758948
HULL u3 -0.0327773668857 0.027468246426
time cost: 1.504988
RUN_END {"mode": "strict", "end_utc": "2026-10-01T06:12:28.411046+00:00", "driver_wall_s": 2.9706748416647315, "returncode": 0, "cuda_peak_allocated_bytes": 3132646912, "cuda_peak_reserved_bytes": 5779750912}
