Step 0
AIRPLANE_PICARD	0	old_lo=-0.01	old_hi=0.01	base_lo=-0.0061584276038742112	base_hi=0.0061357550791029964	diff_lo=-7.279311412903657e-18	diff_hi=5.1065355647731826e-18	new_lo=-0.006158427603874219	new_hi=0.0061357550791030016	subset=1
AIRPLANE_PICARD	1	old_lo=-0.01	old_hi=0.01	base_lo=-0.0062700835708270636	base_hi=0.0062792066865676897	diff_lo=-6.1125265728619571e-18	diff_hi=7.1901321702094836e-18	new_lo=-0.0062700835708270706	new_hi=0.0062792066865676975	subset=1
AIRPLANE_PICARD	2	old_lo=-0.01	old_hi=0.01	base_lo=-0.0031656380549536559	base_hi=0.0031142058822931232	diff_lo=-2.9696939352064103e-18	diff_hi=3.8824915504776003e-18	new_lo=-0.0031656380549536589	new_hi=0.0031142058822931271	subset=1
AIRPLANE_PICARD	3	old_lo=-0.01	old_hi=0.01	base_lo=-0.00087842129139870367	base_hi=0.00087822315743949267	diff_lo=-2.8703428522902646e-19	diff_hi=2.4984458946164526e-18	new_lo=-0.00087842129139870399	new_hi=0.00087822315743949528	subset=1
AIRPLANE_PICARD	4	old_lo=-0.01	old_hi=0.01	base_lo=-0.00095781527195593096	base_hi=0.00096027061802393308	diff_lo=-1.7774254290614533e-18	diff_hi=6.7905403522416941e-19	new_lo=-0.00095781527195593281	new_hi=0.00096027061802393383	subset=1
AIRPLANE_PICARD	5	old_lo=-0.01	old_hi=0.01	base_lo=-0.00081668849073027053	base_hi=0.00082578221447207449	diff_lo=-3.1278452050642622e-19	diff_hi=1.7940378349567975e-17	new_lo=-0.00081668849073027086	new_hi=0.00082578221447209249	subset=1
AIRPLANE_PICARD	6	old_lo=-0.01	old_hi=0.01	base_lo=-0.00046492957470651897	base_hi=0.00046415400166514761	diff_lo=-6.9692515647368253e-20	diff_hi=7.246807320893114e-20	new_lo=-0.00046492957470651908	new_hi=0.00046415400166514772	subset=1
AIRPLANE_PICARD	7	old_lo=-0.01	old_hi=0.01	base_lo=-0.00042338696824290907	base_hi=0.00042326539128553385	diff_lo=-1.0963452368173424e-19	diff_hi=1.0477729794899916e-19	new_lo=-0.00042338696824290923	new_hi=0.00042326539128553396	subset=1
AIRPLANE_PICARD	8	old_lo=-0.01	old_hi=0.01	base_lo=-0.00037011769936312475	base_hi=0.00036929168319744371	diff_lo=-8.0664641632921565e-20	diff_hi=7.5113526509795768e-20	new_lo=-0.00037011769936312486	new_hi=0.00036929168319744382	subset=1
AIRPLANE_PICARD	9	old_lo=-0.01	old_hi=0.01	base_lo=-0.0001	base_hi=0.0001	diff_lo=0	diff_hi=0	new_lo=-0.0001	new_hi=0.0001	subset=1
AIRPLANE_PICARD	10	old_lo=-0.01	old_hi=0.01	base_lo=-0.0001	base_hi=0.0001	diff_lo=0	diff_hi=0	new_lo=-0.0001	new_hi=0.0001	subset=1
AIRPLANE_PICARD	11	old_lo=-0.01	old_hi=0.01	base_lo=-0.0001	base_hi=0.0001	diff_lo=0	diff_hi=0	new_lo=-0.0001	new_hi=0.0001	subset=1
AIRPLANE_PICARD	12	old_lo=-0.01	old_hi=0.01	base_lo=-0	base_hi=0	diff_lo=0	diff_hi=0	new_lo=-0	new_hi=0	subset=1
AIRPLANE_PICARD	13	old_lo=-0.01	old_hi=0.01	base_lo=-0	base_hi=0	diff_lo=0	diff_hi=0	new_lo=-0	new_hi=0	subset=1
AIRPLANE_PICARD	14	old_lo=-0.01	old_hi=0.01	base_lo=-0	base_hi=0	diff_lo=0	diff_hi=0	new_lo=-0	new_hi=0	subset=1
AIRPLANE_PICARD	15	old_lo=-0.01	old_hi=0.01	base_lo=-0	base_hi=0	diff_lo=0	diff_hi=0	new_lo=-0	new_hi=0	subset=1
AIRPLANE_PICARD	16	old_lo=-0.01	old_hi=0.01	base_lo=-0	base_hi=0	diff_lo=0	diff_hi=0	new_lo=-0	new_hi=0	subset=1
AIRPLANE_PICARD	17	old_lo=-0.01	old_hi=0.01	base_lo=-0	base_hi=0	diff_lo=0	diff_hi=0	new_lo=-0	new_hi=0	subset=1
AIRPLANE_PICARD	18	old_lo=-0.01	old_hi=0.01	base_lo=-0	base_hi=0	diff_lo=0	diff_hi=0	new_lo=-0	new_hi=0	subset=1
PERIOD 0 FLOWPIPES 1 STATUS 3 BOX_SAFE 0
DIAGNOSTIC_COMPLETED_CALLS 0/1
FLOWPIPE_SEGMENTS 1
UNKNOWN
time cost: 0.792000
