Step 0
AIRPLANE_PICARD	0	old_lo=-0.01	old_hi=0.01	base_lo=-0.0049213630388743792	base_hi=0.0049345544220532776	diff_lo=-5.4557377134519501e-18	diff_hi=7.0473337813551837e-18	new_lo=-0.0049213630388743853	new_hi=0.0049345544220532854	subset=1
AIRPLANE_PICARD	1	old_lo=-0.01	old_hi=0.01	base_lo=-0.0044873266122695682	base_hi=0.0044730625360988449	diff_lo=-8.4705038122523519e-18	diff_hi=6.9687542773403835e-18	new_lo=-0.0044873266122695769	new_hi=0.0044730625360988527	subset=1
AIRPLANE_PICARD	2	old_lo=-0.01	old_hi=0.01	base_lo=-0.0027967426052158358	base_hi=0.0027688503165254276	diff_lo=-2.8404454714229645e-18	diff_hi=6.1211614480842108e-18	new_lo=-0.0027967426052158389	new_hi=0.0027688503165254341	subset=1
AIRPLANE_PICARD	3	old_lo=-0.01	old_hi=0.01	base_lo=-0.00066684974455338017	base_hi=0.00066679345794488183	diff_lo=-2.5178609197595856e-18	diff_hi=2.9012903191016914e-19	new_lo=-0.00066684974455338277	new_hi=0.00066679345794488215	subset=1
AIRPLANE_PICARD	4	old_lo=-0.01	old_hi=0.01	base_lo=-0.00066057988048208135	base_hi=0.00066712389605909188	diff_lo=-7.9808382125179402e-19	diff_hi=9.5409791178724406e-18	new_lo=-0.00066057988048208221	new_hi=0.00066712389605910153	subset=1
AIRPLANE_PICARD	5	old_lo=-0.01	old_hi=0.01	base_lo=-0.00074068104652576553	base_hi=0.00074750546355478124	diff_lo=-8.2647777510658239e-19	diff_hi=5.1980919568706002e-18	new_lo=-0.0007406810465257664	new_hi=0.00074750546355478644	subset=1
AIRPLANE_PICARD	6	old_lo=-0.01	old_hi=0.01	base_lo=-0.0004092461353802723	base_hi=0.00040865244812780967	diff_lo=-4.9678143543285825e-20	diff_hi=4.9678143543285825e-20	new_lo=-0.00040924613538027236	new_hi=0.00040865244812780973	subset=1
AIRPLANE_PICARD	7	old_lo=-0.01	old_hi=0.01	base_lo=-0.00038736094719856872	base_hi=0.00038739489300531097	diff_lo=-7.0429773124658387e-20	diff_hi=7.3899220076612005e-20	new_lo=-0.00038736094719856882	new_hi=0.00038739489300531108	subset=1
AIRPLANE_PICARD	8	old_lo=-0.01	old_hi=0.01	base_lo=-0.00033949604629823353	base_hi=0.00033900491680855866	diff_lo=-6.5746019739521006e-20	diff_hi=6.297046217795812e-20	new_lo=-0.00033949604629823364	new_hi=0.00033900491680855877	subset=1
AIRPLANE_PICARD	9	old_lo=-0.01	old_hi=0.01	base_lo=-0.0001	base_hi=0.0001	diff_lo=0	diff_hi=0	new_lo=-0.0001	new_hi=0.0001	subset=1
AIRPLANE_PICARD	10	old_lo=-0.01	old_hi=0.01	base_lo=-0.0001	base_hi=0.0001	diff_lo=0	diff_hi=0	new_lo=-0.0001	new_hi=0.0001	subset=1
AIRPLANE_PICARD	11	old_lo=-0.01	old_hi=0.01	base_lo=-0.0001	base_hi=0.0001	diff_lo=0	diff_hi=0	new_lo=-0.0001	new_hi=0.0001	subset=1
AIRPLANE_PICARD	12	old_lo=-0.01	old_hi=0.01	base_lo=-0	base_hi=0	diff_lo=0	diff_hi=0	new_lo=-0	new_hi=0	subset=1
AIRPLANE_PICARD	13	old_lo=-0.01	old_hi=0.01	base_lo=-0	base_hi=0	diff_lo=0	diff_hi=0	new_lo=-0	new_hi=0	subset=1
AIRPLANE_PICARD	14	old_lo=-0.01	old_hi=0.01	base_lo=-0	base_hi=0	diff_lo=0	diff_hi=0	new_lo=-0	new_hi=0	subset=1
AIRPLANE_PICARD	15	old_lo=-0.01	old_hi=0.01	base_lo=-0	base_hi=0	diff_lo=0	diff_hi=0	new_lo=-0	new_hi=0	subset=1
AIRPLANE_PICARD	16	old_lo=-0.01	old_hi=0.01	base_lo=-0	base_hi=0	diff_lo=0	diff_hi=0	new_lo=-0	new_hi=0	subset=1
AIRPLANE_PICARD	17	old_lo=-0.01	old_hi=0.01	base_lo=-0	base_hi=0	diff_lo=0	diff_hi=0	new_lo=-0	new_hi=0	subset=1
AIRPLANE_PICARD	18	old_lo=-0.01	old_hi=0.01	base_lo=-0	base_hi=0	diff_lo=0	diff_hi=0	new_lo=-0	new_hi=0	subset=1
PERIOD 0 FLOWPIPES 1 STATUS 3 BOX_SAFE 0
DIAGNOSTIC_COMPLETED_CALLS 0/1
FLOWPIPE_SEGMENTS 1
UNKNOWN
time cost: 0.791000
