{"accepted_steps": 1, "time": 0.02, "solve_seconds": 1.220895875710994, "export_seconds": 0.045279589015990496, "queue_size": 1, "status": "RUNNING"}
{"accepted_steps": 20, "time": 0.4, "solve_seconds": 34.74536570580676, "export_seconds": 0.8242688407190144, "queue_size": 20, "status": "RUNNING"}
{"accepted_steps": 40, "time": 0.8, "solve_seconds": 76.93425771640614, "export_seconds": 1.682947315275669, "queue_size": 40, "status": "RUNNING"}
{"accepted_steps": 60, "time": 1.2, "solve_seconds": 117.33392594475299, "export_seconds": 2.5447598095051944, "queue_size": 60, "status": "RUNNING"}
{"accepted_steps": 80, "time": 1.6, "solve_seconds": 155.32222906686366, "export_seconds": 3.4679945106618106, "queue_size": 80, "status": "RUNNING"}
{"accepted_steps": 100, "time": 2.0, "solve_seconds": 192.9069278636016, "export_seconds": 4.4426524406298995, "queue_size": 100, "status": "RUNNING"}
{"accepted_steps": 120, "time": 2.4, "solve_seconds": 230.35947494860739, "export_seconds": 5.458581165410578, "queue_size": 120, "status": "RUNNING"}
{"accepted_steps": 140, "time": 2.8000000000000003, "solve_seconds": 266.95654402533546, "export_seconds": 6.436235695146024, "queue_size": 140, "status": "RUNNING"}
{"accepted_steps": 160, "time": 3.2, "solve_seconds": 302.09575071232393, "export_seconds": 7.428639353718609, "queue_size": 160, "status": "RUNNING"}
{"accepted_steps": 180, "time": 3.6, "solve_seconds": 336.6005675760098, "export_seconds": 8.491352290380746, "queue_size": 180, "status": "RUNNING"}
{"accepted_steps": 200, "time": 4.0, "solve_seconds": 370.6427341606468, "export_seconds": 9.5102334972471, "queue_size": 200, "status": "RUNNING"}
{"accepted_steps": 220, "time": 4.4, "solve_seconds": 403.40302731469274, "export_seconds": 10.54056800995022, "queue_size": 220, "status": "RUNNING"}
{"accepted_steps": 240, "time": 4.8, "solve_seconds": 436.3637428646907, "export_seconds": 11.671217761002481, "queue_size": 240, "status": "RUNNING"}
{"accepted_steps": 260, "time": 5.2, "solve_seconds": 469.48650976410136, "export_seconds": 12.764775886200368, "queue_size": 260, "status": "RUNNING"}
{"accepted_steps": 280, "time": 5.6000000000000005, "solve_seconds": 503.501640711911, "export_seconds": 13.964521740563214, "queue_size": 280, "status": "RUNNING"}
{"accepted_steps": 300, "time": 6.0, "solve_seconds": 538.364035461098, "export_seconds": 15.20885657472536, "queue_size": 300, "status": "RUNNING"}
{"accepted_steps": 320, "time": 6.4, "solve_seconds": 573.4375708242878, "export_seconds": 16.4656552975066, "queue_size": 320, "status": "RUNNING"}
{"accepted_steps": 340, "time": 6.8, "solve_seconds": 610.4073305400088, "export_seconds": 17.865429748315364, "queue_size": 340, "status": "RUNNING"}
{"accepted_steps": 360, "time": 7.2, "solve_seconds": 656.379729562439, "export_seconds": 19.478419604711235, "queue_size": 360, "status": "RUNNING"}
{"accepted_steps": 380, "time": 7.6000000000000005, "solve_seconds": 703.7829310921952, "export_seconds": 20.94278492219746, "queue_size": 380, "status": "RUNNING"}
{"accepted_steps": 400, "time": 8.0, "solve_seconds": 749.6520851603709, "export_seconds": 22.46201443206519, "queue_size": 400, "status": "RUNNING"}
{"accepted_steps": 420, "time": 8.4, "solve_seconds": 792.4146637008525, "export_seconds": 24.10768122645095, "queue_size": 420, "status": "RUNNING"}
{"accepted_steps": 440, "time": 8.8, "solve_seconds": 835.1297291787341, "export_seconds": 25.84540812065825, "queue_size": 440, "status": "RUNNING"}
{"accepted_steps": 460, "time": 9.200000000000001, "solve_seconds": 877.3195772715844, "export_seconds": 27.618993723299354, "queue_size": 460, "status": "RUNNING"}
{"accepted_steps": 480, "time": 9.6, "solve_seconds": 919.4392752172425, "export_seconds": 29.369738937355578, "queue_size": 480, "status": "RUNNING"}
{"accepted_steps": 500, "time": 10.0, "solve_seconds": 958.404259650968, "export_seconds": 31.25007927324623, "queue_size": 500, "status": "RUNNING"}
{"accepted_steps": 520, "time": 10.4, "solve_seconds": 995.9337487877347, "export_seconds": 32.96670608781278, "queue_size": 520, "status": "RUNNING"}
{"accepted_steps": 540, "time": 10.8, "solve_seconds": 1031.9246623124927, "export_seconds": 34.760292819701135, "queue_size": 540, "status": "RUNNING"}
{"accepted_steps": 560, "time": 11.200000000000001, "solve_seconds": 1068.3708680951968, "export_seconds": 36.46761168073863, "queue_size": 560, "status": "RUNNING"}
{"accepted_steps": 580, "time": 11.6, "solve_seconds": 1105.4442354827188, "export_seconds": 38.325429174583405, "queue_size": 580, "status": "RUNNING"}
{"accepted_steps": 600, "time": 12.0, "solve_seconds": 1142.4127889983356, "export_seconds": 40.387510501779616, "queue_size": 600, "status": "RUNNING"}
{"accepted_steps": 620, "time": 12.4, "solve_seconds": 1180.4586178460158, "export_seconds": 42.386923348065466, "queue_size": 620, "status": "RUNNING"}
{"accepted_steps": 640, "time": 12.8, "solve_seconds": 1219.6556783569977, "export_seconds": 44.33515385258943, "queue_size": 640, "status": "RUNNING"}
{"accepted_steps": 660, "time": 13.200000000000001, "solve_seconds": 1259.6511321584694, "export_seconds": 46.41072598518804, "queue_size": 660, "status": "RUNNING"}
{"accepted_steps": 680, "time": 13.6, "solve_seconds": 1299.1279552346095, "export_seconds": 48.55893668998033, "queue_size": 680, "status": "RUNNING"}
{"accepted_steps": 700, "time": 14.0, "solve_seconds": 1340.8562420923263, "export_seconds": 50.8743107910268, "queue_size": 700, "status": "RUNNING"}
{"accepted_steps": 720, "time": 14.4, "solve_seconds": 1391.9680584650487, "export_seconds": 53.361813568044454, "queue_size": 720, "status": "RUNNING"}
{"accepted_steps": 740, "time": 14.8, "solve_seconds": 1443.3640453689732, "export_seconds": 55.86295098718256, "queue_size": 740, "status": "RUNNING"}
{"accepted_steps": 760, "time": 15.200000000000001, "solve_seconds": 1493.446094325278, "export_seconds": 58.288435673341155, "queue_size": 760, "status": "RUNNING"}
{"accepted_steps": 780, "time": 15.6, "solve_seconds": 1540.0711631281301, "export_seconds": 61.00904543418437, "queue_size": 780, "status": "RUNNING"}
{"accepted_steps": 800, "time": 16.0, "solve_seconds": 1584.7605499685742, "export_seconds": 63.51950788218528, "queue_size": 800, "status": "RUNNING"}
{"accepted_steps": 820, "time": 16.4, "solve_seconds": 1629.3615153492428, "export_seconds": 66.11904891952872, "queue_size": 820, "status": "RUNNING"}
{"accepted_steps": 840, "time": 16.8, "solve_seconds": 1673.7847459316254, "export_seconds": 68.83928227704018, "queue_size": 840, "status": "RUNNING"}
{"accepted_steps": 860, "time": 17.2, "solve_seconds": 1715.4383141719736, "export_seconds": 71.45740930782631, "queue_size": 860, "status": "RUNNING"}
{"accepted_steps": 880, "time": 17.6, "solve_seconds": 1756.2993322541006, "export_seconds": 74.19135467708111, "queue_size": 880, "status": "RUNNING"}
{"accepted_steps": 900, "time": 18.0, "solve_seconds": 1796.3380739265122, "export_seconds": 76.90154070639983, "queue_size": 900, "status": "RUNNING"}
{"accepted_steps": 920, "time": 18.400000000000002, "solve_seconds": 1836.4859948870726, "export_seconds": 79.80197635525838, "queue_size": 920, "status": "RUNNING"}
{"accepted_steps": 940, "time": 18.8, "solve_seconds": 1877.1030341815203, "export_seconds": 82.59445664798841, "queue_size": 940, "status": "RUNNING"}
{"accepted_steps": 960, "time": 19.2, "solve_seconds": 1918.5089576989412, "export_seconds": 85.12867587292567, "queue_size": 960, "status": "RUNNING"}
{"accepted_steps": 980, "time": 19.6, "solve_seconds": 1961.116019350011, "export_seconds": 87.73015250032768, "queue_size": 980, "status": "RUNNING"}
{"accepted_steps": 1000, "time": 20.0, "solve_seconds": 2004.4284342722967, "export_seconds": 90.527046487201, "queue_size": 0, "status": "RUNNING"}
{
  "plant": "brusselator",
  "completed": true,
  "accepted_steps": 1000,
  "rejected_attempts": 0,
  "accepted_horizon_exact": "720575940379279375/36028797018963968",
  "solve_seconds": 2004.4284342722967,
  "export_seconds": 90.527046487201,
  "failure": null
}
