{"accepted_steps": 1, "time": 0.025, "solve_seconds": 0.7894397978670895, "export_seconds": 0.01762868696823716, "queue_size": 1, "status": "RUNNING"}
{"accepted_steps": 20, "time": 0.3500681974606643, "solve_seconds": 14.36349589144811, "export_seconds": 0.3259154614061117, "queue_size": 20, "status": "RUNNING"}
{"accepted_steps": 40, "time": 1.0518533515391766, "solve_seconds": 29.249162694439292, "export_seconds": 0.6776192788966, "queue_size": 40, "status": "RUNNING"}
{"accepted_steps": 60, "time": 2.5133965255142248, "solve_seconds": 44.58512097410858, "export_seconds": 1.0661746868863702, "queue_size": 60, "status": "RUNNING"}
{"accepted_steps": 80, "time": 3.207859282786534, "solve_seconds": 60.41456886101514, "export_seconds": 1.5440874360501766, "queue_size": 80, "status": "RUNNING"}
{"accepted_steps": 100, "time": 3.707063545179727, "solve_seconds": 76.3118375740014, "export_seconds": 2.0293006487190723, "queue_size": 0, "status": "RUNNING"}
{"accepted_steps": 120, "time": 4.8103860743342794, "solve_seconds": 91.18806973611936, "export_seconds": 2.355102095287293, "queue_size": 20, "status": "RUNNING"}
{"accepted_steps": 140, "time": 6.122135135506551, "solve_seconds": 106.55442008841783, "export_seconds": 2.7094429465942085, "queue_size": 40, "status": "RUNNING"}
{"accepted_steps": 160, "time": 6.6434960019662475, "solve_seconds": 122.29540234059095, "export_seconds": 3.099452156573534, "queue_size": 60, "status": "RUNNING"}
{"accepted_steps": 180, "time": 7.102817346063402, "solve_seconds": 137.8686798363924, "export_seconds": 3.529798911884427, "queue_size": 80, "status": "RUNNING"}
{"accepted_steps": 200, "time": 8.25950710933186, "solve_seconds": 153.37825191533193, "export_seconds": 3.9885893310420215, "queue_size": 0, "status": "RUNNING"}
{"accepted_steps": 220, "time": 9.385874844611173, "solve_seconds": 168.76384435826913, "export_seconds": 4.302030947525054, "queue_size": 20, "status": "RUNNING"}
{"accepted_steps": 240, "time": 9.909649400013882, "solve_seconds": 184.27989218663424, "export_seconds": 4.65468046348542, "queue_size": 40, "status": "RUNNING"}
{
  "plant": "van_der_pol",
  "completed": true,
  "accepted_steps": 246,
  "rejected_attempts": 35,
  "accepted_horizon_exact": "5764607523034236731/576460752303423488",
  "solve_seconds": 188.94315990805626,
  "export_seconds": 4.767517047002912,
  "failure": null
}
