{"accepted_steps": 1, "time": 0.01, "solve_seconds": 0.4110914194025099, "export_seconds": 0.016769473906606436, "queue_size": 1, "status": "RUNNING"}
{"accepted_steps": 20, "time": 0.2, "solve_seconds": 12.137934127822518, "export_seconds": 0.3050385979004204, "queue_size": 20, "status": "RUNNING"}
{"accepted_steps": 40, "time": 0.4, "solve_seconds": 25.504104679916054, "export_seconds": 0.6399968597106636, "queue_size": 40, "status": "RUNNING"}
{"accepted_steps": 60, "time": 0.6, "solve_seconds": 39.38357901619747, "export_seconds": 1.008850326295942, "queue_size": 60, "status": "RUNNING"}
{"accepted_steps": 80, "time": 0.8, "solve_seconds": 53.12566327303648, "export_seconds": 1.4094893438741565, "queue_size": 80, "status": "RUNNING"}
{"accepted_steps": 100, "time": 1.0, "solve_seconds": 66.93672729143873, "export_seconds": 1.8693484249524772, "queue_size": 0, "status": "RUNNING"}
{"accepted_steps": 120, "time": 1.2, "solve_seconds": 80.2732234285213, "export_seconds": 2.177155004348606, "queue_size": 20, "status": "RUNNING"}
{"accepted_steps": 140, "time": 1.4000000000000001, "solve_seconds": 93.76414159452543, "export_seconds": 2.5092544555664062, "queue_size": 40, "status": "RUNNING"}
{"accepted_steps": 160, "time": 1.6, "solve_seconds": 107.40414886921644, "export_seconds": 2.874102129135281, "queue_size": 60, "status": "RUNNING"}
{"accepted_steps": 180, "time": 1.8, "solve_seconds": 121.29488327493891, "export_seconds": 3.281823057681322, "queue_size": 80, "status": "RUNNING"}
{"accepted_steps": 200, "time": 2.0, "solve_seconds": 135.23840902885422, "export_seconds": 3.7089492212980986, "queue_size": 0, "status": "RUNNING"}
{"accepted_steps": 220, "time": 2.2, "solve_seconds": 148.90927798347548, "export_seconds": 4.014714203774929, "queue_size": 20, "status": "RUNNING"}
{"accepted_steps": 240, "time": 2.4, "solve_seconds": 162.82334367418662, "export_seconds": 4.350229254923761, "queue_size": 40, "status": "RUNNING"}
{"accepted_steps": 260, "time": 2.6, "solve_seconds": 176.70467017591, "export_seconds": 4.721610774286091, "queue_size": 60, "status": "RUNNING"}
{"accepted_steps": 280, "time": 2.8000000000000003, "solve_seconds": 190.58626679470763, "export_seconds": 5.123972443398088, "queue_size": 80, "status": "RUNNING"}
{"accepted_steps": 300, "time": 3.0, "solve_seconds": 204.73488863138482, "export_seconds": 5.5536423358134925, "queue_size": 0, "status": "RUNNING"}
{"accepted_steps": 320, "time": 3.2, "solve_seconds": 218.5764111499302, "export_seconds": 5.8582938853651285, "queue_size": 20, "status": "RUNNING"}
{"accepted_steps": 340, "time": 3.4, "solve_seconds": 232.39788343477994, "export_seconds": 6.186621191911399, "queue_size": 40, "status": "RUNNING"}
{"accepted_steps": 360, "time": 3.6, "solve_seconds": 246.34969321126118, "export_seconds": 6.548959892708808, "queue_size": 60, "status": "RUNNING"}
{"accepted_steps": 380, "time": 3.8000000000000003, "solve_seconds": 260.52554592769593, "export_seconds": 6.999047397170216, "queue_size": 80, "status": "RUNNING"}
{"accepted_steps": 400, "time": 4.0, "solve_seconds": 274.7769904420711, "export_seconds": 7.431344820652157, "queue_size": 0, "status": "RUNNING"}
{"accepted_steps": 420, "time": 4.2, "solve_seconds": 288.2038304377347, "export_seconds": 7.728207741864026, "queue_size": 20, "status": "RUNNING"}
{"accepted_steps": 440, "time": 4.4, "solve_seconds": 301.64932749280706, "export_seconds": 8.060169611591846, "queue_size": 40, "status": "RUNNING"}
{"accepted_steps": 460, "time": 4.6000000000000005, "solve_seconds": 315.20412547001615, "export_seconds": 8.48076307354495, "queue_size": 60, "status": "RUNNING"}
{"accepted_steps": 480, "time": 4.8, "solve_seconds": 328.8295212313533, "export_seconds": 8.88446682319045, "queue_size": 80, "status": "RUNNING"}
{"accepted_steps": 500, "time": 5.0, "solve_seconds": 342.69166428083554, "export_seconds": 9.31566591002047, "queue_size": 0, "status": "RUNNING"}
{"accepted_steps": 520, "time": 5.2, "solve_seconds": 356.0285083428025, "export_seconds": 9.610555325634778, "queue_size": 20, "status": "RUNNING"}
{"accepted_steps": 540, "time": 5.4, "solve_seconds": 369.4100246266462, "export_seconds": 9.943493231665343, "queue_size": 40, "status": "RUNNING"}
{"accepted_steps": 560, "time": 5.6000000000000005, "solve_seconds": 383.00610278127715, "export_seconds": 10.313390832394361, "queue_size": 60, "status": "RUNNING"}
{"accepted_steps": 580, "time": 5.8, "solve_seconds": 396.7946692360565, "export_seconds": 10.77140599116683, "queue_size": 80, "status": "RUNNING"}
{"accepted_steps": 600, "time": 6.0, "solve_seconds": 410.7174182822928, "export_seconds": 11.254876839928329, "queue_size": 0, "status": "RUNNING"}
{"accepted_steps": 620, "time": 6.2, "solve_seconds": 424.07539965910837, "export_seconds": 11.551678395830095, "queue_size": 20, "status": "RUNNING"}
{"accepted_steps": 640, "time": 6.4, "solve_seconds": 437.87418855400756, "export_seconds": 11.883427048567683, "queue_size": 40, "status": "RUNNING"}
{"accepted_steps": 660, "time": 6.6000000000000005, "solve_seconds": 451.87145579000935, "export_seconds": 12.25141683127731, "queue_size": 60, "status": "RUNNING"}
{"accepted_steps": 680, "time": 6.8, "solve_seconds": 466.36796432640404, "export_seconds": 12.663469322025776, "queue_size": 80, "status": "RUNNING"}
{"accepted_steps": 700, "time": 7.0, "solve_seconds": 480.6836432060227, "export_seconds": 13.14218282327056, "queue_size": 0, "status": "RUNNING"}
{"accepted_steps": 720, "time": 7.2, "solve_seconds": 494.53568223305047, "export_seconds": 13.442264754790813, "queue_size": 20, "status": "RUNNING"}
{"accepted_steps": 740, "time": 7.4, "solve_seconds": 508.18771042488515, "export_seconds": 13.776426964439452, "queue_size": 40, "status": "RUNNING"}
{"accepted_steps": 760, "time": 7.6000000000000005, "solve_seconds": 521.9675307902507, "export_seconds": 14.142206134740263, "queue_size": 60, "status": "RUNNING"}
{"accepted_steps": 780, "time": 7.8, "solve_seconds": 535.7659045378678, "export_seconds": 14.543983072042465, "queue_size": 80, "status": "RUNNING"}
{"accepted_steps": 800, "time": 8.0, "solve_seconds": 549.5545072387904, "export_seconds": 15.020462034735829, "queue_size": 0, "status": "RUNNING"}
{"accepted_steps": 820, "time": 8.2, "solve_seconds": 562.7148699657992, "export_seconds": 15.317957651335746, "queue_size": 20, "status": "RUNNING"}
{"accepted_steps": 840, "time": 8.4, "solve_seconds": 576.2193688559346, "export_seconds": 15.652269412763417, "queue_size": 40, "status": "RUNNING"}
{"accepted_steps": 860, "time": 8.6, "solve_seconds": 589.8001256398857, "export_seconds": 16.02599877677858, "queue_size": 60, "status": "RUNNING"}
{"accepted_steps": 880, "time": 8.8, "solve_seconds": 603.6045048343949, "export_seconds": 16.426960779819638, "queue_size": 80, "status": "RUNNING"}
{"accepted_steps": 900, "time": 9.0, "solve_seconds": 617.653425257653, "export_seconds": 16.86026846524328, "queue_size": 0, "status": "RUNNING"}
{"accepted_steps": 920, "time": 9.200000000000001, "solve_seconds": 631.0329946340062, "export_seconds": 17.156189342960715, "queue_size": 20, "status": "RUNNING"}
{"accepted_steps": 940, "time": 9.4, "solve_seconds": 644.706086806953, "export_seconds": 17.49310944834724, "queue_size": 40, "status": "RUNNING"}
{"accepted_steps": 960, "time": 9.6, "solve_seconds": 658.5455024680123, "export_seconds": 17.85949871269986, "queue_size": 60, "status": "RUNNING"}
{"accepted_steps": 980, "time": 9.8, "solve_seconds": 672.8901242311113, "export_seconds": 18.275482323486358, "queue_size": 80, "status": "RUNNING"}
{"accepted_steps": 1000, "time": 10.0, "solve_seconds": 687.5209041154012, "export_seconds": 18.74384563602507, "queue_size": 0, "status": "RUNNING"}
{
  "plant": "van_der_pol",
  "completed": true,
  "accepted_steps": 1000,
  "rejected_attempts": 0,
  "accepted_horizon_exact": "720575940379279375/72057594037927936",
  "solve_seconds": 687.5209041154012,
  "export_seconds": 18.74384563602507,
  "failure": null
}
