Step 0
AIRPLANE_PICARD	0	old_lo=-0.01	old_hi=0.01	base_lo=-0.0051325034890943736	base_hi=0.0051646383187421143	diff_lo=-7.3556484977051757e-18	diff_hi=9.5483667269154782e-18	new_lo=-0.0051325034890943814	new_hi=0.0051646383187421247	subset=1
AIRPLANE_PICARD	1	old_lo=-0.01	old_hi=0.01	base_lo=-0.0047376933265717543	base_hi=0.0047204975247197231	diff_lo=-8.9857866517976629e-18	diff_hi=5.9000512808715725e-18	new_lo=-0.0047376933265717638	new_hi=0.0047204975247197292	subset=1
AIRPLANE_PICARD	2	old_lo=-0.01	old_hi=0.01	base_lo=-0.0028413854040365825	base_hi=0.0028055968405956131	diff_lo=-5.2284935640282548e-18	diff_hi=3.1468161409975454e-18	new_lo=-0.0028413854040365881	new_hi=0.0028055968405956166	subset=1
AIRPLANE_PICARD	3	old_lo=-0.01	old_hi=0.01	base_lo=-0.00061500946858310593	base_hi=0.00061495834304409083	diff_lo=-2.8040764155079507e-19	diff_hi=9.1941801394490612e-18	new_lo=-0.00061500946858310626	new_hi=0.00061495834304410005	subset=1
AIRPLANE_PICARD	4	old_lo=-0.01	old_hi=0.01	base_lo=-0.00072860437249046761	base_hi=0.0007335724250219645	diff_lo=-9.9858732394153584e-18	diff_hi=1.0695055951970292e-18	new_lo=-0.00072860437249047769	new_hi=0.00073357242502196558	subset=1
AIRPLANE_PICARD	5	old_lo=-0.01	old_hi=0.01	base_lo=-0.00071942749660818461	base_hi=0.00072452241608970621	diff_lo=-4.8229753524253747e-18	diff_hi=5.2086113200289242e-19	new_lo=-0.00071942749660818949	new_hi=0.00072452241608970676	subset=1
AIRPLANE_PICARD	6	old_lo=-0.01	old_hi=0.01	base_lo=-0.0010136530326089418	base_hi=0.0010003769801051594	diff_lo=-1.5265566588595906e-19	diff_hi=1.3600232051658172e-19	new_lo=-0.001013653032608942	new_hi=0.0010003769801051597	subset=1
AIRPLANE_PICARD	7	old_lo=-0.01	old_hi=0.01	base_lo=-0.00072166300299254273	base_hi=0.00071908470574214966	diff_lo=-7.0082828429463028e-20	diff_hi=7.5633943552588813e-20	new_lo=-0.00072166300299254284	new_hi=0.00071908470574214977	subset=1
AIRPLANE_PICARD	8	old_lo=-0.01	old_hi=0.01	base_lo=-0.00069729208296086134	base_hi=0.00068483398482772993	diff_lo=-1.0547118733938991e-19	diff_hi=8.8817841970012552e-20	new_lo=-0.00069729208296086145	new_hi=0.00068483398482773003	subset=1
AIRPLANE_PICARD	9	old_lo=-0.01	old_hi=0.01	base_lo=-0.0001	base_hi=0.0001	diff_lo=0	diff_hi=0	new_lo=-0.0001	new_hi=0.0001	subset=1
AIRPLANE_PICARD	10	old_lo=-0.01	old_hi=0.01	base_lo=-0.0001	base_hi=0.0001	diff_lo=0	diff_hi=0	new_lo=-0.0001	new_hi=0.0001	subset=1
AIRPLANE_PICARD	11	old_lo=-0.01	old_hi=0.01	base_lo=-0.0001	base_hi=0.0001	diff_lo=0	diff_hi=0	new_lo=-0.0001	new_hi=0.0001	subset=1
AIRPLANE_PICARD	12	old_lo=-0.01	old_hi=0.01	base_lo=-0	base_hi=0	diff_lo=0	diff_hi=0	new_lo=-0	new_hi=0	subset=1
AIRPLANE_PICARD	13	old_lo=-0.01	old_hi=0.01	base_lo=-0	base_hi=0	diff_lo=0	diff_hi=0	new_lo=-0	new_hi=0	subset=1
AIRPLANE_PICARD	14	old_lo=-0.01	old_hi=0.01	base_lo=-0	base_hi=0	diff_lo=0	diff_hi=0	new_lo=-0	new_hi=0	subset=1
AIRPLANE_PICARD	15	old_lo=-0.01	old_hi=0.01	base_lo=-0	base_hi=0	diff_lo=0	diff_hi=0	new_lo=-0	new_hi=0	subset=1
AIRPLANE_PICARD	16	old_lo=-0.01	old_hi=0.01	base_lo=-0	base_hi=0	diff_lo=0	diff_hi=0	new_lo=-0	new_hi=0	subset=1
AIRPLANE_PICARD	17	old_lo=-0.01	old_hi=0.01	base_lo=-0	base_hi=0	diff_lo=0	diff_hi=0	new_lo=-0	new_hi=0	subset=1
AIRPLANE_PICARD	18	old_lo=-0.01	old_hi=0.01	base_lo=-0	base_hi=0	diff_lo=0	diff_hi=0	new_lo=-0	new_hi=0	subset=1
PERIOD 0 FLOWPIPES 1 STATUS 3 BOX_SAFE 0
DIAGNOSTIC_COMPLETED_CALLS 0/1
FLOWPIPE_SEGMENTS 1
UNKNOWN
time cost: 0.788000
