Step 0
Step 1
Step 2
Step 3
Step 4
Step 5
Step 6
Step 7
Step 8
Step 9
Step 10
Step 11
Step 12
Step 13
Step 14
Step 15
Step 16
Step 17
Step 18
Step 19
Step 20
Step 21
Step 22
Step 23
Step 24
Step 25
Step 26
Step 27
Step 28
Step 29
Step 30
Step 31
Step 32
Step 33
Step 34
Step 35
Step 36
Step 37
Step 38
Step 39
Step 40
Step 41
Step 42
Step 43
Step 44
Step 45
Step 46
Step 47
Step 48
Step 49
VERIFIED
HULL x1 -3.45007104067 3.34509824706
HULL x2 -3.31154635364 3.67276647553
HULL x3 0.959312384905 1.02482820305
HULL x4 -0.808714092551 0.753675244434
HULL x5 -0.743190374972 0.908179986702
HULL x6 -0.0926114878176 0.0748738625634
HULL x7 -0.00345790102431 0.00742898049248
HULL x8 -0.00371816642307 0.0054521925769
HULL x9 -0.003026515202 0.00302860779887
HULL x10 -0.0731822019186 0.0731227653569
HULL x11 -0.0612313821477 0.0612921209938
HULL x12 -2.22507385851e-308 2.22507385851e-308
HULL t 5 5
HULL u1 -0.310586706285 0.399123960903
HULL u2 -0.0807102355089 0.0806795836444
HULL u3 -0.0676138402471 0.067583808151
time cost: 1001.431134
