{
  "schema": "live-range-solver-run-v1",
  "run_id": "history-van_der_pol-S",
  "plant": "van_der_pol",
  "route": "S",
  "scope": "RESUMED_LOCAL_WINDOW",
  "execution": "SERIAL_LIVE_SOLVE",
  "request_source": "CURRENT_WORKER_CALL",
  "previous_answers_loaded": false,
  "ids": [
    0
  ],
  "steps": 3,
  "original": false,
  "diagnostic": true,
  "audit_steps": [
    1,
    2,
    60,
    100,
    119,
    120
  ],
  "task_steps": null,
  "max_group": 32,
  "max_wait_s": 0.02,
  "delays": null,
  "select_newest": false,
  "start_ns": 2374648517229916,
  "end_ns": 2374651088756029,
  "wall_s": 2.571526113,
  "cpu_start_ns": 1653074127,
  "cpu_end_ns": 4222925565,
  "cpu_s": 2.569851438,
  "successful_tasks": 1,
  "accepted_lane_steps": 3,
  "successful_lane_steps": 3,
  "task_statuses": {
    "0": "FINISHED"
  },
  "counts": {
    "submitted": 338,
    "returned": 338,
    "status_ok": 338
  },
  "startup": {},
  "peak_rss_kib": 459744,
  "rss_scope": "process lifetime high-water mark",
  "affinity": [
    2
  ],
  "torch_threads": 1,
  "torch_interop_threads": 1,
  "peak_gpu_allocated_bytes": 0,
  "gpu_memory_scope": "process lifetime Torch allocator high-water mark",
  "torch_version": "2.5.1+cu121",
  "python": "3.11.15 | packaged by conda-forge | (main, Mar  5 2026, 16:45:40) [GCC 14.3.0]",
  "imported_core": "/srv/local/shengenli/live_range_solver_20260909T053007Z/repo/src/torch_tm_flowpipe/__init__.py",
  "source_sha": "ef4e2f0c17518a4c4989071a596cd8631235c5ea",
  "checkpoint": "artifacts/runs/boundary_execution_20260908T172756Z/raw_minimal/state_inputs/van_der_pol_before0099",
  "partition_sha256": "717897f2b615832ce61be0d60c1aa59833ea896bcf1cfbebfb3771ba539cd6d0",
  "throughput": 1.1666224133730974,
  "cold_startup_outside_timing": null,
  "serialization_s": 0.17517070192843676,
  "files": {
    "lifecycle.jsonl.gz": "e906fa01b08254d10df4cf594f7fd624baa81a3bd790f2e51bcbc0ff3c2c185b",
    "run.json.gz": "430a4d24aaea344ec2578c249ce97daafe16f68a5d823898a6521811d4f32712"
  }
}
