{
  "schema": "live-range-solver-run-v1",
  "run_id": "long-b2-brusselator-Q",
  "plant": "brusselator",
  "route": "Q",
  "scope": "FIXED_PARTITION",
  "execution": "ONLINE_LIVE_SOLVE",
  "request_source": "CURRENT_WORKER_CALL",
  "previous_answers_loaded": false,
  "ids": [
    0,
    31
  ],
  "steps": 120,
  "original": false,
  "diagnostic": true,
  "audit_steps": [
    1,
    2,
    60,
    100,
    119,
    120
  ],
  "task_steps": null,
  "max_group": 32,
  "max_wait_s": 0.02,
  "delays": null,
  "select_newest": false,
  "start_ns": 2374116190799844,
  "end_ns": 2374384300496387,
  "wall_s": 268.109696543,
  "cpu_start_ns": 1662095639,
  "cpu_end_ns": 269563727105,
  "cpu_s": 267.901631466,
  "successful_tasks": 2,
  "accepted_lane_steps": 240,
  "successful_lane_steps": 240,
  "task_statuses": {
    "0": "FINISHED",
    "31": "FINISHED"
  },
  "counts": {
    "submitted": 35122,
    "groups": 34545,
    "flush_all_waiting": 31603,
    "external_table_fallback_requests": 0,
    "returned": 35122,
    "status_ok": 35122,
    "flush_timeout": 2942
  },
  "startup": {
    "wall_s": 3.655e-06
  },
  "peak_rss_kib": 1200708,
  "rss_scope": "process lifetime high-water mark",
  "affinity": [
    2
  ],
  "torch_threads": 1,
  "torch_interop_threads": 1,
  "peak_gpu_allocated_bytes": 0,
  "gpu_memory_scope": "process lifetime Torch allocator high-water mark",
  "torch_version": "2.5.1+cu121",
  "python": "3.11.15 | packaged by conda-forge | (main, Mar  5 2026, 16:45:40) [GCC 14.3.0]",
  "imported_core": "/srv/local/shengenli/live_range_solver_20260909T053007Z/repo/src/torch_tm_flowpipe/__init__.py",
  "source_sha": "ef4e2f0c17518a4c4989071a596cd8631235c5ea",
  "checkpoint": null,
  "partition_sha256": "717897f2b615832ce61be0d60c1aa59833ea896bcf1cfbebfb3771ba539cd6d0",
  "throughput": 0.8951559868760969,
  "cold_startup_outside_timing": null,
  "serialization_s": 16.85834520496428,
  "files": {
    "lifecycle.jsonl.gz": "76ae8c97121a8b13ed6ccb493dd1b677007ae6b0435083b38a917184441c81a1",
    "run.json.gz": "d08251e7947f3bad96d9e6f66522535f7971b1c875ee0f04d43a0102eee0d48c"
  }
}
