{
  "schema": "live-range-solver-run-v1",
  "run_id": "original-van_der_pol-S",
  "plant": "van_der_pol",
  "route": "S",
  "scope": "ORIGINAL_B1",
  "execution": "SERIAL_LIVE_SOLVE",
  "request_source": "CURRENT_WORKER_CALL",
  "previous_answers_loaded": false,
  "ids": [
    0
  ],
  "steps": 20,
  "original": true,
  "diagnostic": true,
  "audit_steps": [
    1,
    2,
    60,
    100,
    119,
    120
  ],
  "task_steps": null,
  "max_group": 32,
  "max_wait_s": 0.02,
  "delays": null,
  "select_newest": false,
  "start_ns": 2374667668229180,
  "end_ns": 2374682316251740,
  "wall_s": 14.64802256,
  "cpu_start_ns": 1646816931,
  "cpu_end_ns": 16282708333,
  "cpu_s": 14.635891402,
  "successful_tasks": 1,
  "accepted_lane_steps": 20,
  "successful_lane_steps": 20,
  "task_statuses": {
    "0": "FINISHED"
  },
  "counts": {
    "submitted": 2223,
    "returned": 2223,
    "status_ok": 2223
  },
  "startup": {},
  "peak_rss_kib": 482504,
  "rss_scope": "process lifetime high-water mark",
  "affinity": [
    2
  ],
  "torch_threads": 1,
  "torch_interop_threads": 1,
  "peak_gpu_allocated_bytes": 0,
  "gpu_memory_scope": "process lifetime Torch allocator high-water mark",
  "torch_version": "2.5.1+cu121",
  "python": "3.11.15 | packaged by conda-forge | (main, Mar  5 2026, 16:45:40) [GCC 14.3.0]",
  "imported_core": "/srv/local/shengenli/live_range_solver_20260909T053007Z/repo/src/torch_tm_flowpipe/__init__.py",
  "source_sha": "ef4e2f0c17518a4c4989071a596cd8631235c5ea",
  "checkpoint": null,
  "partition_sha256": "717897f2b615832ce61be0d60c1aa59833ea896bcf1cfbebfb3771ba539cd6d0",
  "throughput": 1.3653720096400508,
  "cold_startup_outside_timing": null,
  "serialization_s": 0.714310749899596,
  "files": {
    "lifecycle.jsonl.gz": "10fb936f493f641416fb39a29fad518f3afda02dcbb97988ce8d21ce7978ffc9",
    "run.json.gz": "75539733f75cad2505c68d0bb20ab6a4c84af33d8c71fef5274854acf4305a52"
  }
}
