{
  "schema": "live-range-solver-run-v1",
  "run_id": "permuted-delayed-newest-van_der_pol-Q",
  "plant": "van_der_pol",
  "route": "Q",
  "scope": "FIXED_PARTITION",
  "execution": "ONLINE_LIVE_SOLVE",
  "request_source": "CURRENT_WORKER_CALL",
  "previous_answers_loaded": false,
  "ids": [
    28,
    24,
    20,
    16,
    12,
    8,
    4,
    0
  ],
  "steps": 2,
  "original": false,
  "diagnostic": true,
  "audit_steps": [
    1,
    2,
    60,
    100,
    119,
    120
  ],
  "task_steps": null,
  "max_group": 32,
  "max_wait_s": 0.02,
  "delays": {
    "0": 0.001
  },
  "select_newest": true,
  "start_ns": 2374854409843870,
  "end_ns": 2374863679747598,
  "wall_s": 9.269903728,
  "cpu_start_ns": 1660108815,
  "cpu_end_ns": 10922344564,
  "cpu_s": 9.262235749,
  "successful_tasks": 8,
  "accepted_lane_steps": 16,
  "successful_lane_steps": 16,
  "task_statuses": {
    "28": "FINISHED",
    "24": "FINISHED",
    "20": "FINISHED",
    "16": "FINISHED",
    "12": "FINISHED",
    "8": "FINISHED",
    "4": "FINISHED",
    "0": "FINISHED"
  },
  "counts": {
    "submitted": 1720,
    "groups": 880,
    "flush_timeout": 347,
    "external_table_fallback_requests": 0,
    "returned": 1720,
    "status_ok": 1720,
    "flush_all_waiting": 533
  },
  "startup": {
    "wall_s": 3.498e-06
  },
  "peak_rss_kib": 492648,
  "rss_scope": "process lifetime high-water mark",
  "affinity": [
    2
  ],
  "torch_threads": 1,
  "torch_interop_threads": 1,
  "peak_gpu_allocated_bytes": 0,
  "gpu_memory_scope": "process lifetime Torch allocator high-water mark",
  "torch_version": "2.5.1+cu121",
  "python": "3.11.15 | packaged by conda-forge | (main, Mar  5 2026, 16:45:40) [GCC 14.3.0]",
  "imported_core": "/srv/local/shengenli/live_range_solver_20260909T053007Z/repo/src/torch_tm_flowpipe/__init__.py",
  "source_sha": "ef4e2f0c17518a4c4989071a596cd8631235c5ea",
  "checkpoint": null,
  "partition_sha256": "717897f2b615832ce61be0d60c1aa59833ea896bcf1cfbebfb3771ba539cd6d0",
  "throughput": 1.726015767744336,
  "cold_startup_outside_timing": null,
  "serialization_s": 0.5792933967895806,
  "files": {
    "lifecycle.jsonl.gz": "ebede7db36d47e66f5bd6af0d2e703998c29ab75a64bb487572411345be3faf2",
    "run.json.gz": "8922e938fa2bd157e69345a49de6bcc2fe38e8c2113cb37ef49c278254278290"
  }
}
