{
  "schema": "live-range-solver-run-v1",
  "run_id": "prefix-b32-van_der_pol-Q",
  "plant": "van_der_pol",
  "route": "Q",
  "scope": "FIXED_PARTITION",
  "execution": "ONLINE_LIVE_SOLVE",
  "request_source": "CURRENT_WORKER_CALL",
  "previous_answers_loaded": false,
  "ids": [
    0,
    1,
    2,
    3,
    4,
    5,
    6,
    7,
    8,
    9,
    10,
    11,
    12,
    13,
    14,
    15,
    16,
    17,
    18,
    19,
    20,
    21,
    22,
    23,
    24,
    25,
    26,
    27,
    28,
    29,
    30,
    31
  ],
  "steps": 20,
  "original": false,
  "diagnostic": true,
  "audit_steps": [
    1,
    2,
    60,
    100,
    119,
    120
  ],
  "task_steps": null,
  "max_group": 32,
  "max_wait_s": 0.02,
  "delays": null,
  "select_newest": false,
  "start_ns": 2370479683283599,
  "end_ns": 2370879934805758,
  "wall_s": 400.251522159,
  "cpu_start_ns": 1835005376,
  "cpu_end_ns": 401770890240,
  "cpu_s": 399.935884864,
  "successful_tasks": 32,
  "accepted_lane_steps": 640,
  "successful_lane_steps": 640,
  "task_statuses": {
    "0": "FINISHED",
    "1": "FINISHED",
    "2": "FINISHED",
    "3": "FINISHED",
    "4": "FINISHED",
    "5": "FINISHED",
    "6": "FINISHED",
    "7": "FINISHED",
    "8": "FINISHED",
    "9": "FINISHED",
    "10": "FINISHED",
    "11": "FINISHED",
    "12": "FINISHED",
    "13": "FINISHED",
    "14": "FINISHED",
    "15": "FINISHED",
    "16": "FINISHED",
    "17": "FINISHED",
    "18": "FINISHED",
    "19": "FINISHED",
    "20": "FINISHED",
    "21": "FINISHED",
    "22": "FINISHED",
    "23": "FINISHED",
    "24": "FINISHED",
    "25": "FINISHED",
    "26": "FINISHED",
    "27": "FINISHED",
    "28": "FINISHED",
    "29": "FINISHED",
    "30": "FINISHED",
    "31": "FINISHED"
  },
  "counts": {
    "submitted": 70704,
    "groups": 20113,
    "flush_timeout": 20046,
    "external_table_fallback_requests": 0,
    "returned": 70704,
    "status_ok": 70704,
    "flush_all_waiting": 67
  },
  "startup": {
    "wall_s": 3.881e-06
  },
  "peak_rss_kib": 1494620,
  "rss_scope": "process lifetime high-water mark",
  "affinity": [
    2
  ],
  "torch_threads": 1,
  "torch_interop_threads": 1,
  "peak_gpu_allocated_bytes": 0,
  "gpu_memory_scope": "process lifetime Torch allocator high-water mark",
  "torch_version": "2.5.1+cu121",
  "python": "3.11.15 | packaged by conda-forge | (main, Mar  5 2026, 16:45:40) [GCC 14.3.0]",
  "imported_core": "/srv/local/shengenli/live_range_solver_20260909T053007Z/repo/src/torch_tm_flowpipe/__init__.py",
  "source_sha": "ef4e2f0c17518a4c4989071a596cd8631235c5ea",
  "checkpoint": null,
  "partition_sha256": "717897f2b615832ce61be0d60c1aa59833ea896bcf1cfbebfb3771ba539cd6d0",
  "throughput": 1.5989945436004112,
  "cold_startup_outside_timing": null,
  "serialization_s": 21.429256077855825,
  "files": {
    "lifecycle.jsonl.gz": "ea10adf40d8ebfb7a1fd527413aef5219cee3c5839bc7f69542d2c5d000d6199",
    "run.json.gz": "2799d2e16669d4e716a50747a7fd824508d72fe9a334f84e45e248dd50d38127"
  }
}
