{
  "schema": "live-range-solver-run-v1",
  "run_id": "prefix-b8-van_der_pol-Q",
  "plant": "van_der_pol",
  "route": "Q",
  "scope": "FIXED_PARTITION",
  "execution": "ONLINE_LIVE_SOLVE",
  "request_source": "CURRENT_WORKER_CALL",
  "previous_answers_loaded": false,
  "ids": [
    0,
    4,
    8,
    12,
    16,
    20,
    24,
    28
  ],
  "steps": 20,
  "original": false,
  "diagnostic": true,
  "audit_steps": [
    1,
    2,
    60,
    100,
    119,
    120
  ],
  "task_steps": null,
  "max_group": 32,
  "max_wait_s": 0.02,
  "delays": null,
  "select_newest": false,
  "start_ns": 2369072148280318,
  "end_ns": 2369179950158081,
  "wall_s": 107.801877763,
  "cpu_start_ns": 1708261690,
  "cpu_end_ns": 109424227469,
  "cpu_s": 107.715965779,
  "successful_tasks": 8,
  "accepted_lane_steps": 160,
  "successful_lane_steps": 160,
  "task_statuses": {
    "0": "FINISHED",
    "4": "FINISHED",
    "8": "FINISHED",
    "12": "FINISHED",
    "16": "FINISHED",
    "20": "FINISHED",
    "24": "FINISHED",
    "28": "FINISHED"
  },
  "counts": {
    "submitted": 17675,
    "groups": 11932,
    "flush_timeout": 7680,
    "external_table_fallback_requests": 0,
    "returned": 17675,
    "status_ok": 17675,
    "flush_all_waiting": 4252
  },
  "startup": {
    "wall_s": 3.734e-06
  },
  "peak_rss_kib": 718872,
  "rss_scope": "process lifetime high-water mark",
  "affinity": [
    2
  ],
  "torch_threads": 1,
  "torch_interop_threads": 1,
  "peak_gpu_allocated_bytes": 0,
  "gpu_memory_scope": "process lifetime Torch allocator high-water mark",
  "torch_version": "2.5.1+cu121",
  "python": "3.11.15 | packaged by conda-forge | (main, Mar  5 2026, 16:45:40) [GCC 14.3.0]",
  "imported_core": "/srv/local/shengenli/live_range_solver_20260909T053007Z/repo/src/torch_tm_flowpipe/__init__.py",
  "source_sha": "ef4e2f0c17518a4c4989071a596cd8631235c5ea",
  "checkpoint": null,
  "partition_sha256": "717897f2b615832ce61be0d60c1aa59833ea896bcf1cfbebfb3771ba539cd6d0",
  "throughput": 1.4842042023772202,
  "cold_startup_outside_timing": null,
  "serialization_s": 5.681438243947923,
  "files": {
    "lifecycle.jsonl.gz": "15175570159ed696f154436272733e3bb07a6541f2927c2abb79ab6482d4f33e",
    "run.json.gz": "5defd7d51835cffc24dc6b772ff711fdf1625c0c64df54edd8ee0bf4c8815918"
  }
}
