{
  "schema": "live-range-solver-run-v1",
  "run_id": "prefix-b32-brusselator-G",
  "plant": "brusselator",
  "route": "G",
  "scope": "FIXED_PARTITION",
  "execution": "ONLINE_LIVE_SOLVE",
  "request_source": "CURRENT_WORKER_CALL",
  "previous_answers_loaded": false,
  "ids": [
    0,
    1,
    2,
    3,
    4,
    5,
    6,
    7,
    8,
    9,
    10,
    11,
    12,
    13,
    14,
    15,
    16,
    17,
    18,
    19,
    20,
    21,
    22,
    23,
    24,
    25,
    26,
    27,
    28,
    29,
    30,
    31
  ],
  "steps": 20,
  "original": false,
  "diagnostic": true,
  "audit_steps": [
    1,
    2,
    60,
    100,
    119,
    120
  ],
  "task_steps": null,
  "max_group": 32,
  "max_wait_s": 0.02,
  "delays": null,
  "select_newest": false,
  "start_ns": 2372683132067273,
  "end_ns": 2373209861590894,
  "wall_s": 526.729523621,
  "cpu_start_ns": 2057373947,
  "cpu_end_ns": 528368672672,
  "cpu_s": 526.311298725,
  "successful_tasks": 32,
  "accepted_lane_steps": 640,
  "successful_lane_steps": 640,
  "task_statuses": {
    "0": "FINISHED",
    "1": "FINISHED",
    "2": "FINISHED",
    "3": "FINISHED",
    "4": "FINISHED",
    "5": "FINISHED",
    "6": "FINISHED",
    "7": "FINISHED",
    "8": "FINISHED",
    "9": "FINISHED",
    "10": "FINISHED",
    "11": "FINISHED",
    "12": "FINISHED",
    "13": "FINISHED",
    "14": "FINISHED",
    "15": "FINISHED",
    "16": "FINISHED",
    "17": "FINISHED",
    "18": "FINISHED",
    "19": "FINISHED",
    "20": "FINISHED",
    "21": "FINISHED",
    "22": "FINISHED",
    "23": "FINISHED",
    "24": "FINISHED",
    "25": "FINISHED",
    "26": "FINISHED",
    "27": "FINISHED",
    "28": "FINISHED",
    "29": "FINISHED",
    "30": "FINISHED",
    "31": "FINISHED"
  },
  "counts": {
    "submitted": 106919,
    "groups": 32218,
    "flush_timeout": 31369,
    "external_table_fallback_requests": 0,
    "gpu_completed_requests": 106919,
    "returned": 106919,
    "status_ok": 106919,
    "flush_all_waiting": 849
  },
  "startup": {
    "reused": true,
    "build": {
      "nvrtc_path": "/srv/local/shengenli/miniforge3/envs/py11/lib/python3.11/site-packages/nvidia/cuda_nvrtc/lib/libnvrtc.so.12",
      "nvrtc_version": [
        12,
        1
      ],
      "flags": [
        "--std=c++14",
        "--gpu-architecture=compute_70",
        "--fmad=false",
        "--ftz=false",
        "--prec-div=true",
        "--prec-sqrt=true"
      ],
      "source_sha256": "30c64bbb8d4fc8569b553c8fcf7fdc677e4c4ee946b3714a8d6c75ba55d5d779",
      "ptx_sha256": "1bd68940987154f246f36a6cb1eccdb5eaf9f855f00e9ebe3ee095e6c0c3cc90",
      "compile_and_load_s": 0.15457948902621865,
      "compiler_log": "",
      "device": "cuda:0",
      "device_name": "Tesla V100-SXM2-16GB",
      "capability": [
        7,
        0
      ]
    },
    "stream": 139466462001952,
    "wall_s": 0.000128158
  },
  "peak_rss_kib": 2155956,
  "rss_scope": "process lifetime high-water mark",
  "affinity": [
    2
  ],
  "torch_threads": 1,
  "torch_interop_threads": 1,
  "peak_gpu_allocated_bytes": 16384,
  "gpu_memory_scope": "process lifetime Torch allocator high-water mark",
  "torch_version": "2.5.1+cu121",
  "python": "3.11.15 | packaged by conda-forge | (main, Mar  5 2026, 16:45:40) [GCC 14.3.0]",
  "imported_core": "/srv/local/shengenli/live_range_solver_20260909T053007Z/repo/src/torch_tm_flowpipe/__init__.py",
  "source_sha": "ef4e2f0c17518a4c4989071a596cd8631235c5ea",
  "checkpoint": null,
  "partition_sha256": "717897f2b615832ce61be0d60c1aa59833ea896bcf1cfbebfb3771ba539cd6d0",
  "throughput": 1.215044859457132,
  "cold_startup_outside_timing": {
    "reused": false,
    "build": {
      "nvrtc_path": "/srv/local/shengenli/miniforge3/envs/py11/lib/python3.11/site-packages/nvidia/cuda_nvrtc/lib/libnvrtc.so.12",
      "nvrtc_version": [
        12,
        1
      ],
      "flags": [
        "--std=c++14",
        "--gpu-architecture=compute_70",
        "--fmad=false",
        "--ftz=false",
        "--prec-div=true",
        "--prec-sqrt=true"
      ],
      "source_sha256": "30c64bbb8d4fc8569b553c8fcf7fdc677e4c4ee946b3714a8d6c75ba55d5d779",
      "ptx_sha256": "1bd68940987154f246f36a6cb1eccdb5eaf9f855f00e9ebe3ee095e6c0c3cc90",
      "compile_and_load_s": 0.15457948902621865,
      "compiler_log": "",
      "device": "cuda:0",
      "device_name": "Tesla V100-SXM2-16GB",
      "capability": [
        7,
        0
      ]
    },
    "primitive_bounds": [
      [
        "0x1.0000000000000p-1",
        "0x1.0000000000001p-1",
        "0x0.0p+0",
        "0x0.0000000000001p-1022"
      ],
      [
        "0x1.fffffffffffffp-2",
        "0x1.0000000000000p-1",
        "-0x0.0000000000001p-1022",
        "-0x0.0p+0"
      ],
      [
        "0x1.67e9c127b6e74p-531",
        "0x1.67e9c127b6e74p-531",
        "0x0.00000000007e8p-1022",
        "0x0.00000000007e9p-1022"
      ],
      [
        "-0x0.0p+0",
        "0x0.0p+0",
        "-0x0.00000000007e9p-1022",
        "-0x0.00000000007e8p-1022"
      ],
      [
        "0x1.0000000000000p+0",
        "0x1.0000000000001p+0",
        "0x0.0000000000001p-1022",
        "0x0.0000000000001p-1022"
      ],
      [
        "-0x0.0p+0",
        "0x0.0p+0",
        "-0x1.3e9e4e4c2f345p+199",
        "-0x1.3e9e4e4c2f344p+199"
      ]
    ],
    "pow3_bounds": [
      "0x1.a6c505176d241p+28",
      "0x1.a6c505176d243p+28"
    ],
    "stream": 139466462002080,
    "wall_s": 0.411531643
  },
  "serialization_s": 32.053391290362924,
  "files": {
    "lifecycle.jsonl.gz": "9eeb289bba692698790c4dcefa32ba39eeb2e4c100cdb99627ffbb56127c3954",
    "run.json.gz": "46df075ea74c228028d15194537e5e34c08e25eeddd1006ae59af4d8f82ed57a"
  }
}
