{
  "schema": "live-range-solver-run-v1",
  "run_id": "small-b2-van_der_pol-Q",
  "plant": "van_der_pol",
  "route": "Q",
  "scope": "FIXED_PARTITION",
  "execution": "ONLINE_LIVE_SOLVE",
  "request_source": "CURRENT_WORKER_CALL",
  "previous_answers_loaded": false,
  "ids": [
    0,
    31
  ],
  "steps": 2,
  "original": false,
  "diagnostic": true,
  "audit_steps": [
    1,
    2,
    60,
    100,
    119,
    120
  ],
  "task_steps": null,
  "max_group": 32,
  "max_wait_s": 0.02,
  "delays": null,
  "select_newest": false,
  "start_ns": 2368916686849570,
  "end_ns": 2368919116057244,
  "wall_s": 2.429207674,
  "cpu_start_ns": 1659164856,
  "cpu_end_ns": 4085581039,
  "cpu_s": 2.426416183,
  "successful_tasks": 2,
  "accepted_lane_steps": 4,
  "successful_lane_steps": 4,
  "task_statuses": {
    "0": "FINISHED",
    "31": "FINISHED"
  },
  "counts": {
    "submitted": 430,
    "groups": 383,
    "flush_all_waiting": 382,
    "external_table_fallback_requests": 0,
    "returned": 430,
    "status_ok": 430,
    "flush_timeout": 1
  },
  "startup": {
    "wall_s": 4.104e-06
  },
  "peak_rss_kib": 459752,
  "rss_scope": "process lifetime high-water mark",
  "affinity": [
    2
  ],
  "torch_threads": 1,
  "torch_interop_threads": 1,
  "peak_gpu_allocated_bytes": 0,
  "gpu_memory_scope": "process lifetime Torch allocator high-water mark",
  "torch_version": "2.5.1+cu121",
  "python": "3.11.15 | packaged by conda-forge | (main, Mar  5 2026, 16:45:40) [GCC 14.3.0]",
  "imported_core": "/srv/local/shengenli/live_range_solver_20260909T053007Z/repo/src/torch_tm_flowpipe/__init__.py",
  "source_sha": "ef4e2f0c17518a4c4989071a596cd8631235c5ea",
  "checkpoint": null,
  "partition_sha256": "717897f2b615832ce61be0d60c1aa59833ea896bcf1cfbebfb3771ba539cd6d0",
  "throughput": 1.6466274344562275,
  "cold_startup_outside_timing": null,
  "serialization_s": 0.14768805913627148,
  "files": {
    "lifecycle.jsonl.gz": "b0e2bd3b638827d675bdc0921a01b25f16d6cc0fbc8c2b7eb1d651c37bafc5e3",
    "run.json.gz": "0f2368a854e6dfb125ca8a2c728bc4446e4c6821f648b88363c4d0038caefabf"
  }
}
