{
  "schema": "live-range-solver-run-v1",
  "run_id": "small-b1-brusselator-Q",
  "plant": "brusselator",
  "route": "Q",
  "scope": "FIXED_PARTITION",
  "execution": "ONLINE_LIVE_SOLVE",
  "request_source": "CURRENT_WORKER_CALL",
  "previous_answers_loaded": false,
  "ids": [
    0
  ],
  "steps": 2,
  "original": false,
  "diagnostic": true,
  "audit_steps": [
    1,
    2,
    60,
    100,
    119,
    120
  ],
  "task_steps": null,
  "max_group": 32,
  "max_wait_s": 0.02,
  "delays": null,
  "select_newest": false,
  "start_ns": 2368899463363023,
  "end_ns": 2368901316530447,
  "wall_s": 1.853167424,
  "cpu_start_ns": 1644678299,
  "cpu_end_ns": 3496559553,
  "cpu_s": 1.851881254,
  "successful_tasks": 1,
  "accepted_lane_steps": 2,
  "successful_lane_steps": 2,
  "task_statuses": {
    "0": "FINISHED"
  },
  "counts": {
    "submitted": 294,
    "groups": 294,
    "flush_all_waiting": 294,
    "external_table_fallback_requests": 0,
    "returned": 294,
    "status_ok": 294
  },
  "startup": {
    "wall_s": 3.455e-06
  },
  "peak_rss_kib": 456236,
  "rss_scope": "process lifetime high-water mark",
  "affinity": [
    2
  ],
  "torch_threads": 1,
  "torch_interop_threads": 1,
  "peak_gpu_allocated_bytes": 0,
  "gpu_memory_scope": "process lifetime Torch allocator high-water mark",
  "torch_version": "2.5.1+cu121",
  "python": "3.11.15 | packaged by conda-forge | (main, Mar  5 2026, 16:45:40) [GCC 14.3.0]",
  "imported_core": "/srv/local/shengenli/live_range_solver_20260909T053007Z/repo/src/torch_tm_flowpipe/__init__.py",
  "source_sha": "ef4e2f0c17518a4c4989071a596cd8631235c5ea",
  "checkpoint": null,
  "partition_sha256": "717897f2b615832ce61be0d60c1aa59833ea896bcf1cfbebfb3771ba539cd6d0",
  "throughput": 1.0792333029916243,
  "cold_startup_outside_timing": null,
  "serialization_s": 0.10171651002019644,
  "files": {
    "lifecycle.jsonl.gz": "31dd979019575191729e34d7a706c2f77ea46893f965d76ab7b22aa62782ec57",
    "run.json.gz": "ae74df2c6241f8cf0759234be73f4dfe2e6bf0e949c5c8cffd05c2a26ff8bbfe"
  }
}
