{
  "schema": "live-range-solver-run-v1",
  "run_id": "small-b2-brusselator-Q",
  "plant": "brusselator",
  "route": "Q",
  "scope": "FIXED_PARTITION",
  "execution": "ONLINE_LIVE_SOLVE",
  "request_source": "CURRENT_WORKER_CALL",
  "previous_answers_loaded": false,
  "ids": [
    0,
    31
  ],
  "steps": 2,
  "original": false,
  "diagnostic": true,
  "audit_steps": [
    1,
    2,
    60,
    100,
    119,
    120
  ],
  "task_steps": null,
  "max_group": 32,
  "max_wait_s": 0.02,
  "delays": null,
  "select_newest": false,
  "start_ns": 2368936988821134,
  "end_ns": 2368940738122476,
  "wall_s": 3.749301342,
  "cpu_start_ns": 1729485896,
  "cpu_end_ns": 5475121622,
  "cpu_s": 3.745635726,
  "successful_tasks": 2,
  "accepted_lane_steps": 4,
  "successful_lane_steps": 4,
  "task_statuses": {
    "0": "FINISHED",
    "31": "FINISHED"
  },
  "counts": {
    "submitted": 588,
    "groups": 562,
    "flush_all_waiting": 561,
    "external_table_fallback_requests": 0,
    "returned": 588,
    "status_ok": 588,
    "flush_timeout": 1
  },
  "startup": {
    "wall_s": 4.66e-06
  },
  "peak_rss_kib": 464564,
  "rss_scope": "process lifetime high-water mark",
  "affinity": [
    2
  ],
  "torch_threads": 1,
  "torch_interop_threads": 1,
  "peak_gpu_allocated_bytes": 0,
  "gpu_memory_scope": "process lifetime Torch allocator high-water mark",
  "torch_version": "2.5.1+cu121",
  "python": "3.11.15 | packaged by conda-forge | (main, Mar  5 2026, 16:45:40) [GCC 14.3.0]",
  "imported_core": "/srv/local/shengenli/live_range_solver_20260909T053007Z/repo/src/torch_tm_flowpipe/__init__.py",
  "source_sha": "ef4e2f0c17518a4c4989071a596cd8631235c5ea",
  "checkpoint": null,
  "partition_sha256": "717897f2b615832ce61be0d60c1aa59833ea896bcf1cfbebfb3771ba539cd6d0",
  "throughput": 1.0668654330852663,
  "cold_startup_outside_timing": null,
  "serialization_s": 0.20281244721263647,
  "files": {
    "lifecycle.jsonl.gz": "0a3fcd77afdc6a759884b377e3ce4fe57c16a71275b674a87afd4d084de604b7",
    "run.json.gz": "30a58586cbf4bb388d26c8607de53dfceee5160c1ad3032b81f161aefbfdf69b"
  }
}
