{
  "schema": "live-range-solver-run-v1",
  "run_id": "small-b1-brusselator-S",
  "plant": "brusselator",
  "route": "S",
  "scope": "FIXED_PARTITION",
  "execution": "SERIAL_LIVE_SOLVE",
  "request_source": "CURRENT_WORKER_CALL",
  "previous_answers_loaded": false,
  "ids": [
    0
  ],
  "steps": 2,
  "original": false,
  "diagnostic": true,
  "audit_steps": [
    1,
    2,
    60,
    100,
    119,
    120
  ],
  "task_steps": null,
  "max_group": 32,
  "max_wait_s": 0.02,
  "delays": null,
  "select_newest": false,
  "start_ns": 2368895620231224,
  "end_ns": 2368897421805247,
  "wall_s": 1.801574023,
  "cpu_start_ns": 1644735533,
  "cpu_end_ns": 3443832544,
  "cpu_s": 1.799097011,
  "successful_tasks": 1,
  "accepted_lane_steps": 2,
  "successful_lane_steps": 2,
  "task_statuses": {
    "0": "FINISHED"
  },
  "counts": {
    "submitted": 294,
    "returned": 294,
    "status_ok": 294
  },
  "startup": {},
  "peak_rss_kib": 455660,
  "rss_scope": "process lifetime high-water mark",
  "affinity": [
    2
  ],
  "torch_threads": 1,
  "torch_interop_threads": 1,
  "peak_gpu_allocated_bytes": 0,
  "gpu_memory_scope": "process lifetime Torch allocator high-water mark",
  "torch_version": "2.5.1+cu121",
  "python": "3.11.15 | packaged by conda-forge | (main, Mar  5 2026, 16:45:40) [GCC 14.3.0]",
  "imported_core": "/srv/local/shengenli/live_range_solver_20260909T053007Z/repo/src/torch_tm_flowpipe/__init__.py",
  "source_sha": "ef4e2f0c17518a4c4989071a596cd8631235c5ea",
  "checkpoint": null,
  "partition_sha256": "717897f2b615832ce61be0d60c1aa59833ea896bcf1cfbebfb3771ba539cd6d0",
  "throughput": 1.1101403408723551,
  "cold_startup_outside_timing": null,
  "serialization_s": 0.09853251604363322,
  "files": {
    "lifecycle.jsonl.gz": "0105a15e478a598e6571562078a0461321319e9dd141cd4b131b25ee43dc36b2",
    "run.json.gz": "a3745d588ba457fbe0b25a793bcf26a431b52cfd859f18bc11c447d28456330e"
  }
}
