{
  "schema": "live-range-solver-run-v1",
  "run_id": "split-2-part3-van_der_pol-Q",
  "plant": "van_der_pol",
  "route": "Q",
  "scope": "FIXED_PARTITION",
  "execution": "ONLINE_LIVE_SOLVE",
  "request_source": "CURRENT_WORKER_CALL",
  "previous_answers_loaded": false,
  "ids": [
    24,
    28
  ],
  "steps": 2,
  "original": false,
  "diagnostic": true,
  "audit_steps": [
    1,
    2,
    60,
    100,
    119,
    120
  ],
  "task_steps": null,
  "max_group": 32,
  "max_wait_s": 0.02,
  "delays": null,
  "select_newest": false,
  "start_ns": 2374823837765686,
  "end_ns": 2374826331839699,
  "wall_s": 2.494074013,
  "cpu_start_ns": 1668688118,
  "cpu_end_ns": 4160010751,
  "cpu_s": 2.491322633,
  "successful_tasks": 2,
  "accepted_lane_steps": 4,
  "successful_lane_steps": 4,
  "task_statuses": {
    "24": "FINISHED",
    "28": "FINISHED"
  },
  "counts": {
    "submitted": 430,
    "groups": 416,
    "flush_all_waiting": 410,
    "external_table_fallback_requests": 0,
    "returned": 430,
    "status_ok": 430,
    "flush_timeout": 6
  },
  "startup": {
    "wall_s": 4.049e-06
  },
  "peak_rss_kib": 459128,
  "rss_scope": "process lifetime high-water mark",
  "affinity": [
    2
  ],
  "torch_threads": 1,
  "torch_interop_threads": 1,
  "peak_gpu_allocated_bytes": 0,
  "gpu_memory_scope": "process lifetime Torch allocator high-water mark",
  "torch_version": "2.5.1+cu121",
  "python": "3.11.15 | packaged by conda-forge | (main, Mar  5 2026, 16:45:40) [GCC 14.3.0]",
  "imported_core": "/srv/local/shengenli/live_range_solver_20260909T053007Z/repo/src/torch_tm_flowpipe/__init__.py",
  "source_sha": "ef4e2f0c17518a4c4989071a596cd8631235c5ea",
  "checkpoint": null,
  "partition_sha256": "717897f2b615832ce61be0d60c1aa59833ea896bcf1cfbebfb3771ba539cd6d0",
  "throughput": 1.6038016430749764,
  "cold_startup_outside_timing": null,
  "serialization_s": 0.15406677080318332,
  "files": {
    "lifecycle.jsonl.gz": "e5f88d4c8c2a5c51f1ca9c59174fea2f813c4713104cb410ea46c6740641a4f9",
    "run.json.gz": "853cfe58bc7d91ee3d75433865c531d0ce352fb30ac8daec415efdc64a1e60ca"
  }
}
