{
  "schema": "live-range-solver-run-v1",
  "run_id": "split-4-part1-brusselator-Q",
  "plant": "brusselator",
  "route": "Q",
  "scope": "FIXED_PARTITION",
  "execution": "ONLINE_LIVE_SOLVE",
  "request_source": "CURRENT_WORKER_CALL",
  "previous_answers_loaded": false,
  "ids": [
    16,
    20,
    24,
    28
  ],
  "steps": 2,
  "original": false,
  "diagnostic": true,
  "audit_steps": [
    1,
    2,
    60,
    100,
    119,
    120
  ],
  "task_steps": null,
  "max_group": 32,
  "max_wait_s": 0.02,
  "delays": null,
  "select_newest": false,
  "start_ns": 2374950843788909,
  "end_ns": 2374957510056043,
  "wall_s": 6.666267134,
  "cpu_start_ns": 1649048449,
  "cpu_end_ns": 8311181239,
  "cpu_s": 6.66213279,
  "successful_tasks": 4,
  "accepted_lane_steps": 8,
  "successful_lane_steps": 8,
  "task_statuses": {
    "16": "FINISHED",
    "20": "FINISHED",
    "24": "FINISHED",
    "28": "FINISHED"
  },
  "counts": {
    "submitted": 1176,
    "groups": 560,
    "flush_timeout": 9,
    "external_table_fallback_requests": 0,
    "returned": 1176,
    "status_ok": 1176,
    "flush_all_waiting": 551
  },
  "startup": {
    "wall_s": 3.644e-06
  },
  "peak_rss_kib": 481932,
  "rss_scope": "process lifetime high-water mark",
  "affinity": [
    2
  ],
  "torch_threads": 1,
  "torch_interop_threads": 1,
  "peak_gpu_allocated_bytes": 0,
  "gpu_memory_scope": "process lifetime Torch allocator high-water mark",
  "torch_version": "2.5.1+cu121",
  "python": "3.11.15 | packaged by conda-forge | (main, Mar  5 2026, 16:45:40) [GCC 14.3.0]",
  "imported_core": "/srv/local/shengenli/live_range_solver_20260909T053007Z/repo/src/torch_tm_flowpipe/__init__.py",
  "source_sha": "ef4e2f0c17518a4c4989071a596cd8631235c5ea",
  "checkpoint": null,
  "partition_sha256": "717897f2b615832ce61be0d60c1aa59833ea896bcf1cfbebfb3771ba539cd6d0",
  "throughput": 1.2000719201901697,
  "cold_startup_outside_timing": null,
  "serialization_s": 0.37672552885487676,
  "files": {
    "lifecycle.jsonl.gz": "48b588fb9c34bb6004f87438849be346788d8e4c2d2c3f91a5ca6d29f8cff3e9",
    "run.json.gz": "068dda1dd0d717d43d65def72acd0bbc40fbba378f5ee9944e4aebc7b08db29b"
  }
}
