{
  "schema": "live-range-solver-run-v1",
  "run_id": "split-4-part0-brusselator-Q",
  "plant": "brusselator",
  "route": "Q",
  "scope": "FIXED_PARTITION",
  "execution": "ONLINE_LIVE_SOLVE",
  "request_source": "CURRENT_WORKER_CALL",
  "previous_answers_loaded": false,
  "ids": [
    0,
    4,
    8,
    12
  ],
  "steps": 2,
  "original": false,
  "diagnostic": true,
  "audit_steps": [
    1,
    2,
    60,
    100,
    119,
    120
  ],
  "task_steps": null,
  "max_group": 32,
  "max_wait_s": 0.02,
  "delays": null,
  "select_newest": false,
  "start_ns": 2374941350786476,
  "end_ns": 2374948450035760,
  "wall_s": 7.099249284,
  "cpu_start_ns": 1647498027,
  "cpu_end_ns": 8740837400,
  "cpu_s": 7.093339373,
  "successful_tasks": 4,
  "accepted_lane_steps": 8,
  "successful_lane_steps": 8,
  "task_statuses": {
    "0": "FINISHED",
    "4": "FINISHED",
    "8": "FINISHED",
    "12": "FINISHED"
  },
  "counts": {
    "submitted": 1176,
    "groups": 818,
    "flush_timeout": 44,
    "external_table_fallback_requests": 0,
    "returned": 1176,
    "status_ok": 1176,
    "flush_all_waiting": 774
  },
  "startup": {
    "wall_s": 3.876e-06
  },
  "peak_rss_kib": 480840,
  "rss_scope": "process lifetime high-water mark",
  "affinity": [
    2
  ],
  "torch_threads": 1,
  "torch_interop_threads": 1,
  "peak_gpu_allocated_bytes": 0,
  "gpu_memory_scope": "process lifetime Torch allocator high-water mark",
  "torch_version": "2.5.1+cu121",
  "python": "3.11.15 | packaged by conda-forge | (main, Mar  5 2026, 16:45:40) [GCC 14.3.0]",
  "imported_core": "/srv/local/shengenli/live_range_solver_20260909T053007Z/repo/src/torch_tm_flowpipe/__init__.py",
  "source_sha": "ef4e2f0c17518a4c4989071a596cd8631235c5ea",
  "checkpoint": null,
  "partition_sha256": "717897f2b615832ce61be0d60c1aa59833ea896bcf1cfbebfb3771ba539cd6d0",
  "throughput": 1.1268797136100117,
  "cold_startup_outside_timing": null,
  "serialization_s": 0.397842762991786,
  "files": {
    "lifecycle.jsonl.gz": "4e3eaffb6e0878c02025dfd3d65aca9e85a17d99c4919e4545d5e6ff1ad5bc9e",
    "run.json.gz": "2372bdd01a16c744445e882ccd95aafe6e3bc0619df10b6d21b40c3ad6d4bf06"
  }
}
