{
  "schema": "live-range-solver-run-v1",
  "run_id": "split-4-part0-van_der_pol-Q",
  "plant": "van_der_pol",
  "route": "Q",
  "scope": "FIXED_PARTITION",
  "execution": "ONLINE_LIVE_SOLVE",
  "request_source": "CURRENT_WORKER_CALL",
  "previous_answers_loaded": false,
  "ids": [
    0,
    4,
    8,
    12
  ],
  "steps": 2,
  "original": false,
  "diagnostic": true,
  "audit_steps": [
    1,
    2,
    60,
    100,
    119,
    120
  ],
  "task_steps": null,
  "max_group": 32,
  "max_wait_s": 0.02,
  "delays": null,
  "select_newest": false,
  "start_ns": 2374795856779394,
  "end_ns": 2374800440452670,
  "wall_s": 4.583673276,
  "cpu_start_ns": 1713640425,
  "cpu_end_ns": 6293809372,
  "cpu_s": 4.580168947,
  "successful_tasks": 4,
  "accepted_lane_steps": 8,
  "successful_lane_steps": 8,
  "task_statuses": {
    "0": "FINISHED",
    "4": "FINISHED",
    "8": "FINISHED",
    "12": "FINISHED"
  },
  "counts": {
    "submitted": 860,
    "groups": 495,
    "flush_all_waiting": 481,
    "external_table_fallback_requests": 0,
    "returned": 860,
    "status_ok": 860,
    "flush_timeout": 14
  },
  "startup": {
    "wall_s": 3.995e-06
  },
  "peak_rss_kib": 471204,
  "rss_scope": "process lifetime high-water mark",
  "affinity": [
    2
  ],
  "torch_threads": 1,
  "torch_interop_threads": 1,
  "peak_gpu_allocated_bytes": 0,
  "gpu_memory_scope": "process lifetime Torch allocator high-water mark",
  "torch_version": "2.5.1+cu121",
  "python": "3.11.15 | packaged by conda-forge | (main, Mar  5 2026, 16:45:40) [GCC 14.3.0]",
  "imported_core": "/srv/local/shengenli/live_range_solver_20260909T053007Z/repo/src/torch_tm_flowpipe/__init__.py",
  "source_sha": "ef4e2f0c17518a4c4989071a596cd8631235c5ea",
  "checkpoint": null,
  "partition_sha256": "717897f2b615832ce61be0d60c1aa59833ea896bcf1cfbebfb3771ba539cd6d0",
  "throughput": 1.7453250958980437,
  "cold_startup_outside_timing": null,
  "serialization_s": 0.28745719604194164,
  "files": {
    "lifecycle.jsonl.gz": "4790844c4f543e586b6a7c463cd82b3728ed2f909bce472cc598e21cc4ab9f06",
    "run.json.gz": "3495b69a645bbb6aea03a7489253979a6c9a4d21f05c574923e0fd91032be7b9"
  }
}
