{
  "schema": "live-range-solver-run-v1",
  "run_id": "split-2-part1-van_der_pol-Q",
  "plant": "van_der_pol",
  "route": "Q",
  "scope": "FIXED_PARTITION",
  "execution": "ONLINE_LIVE_SOLVE",
  "request_source": "CURRENT_WORKER_CALL",
  "previous_answers_loaded": false,
  "ids": [
    8,
    12
  ],
  "steps": 2,
  "original": false,
  "diagnostic": true,
  "audit_steps": [
    1,
    2,
    60,
    100,
    119,
    120
  ],
  "task_steps": null,
  "max_group": 32,
  "max_wait_s": 0.02,
  "delays": null,
  "select_newest": false,
  "start_ns": 2374814670837228,
  "end_ns": 2374817147918674,
  "wall_s": 2.477081446,
  "cpu_start_ns": 1787735461,
  "cpu_end_ns": 4261810114,
  "cpu_s": 2.474074653,
  "successful_tasks": 2,
  "accepted_lane_steps": 4,
  "successful_lane_steps": 4,
  "task_statuses": {
    "8": "FINISHED",
    "12": "FINISHED"
  },
  "counts": {
    "submitted": 430,
    "groups": 411,
    "flush_all_waiting": 403,
    "external_table_fallback_requests": 0,
    "returned": 430,
    "status_ok": 430,
    "flush_timeout": 8
  },
  "startup": {
    "wall_s": 3.969e-06
  },
  "peak_rss_kib": 459196,
  "rss_scope": "process lifetime high-water mark",
  "affinity": [
    2
  ],
  "torch_threads": 1,
  "torch_interop_threads": 1,
  "peak_gpu_allocated_bytes": 0,
  "gpu_memory_scope": "process lifetime Torch allocator high-water mark",
  "torch_version": "2.5.1+cu121",
  "python": "3.11.15 | packaged by conda-forge | (main, Mar  5 2026, 16:45:40) [GCC 14.3.0]",
  "imported_core": "/srv/local/shengenli/live_range_solver_20260909T053007Z/repo/src/torch_tm_flowpipe/__init__.py",
  "source_sha": "ef4e2f0c17518a4c4989071a596cd8631235c5ea",
  "checkpoint": null,
  "partition_sha256": "717897f2b615832ce61be0d60c1aa59833ea896bcf1cfbebfb3771ba539cd6d0",
  "throughput": 1.6148035852673372,
  "cold_startup_outside_timing": null,
  "serialization_s": 0.15224929712712765,
  "files": {
    "lifecycle.jsonl.gz": "8e68a42c6f9963ba51899a1680d307ee72750b110692932e8e33fc2b88f650db",
    "run.json.gz": "6d63601edfe434e34552a86783574edf294b1d6d1f14f2377d3a66df4c93fd7b"
  }
}
