{
  "schema": "live-range-solver-run-v1",
  "run_id": "split-2-part0-van_der_pol-Q",
  "plant": "van_der_pol",
  "route": "Q",
  "scope": "FIXED_PARTITION",
  "execution": "ONLINE_LIVE_SOLVE",
  "request_source": "CURRENT_WORKER_CALL",
  "previous_answers_loaded": false,
  "ids": [
    0,
    4
  ],
  "steps": 2,
  "original": false,
  "diagnostic": true,
  "audit_steps": [
    1,
    2,
    60,
    100,
    119,
    120
  ],
  "task_steps": null,
  "max_group": 32,
  "max_wait_s": 0.02,
  "delays": null,
  "select_newest": false,
  "start_ns": 2374809958806678,
  "end_ns": 2374812422895989,
  "wall_s": 2.464089311,
  "cpu_start_ns": 1650023036,
  "cpu_end_ns": 4112298613,
  "cpu_s": 2.462275577,
  "successful_tasks": 2,
  "accepted_lane_steps": 4,
  "successful_lane_steps": 4,
  "task_statuses": {
    "0": "FINISHED",
    "4": "FINISHED"
  },
  "counts": {
    "submitted": 430,
    "groups": 396,
    "flush_all_waiting": 393,
    "external_table_fallback_requests": 0,
    "returned": 430,
    "status_ok": 430,
    "flush_timeout": 3
  },
  "startup": {
    "wall_s": 3.95e-06
  },
  "peak_rss_kib": 459180,
  "rss_scope": "process lifetime high-water mark",
  "affinity": [
    2
  ],
  "torch_threads": 1,
  "torch_interop_threads": 1,
  "peak_gpu_allocated_bytes": 0,
  "gpu_memory_scope": "process lifetime Torch allocator high-water mark",
  "torch_version": "2.5.1+cu121",
  "python": "3.11.15 | packaged by conda-forge | (main, Mar  5 2026, 16:45:40) [GCC 14.3.0]",
  "imported_core": "/srv/local/shengenli/live_range_solver_20260909T053007Z/repo/src/torch_tm_flowpipe/__init__.py",
  "source_sha": "ef4e2f0c17518a4c4989071a596cd8631235c5ea",
  "checkpoint": null,
  "partition_sha256": "717897f2b615832ce61be0d60c1aa59833ea896bcf1cfbebfb3771ba539cd6d0",
  "throughput": 1.6233177840362785,
  "cold_startup_outside_timing": null,
  "serialization_s": 0.14976754784584045,
  "files": {
    "lifecycle.jsonl.gz": "d4d9af2d0e8ca64630b4de4220f15fa4192bbc9f7047d78d851f261ff42a4ad9",
    "run.json.gz": "226a41996b3f65d43f998001780fc0db4ee0db52bc03543f06a78a4168db471e"
  }
}
