{
  "schema": "live-range-solver-run-v1",
  "run_id": "split-2-part2-van_der_pol-Q",
  "plant": "van_der_pol",
  "route": "Q",
  "scope": "FIXED_PARTITION",
  "execution": "ONLINE_LIVE_SOLVE",
  "request_source": "CURRENT_WORKER_CALL",
  "previous_answers_loaded": false,
  "ids": [
    16,
    20
  ],
  "steps": 2,
  "original": false,
  "diagnostic": true,
  "audit_steps": [
    1,
    2,
    60,
    100,
    119,
    120
  ],
  "task_steps": null,
  "max_group": 32,
  "max_wait_s": 0.02,
  "delays": null,
  "select_newest": false,
  "start_ns": 2374819265846268,
  "end_ns": 2374821703513233,
  "wall_s": 2.437666965,
  "cpu_start_ns": 1655838885,
  "cpu_end_ns": 4091578505,
  "cpu_s": 2.43573962,
  "successful_tasks": 2,
  "accepted_lane_steps": 4,
  "successful_lane_steps": 4,
  "task_statuses": {
    "16": "FINISHED",
    "20": "FINISHED"
  },
  "counts": {
    "submitted": 430,
    "groups": 390,
    "flush_all_waiting": 389,
    "external_table_fallback_requests": 0,
    "returned": 430,
    "status_ok": 430,
    "flush_timeout": 1
  },
  "startup": {
    "wall_s": 4.57e-06
  },
  "peak_rss_kib": 460112,
  "rss_scope": "process lifetime high-water mark",
  "affinity": [
    2
  ],
  "torch_threads": 1,
  "torch_interop_threads": 1,
  "peak_gpu_allocated_bytes": 0,
  "gpu_memory_scope": "process lifetime Torch allocator high-water mark",
  "torch_version": "2.5.1+cu121",
  "python": "3.11.15 | packaged by conda-forge | (main, Mar  5 2026, 16:45:40) [GCC 14.3.0]",
  "imported_core": "/srv/local/shengenli/live_range_solver_20260909T053007Z/repo/src/torch_tm_flowpipe/__init__.py",
  "source_sha": "ef4e2f0c17518a4c4989071a596cd8631235c5ea",
  "checkpoint": null,
  "partition_sha256": "717897f2b615832ce61be0d60c1aa59833ea896bcf1cfbebfb3771ba539cd6d0",
  "throughput": 1.6409132409931149,
  "cold_startup_outside_timing": null,
  "serialization_s": 0.15015002386644483,
  "files": {
    "lifecycle.jsonl.gz": "bf288f75ba92dbd165e6161c390659e244fa7c54d05c804fa18fe4bd9945f83f",
    "run.json.gz": "7ec7626180db98a71b682108963f54b9a85769ad8ef0e09848c023e50b3ee525"
  }
}
