{
  "schema": "live-range-solver-run-v1",
  "run_id": "split-2-part0-brusselator-Q",
  "plant": "brusselator",
  "route": "Q",
  "scope": "FIXED_PARTITION",
  "execution": "ONLINE_LIVE_SOLVE",
  "request_source": "CURRENT_WORKER_CALL",
  "previous_answers_loaded": false,
  "ids": [
    0,
    4
  ],
  "steps": 2,
  "original": false,
  "diagnostic": true,
  "audit_steps": [
    1,
    2,
    60,
    100,
    119,
    120
  ],
  "task_steps": null,
  "max_group": 32,
  "max_wait_s": 0.02,
  "delays": null,
  "select_newest": false,
  "start_ns": 2374959945831132,
  "end_ns": 2374963616553906,
  "wall_s": 3.670722774,
  "cpu_start_ns": 1705792978,
  "cpu_end_ns": 5374078194,
  "cpu_s": 3.668285216,
  "successful_tasks": 2,
  "accepted_lane_steps": 4,
  "successful_lane_steps": 4,
  "task_statuses": {
    "0": "FINISHED",
    "4": "FINISHED"
  },
  "counts": {
    "submitted": 588,
    "groups": 551,
    "flush_all_waiting": 547,
    "external_table_fallback_requests": 0,
    "returned": 588,
    "status_ok": 588,
    "flush_timeout": 4
  },
  "startup": {
    "wall_s": 4.178e-06
  },
  "peak_rss_kib": 465780,
  "rss_scope": "process lifetime high-water mark",
  "affinity": [
    2
  ],
  "torch_threads": 1,
  "torch_interop_threads": 1,
  "peak_gpu_allocated_bytes": 0,
  "gpu_memory_scope": "process lifetime Torch allocator high-water mark",
  "torch_version": "2.5.1+cu121",
  "python": "3.11.15 | packaged by conda-forge | (main, Mar  5 2026, 16:45:40) [GCC 14.3.0]",
  "imported_core": "/srv/local/shengenli/live_range_solver_20260909T053007Z/repo/src/torch_tm_flowpipe/__init__.py",
  "source_sha": "ef4e2f0c17518a4c4989071a596cd8631235c5ea",
  "checkpoint": null,
  "partition_sha256": "717897f2b615832ce61be0d60c1aa59833ea896bcf1cfbebfb3771ba539cd6d0",
  "throughput": 1.0897036486471532,
  "cold_startup_outside_timing": null,
  "serialization_s": 0.2041702507995069,
  "files": {
    "lifecycle.jsonl.gz": "c87a7dd60a85f812f69d29ab0e188cd62cc41b9aa7d6afb544af34a23dda75f4",
    "run.json.gz": "7ec53831de2cbc7471ad91e7b83681eef7c1bcad1906e7a16b7b15cbadc54682"
  }
}
