{
  "schema": "live-range-solver-run-v1",
  "run_id": "split-1-part0-brusselator-Q",
  "plant": "brusselator",
  "route": "Q",
  "scope": "FIXED_PARTITION",
  "execution": "ONLINE_LIVE_SOLVE",
  "request_source": "CURRENT_WORKER_CALL",
  "previous_answers_loaded": false,
  "ids": [
    0
  ],
  "steps": 2,
  "original": false,
  "diagnostic": true,
  "audit_steps": [
    1,
    2,
    60,
    100,
    119,
    120
  ],
  "task_steps": null,
  "max_group": 32,
  "max_wait_s": 0.02,
  "delays": null,
  "select_newest": false,
  "start_ns": 2374983563790214,
  "end_ns": 2374985429575283,
  "wall_s": 1.865785069,
  "cpu_start_ns": 1657469311,
  "cpu_end_ns": 3521894246,
  "cpu_s": 1.864424935,
  "successful_tasks": 1,
  "accepted_lane_steps": 2,
  "successful_lane_steps": 2,
  "task_statuses": {
    "0": "FINISHED"
  },
  "counts": {
    "submitted": 294,
    "groups": 294,
    "flush_all_waiting": 294,
    "external_table_fallback_requests": 0,
    "returned": 294,
    "status_ok": 294
  },
  "startup": {
    "wall_s": 3.88e-06
  },
  "peak_rss_kib": 456084,
  "rss_scope": "process lifetime high-water mark",
  "affinity": [
    2
  ],
  "torch_threads": 1,
  "torch_interop_threads": 1,
  "peak_gpu_allocated_bytes": 0,
  "gpu_memory_scope": "process lifetime Torch allocator high-water mark",
  "torch_version": "2.5.1+cu121",
  "python": "3.11.15 | packaged by conda-forge | (main, Mar  5 2026, 16:45:40) [GCC 14.3.0]",
  "imported_core": "/srv/local/shengenli/live_range_solver_20260909T053007Z/repo/src/torch_tm_flowpipe/__init__.py",
  "source_sha": "ef4e2f0c17518a4c4989071a596cd8631235c5ea",
  "checkpoint": null,
  "partition_sha256": "717897f2b615832ce61be0d60c1aa59833ea896bcf1cfbebfb3771ba539cd6d0",
  "throughput": 1.0719348295953162,
  "cold_startup_outside_timing": null,
  "serialization_s": 0.10240625822916627,
  "files": {
    "lifecycle.jsonl.gz": "4337799b7ae0b1ac3f5771c4d438d4d7f8d5605047f7ec04e5aa13f19cb0bd38",
    "run.json.gz": "c9b3696531d35d6885880b1ee37bbd35e7a25c2ec8b70819874e1953f82cb78e"
  }
}
