{
  "schema": "live-range-solver-run-v1",
  "run_id": "split-1-part3-van_der_pol-Q",
  "plant": "van_der_pol",
  "route": "Q",
  "scope": "FIXED_PARTITION",
  "execution": "ONLINE_LIVE_SOLVE",
  "request_source": "CURRENT_WORKER_CALL",
  "previous_answers_loaded": false,
  "ids": [
    12
  ],
  "steps": 2,
  "original": false,
  "diagnostic": true,
  "audit_steps": [
    1,
    2,
    60,
    100,
    119,
    120
  ],
  "task_steps": null,
  "max_group": 32,
  "max_wait_s": 0.02,
  "delays": null,
  "select_newest": false,
  "start_ns": 2374838212927689,
  "end_ns": 2374839427776513,
  "wall_s": 1.214848824,
  "cpu_start_ns": 1634784127,
  "cpu_end_ns": 2848673986,
  "cpu_s": 1.213889859,
  "successful_tasks": 1,
  "accepted_lane_steps": 2,
  "successful_lane_steps": 2,
  "task_statuses": {
    "12": "FINISHED"
  },
  "counts": {
    "submitted": 215,
    "groups": 215,
    "flush_all_waiting": 215,
    "external_table_fallback_requests": 0,
    "returned": 215,
    "status_ok": 215
  },
  "startup": {
    "wall_s": 3.513e-06
  },
  "peak_rss_kib": 453596,
  "rss_scope": "process lifetime high-water mark",
  "affinity": [
    2
  ],
  "torch_threads": 1,
  "torch_interop_threads": 1,
  "peak_gpu_allocated_bytes": 0,
  "gpu_memory_scope": "process lifetime Torch allocator high-water mark",
  "torch_version": "2.5.1+cu121",
  "python": "3.11.15 | packaged by conda-forge | (main, Mar  5 2026, 16:45:40) [GCC 14.3.0]",
  "imported_core": "/srv/local/shengenli/live_range_solver_20260909T053007Z/repo/src/torch_tm_flowpipe/__init__.py",
  "source_sha": "ef4e2f0c17518a4c4989071a596cd8631235c5ea",
  "checkpoint": null,
  "partition_sha256": "717897f2b615832ce61be0d60c1aa59833ea896bcf1cfbebfb3771ba539cd6d0",
  "throughput": 1.6462953747733142,
  "cold_startup_outside_timing": null,
  "serialization_s": 0.07551355380564928,
  "files": {
    "lifecycle.jsonl.gz": "6c606287f0431a69e069adc5892a3e08213bf43a54cf2db3fe396076c0da5b30",
    "run.json.gz": "00e0bd8c9733d02dcb1b4adc0f57e48842efd36a2eebfd11f925f45354c63b0f"
  }
}
