{
  "schema": "live-range-solver-run-v1",
  "run_id": "split-2-part2-brusselator-Q",
  "plant": "brusselator",
  "route": "Q",
  "scope": "FIXED_PARTITION",
  "execution": "ONLINE_LIVE_SOLVE",
  "request_source": "CURRENT_WORKER_CALL",
  "previous_answers_loaded": false,
  "ids": [
    16,
    20
  ],
  "steps": 2,
  "original": false,
  "diagnostic": true,
  "audit_steps": [
    1,
    2,
    60,
    100,
    119,
    120
  ],
  "task_steps": null,
  "max_group": 32,
  "max_wait_s": 0.02,
  "delays": null,
  "select_newest": false,
  "start_ns": 2374971769811844,
  "end_ns": 2374975508867098,
  "wall_s": 3.739055254,
  "cpu_start_ns": 1646839567,
  "cpu_end_ns": 5383283292,
  "cpu_s": 3.736443725,
  "successful_tasks": 2,
  "accepted_lane_steps": 4,
  "successful_lane_steps": 4,
  "task_statuses": {
    "16": "FINISHED",
    "20": "FINISHED"
  },
  "counts": {
    "submitted": 588,
    "groups": 572,
    "flush_all_waiting": 567,
    "external_table_fallback_requests": 0,
    "returned": 588,
    "status_ok": 588,
    "flush_timeout": 5
  },
  "startup": {
    "wall_s": 3.768e-06
  },
  "peak_rss_kib": 464700,
  "rss_scope": "process lifetime high-water mark",
  "affinity": [
    2
  ],
  "torch_threads": 1,
  "torch_interop_threads": 1,
  "peak_gpu_allocated_bytes": 0,
  "gpu_memory_scope": "process lifetime Torch allocator high-water mark",
  "torch_version": "2.5.1+cu121",
  "python": "3.11.15 | packaged by conda-forge | (main, Mar  5 2026, 16:45:40) [GCC 14.3.0]",
  "imported_core": "/srv/local/shengenli/live_range_solver_20260909T053007Z/repo/src/torch_tm_flowpipe/__init__.py",
  "source_sha": "ef4e2f0c17518a4c4989071a596cd8631235c5ea",
  "checkpoint": null,
  "partition_sha256": "717897f2b615832ce61be0d60c1aa59833ea896bcf1cfbebfb3771ba539cd6d0",
  "throughput": 1.0697889515595802,
  "cold_startup_outside_timing": null,
  "serialization_s": 0.20511468220502138,
  "files": {
    "lifecycle.jsonl.gz": "f92f6ad931e510e4c73db70795979050df294896dabc411f69dbef86b2e3e0d0",
    "run.json.gz": "8a4b031666c9511c4bc0a41b5d4adb31ad4679093143d5f2ec0b1dd7f42a12e8"
  }
}
