Step 0
AIRPLANE_PICARD	0	old_lo=-0.01	old_hi=0.01	base_lo=-0.0044644886137174536	base_hi=0.0044819617679772335	diff_lo=-5.025683573004858e-18	diff_hi=6.0640913586892101e-18	new_lo=-0.0044644886137174588	new_hi=0.0044819617679772395	subset=1
AIRPLANE_PICARD	1	old_lo=-0.01	old_hi=0.01	base_lo=-0.004126672585608393	base_hi=0.0041116206647861062	diff_lo=-5.2756687907162882e-18	diff_hi=5.2437614435814878e-18	new_lo=-0.0041266725856083991	new_hi=0.0041116206647861123	subset=1
AIRPLANE_PICARD	2	old_lo=-0.01	old_hi=0.01	base_lo=-0.002597005481838127	base_hi=0.0025634202496511108	diff_lo=-2.8156366127518616e-18	diff_hi=4.1045430942965359e-18	new_lo=-0.00259700548183813	new_hi=0.0025634202496511152	subset=1
AIRPLANE_PICARD	3	old_lo=-0.01	old_hi=0.01	base_lo=-0.0005808355247502009	base_hi=0.00058078528528477888	diff_lo=-2.8636815141425137e-19	diff_hi=2.4980295609822182e-18	new_lo=-0.00058083552475020122	new_hi=0.00058078528528478148	subset=1
AIRPLANE_PICARD	4	old_lo=-0.01	old_hi=0.01	base_lo=-0.00068702836025505561	base_hi=0.00069356472728735385	diff_lo=-8.0357942522368865e-19	diff_hi=9.5465857441467986e-18	new_lo=-0.00068702836025505648	new_hi=0.0006935647272873635	subset=1
AIRPLANE_PICARD	5	old_lo=-0.01	old_hi=0.01	base_lo=-0.00071173561273917083	base_hi=0.00071856857827454971	diff_lo=-8.2658879740904492e-19	diff_hi=5.1993687133489196e-18	new_lo=-0.0007117356127391717	new_hi=0.00071856857827455492	subset=1
AIRPLANE_PICARD	6	old_lo=-0.01	old_hi=0.01	base_lo=-0.00038924647862740523	base_hi=0.00038872646781433446	diff_lo=-4.3324718812520764e-20	diff_hi=4.7488055154865106e-20	new_lo=-0.00038924647862740528	new_hi=0.00038872646781433452	subset=1
AIRPLANE_PICARD	7	old_lo=-0.01	old_hi=0.01	base_lo=-0.00036766190697401843	base_hi=0.0003676799877468943	diff_lo=-4.302114220422482e-20	diff_hi=4.5796699765787713e-20	new_lo=-0.00036766190697401849	new_hi=0.00036767998774689436	subset=1
AIRPLANE_PICARD	8	old_lo=-0.01	old_hi=0.01	base_lo=-0.00032423772760870046	base_hi=0.00032382809401888883	diff_lo=-5.4643789493269448e-20	diff_hi=5.7419347054832335e-20	new_lo=-0.00032423772760870056	new_hi=0.00032382809401888894	subset=1
AIRPLANE_PICARD	9	old_lo=-0.01	old_hi=0.01	base_lo=-0.0001	base_hi=0.0001	diff_lo=0	diff_hi=0	new_lo=-0.0001	new_hi=0.0001	subset=1
AIRPLANE_PICARD	10	old_lo=-0.01	old_hi=0.01	base_lo=-0.0001	base_hi=0.0001	diff_lo=0	diff_hi=0	new_lo=-0.0001	new_hi=0.0001	subset=1
AIRPLANE_PICARD	11	old_lo=-0.01	old_hi=0.01	base_lo=-0.0001	base_hi=0.0001	diff_lo=0	diff_hi=0	new_lo=-0.0001	new_hi=0.0001	subset=1
AIRPLANE_PICARD	12	old_lo=-0.01	old_hi=0.01	base_lo=-0	base_hi=0	diff_lo=0	diff_hi=0	new_lo=-0	new_hi=0	subset=1
AIRPLANE_PICARD	13	old_lo=-0.01	old_hi=0.01	base_lo=-0	base_hi=0	diff_lo=0	diff_hi=0	new_lo=-0	new_hi=0	subset=1
AIRPLANE_PICARD	14	old_lo=-0.01	old_hi=0.01	base_lo=-0	base_hi=0	diff_lo=0	diff_hi=0	new_lo=-0	new_hi=0	subset=1
AIRPLANE_PICARD	15	old_lo=-0.01	old_hi=0.01	base_lo=-0	base_hi=0	diff_lo=0	diff_hi=0	new_lo=-0	new_hi=0	subset=1
AIRPLANE_PICARD	16	old_lo=-0.01	old_hi=0.01	base_lo=-0	base_hi=0	diff_lo=0	diff_hi=0	new_lo=-0	new_hi=0	subset=1
AIRPLANE_PICARD	17	old_lo=-0.01	old_hi=0.01	base_lo=-0	base_hi=0	diff_lo=0	diff_hi=0	new_lo=-0	new_hi=0	subset=1
AIRPLANE_PICARD	18	old_lo=-0.01	old_hi=0.01	base_lo=-0	base_hi=0	diff_lo=0	diff_hi=0	new_lo=-0	new_hi=0	subset=1
PERIOD 0 FLOWPIPES 1 STATUS 3 BOX_SAFE 0
DIAGNOSTIC_COMPLETED_CALLS 0/1
FLOWPIPE_SEGMENTS 1
UNKNOWN
time cost: 0.796000
