Step 0
AIRPLANE_PICARD	0	old_lo=-0.01	old_hi=0.01	base_lo=-0.0049560999840058302	base_hi=0.0049858629080116674	diff_lo=-6.4265583595476103e-18	diff_hi=8.6192303294652244e-18	new_lo=-0.0049560999840058372	new_hi=0.004985862908011676	subset=1
AIRPLANE_PICARD	1	old_lo=-0.01	old_hi=0.01	base_lo=-0.0045577079593875662	base_hi=0.0045474082061773002	diff_lo=-6.5274915102738467e-18	diff_hi=5.4780115628834926e-18	new_lo=-0.0045577079593875731	new_hi=0.0045474082061773063	subset=1
AIRPLANE_PICARD	2	old_lo=-0.01	old_hi=0.01	base_lo=-0.0027886287461445546	base_hi=0.002755216525804897	diff_lo=-5.337415694602522e-18	diff_hi=3.2751972430430028e-18	new_lo=-0.0027886287461445602	new_hi=0.0027552165258049005	subset=1
AIRPLANE_PICARD	3	old_lo=-0.01	old_hi=0.01	base_lo=-0.00058678755752773141	base_hi=0.00058672537692294865	diff_lo=-2.7772228960998294e-19	diff_hi=9.1941176894039266e-18	new_lo=-0.00058678755752773174	new_hi=0.00058672537692295787	subset=1
AIRPLANE_PICARD	4	old_lo=-0.01	old_hi=0.01	base_lo=-0.00073766542929331333	base_hi=0.0007426392149657362	diff_lo=-9.9857622171128958e-18	diff_hi=1.0696166174994919e-18	new_lo=-0.00073766542929332342	new_hi=0.00074263921496573728	subset=1
AIRPLANE_PICARD	5	old_lo=-0.01	old_hi=0.01	base_lo=-0.00078490958395968343	base_hi=0.00078999104125310107	diff_lo=-4.8229753524253747e-18	diff_hi=5.236366895644553e-19	new_lo=-0.00078490958395968831	new_hi=0.00078999104125310161	subset=1
AIRPLANE_PICARD	6	old_lo=-0.01	old_hi=0.01	base_lo=-0.0010591330617040055	base_hi=0.001043913523205093	diff_lo=-1.9081958235744885e-19	diff_hi=1.5196177649556837e-19	new_lo=-0.0010591330617040057	new_hi=0.0010439135232050932	subset=1
AIRPLANE_PICARD	7	old_lo=-0.01	old_hi=0.01	base_lo=-0.00076242904155002797	base_hi=0.00075895828721995009	diff_lo=-7.0776717819853759e-20	diff_hi=7.6327832942979544e-20	new_lo=-0.00076242904155002808	new_hi=0.0007589582872199502	subset=1
AIRPLANE_PICARD	8	old_lo=-0.01	old_hi=0.01	base_lo=-0.00073274344083848854	base_hi=0.00071823558702156917	diff_lo=-1.5820678100908486e-19	diff_hi=1.3600232051658172e-19	new_lo=-0.00073274344083848876	new_hi=0.00071823558702156939	subset=1
AIRPLANE_PICARD	9	old_lo=-0.01	old_hi=0.01	base_lo=-0.0001	base_hi=0.0001	diff_lo=0	diff_hi=0	new_lo=-0.0001	new_hi=0.0001	subset=1
AIRPLANE_PICARD	10	old_lo=-0.01	old_hi=0.01	base_lo=-0.0001	base_hi=0.0001	diff_lo=0	diff_hi=0	new_lo=-0.0001	new_hi=0.0001	subset=1
AIRPLANE_PICARD	11	old_lo=-0.01	old_hi=0.01	base_lo=-0.0001	base_hi=0.0001	diff_lo=0	diff_hi=0	new_lo=-0.0001	new_hi=0.0001	subset=1
AIRPLANE_PICARD	12	old_lo=-0.01	old_hi=0.01	base_lo=-0	base_hi=0	diff_lo=0	diff_hi=0	new_lo=-0	new_hi=0	subset=1
AIRPLANE_PICARD	13	old_lo=-0.01	old_hi=0.01	base_lo=-0	base_hi=0	diff_lo=0	diff_hi=0	new_lo=-0	new_hi=0	subset=1
AIRPLANE_PICARD	14	old_lo=-0.01	old_hi=0.01	base_lo=-0	base_hi=0	diff_lo=0	diff_hi=0	new_lo=-0	new_hi=0	subset=1
AIRPLANE_PICARD	15	old_lo=-0.01	old_hi=0.01	base_lo=-0	base_hi=0	diff_lo=0	diff_hi=0	new_lo=-0	new_hi=0	subset=1
AIRPLANE_PICARD	16	old_lo=-0.01	old_hi=0.01	base_lo=-0	base_hi=0	diff_lo=0	diff_hi=0	new_lo=-0	new_hi=0	subset=1
AIRPLANE_PICARD	17	old_lo=-0.01	old_hi=0.01	base_lo=-0	base_hi=0	diff_lo=0	diff_hi=0	new_lo=-0	new_hi=0	subset=1
AIRPLANE_PICARD	18	old_lo=-0.01	old_hi=0.01	base_lo=-0	base_hi=0	diff_lo=0	diff_hi=0	new_lo=-0	new_hi=0	subset=1
PERIOD 0 FLOWPIPES 1 STATUS 3 BOX_SAFE 0
DIAGNOSTIC_COMPLETED_CALLS 0/1
FLOWPIPE_SEGMENTS 1
UNKNOWN
time cost: 0.798000
