In file included from /srv/local/shengenli/miniforge3/envs/py11/include/python3.11/Python.h:12,
                 from /tmp/tmpsreylpi_/cuda_utils.c:5:
/srv/local/shengenli/miniforge3/envs/py11/include/python3.11/pyconfig.h:1793:9: warning: ‘_POSIX_C_SOURCE’ redefined
 1793 | #define _POSIX_C_SOURCE 200809L
      |         ^~~~~~~~~~~~~~~
In file included from /usr/include/x86_64-linux-gnu/bits/libc-header-start.h:33,
                 from /usr/include/stdlib.h:26,
                 from /srv/local/shengenli/native_envs/crownreach28/lib/python3.11/site-packages/triton/backends/nvidia/include/cuda.h:56,
                 from /tmp/tmpsreylpi_/cuda_utils.c:1:
/usr/include/features.h:319:10: note: this is the location of the previous definition
  319 | # define _POSIX_C_SOURCE        202405L
      |          ^~~~~~~~~~~~~~~
In file included from /srv/local/shengenli/miniforge3/envs/py11/include/python3.11/Python.h:12,
                 from /tmp/tmpc7clw5gv/__triton_launcher.c:4:
/srv/local/shengenli/miniforge3/envs/py11/include/python3.11/pyconfig.h:1793:9: warning: ‘_POSIX_C_SOURCE’ redefined
 1793 | #define _POSIX_C_SOURCE 200809L
      |         ^~~~~~~~~~~~~~~
In file included from /usr/include/x86_64-linux-gnu/bits/libc-header-start.h:33,
                 from /usr/include/stdlib.h:26,
                 from /srv/local/shengenli/native_envs/crownreach28/lib/python3.11/site-packages/triton/backends/nvidia/include/cuda.h:56,
                 from /tmp/tmpc7clw5gv/__triton_launcher.c:2:
/usr/include/features.h:319:10: note: this is the location of the previous definition
  319 | # define _POSIX_C_SOURCE        202405L
      |          ^~~~~~~~~~~~~~~
In file included from /srv/local/shengenli/miniforge3/envs/py11/include/python3.11/Python.h:12,
                 from /tmp/tmpl6xiorbc/__triton_launcher.c:4:
/srv/local/shengenli/miniforge3/envs/py11/include/python3.11/pyconfig.h:1793:9: warning: ‘_POSIX_C_SOURCE’ redefined
 1793 | #define _POSIX_C_SOURCE 200809L
      |         ^~~~~~~~~~~~~~~
In file included from /usr/include/x86_64-linux-gnu/bits/libc-header-start.h:33,
                 from /usr/include/stdlib.h:26,
                 from /srv/local/shengenli/native_envs/crownreach28/lib/python3.11/site-packages/triton/backends/nvidia/include/cuda.h:56,
                 from /tmp/tmpl6xiorbc/__triton_launcher.c:2:
/usr/include/features.h:319:10: note: this is the location of the previous definition
  319 | # define _POSIX_C_SOURCE        202405L
      |          ^~~~~~~~~~~~~~~
In file included from /srv/local/shengenli/miniforge3/envs/py11/include/python3.11/Python.h:12,
                 from /tmp/tmp2edrbhdu/__triton_launcher.c:4:
/srv/local/shengenli/miniforge3/envs/py11/include/python3.11/pyconfig.h:1793:9: warning: ‘_POSIX_C_SOURCE’ redefined
 1793 | #define _POSIX_C_SOURCE 200809L
      |         ^~~~~~~~~~~~~~~
In file included from /usr/include/x86_64-linux-gnu/bits/libc-header-start.h:33,
                 from /usr/include/stdlib.h:26,
                 from /srv/local/shengenli/native_envs/crownreach28/lib/python3.11/site-packages/triton/backends/nvidia/include/cuda.h:56,
                 from /tmp/tmp2edrbhdu/__triton_launcher.c:2:
/usr/include/features.h:319:10: note: this is the location of the previous definition
  319 | # define _POSIX_C_SOURCE        202405L
      |          ^~~~~~~~~~~~~~~
In file included from /srv/local/shengenli/miniforge3/envs/py11/include/python3.11/Python.h:12,
                 from /tmp/tmpaj_90w4u/__triton_launcher.c:4:
/srv/local/shengenli/miniforge3/envs/py11/include/python3.11/pyconfig.h:1793:9: warning: ‘_POSIX_C_SOURCE’ redefined
 1793 | #define _POSIX_C_SOURCE 200809L
      |         ^~~~~~~~~~~~~~~
In file included from /usr/include/x86_64-linux-gnu/bits/libc-header-start.h:33,
                 from /usr/include/stdlib.h:26,
                 from /srv/local/shengenli/native_envs/crownreach28/lib/python3.11/site-packages/triton/backends/nvidia/include/cuda.h:56,
                 from /tmp/tmpaj_90w4u/__triton_launcher.c:2:
/usr/include/features.h:319:10: note: this is the location of the previous definition
  319 | # define _POSIX_C_SOURCE        202405L
      |          ^~~~~~~~~~~~~~~
skipping cudagraphs due to skipping cudagraphs due to cpu device (arg18_1)
In file included from /srv/local/shengenli/miniforge3/envs/py11/include/python3.11/Python.h:12,
                 from /tmp/tmpksdbkozh/__triton_launcher.c:4:
/srv/local/shengenli/miniforge3/envs/py11/include/python3.11/pyconfig.h:1793:9: warning: ‘_POSIX_C_SOURCE’ redefined
 1793 | #define _POSIX_C_SOURCE 200809L
      |         ^~~~~~~~~~~~~~~
In file included from /usr/include/x86_64-linux-gnu/bits/libc-header-start.h:33,
                 from /usr/include/stdlib.h:26,
                 from /srv/local/shengenli/native_envs/crownreach28/lib/python3.11/site-packages/triton/backends/nvidia/include/cuda.h:56,
                 from /tmp/tmpksdbkozh/__triton_launcher.c:2:
/usr/include/features.h:319:10: note: this is the location of the previous definition
  319 | # define _POSIX_C_SOURCE        202405L
      |          ^~~~~~~~~~~~~~~
In file included from /srv/local/shengenli/miniforge3/envs/py11/include/python3.11/Python.h:12,
                 from /tmp/tmpyi_alfev/__triton_launcher.c:4:
/srv/local/shengenli/miniforge3/envs/py11/include/python3.11/pyconfig.h:1793:9: warning: ‘_POSIX_C_SOURCE’ redefined
 1793 | #define _POSIX_C_SOURCE 200809L
      |         ^~~~~~~~~~~~~~~
In file included from /usr/include/x86_64-linux-gnu/bits/libc-header-start.h:33,
                 from /usr/include/stdlib.h:26,
                 from /srv/local/shengenli/native_envs/crownreach28/lib/python3.11/site-packages/triton/backends/nvidia/include/cuda.h:56,
                 from /tmp/tmpyi_alfev/__triton_launcher.c:2:
/usr/include/features.h:319:10: note: this is the location of the previous definition
  319 | # define _POSIX_C_SOURCE        202405L
      |          ^~~~~~~~~~~~~~~
In file included from /srv/local/shengenli/miniforge3/envs/py11/include/python3.11/Python.h:12,
                 from /tmp/tmpowukoxlh/__triton_launcher.c:4:
/srv/local/shengenli/miniforge3/envs/py11/include/python3.11/pyconfig.h:1793:9: warning: ‘_POSIX_C_SOURCE’ redefined
 1793 | #define _POSIX_C_SOURCE 200809L
      |         ^~~~~~~~~~~~~~~
In file included from /usr/include/x86_64-linux-gnu/bits/libc-header-start.h:33,
                 from /usr/include/stdlib.h:26,
                 from /srv/local/shengenli/native_envs/crownreach28/lib/python3.11/site-packages/triton/backends/nvidia/include/cuda.h:56,
                 from /tmp/tmpowukoxlh/__triton_launcher.c:2:
/usr/include/features.h:319:10: note: this is the location of the previous definition
  319 | # define _POSIX_C_SOURCE        202405L
      |          ^~~~~~~~~~~~~~~
In file included from /srv/local/shengenli/miniforge3/envs/py11/include/python3.11/Python.h:12,
                 from /tmp/tmpp43ie33r/__triton_launcher.c:4:
/srv/local/shengenli/miniforge3/envs/py11/include/python3.11/pyconfig.h:1793:9: warning: ‘_POSIX_C_SOURCE’ redefined
 1793 | #define _POSIX_C_SOURCE 200809L
      |         ^~~~~~~~~~~~~~~
In file included from /usr/include/x86_64-linux-gnu/bits/libc-header-start.h:33,
                 from /usr/include/stdlib.h:26,
                 from /srv/local/shengenli/native_envs/crownreach28/lib/python3.11/site-packages/triton/backends/nvidia/include/cuda.h:56,
                 from /tmp/tmpp43ie33r/__triton_launcher.c:2:
/usr/include/features.h:319:10: note: this is the location of the previous definition
  319 | # define _POSIX_C_SOURCE        202405L
      |          ^~~~~~~~~~~~~~~
skipping cudagraphs due to skipping cudagraphs due to cpu device (arg17_1)
Traceback (most recent call last):
  File "/home/xiangru4/CROWN-Reach_Development/experiments/remainder_ablation/run_s0_tora_static_partition_sweep.py", line 1394, in <module>
    main()
  File "/home/xiangru4/CROWN-Reach_Development/experiments/remainder_ablation/run_s0_tora_static_partition_sweep.py", line 1343, in main
    payload = run(args)
              ^^^^^^^^^
  File "/home/xiangru4/CROWN-Reach_Development/experiments/remainder_ablation/run_s0_tora_static_partition_sweep.py", line 895, in run
    response = worker.control(boundary_cpu)
               ^^^^^^^^^^^^^^^^^^^^^^^^^^^^
  File "/home/xiangru4/CROWN-Reach_Development/experiments/remainder_ablation/autolirpa_controller_worker.py", line 75, in control
    arrays, bound_timing = self.backend.bound(boundary)
                           ^^^^^^^^^^^^^^^^^^^^^^^^^^^^
  File "/home/xiangru4/CROWN-Reach_Development/experiments/remainder_ablation/run_c2_autolirpa_feasibility.py", line 237, in bound
    raise ValueError(
ValueError: persistent batch is 12, got 24
