{"run_id": "small-b1-van_der_pol-S", "timing": {"service_s": 0.28858682600000013, "gpu_dispatched": 0, "dispatched": 215}, "arithmetic": {"returned": 215, "status_ok": 215, "powers": 464, "terms": 766, "outputs": 215, "raw_requests": 215, "consumed": 215}, "accepted_lane_steps": 2, "successful_tasks": 1}
{"run_id": "small-b1-van_der_pol-Q", "timing": {"service_s": 0.288861984, "gpu_dispatched": 0, "dispatched": 215}, "arithmetic": {"returned": 215, "status_ok": 215, "powers": 464, "terms": 766, "outputs": 215, "raw_requests": 215, "consumed": 215}, "accepted_lane_steps": 2, "successful_tasks": 1}
{"run_id": "small-b1-van_der_pol-S_gpu", "timing": {"service_s": 0.19252393199999987, "gpu_dispatched": 215, "dispatched": 215}, "arithmetic": {"returned": 215, "status_ok": 215, "powers": 464, "terms": 766, "outputs": 215, "raw_requests": 215, "consumed": 215}, "accepted_lane_steps": 2, "successful_tasks": 1}
{"run_id": "small-b1-van_der_pol-G", "timing": {"service_s": 0.19786800699999998, "gpu_dispatched": 215, "dispatched": 215}, "arithmetic": {"returned": 215, "status_ok": 215, "powers": 464, "terms": 766, "outputs": 215, "raw_requests": 215, "consumed": 215}, "accepted_lane_steps": 2, "successful_tasks": 1}
{"run_id": "small-b1-brusselator-S", "timing": {"service_s": 0.4051730460000002, "gpu_dispatched": 0, "dispatched": 294}, "arithmetic": {"returned": 294, "status_ok": 294, "powers": 632, "terms": 1162, "outputs": 294, "raw_requests": 294, "consumed": 294}, "accepted_lane_steps": 2, "successful_tasks": 1}
{"run_id": "small-b1-brusselator-Q", "timing": {"service_s": 0.40559555, "gpu_dispatched": 0, "dispatched": 294}, "arithmetic": {"returned": 294, "status_ok": 294, "powers": 632, "terms": 1162, "outputs": 294, "raw_requests": 294, "consumed": 294}, "accepted_lane_steps": 2, "successful_tasks": 1}
{"run_id": "small-b1-brusselator-S_gpu", "timing": {"service_s": 0.26125083299999996, "gpu_dispatched": 294, "dispatched": 294}, "arithmetic": {"returned": 294, "status_ok": 294, "powers": 632, "terms": 1162, "outputs": 294, "raw_requests": 294, "consumed": 294}, "accepted_lane_steps": 2, "successful_tasks": 1}
{"run_id": "small-b1-brusselator-G", "timing": {"service_s": 0.26134521200000005, "gpu_dispatched": 294, "dispatched": 294}, "arithmetic": {"returned": 294, "status_ok": 294, "powers": 632, "terms": 1162, "outputs": 294, "raw_requests": 294, "consumed": 294}, "accepted_lane_steps": 2, "successful_tasks": 1}
{"run_id": "small-b2-van_der_pol-S", "timing": {"service_s": 0.5717515859999999, "gpu_dispatched": 0, "dispatched": 430}, "arithmetic": {"returned": 430, "status_ok": 430, "powers": 928, "terms": 1532, "outputs": 430, "raw_requests": 430, "consumed": 430}, "accepted_lane_steps": 4, "successful_tasks": 2}
{"run_id": "small-b2-van_der_pol-Q", "timing": {"service_s": 0.708608194, "gpu_dispatched": 0, "dispatched": 430}, "arithmetic": {"returned": 430, "status_ok": 430, "powers": 928, "terms": 1532, "outputs": 430, "raw_requests": 430, "consumed": 430}, "accepted_lane_steps": 4, "successful_tasks": 2}
{"run_id": "small-b2-van_der_pol-S_gpu", "timing": {"service_s": 0.3842456609999999, "gpu_dispatched": 430, "dispatched": 430}, "arithmetic": {"returned": 430, "status_ok": 430, "powers": 928, "terms": 1532, "outputs": 430, "raw_requests": 430, "consumed": 430}, "accepted_lane_steps": 4, "successful_tasks": 2}
{"run_id": "small-b2-van_der_pol-G", "timing": {"service_s": 0.640533887999999, "gpu_dispatched": 430, "dispatched": 430}, "arithmetic": {"returned": 430, "status_ok": 430, "powers": 928, "terms": 1532, "outputs": 430, "raw_requests": 430, "consumed": 430}, "accepted_lane_steps": 4, "successful_tasks": 2}
{"run_id": "small-b2-brusselator-S", "timing": {"service_s": 0.800084139, "gpu_dispatched": 0, "dispatched": 588}, "arithmetic": {"returned": 588, "status_ok": 588, "powers": 1264, "terms": 2324, "outputs": 588, "raw_requests": 588, "consumed": 588}, "accepted_lane_steps": 4, "successful_tasks": 2}
{"run_id": "small-b2-brusselator-Q", "timing": {"service_s": 1.100927462999999, "gpu_dispatched": 0, "dispatched": 588}, "arithmetic": {"returned": 588, "status_ok": 588, "powers": 1264, "terms": 2324, "outputs": 588, "raw_requests": 588, "consumed": 588}, "accepted_lane_steps": 4, "successful_tasks": 2}
{"run_id": "small-b2-brusselator-S_gpu", "timing": {"service_s": 0.521055083, "gpu_dispatched": 588, "dispatched": 588}, "arithmetic": {"returned": 588, "status_ok": 588, "powers": 1264, "terms": 2324, "outputs": 588, "raw_requests": 588, "consumed": 588}, "accepted_lane_steps": 4, "successful_tasks": 2}
{"run_id": "small-b2-brusselator-G", "timing": {"service_s": 0.8046164829999998, "gpu_dispatched": 588, "dispatched": 588}, "arithmetic": {"returned": 588, "status_ok": 588, "powers": 1264, "terms": 2324, "outputs": 588, "raw_requests": 588, "consumed": 588}, "accepted_lane_steps": 4, "successful_tasks": 2}
{"run_id": "prefix-b8-van_der_pol-S", "timing": {"service_s": 33.62392256499977, "gpu_dispatched": 0, "dispatched": 17675}, "arithmetic": {"returned": 17675, "status_ok": 17675, "powers": 3712, "terms": 6128, "outputs": 1720, "raw_requests": 1720, "consumed": 17675}, "accepted_lane_steps": 160, "successful_tasks": 8}
{"run_id": "prefix-b8-van_der_pol-Q", "timing": {"service_s": 65.81501632800003, "gpu_dispatched": 0, "dispatched": 17675}, "arithmetic": {"returned": 17675, "status_ok": 17675, "powers": 3712, "terms": 6128, "outputs": 1720, "raw_requests": 1720, "consumed": 17675}, "accepted_lane_steps": 160, "successful_tasks": 8}
{"run_id": "prefix-b8-van_der_pol-S_gpu", "timing": {"service_s": 13.813230197000092, "gpu_dispatched": 17675, "dispatched": 17675}, "arithmetic": {"returned": 17675, "status_ok": 17675, "powers": 3712, "terms": 6128, "outputs": 1720, "raw_requests": 1720, "consumed": 17675}, "accepted_lane_steps": 160, "successful_tasks": 8}
{"run_id": "prefix-b8-van_der_pol-G", "timing": {"service_s": 18.619256360999938, "gpu_dispatched": 17675, "dispatched": 17675}, "arithmetic": {"returned": 17675, "status_ok": 17675, "powers": 3712, "terms": 6128, "outputs": 1720, "raw_requests": 1720, "consumed": 17675}, "accepted_lane_steps": 160, "successful_tasks": 8}
{"run_id": "prefix-b8-brusselator-S", "timing": {"service_s": 50.40852095700038, "gpu_dispatched": 0, "dispatched": 26685}, "arithmetic": {"returned": 26685, "status_ok": 26685, "powers": 5056, "terms": 9296, "outputs": 2352, "raw_requests": 2352, "consumed": 26685}, "accepted_lane_steps": 160, "successful_tasks": 8}
{"run_id": "prefix-b8-brusselator-Q", "timing": {"service_s": 60.58336165399993, "gpu_dispatched": 0, "dispatched": 26685}, "arithmetic": {"returned": 26685, "status_ok": 26685, "powers": 5056, "terms": 9296, "outputs": 2352, "raw_requests": 2352, "consumed": 26685}, "accepted_lane_steps": 160, "successful_tasks": 8}
{"run_id": "prefix-b8-brusselator-S_gpu", "timing": {"service_s": 21.48570513299989, "gpu_dispatched": 26685, "dispatched": 26685}, "arithmetic": {"returned": 26685, "status_ok": 26685, "powers": 5056, "terms": 9296, "outputs": 2352, "raw_requests": 2352, "consumed": 26685}, "accepted_lane_steps": 160, "successful_tasks": 8}
{"run_id": "prefix-b8-brusselator-G", "timing": {"service_s": 24.83141121300006, "gpu_dispatched": 26685, "dispatched": 26685}, "arithmetic": {"returned": 26685, "status_ok": 26685, "powers": 5056, "terms": 9296, "outputs": 2352, "raw_requests": 2352, "consumed": 26685}, "accepted_lane_steps": 160, "successful_tasks": 8}
{"run_id": "prefix-b32-van_der_pol-S", "timing": {"service_s": 134.46606776400043, "gpu_dispatched": 0, "dispatched": 70704}, "arithmetic": {"returned": 70704, "status_ok": 70704, "powers": 14848, "terms": 24512, "outputs": 6880, "raw_requests": 6880, "consumed": 70704}, "accepted_lane_steps": 640, "successful_tasks": 32}
{"run_id": "prefix-b32-van_der_pol-Q", "timing": {"service_s": 348.78681814200127, "gpu_dispatched": 0, "dispatched": 70704}, "arithmetic": {"returned": 70704, "status_ok": 70704, "powers": 14848, "terms": 24512, "outputs": 6880, "raw_requests": 6880, "consumed": 70704}, "accepted_lane_steps": 640, "successful_tasks": 32}
{"run_id": "prefix-b32-van_der_pol-S_gpu", "timing": {"service_s": 6.306240262000014, "gpu_dispatched": 6880, "dispatched": 6880}, "arithmetic": {"returned": 6880, "status_ok": 6880, "powers": 14848, "terms": 24512, "outputs": 6880, "raw_requests": 6880, "consumed": 6880}, "accepted_lane_steps": 64, "successful_tasks": 32}
{"run_id": "prefix-b32-van_der_pol-G", "timing": {"service_s": 260.6384200269984, "gpu_dispatched": 70704, "dispatched": 70704}, "arithmetic": {"returned": 70704, "status_ok": 70704, "powers": 14848, "terms": 24512, "outputs": 6880, "raw_requests": 6880, "consumed": 70704}, "accepted_lane_steps": 640, "successful_tasks": 32}
{"run_id": "prefix-b32-brusselator-S", "timing": {"service_s": 201.28668887600023, "gpu_dispatched": 0, "dispatched": 106919}, "arithmetic": {"returned": 106919, "status_ok": 106919, "powers": 20224, "terms": 37184, "outputs": 9408, "raw_requests": 9408, "consumed": 106919}, "accepted_lane_steps": 640, "successful_tasks": 32}
{"run_id": "prefix-b32-brusselator-Q", "timing": {"service_s": 502.5185154979981, "gpu_dispatched": 0, "dispatched": 106919}, "arithmetic": {"returned": 106919, "status_ok": 106919, "powers": 20224, "terms": 37184, "outputs": 9408, "raw_requests": 9408, "consumed": 106919}, "accepted_lane_steps": 640, "successful_tasks": 32}
{"run_id": "prefix-b32-brusselator-S_gpu", "timing": {"service_s": 8.266707441999996, "gpu_dispatched": 9408, "dispatched": 9408}, "arithmetic": {"returned": 9408, "status_ok": 9408, "powers": 20224, "terms": 37184, "outputs": 9408, "raw_requests": 9408, "consumed": 9408}, "accepted_lane_steps": 64, "successful_tasks": 32}
{"run_id": "prefix-b32-brusselator-G", "timing": {"service_s": 239.2223501310011, "gpu_dispatched": 106919, "dispatched": 106919}, "arithmetic": {"returned": 106919, "status_ok": 106919, "powers": 20224, "terms": 37184, "outputs": 9408, "raw_requests": 9408, "consumed": 106919}, "accepted_lane_steps": 640, "successful_tasks": 32}
{"run_id": "long-b2-van_der_pol-S", "timing": {"service_s": 57.133213164999994, "gpu_dispatched": 0, "dispatched": 26655}, "arithmetic": {"returned": 26655, "status_ok": 26655, "powers": 4764, "terms": 7988, "outputs": 1321, "raw_requests": 1321, "consumed": 26655}, "accepted_lane_steps": 240, "successful_tasks": 2}
{"run_id": "long-b2-van_der_pol-Q", "timing": {"service_s": 69.8641497579994, "gpu_dispatched": 0, "dispatched": 26655}, "arithmetic": {"returned": 26655, "status_ok": 26655, "powers": 4764, "terms": 7988, "outputs": 1321, "raw_requests": 1321, "consumed": 26655}, "accepted_lane_steps": 240, "successful_tasks": 2}
{"run_id": "long-b2-van_der_pol-G", "timing": {"service_s": 31.361257534999773, "gpu_dispatched": 26655, "dispatched": 26655}, "arithmetic": {"returned": 26655, "status_ok": 26655, "powers": 4764, "terms": 7988, "outputs": 1321, "raw_requests": 1321, "consumed": 26655}, "accepted_lane_steps": 240, "successful_tasks": 2}
{"run_id": "long-b2-brusselator-S", "timing": {"service_s": 73.47040163400037, "gpu_dispatched": 0, "dispatched": 35122}, "arithmetic": {"returned": 35122, "status_ok": 35122, "powers": 5208, "terms": 9674, "outputs": 1540, "raw_requests": 1540, "consumed": 35122}, "accepted_lane_steps": 240, "successful_tasks": 2}
{"run_id": "long-b2-brusselator-Q", "timing": {"service_s": 94.7888272149997, "gpu_dispatched": 0, "dispatched": 35122}, "arithmetic": {"returned": 35122, "status_ok": 35122, "powers": 5208, "terms": 9674, "outputs": 1540, "raw_requests": 1540, "consumed": 35122}, "accepted_lane_steps": 240, "successful_tasks": 2}
{"run_id": "long-b2-brusselator-G", "timing": {"service_s": 42.28517612300033, "gpu_dispatched": 35122, "dispatched": 35122}, "arithmetic": {"returned": 35122, "status_ok": 35122, "powers": 5208, "terms": 9674, "outputs": 1540, "raw_requests": 1540, "consumed": 35122}, "accepted_lane_steps": 240, "successful_tasks": 2}
{"run_id": "history-van_der_pol-S", "timing": {"service_s": 0.9055070090000001, "gpu_dispatched": 0, "dispatched": 338}, "arithmetic": {"returned": 338, "status_ok": 338, "powers": 1204, "terms": 2326, "outputs": 220, "raw_requests": 220, "consumed": 338}, "accepted_lane_steps": 3, "successful_tasks": 1}
{"run_id": "history-van_der_pol-Q", "timing": {"service_s": 0.9217889289999998, "gpu_dispatched": 0, "dispatched": 338}, "arithmetic": {"returned": 338, "status_ok": 338, "powers": 1204, "terms": 2326, "outputs": 220, "raw_requests": 220, "consumed": 338}, "accepted_lane_steps": 3, "successful_tasks": 1}
{"run_id": "history-van_der_pol-S_gpu", "timing": {"service_s": 0.2894438859999999, "gpu_dispatched": 338, "dispatched": 338}, "arithmetic": {"returned": 338, "status_ok": 338, "powers": 1204, "terms": 2326, "outputs": 220, "raw_requests": 220, "consumed": 338}, "accepted_lane_steps": 3, "successful_tasks": 1}
{"run_id": "history-van_der_pol-G", "timing": {"service_s": 0.3000828089999998, "gpu_dispatched": 338, "dispatched": 338}, "arithmetic": {"returned": 338, "status_ok": 338, "powers": 1204, "terms": 2326, "outputs": 220, "raw_requests": 220, "consumed": 338}, "accepted_lane_steps": 3, "successful_tasks": 1}
{"run_id": "original-van_der_pol-S", "timing": {"service_s": 5.229650520000003, "gpu_dispatched": 0, "dispatched": 2223}, "arithmetic": {"returned": 2223, "status_ok": 2223, "powers": 523, "terms": 949, "outputs": 218, "raw_requests": 218, "consumed": 2223}, "accepted_lane_steps": 20, "successful_tasks": 1}
{"run_id": "original-van_der_pol-G", "timing": {"service_s": 1.8105175730000036, "gpu_dispatched": 2223, "dispatched": 2223}, "arithmetic": {"returned": 2223, "status_ok": 2223, "powers": 523, "terms": 949, "outputs": 218, "raw_requests": 218, "consumed": 2223}, "accepted_lane_steps": 20, "successful_tasks": 1}
{"run_id": "history-brusselator-S", "timing": {"service_s": 1.4150118740000004, "gpu_dispatched": 0, "dispatched": 424}, "arithmetic": {"returned": 424, "status_ok": 424, "powers": 1880, "terms": 3928, "outputs": 280, "raw_requests": 280, "consumed": 424}, "accepted_lane_steps": 3, "successful_tasks": 1}
{"run_id": "history-brusselator-Q", "timing": {"service_s": 1.412407272, "gpu_dispatched": 0, "dispatched": 424}, "arithmetic": {"returned": 424, "status_ok": 424, "powers": 1880, "terms": 3928, "outputs": 280, "raw_requests": 280, "consumed": 424}, "accepted_lane_steps": 3, "successful_tasks": 1}
{"run_id": "history-brusselator-S_gpu", "timing": {"service_s": 0.37254327399999987, "gpu_dispatched": 424, "dispatched": 424}, "arithmetic": {"returned": 424, "status_ok": 424, "powers": 1880, "terms": 3928, "outputs": 280, "raw_requests": 280, "consumed": 424}, "accepted_lane_steps": 3, "successful_tasks": 1}
{"run_id": "history-brusselator-G", "timing": {"service_s": 0.3827186299999999, "gpu_dispatched": 424, "dispatched": 424}, "arithmetic": {"returned": 424, "status_ok": 424, "powers": 1880, "terms": 3928, "outputs": 280, "raw_requests": 280, "consumed": 424}, "accepted_lane_steps": 3, "successful_tasks": 1}
{"run_id": "original-brusselator-S", "timing": {"service_s": 13.113467852000012, "gpu_dispatched": 0, "dispatched": 4968}, "arithmetic": {"returned": 4968, "status_ok": 4968, "powers": 1294, "terms": 2526, "outputs": 450, "raw_requests": 450, "consumed": 4968}, "accepted_lane_steps": 20, "successful_tasks": 1}
{"run_id": "original-brusselator-G", "timing": {"service_s": 4.170904536999995, "gpu_dispatched": 4968, "dispatched": 4968}, "arithmetic": {"returned": 4968, "status_ok": 4968, "powers": 1294, "terms": 2526, "outputs": 450, "raw_requests": 450, "consumed": 4968}, "accepted_lane_steps": 20, "successful_tasks": 1}
{"run_id": "split-4-part0-van_der_pol-Q", "timing": {"service_s": 1.0256987230000008, "gpu_dispatched": 0, "dispatched": 860}, "arithmetic": {"returned": 860, "status_ok": 860, "powers": 1856, "terms": 3064, "outputs": 860, "raw_requests": 860, "consumed": 860}, "accepted_lane_steps": 8, "successful_tasks": 4}
{"run_id": "split-4-part1-van_der_pol-Q", "timing": {"service_s": 1.4202918300000003, "gpu_dispatched": 0, "dispatched": 860}, "arithmetic": {"returned": 860, "status_ok": 860, "powers": 1856, "terms": 3064, "outputs": 860, "raw_requests": 860, "consumed": 860}, "accepted_lane_steps": 8, "successful_tasks": 4}
{"run_id": "split-2-part0-van_der_pol-Q", "timing": {"service_s": 0.7854083120000003, "gpu_dispatched": 0, "dispatched": 430}, "arithmetic": {"returned": 430, "status_ok": 430, "powers": 928, "terms": 1532, "outputs": 430, "raw_requests": 430, "consumed": 430}, "accepted_lane_steps": 4, "successful_tasks": 2}
{"run_id": "split-2-part1-van_der_pol-Q", "timing": {"service_s": 0.8556205949999998, "gpu_dispatched": 0, "dispatched": 430}, "arithmetic": {"returned": 430, "status_ok": 430, "powers": 928, "terms": 1532, "outputs": 430, "raw_requests": 430, "consumed": 430}, "accepted_lane_steps": 4, "successful_tasks": 2}
{"run_id": "split-2-part2-van_der_pol-Q", "timing": {"service_s": 0.7930537880000004, "gpu_dispatched": 0, "dispatched": 430}, "arithmetic": {"returned": 430, "status_ok": 430, "powers": 928, "terms": 1532, "outputs": 430, "raw_requests": 430, "consumed": 430}, "accepted_lane_steps": 4, "successful_tasks": 2}
{"run_id": "split-2-part3-van_der_pol-Q", "timing": {"service_s": 0.8606550509999993, "gpu_dispatched": 0, "dispatched": 430}, "arithmetic": {"returned": 430, "status_ok": 430, "powers": 928, "terms": 1532, "outputs": 430, "raw_requests": 430, "consumed": 430}, "accepted_lane_steps": 4, "successful_tasks": 2}
{"run_id": "split-1-part0-van_der_pol-Q", "timing": {"service_s": 0.29202748400000006, "gpu_dispatched": 0, "dispatched": 215}, "arithmetic": {"returned": 215, "status_ok": 215, "powers": 464, "terms": 766, "outputs": 215, "raw_requests": 215, "consumed": 215}, "accepted_lane_steps": 2, "successful_tasks": 1}
{"run_id": "split-1-part1-van_der_pol-Q", "timing": {"service_s": 0.2897886719999999, "gpu_dispatched": 0, "dispatched": 215}, "arithmetic": {"returned": 215, "status_ok": 215, "powers": 464, "terms": 766, "outputs": 215, "raw_requests": 215, "consumed": 215}, "accepted_lane_steps": 2, "successful_tasks": 1}
{"run_id": "split-1-part2-van_der_pol-Q", "timing": {"service_s": 0.2867933280000002, "gpu_dispatched": 0, "dispatched": 215}, "arithmetic": {"returned": 215, "status_ok": 215, "powers": 464, "terms": 766, "outputs": 215, "raw_requests": 215, "consumed": 215}, "accepted_lane_steps": 2, "successful_tasks": 1}
{"run_id": "split-1-part3-van_der_pol-Q", "timing": {"service_s": 0.2889755550000002, "gpu_dispatched": 0, "dispatched": 215}, "arithmetic": {"returned": 215, "status_ok": 215, "powers": 464, "terms": 766, "outputs": 215, "raw_requests": 215, "consumed": 215}, "accepted_lane_steps": 2, "successful_tasks": 1}
{"run_id": "split-1-part4-van_der_pol-Q", "timing": {"service_s": 0.28044877400000007, "gpu_dispatched": 0, "dispatched": 215}, "arithmetic": {"returned": 215, "status_ok": 215, "powers": 464, "terms": 766, "outputs": 215, "raw_requests": 215, "consumed": 215}, "accepted_lane_steps": 2, "successful_tasks": 1}
{"run_id": "split-1-part5-van_der_pol-Q", "timing": {"service_s": 0.28381862100000005, "gpu_dispatched": 0, "dispatched": 215}, "arithmetic": {"returned": 215, "status_ok": 215, "powers": 464, "terms": 766, "outputs": 215, "raw_requests": 215, "consumed": 215}, "accepted_lane_steps": 2, "successful_tasks": 1}
{"run_id": "split-1-part6-van_der_pol-Q", "timing": {"service_s": 0.2893089209999999, "gpu_dispatched": 0, "dispatched": 215}, "arithmetic": {"returned": 215, "status_ok": 215, "powers": 464, "terms": 766, "outputs": 215, "raw_requests": 215, "consumed": 215}, "accepted_lane_steps": 2, "successful_tasks": 1}
{"run_id": "split-1-part7-van_der_pol-Q", "timing": {"service_s": 0.293322396, "gpu_dispatched": 0, "dispatched": 215}, "arithmetic": {"returned": 215, "status_ok": 215, "powers": 464, "terms": 766, "outputs": 215, "raw_requests": 215, "consumed": 215}, "accepted_lane_steps": 2, "successful_tasks": 1}
{"run_id": "permuted-delayed-newest-van_der_pol-Q", "timing": {"service_s": 2.2492677559999987, "gpu_dispatched": 0, "dispatched": 1720}, "arithmetic": {"returned": 1720, "status_ok": 1720, "powers": 3712, "terms": 6128, "outputs": 1720, "raw_requests": 1720, "consumed": 1720}, "accepted_lane_steps": 16, "successful_tasks": 8}
{"run_id": "split-4-part0-van_der_pol-G", "timing": {"service_s": 0.7595514160000004, "gpu_dispatched": 860, "dispatched": 860}, "arithmetic": {"returned": 860, "status_ok": 860, "powers": 1856, "terms": 3064, "outputs": 860, "raw_requests": 860, "consumed": 860}, "accepted_lane_steps": 8, "successful_tasks": 4}
{"run_id": "split-4-part1-van_der_pol-G", "timing": {"service_s": 0.7398965229999992, "gpu_dispatched": 860, "dispatched": 860}, "arithmetic": {"returned": 860, "status_ok": 860, "powers": 1856, "terms": 3064, "outputs": 860, "raw_requests": 860, "consumed": 860}, "accepted_lane_steps": 8, "successful_tasks": 4}
{"run_id": "split-2-part0-van_der_pol-G", "timing": {"service_s": 0.5829556009999994, "gpu_dispatched": 430, "dispatched": 430}, "arithmetic": {"returned": 430, "status_ok": 430, "powers": 928, "terms": 1532, "outputs": 430, "raw_requests": 430, "consumed": 430}, "accepted_lane_steps": 4, "successful_tasks": 2}
{"run_id": "split-2-part1-van_der_pol-G", "timing": {"service_s": 0.6258537349999996, "gpu_dispatched": 430, "dispatched": 430}, "arithmetic": {"returned": 430, "status_ok": 430, "powers": 928, "terms": 1532, "outputs": 430, "raw_requests": 430, "consumed": 430}, "accepted_lane_steps": 4, "successful_tasks": 2}
{"run_id": "split-2-part2-van_der_pol-G", "timing": {"service_s": 0.6517662669999996, "gpu_dispatched": 430, "dispatched": 430}, "arithmetic": {"returned": 430, "status_ok": 430, "powers": 928, "terms": 1532, "outputs": 430, "raw_requests": 430, "consumed": 430}, "accepted_lane_steps": 4, "successful_tasks": 2}
{"run_id": "split-2-part3-van_der_pol-G", "timing": {"service_s": 0.6293491099999993, "gpu_dispatched": 430, "dispatched": 430}, "arithmetic": {"returned": 430, "status_ok": 430, "powers": 928, "terms": 1532, "outputs": 430, "raw_requests": 430, "consumed": 430}, "accepted_lane_steps": 4, "successful_tasks": 2}
{"run_id": "split-1-part0-van_der_pol-G", "timing": {"service_s": 0.19403369500000003, "gpu_dispatched": 215, "dispatched": 215}, "arithmetic": {"returned": 215, "status_ok": 215, "powers": 464, "terms": 766, "outputs": 215, "raw_requests": 215, "consumed": 215}, "accepted_lane_steps": 2, "successful_tasks": 1}
{"run_id": "split-1-part1-van_der_pol-G", "timing": {"service_s": 0.18938939400000007, "gpu_dispatched": 215, "dispatched": 215}, "arithmetic": {"returned": 215, "status_ok": 215, "powers": 464, "terms": 766, "outputs": 215, "raw_requests": 215, "consumed": 215}, "accepted_lane_steps": 2, "successful_tasks": 1}
{"run_id": "split-1-part2-van_der_pol-G", "timing": {"service_s": 0.19715337500000008, "gpu_dispatched": 215, "dispatched": 215}, "arithmetic": {"returned": 215, "status_ok": 215, "powers": 464, "terms": 766, "outputs": 215, "raw_requests": 215, "consumed": 215}, "accepted_lane_steps": 2, "successful_tasks": 1}
{"run_id": "split-1-part3-van_der_pol-G", "timing": {"service_s": 0.19262987399999992, "gpu_dispatched": 215, "dispatched": 215}, "arithmetic": {"returned": 215, "status_ok": 215, "powers": 464, "terms": 766, "outputs": 215, "raw_requests": 215, "consumed": 215}, "accepted_lane_steps": 2, "successful_tasks": 1}
{"run_id": "split-1-part4-van_der_pol-G", "timing": {"service_s": 0.19598197800000008, "gpu_dispatched": 215, "dispatched": 215}, "arithmetic": {"returned": 215, "status_ok": 215, "powers": 464, "terms": 766, "outputs": 215, "raw_requests": 215, "consumed": 215}, "accepted_lane_steps": 2, "successful_tasks": 1}
{"run_id": "split-1-part5-van_der_pol-G", "timing": {"service_s": 0.194999708, "gpu_dispatched": 215, "dispatched": 215}, "arithmetic": {"returned": 215, "status_ok": 215, "powers": 464, "terms": 766, "outputs": 215, "raw_requests": 215, "consumed": 215}, "accepted_lane_steps": 2, "successful_tasks": 1}
{"run_id": "split-1-part6-van_der_pol-G", "timing": {"service_s": 0.19124667600000006, "gpu_dispatched": 215, "dispatched": 215}, "arithmetic": {"returned": 215, "status_ok": 215, "powers": 464, "terms": 766, "outputs": 215, "raw_requests": 215, "consumed": 215}, "accepted_lane_steps": 2, "successful_tasks": 1}
{"run_id": "split-1-part7-van_der_pol-G", "timing": {"service_s": 0.189163199, "gpu_dispatched": 215, "dispatched": 215}, "arithmetic": {"returned": 215, "status_ok": 215, "powers": 464, "terms": 766, "outputs": 215, "raw_requests": 215, "consumed": 215}, "accepted_lane_steps": 2, "successful_tasks": 1}
{"run_id": "permuted-delayed-newest-van_der_pol-G", "timing": {"service_s": 1.3327378270000008, "gpu_dispatched": 1720, "dispatched": 1720}, "arithmetic": {"returned": 1720, "status_ok": 1720, "powers": 3712, "terms": 6128, "outputs": 1720, "raw_requests": 1720, "consumed": 1720}, "accepted_lane_steps": 16, "successful_tasks": 8}
{"run_id": "split-4-part0-brusselator-Q", "timing": {"service_s": 1.6388338249999987, "gpu_dispatched": 0, "dispatched": 1176}, "arithmetic": {"returned": 1176, "status_ok": 1176, "powers": 2528, "terms": 4648, "outputs": 1176, "raw_requests": 1176, "consumed": 1176}, "accepted_lane_steps": 8, "successful_tasks": 4}
{"run_id": "split-4-part1-brusselator-Q", "timing": {"service_s": 1.2087962199999995, "gpu_dispatched": 0, "dispatched": 1176}, "arithmetic": {"returned": 1176, "status_ok": 1176, "powers": 2528, "terms": 4648, "outputs": 1176, "raw_requests": 1176, "consumed": 1176}, "accepted_lane_steps": 8, "successful_tasks": 4}
{"run_id": "split-2-part0-brusselator-Q", "timing": {"service_s": 1.0470401749999996, "gpu_dispatched": 0, "dispatched": 588}, "arithmetic": {"returned": 588, "status_ok": 588, "powers": 1264, "terms": 2324, "outputs": 588, "raw_requests": 588, "consumed": 588}, "accepted_lane_steps": 4, "successful_tasks": 2}
{"run_id": "split-2-part1-brusselator-Q", "timing": {"service_s": 1.1458608999999984, "gpu_dispatched": 0, "dispatched": 588}, "arithmetic": {"returned": 588, "status_ok": 588, "powers": 1264, "terms": 2324, "outputs": 588, "raw_requests": 588, "consumed": 588}, "accepted_lane_steps": 4, "successful_tasks": 2}
{"run_id": "split-2-part2-brusselator-Q", "timing": {"service_s": 1.1309479100000002, "gpu_dispatched": 0, "dispatched": 588}, "arithmetic": {"returned": 588, "status_ok": 588, "powers": 1264, "terms": 2324, "outputs": 588, "raw_requests": 588, "consumed": 588}, "accepted_lane_steps": 4, "successful_tasks": 2}
{"run_id": "split-2-part3-brusselator-Q", "timing": {"service_s": 1.0803794719999993, "gpu_dispatched": 0, "dispatched": 588}, "arithmetic": {"returned": 588, "status_ok": 588, "powers": 1264, "terms": 2324, "outputs": 588, "raw_requests": 588, "consumed": 588}, "accepted_lane_steps": 4, "successful_tasks": 2}
{"run_id": "split-1-part0-brusselator-Q", "timing": {"service_s": 0.4017796630000003, "gpu_dispatched": 0, "dispatched": 294}, "arithmetic": {"returned": 294, "status_ok": 294, "powers": 632, "terms": 1162, "outputs": 294, "raw_requests": 294, "consumed": 294}, "accepted_lane_steps": 2, "successful_tasks": 1}
{"run_id": "split-1-part1-brusselator-Q", "timing": {"service_s": 0.41593535900000017, "gpu_dispatched": 0, "dispatched": 294}, "arithmetic": {"returned": 294, "status_ok": 294, "powers": 632, "terms": 1162, "outputs": 294, "raw_requests": 294, "consumed": 294}, "accepted_lane_steps": 2, "successful_tasks": 1}
{"run_id": "split-1-part2-brusselator-Q", "timing": {"service_s": 0.3999180479999999, "gpu_dispatched": 0, "dispatched": 294}, "arithmetic": {"returned": 294, "status_ok": 294, "powers": 632, "terms": 1162, "outputs": 294, "raw_requests": 294, "consumed": 294}, "accepted_lane_steps": 2, "successful_tasks": 1}
{"run_id": "split-1-part3-brusselator-Q", "timing": {"service_s": 0.3981779460000003, "gpu_dispatched": 0, "dispatched": 294}, "arithmetic": {"returned": 294, "status_ok": 294, "powers": 632, "terms": 1162, "outputs": 294, "raw_requests": 294, "consumed": 294}, "accepted_lane_steps": 2, "successful_tasks": 1}
{"run_id": "split-1-part4-brusselator-Q", "timing": {"service_s": 0.405020074, "gpu_dispatched": 0, "dispatched": 294}, "arithmetic": {"returned": 294, "status_ok": 294, "powers": 632, "terms": 1162, "outputs": 294, "raw_requests": 294, "consumed": 294}, "accepted_lane_steps": 2, "successful_tasks": 1}
{"run_id": "split-1-part5-brusselator-Q", "timing": {"service_s": 0.4071610789999999, "gpu_dispatched": 0, "dispatched": 294}, "arithmetic": {"returned": 294, "status_ok": 294, "powers": 632, "terms": 1162, "outputs": 294, "raw_requests": 294, "consumed": 294}, "accepted_lane_steps": 2, "successful_tasks": 1}
{"run_id": "split-1-part6-brusselator-Q", "timing": {"service_s": 0.40103174199999997, "gpu_dispatched": 0, "dispatched": 294}, "arithmetic": {"returned": 294, "status_ok": 294, "powers": 632, "terms": 1162, "outputs": 294, "raw_requests": 294, "consumed": 294}, "accepted_lane_steps": 2, "successful_tasks": 1}
{"run_id": "split-1-part7-brusselator-Q", "timing": {"service_s": 0.40094064700000004, "gpu_dispatched": 0, "dispatched": 294}, "arithmetic": {"returned": 294, "status_ok": 294, "powers": 632, "terms": 1162, "outputs": 294, "raw_requests": 294, "consumed": 294}, "accepted_lane_steps": 2, "successful_tasks": 1}
{"run_id": "permuted-delayed-newest-brusselator-Q", "timing": {"service_s": 3.1222168669999997, "gpu_dispatched": 0, "dispatched": 2352}, "arithmetic": {"returned": 2352, "status_ok": 2352, "powers": 5056, "terms": 9296, "outputs": 2352, "raw_requests": 2352, "consumed": 2352}, "accepted_lane_steps": 16, "successful_tasks": 8}
{"run_id": "split-4-part0-brusselator-G", "timing": {"service_s": 0.7466207610000006, "gpu_dispatched": 1176, "dispatched": 1176}, "arithmetic": {"returned": 1176, "status_ok": 1176, "powers": 2528, "terms": 4648, "outputs": 1176, "raw_requests": 1176, "consumed": 1176}, "accepted_lane_steps": 8, "successful_tasks": 4}
{"run_id": "split-4-part1-brusselator-G", "timing": {"service_s": 0.9623792990000003, "gpu_dispatched": 1176, "dispatched": 1176}, "arithmetic": {"returned": 1176, "status_ok": 1176, "powers": 2528, "terms": 4648, "outputs": 1176, "raw_requests": 1176, "consumed": 1176}, "accepted_lane_steps": 8, "successful_tasks": 4}
{"run_id": "split-2-part0-brusselator-G", "timing": {"service_s": 0.745704574000001, "gpu_dispatched": 588, "dispatched": 588}, "arithmetic": {"returned": 588, "status_ok": 588, "powers": 1264, "terms": 2324, "outputs": 588, "raw_requests": 588, "consumed": 588}, "accepted_lane_steps": 4, "successful_tasks": 2}
{"run_id": "split-2-part1-brusselator-G", "timing": {"service_s": 0.788435937, "gpu_dispatched": 588, "dispatched": 588}, "arithmetic": {"returned": 588, "status_ok": 588, "powers": 1264, "terms": 2324, "outputs": 588, "raw_requests": 588, "consumed": 588}, "accepted_lane_steps": 4, "successful_tasks": 2}
{"run_id": "split-2-part2-brusselator-G", "timing": {"service_s": 0.7787964630000006, "gpu_dispatched": 588, "dispatched": 588}, "arithmetic": {"returned": 588, "status_ok": 588, "powers": 1264, "terms": 2324, "outputs": 588, "raw_requests": 588, "consumed": 588}, "accepted_lane_steps": 4, "successful_tasks": 2}
{"run_id": "split-2-part3-brusselator-G", "timing": {"service_s": 0.7373573089999997, "gpu_dispatched": 588, "dispatched": 588}, "arithmetic": {"returned": 588, "status_ok": 588, "powers": 1264, "terms": 2324, "outputs": 588, "raw_requests": 588, "consumed": 588}, "accepted_lane_steps": 4, "successful_tasks": 2}
{"run_id": "split-1-part0-brusselator-G", "timing": {"service_s": 0.26671981799999994, "gpu_dispatched": 294, "dispatched": 294}, "arithmetic": {"returned": 294, "status_ok": 294, "powers": 632, "terms": 1162, "outputs": 294, "raw_requests": 294, "consumed": 294}, "accepted_lane_steps": 2, "successful_tasks": 1}
{"run_id": "split-1-part1-brusselator-G", "timing": {"service_s": 0.26102727200000037, "gpu_dispatched": 294, "dispatched": 294}, "arithmetic": {"returned": 294, "status_ok": 294, "powers": 632, "terms": 1162, "outputs": 294, "raw_requests": 294, "consumed": 294}, "accepted_lane_steps": 2, "successful_tasks": 1}
{"run_id": "split-1-part2-brusselator-G", "timing": {"service_s": 0.265488128, "gpu_dispatched": 294, "dispatched": 294}, "arithmetic": {"returned": 294, "status_ok": 294, "powers": 632, "terms": 1162, "outputs": 294, "raw_requests": 294, "consumed": 294}, "accepted_lane_steps": 2, "successful_tasks": 1}
{"run_id": "split-1-part3-brusselator-G", "timing": {"service_s": 0.26004482099999987, "gpu_dispatched": 294, "dispatched": 294}, "arithmetic": {"returned": 294, "status_ok": 294, "powers": 632, "terms": 1162, "outputs": 294, "raw_requests": 294, "consumed": 294}, "accepted_lane_steps": 2, "successful_tasks": 1}
{"run_id": "split-1-part4-brusselator-G", "timing": {"service_s": 0.26156011100000004, "gpu_dispatched": 294, "dispatched": 294}, "arithmetic": {"returned": 294, "status_ok": 294, "powers": 632, "terms": 1162, "outputs": 294, "raw_requests": 294, "consumed": 294}, "accepted_lane_steps": 2, "successful_tasks": 1}
{"run_id": "split-1-part5-brusselator-G", "timing": {"service_s": 0.26202250099999996, "gpu_dispatched": 294, "dispatched": 294}, "arithmetic": {"returned": 294, "status_ok": 294, "powers": 632, "terms": 1162, "outputs": 294, "raw_requests": 294, "consumed": 294}, "accepted_lane_steps": 2, "successful_tasks": 1}
{"run_id": "split-1-part6-brusselator-G", "timing": {"service_s": 0.266891974, "gpu_dispatched": 294, "dispatched": 294}, "arithmetic": {"returned": 294, "status_ok": 294, "powers": 632, "terms": 1162, "outputs": 294, "raw_requests": 294, "consumed": 294}, "accepted_lane_steps": 2, "successful_tasks": 1}
{"run_id": "split-1-part7-brusselator-G", "timing": {"service_s": 0.26092642000000005, "gpu_dispatched": 294, "dispatched": 294}, "arithmetic": {"returned": 294, "status_ok": 294, "powers": 632, "terms": 1162, "outputs": 294, "raw_requests": 294, "consumed": 294}, "accepted_lane_steps": 2, "successful_tasks": 1}
{"run_id": "permuted-delayed-newest-brusselator-G", "timing": {"service_s": 1.9289902509999985, "gpu_dispatched": 2352, "dispatched": 2352}, "arithmetic": {"returned": 2352, "status_ok": 2352, "powers": 5056, "terms": 9296, "outputs": 2352, "raw_requests": 2352, "consumed": 2352}, "accepted_lane_steps": 16, "successful_tasks": 8}
{
  "verified": true,
  "checked_files": 782,
  "scientific_sha": "ef4e2f0c17518a4c4989071a596cd8631235c5ea",
  "checkout_sha": "ef4e2f0c17518a4c4989071a596cd8631235c5ea",
  "tests": {
    "current_unique": {
      "passed": 1221,
      "skipped": 2
    },
    "parent_reused": 131
  },
  "execution_cases_checked": 170,
  "fault_cases": 4,
  "probe_cases": 3,
  "heterogeneous_cases": [
    {
      "accepted_steps": 4,
      "post_accept_replay_counts": {
        "2": 2,
        "5": 2
      },
      "requests_by_task": {
        "short": 137,
        "regular": 215
      },
      "exact_successful_returns": 352
    },
    {
      "accepted_steps": 4,
      "post_accept_replay_counts": {
        "2": 2,
        "5": 2
      },
      "requests_by_task": {
        "short": 137,
        "regular": 215
      },
      "exact_successful_returns": 352
    }
  ],
  "bounded_actual_replay": [
    {
      "reference": "small-b2-van_der_pol-S",
      "candidate": "fresh-van_der_pol-S",
      "task_ids": [
        "0",
        "31"
      ],
      "complete_segments_compared": 4,
      "accepted_lane_steps": 4,
      "actual_imported_core": "/srv/local/shengenli/live_range_solver_20260909T053007Z/repo/src/torch_tm_flowpipe/__init__.py",
      "actual_checkout_sha": "ef4e2f0c17518a4c4989071a596cd8631235c5ea",
      "execution": "SERIAL_LIVE_SOLVE"
    },
    {
      "reference": "small-b2-van_der_pol-Q",
      "candidate": "fresh-van_der_pol-Q",
      "task_ids": [
        "0",
        "31"
      ],
      "complete_segments_compared": 4,
      "accepted_lane_steps": 4,
      "actual_imported_core": "/srv/local/shengenli/live_range_solver_20260909T053007Z/repo/src/torch_tm_flowpipe/__init__.py",
      "actual_checkout_sha": "ef4e2f0c17518a4c4989071a596cd8631235c5ea",
      "execution": "ONLINE_LIVE_SOLVE"
    },
    {
      "reference": "small-b2-van_der_pol-S_gpu",
      "candidate": "fresh-van_der_pol-S_gpu",
      "task_ids": [
        "0",
        "31"
      ],
      "complete_segments_compared": 4,
      "accepted_lane_steps": 4,
      "actual_imported_core": "/srv/local/shengenli/live_range_solver_20260909T053007Z/repo/src/torch_tm_flowpipe/__init__.py",
      "actual_checkout_sha": "ef4e2f0c17518a4c4989071a596cd8631235c5ea",
      "execution": "SERIAL_LIVE_SOLVE"
    },
    {
      "reference": "small-b2-van_der_pol-G",
      "candidate": "fresh-van_der_pol-G",
      "task_ids": [
        "0",
        "31"
      ],
      "complete_segments_compared": 4,
      "accepted_lane_steps": 4,
      "actual_imported_core": "/srv/local/shengenli/live_range_solver_20260909T053007Z/repo/src/torch_tm_flowpipe/__init__.py",
      "actual_checkout_sha": "ef4e2f0c17518a4c4989071a596cd8631235c5ea",
      "execution": "ONLINE_LIVE_SOLVE"
    },
    {
      "reference": "small-b2-brusselator-S",
      "candidate": "fresh-brusselator-S",
      "task_ids": [
        "0",
        "31"
      ],
      "complete_segments_compared": 4,
      "accepted_lane_steps": 4,
      "actual_imported_core": "/srv/local/shengenli/live_range_solver_20260909T053007Z/repo/src/torch_tm_flowpipe/__init__.py",
      "actual_checkout_sha": "ef4e2f0c17518a4c4989071a596cd8631235c5ea",
      "execution": "SERIAL_LIVE_SOLVE"
    },
    {
      "reference": "small-b2-brusselator-Q",
      "candidate": "fresh-brusselator-Q",
      "task_ids": [
        "31",
        "0"
      ],
      "complete_segments_compared": 4,
      "accepted_lane_steps": 4,
      "actual_imported_core": "/srv/local/shengenli/live_range_solver_20260909T053007Z/repo/src/torch_tm_flowpipe/__init__.py",
      "actual_checkout_sha": "ef4e2f0c17518a4c4989071a596cd8631235c5ea",
      "execution": "ONLINE_LIVE_SOLVE"
    },
    {
      "reference": "small-b2-brusselator-S_gpu",
      "candidate": "fresh-brusselator-S_gpu",
      "task_ids": [
        "0",
        "31"
      ],
      "complete_segments_compared": 4,
      "accepted_lane_steps": 4,
      "actual_imported_core": "/srv/local/shengenli/live_range_solver_20260909T053007Z/repo/src/torch_tm_flowpipe/__init__.py",
      "actual_checkout_sha": "ef4e2f0c17518a4c4989071a596cd8631235c5ea",
      "execution": "SERIAL_LIVE_SOLVE"
    },
    {
      "reference": "small-b2-brusselator-G",
      "candidate": "fresh-brusselator-G",
      "task_ids": [
        "31",
        "0"
      ],
      "complete_segments_compared": 4,
      "accepted_lane_steps": 4,
      "actual_imported_core": "/srv/local/shengenli/live_range_solver_20260909T053007Z/repo/src/torch_tm_flowpipe/__init__.py",
      "actual_checkout_sha": "ef4e2f0c17518a4c4989071a596cd8631235c5ea",
      "execution": "ONLINE_LIVE_SOLVE"
    }
  ],
  "fresh_accepted_lane_steps": 32,
  "historical_1000_repeated": false,
  "full_performance_matrix_repeated": false,
  "status": "LIVE_RANGE_SCHEDULER_VALIDATED__END_TO_END_PREFIX_SPEEDUP"
}
