Step 0
AIRPLANE_PICARD	0	old_lo=-0.01	old_hi=0.01	base_lo=-0.0055073050285946437	base_hi=0.0055208857575813957	diff_lo=-3.3318995710610986e-18	diff_hi=6.514852315027878e-18	new_lo=-0.0055073050285946471	new_hi=0.0055208857575814027	subset=1
AIRPLANE_PICARD	1	old_lo=-0.01	old_hi=0.01	base_lo=-0.0052070782189524573	base_hi=0.0052148231141351626	diff_lo=-3.5433594715768783e-18	diff_hi=4.1262346548813083e-18	new_lo=-0.0052070782189524616	new_hi=0.005214823114135167	subset=1
AIRPLANE_PICARD	2	old_lo=-0.01	old_hi=0.01	base_lo=-0.0031562087277210069	base_hi=0.0031446572338722553	diff_lo=-2.9058514853611947e-18	diff_hi=3.7298335716270069e-18	new_lo=-0.0031562087277210099	new_hi=0.0031446572338722592	subset=1
AIRPLANE_PICARD	3	old_lo=-0.01	old_hi=0.01	base_lo=-0.00079844356285992937	base_hi=0.0007983000160646502	diff_lo=-2.8628488468740445e-19	diff_hi=1.3878620475082927e-18	new_lo=-0.0007984435628599297	new_hi=0.00079830001606465161	subset=1
AIRPLANE_PICARD	4	old_lo=-0.01	old_hi=0.01	base_lo=-0.00088789835933211032	base_hi=0.00089033273612057322	diff_lo=-2.8820973385634837e-18	diff_hi=6.7934546876813351e-19	new_lo=-0.00088789835933211325	new_hi=0.00089033273612057397	subset=1
AIRPLANE_PICARD	5	old_lo=-0.01	old_hi=0.01	base_lo=-0.00082582518013702983	base_hi=0.00083492051894413783	diff_lo=-3.1349228768462479e-19	diff_hi=9.0557908394295357e-18	new_lo=-0.00082582518013703016	new_hi=0.00083492051894414694	subset=1
AIRPLANE_PICARD	6	old_lo=-0.01	old_hi=0.01	base_lo=-0.00044345695553318231	base_hi=0.00044313745709761694	diff_lo=-6.7307270867900141e-20	diff_hi=6.800116025829086e-20	new_lo=-0.00044345695553318242	new_hi=0.00044313745709761705	subset=1
AIRPLANE_PICARD	7	old_lo=-0.01	old_hi=0.01	base_lo=-0.00039928821280951353	base_hi=0.00039932530484949793	diff_lo=-8.3960616237277485e-20	diff_hi=7.84095011141517e-20	new_lo=-0.00039928821280951364	new_hi=0.00039932530484949804	subset=1
AIRPLANE_PICARD	8	old_lo=-0.01	old_hi=0.01	base_lo=-0.00035369977706898952	base_hi=0.00035347765943675931	diff_lo=-7.5026790335996925e-20	diff_hi=7.6414569116778375e-20	new_lo=-0.00035369977706898963	new_hi=0.00035347765943675942	subset=1
AIRPLANE_PICARD	9	old_lo=-0.01	old_hi=0.01	base_lo=-0.0001	base_hi=0.0001	diff_lo=0	diff_hi=0	new_lo=-0.0001	new_hi=0.0001	subset=1
AIRPLANE_PICARD	10	old_lo=-0.01	old_hi=0.01	base_lo=-0.0001	base_hi=0.0001	diff_lo=0	diff_hi=0	new_lo=-0.0001	new_hi=0.0001	subset=1
AIRPLANE_PICARD	11	old_lo=-0.01	old_hi=0.01	base_lo=-0.0001	base_hi=0.0001	diff_lo=0	diff_hi=0	new_lo=-0.0001	new_hi=0.0001	subset=1
AIRPLANE_PICARD	12	old_lo=-0.01	old_hi=0.01	base_lo=-0	base_hi=0	diff_lo=0	diff_hi=0	new_lo=-0	new_hi=0	subset=1
AIRPLANE_PICARD	13	old_lo=-0.01	old_hi=0.01	base_lo=-0	base_hi=0	diff_lo=0	diff_hi=0	new_lo=-0	new_hi=0	subset=1
AIRPLANE_PICARD	14	old_lo=-0.01	old_hi=0.01	base_lo=-0	base_hi=0	diff_lo=0	diff_hi=0	new_lo=-0	new_hi=0	subset=1
AIRPLANE_PICARD	15	old_lo=-0.01	old_hi=0.01	base_lo=-0	base_hi=0	diff_lo=0	diff_hi=0	new_lo=-0	new_hi=0	subset=1
AIRPLANE_PICARD	16	old_lo=-0.01	old_hi=0.01	base_lo=-0	base_hi=0	diff_lo=0	diff_hi=0	new_lo=-0	new_hi=0	subset=1
AIRPLANE_PICARD	17	old_lo=-0.01	old_hi=0.01	base_lo=-0	base_hi=0	diff_lo=0	diff_hi=0	new_lo=-0	new_hi=0	subset=1
AIRPLANE_PICARD	18	old_lo=-0.01	old_hi=0.01	base_lo=-0	base_hi=0	diff_lo=0	diff_hi=0	new_lo=-0	new_hi=0	subset=1
PERIOD 0 FLOWPIPES 1 STATUS 2 BOX_SAFE 1
DIAGNOSTIC_COMPLETED_CALLS 1/1
FLOWPIPE_SEGMENTS 1
ONE_STEP_NUMERIC_ACCEPTED_ONLY
time cost: 0.437000
