Step 0
AIRPLANE_PICARD	0	old_lo=-0.01	old_hi=0.01	base_lo=-0.0048522595603005423	base_hi=0.0048716569095318546	diff_lo=-5.8564588364025938e-18	diff_hi=1.0154220057382696e-17	new_lo=-0.0048522595603005484	new_hi=0.004871656909531865	subset=1
AIRPLANE_PICARD	1	old_lo=-0.01	old_hi=0.01	base_lo=-0.0044739228093732281	base_hi=0.0044634853418721162	diff_lo=-9.1387325947452678e-18	diff_hi=8.0854223779199577e-18	new_lo=-0.0044739228093732377	new_hi=0.0044634853418721249	subset=1
AIRPLANE_PICARD	2	old_lo=-0.01	old_hi=0.01	base_lo=-0.0027652099249532111	base_hi=0.0027372347743716921	diff_lo=-3.3407408783769931e-18	diff_hi=6.1725138889023924e-18	new_lo=-0.0027652099249532145	new_hi=0.0027372347743716986	subset=1
AIRPLANE_PICARD	3	old_lo=-0.01	old_hi=0.01	base_lo=-0.00064504213511498297	base_hi=0.00064498717077725244	diff_lo=-2.8627100689959667e-19	diff_hi=2.4981128277090651e-18	new_lo=-0.0006450421351149833	new_hi=0.00064498717077725505	subset=1
AIRPLANE_PICARD	4	old_lo=-0.01	old_hi=0.01	base_lo=-0.00069777561957179511	base_hi=0.00070431739456080198	diff_lo=-7.980283101005628e-19	diff_hi=9.5410346290236719e-18	new_lo=-0.00069777561957179597	new_hi=0.00070431739456081163	subset=1
AIRPLANE_PICARD	5	old_lo=-0.01	old_hi=0.01	base_lo=-0.00077437464166105977	base_hi=0.00078120130671181852	diff_lo=-8.2664430856027614e-19	diff_hi=5.1980364457193689e-18	new_lo=-0.00077437464166106064	new_hi=0.00078120130671182372	subset=1
AIRPLANE_PICARD	6	old_lo=-0.01	old_hi=0.01	base_lo=-0.00039877095375684141	base_hi=0.00039819440404472562	diff_lo=-4.6230380634781915e-20	diff_hi=4.6230380634781915e-20	new_lo=-0.00039877095375684147	new_hi=0.00039819440404472567	subset=1
AIRPLANE_PICARD	7	old_lo=-0.01	old_hi=0.01	base_lo=-0.00037647922498563937	base_hi=0.00037654653008576799	diff_lo=-6.4531713306337243e-20	diff_hi=6.8695049648681579e-20	new_lo=-0.00037647922498563948	new_hi=0.0003765465300857681	subset=1
AIRPLANE_PICARD	8	old_lo=-0.01	old_hi=0.01	base_lo=-0.00033109893920599379	base_hi=0.00033064985495049996	diff_lo=-6.0715321659188266e-20	diff_hi=6.3490879220751165e-20	new_lo=-0.0003310989392059939	new_hi=0.00033064985495050007	subset=1
AIRPLANE_PICARD	9	old_lo=-0.01	old_hi=0.01	base_lo=-0.0001	base_hi=0.0001	diff_lo=0	diff_hi=0	new_lo=-0.0001	new_hi=0.0001	subset=1
AIRPLANE_PICARD	10	old_lo=-0.01	old_hi=0.01	base_lo=-0.0001	base_hi=0.0001	diff_lo=0	diff_hi=0	new_lo=-0.0001	new_hi=0.0001	subset=1
AIRPLANE_PICARD	11	old_lo=-0.01	old_hi=0.01	base_lo=-0.0001	base_hi=0.0001	diff_lo=0	diff_hi=0	new_lo=-0.0001	new_hi=0.0001	subset=1
AIRPLANE_PICARD	12	old_lo=-0.01	old_hi=0.01	base_lo=-0	base_hi=0	diff_lo=0	diff_hi=0	new_lo=-0	new_hi=0	subset=1
AIRPLANE_PICARD	13	old_lo=-0.01	old_hi=0.01	base_lo=-0	base_hi=0	diff_lo=0	diff_hi=0	new_lo=-0	new_hi=0	subset=1
AIRPLANE_PICARD	14	old_lo=-0.01	old_hi=0.01	base_lo=-0	base_hi=0	diff_lo=0	diff_hi=0	new_lo=-0	new_hi=0	subset=1
AIRPLANE_PICARD	15	old_lo=-0.01	old_hi=0.01	base_lo=-0	base_hi=0	diff_lo=0	diff_hi=0	new_lo=-0	new_hi=0	subset=1
AIRPLANE_PICARD	16	old_lo=-0.01	old_hi=0.01	base_lo=-0	base_hi=0	diff_lo=0	diff_hi=0	new_lo=-0	new_hi=0	subset=1
AIRPLANE_PICARD	17	old_lo=-0.01	old_hi=0.01	base_lo=-0	base_hi=0	diff_lo=0	diff_hi=0	new_lo=-0	new_hi=0	subset=1
AIRPLANE_PICARD	18	old_lo=-0.01	old_hi=0.01	base_lo=-0	base_hi=0	diff_lo=0	diff_hi=0	new_lo=-0	new_hi=0	subset=1
PERIOD 0 FLOWPIPES 1 STATUS 3 BOX_SAFE 0
DIAGNOSTIC_COMPLETED_CALLS 0/1
FLOWPIPE_SEGMENTS 1
UNKNOWN
time cost: 0.789000
