Step 0
AIRPLANE_PICARD	0	old_lo=-0.01	old_hi=0.01	base_lo=-0.0052941379585005393	base_hi=0.0052986993477161732	diff_lo=-9.568517274812428e-18	diff_hi=9.9737301750835336e-18	new_lo=-0.0052941379585005497	new_hi=0.0052986993477161836	subset=1
AIRPLANE_PICARD	1	old_lo=-0.01	old_hi=0.01	base_lo=-0.0053111560509383352	base_hi=0.0053471068828594443	diff_lo=-7.0125664534496548e-18	diff_hi=1.0260658063939369e-17	new_lo=-0.005311156050938343	new_hi=0.0053471068828594547	subset=1
AIRPLANE_PICARD	2	old_lo=-0.01	old_hi=0.01	base_lo=-0.0025943216491581254	base_hi=0.0025603223447402831	diff_lo=-5.6857770806365974e-18	diff_hi=4.2154011762699911e-18	new_lo=-0.0025943216491581315	new_hi=0.0025603223447402874	subset=1
AIRPLANE_PICARD	3	old_lo=-0.01	old_hi=0.01	base_lo=-0.00066143861633930748	base_hi=0.00066132699927220931	diff_lo=-2.809974475326272e-19	diff_hi=9.1940344226770788e-18	new_lo=-0.0006614386163393078	new_hi=0.00066132699927221852	subset=1
AIRPLANE_PICARD	4	old_lo=-0.01	old_hi=0.01	base_lo=-0.00078577522420596451	base_hi=0.00078768252737422128	diff_lo=-2.7207125441464098e-18	diff_hi=5.315192730392938e-19	new_lo=-0.00078577522420596733	new_hi=0.00078768252737422182	subset=1
AIRPLANE_PICARD	5	old_lo=-0.01	old_hi=0.01	base_lo=-0.00072488193792723992	base_hi=0.0007317061797555628	diff_lo=-9.6973262753152797e-18	diff_hi=7.5170425439807804e-19	new_lo=-0.00072488193792724968	new_hi=0.00073170617975556356	subset=1
AIRPLANE_PICARD	6	old_lo=-0.01	old_hi=0.01	base_lo=-0.00099139005640656776	base_hi=0.00097772870602309391	diff_lo=-1.6583956430338284e-19	diff_hi=1.380839886877539e-19	new_lo=-0.00099139005640656798	new_hi=0.00097772870602309413	subset=1
AIRPLANE_PICARD	7	old_lo=-0.01	old_hi=0.01	base_lo=-0.00070439172509777475	base_hi=0.00070104947034392269	diff_lo=-1.2073675392798581e-19	diff_hi=1.0130785099704556e-19	new_lo=-0.00070439172509777497	new_hi=0.0007010494703439228	subset=1
AIRPLANE_PICARD	8	old_lo=-0.01	old_hi=0.01	base_lo=-0.0006608993790187972	base_hi=0.00064524811950129955	diff_lo=-1.2073675392798584e-19	diff_hi=9.2981178312356887e-20	new_lo=-0.00066089937901879742	new_hi=0.00064524811950129966	subset=1
AIRPLANE_PICARD	9	old_lo=-0.01	old_hi=0.01	base_lo=-0.0001	base_hi=0.0001	diff_lo=0	diff_hi=0	new_lo=-0.0001	new_hi=0.0001	subset=1
AIRPLANE_PICARD	10	old_lo=-0.01	old_hi=0.01	base_lo=-0.0001	base_hi=0.0001	diff_lo=0	diff_hi=0	new_lo=-0.0001	new_hi=0.0001	subset=1
AIRPLANE_PICARD	11	old_lo=-0.01	old_hi=0.01	base_lo=-0.0001	base_hi=0.0001	diff_lo=0	diff_hi=0	new_lo=-0.0001	new_hi=0.0001	subset=1
AIRPLANE_PICARD	12	old_lo=-0.01	old_hi=0.01	base_lo=-0	base_hi=0	diff_lo=0	diff_hi=0	new_lo=-0	new_hi=0	subset=1
AIRPLANE_PICARD	13	old_lo=-0.01	old_hi=0.01	base_lo=-0	base_hi=0	diff_lo=0	diff_hi=0	new_lo=-0	new_hi=0	subset=1
AIRPLANE_PICARD	14	old_lo=-0.01	old_hi=0.01	base_lo=-0	base_hi=0	diff_lo=0	diff_hi=0	new_lo=-0	new_hi=0	subset=1
AIRPLANE_PICARD	15	old_lo=-0.01	old_hi=0.01	base_lo=-0	base_hi=0	diff_lo=0	diff_hi=0	new_lo=-0	new_hi=0	subset=1
AIRPLANE_PICARD	16	old_lo=-0.01	old_hi=0.01	base_lo=-0	base_hi=0	diff_lo=0	diff_hi=0	new_lo=-0	new_hi=0	subset=1
AIRPLANE_PICARD	17	old_lo=-0.01	old_hi=0.01	base_lo=-0	base_hi=0	diff_lo=0	diff_hi=0	new_lo=-0	new_hi=0	subset=1
AIRPLANE_PICARD	18	old_lo=-0.01	old_hi=0.01	base_lo=-0	base_hi=0	diff_lo=0	diff_hi=0	new_lo=-0	new_hi=0	subset=1
PERIOD 0 FLOWPIPES 1 STATUS 3 BOX_SAFE 0
DIAGNOSTIC_COMPLETED_CALLS 0/1
FLOWPIPE_SEGMENTS 1
UNKNOWN
time cost: 0.798000
