Step 0
AIRPLANE_PICARD	0	old_lo=-0.01	old_hi=0.01	base_lo=-0.0051227849763346772	base_hi=0.0051161769188327356	diff_lo=-7.2655909066909951e-18	diff_hi=6.375293811385544e-18	new_lo=-0.005122784976334685	new_hi=0.0051161769188327426	subset=1
AIRPLANE_PICARD	1	old_lo=-0.01	old_hi=0.01	base_lo=-0.005207846222818821	base_hi=0.0052301984890209688	diff_lo=-5.1425368593112889e-18	diff_hi=7.3394276767224759e-18	new_lo=-0.0052078462228188262	new_hi=0.0052301984890209766	subset=1
AIRPLANE_PICARD	2	old_lo=-0.01	old_hi=0.01	base_lo=-0.0029079793969382286	base_hi=0.0028705831555411714	diff_lo=-5.4318401628468913e-18	diff_hi=3.1031612464834309e-18	new_lo=-0.0029079793969382342	new_hi=0.0028705831555411749	subset=1
AIRPLANE_PICARD	3	old_lo=-0.01	old_hi=0.01	base_lo=-0.00071596730755888491	base_hi=0.00071583571418196786	diff_lo=-2.8121949213755221e-19	diff_hi=9.1953666903066304e-18	new_lo=-0.00071596730755888523	new_hi=0.00071583571418197707	subset=1
AIRPLANE_PICARD	4	old_lo=-0.01	old_hi=0.01	base_lo=-0.00078653476868042452	base_hi=0.00079153520823892762	diff_lo=-1.105809888102272e-18	diff_hi=5.5106197383025823e-18	new_lo=-0.00078653476868042571	new_hi=0.00079153520823893315	subset=1
AIRPLANE_PICARD	5	old_lo=-0.01	old_hi=0.01	base_lo=-0.00086539226877258024	base_hi=0.00087038910402053367	diff_lo=-4.1072700796007677e-19	diff_hi=1.8317736216744159e-17	new_lo=-0.00086539226877258067	new_hi=0.000870389104020552	subset=1
AIRPLANE_PICARD	6	old_lo=-0.01	old_hi=0.01	base_lo=-0.0012766353954691951	base_hi=0.001248713358488755	diff_lo=-3.0669911055269961e-19	diff_hi=2.4008572907519019e-19	new_lo=-0.0012766353954691955	new_hi=0.0012487133584887554	subset=1
AIRPLANE_PICARD	7	old_lo=-0.01	old_hi=0.01	base_lo=-0.00094787853731118912	base_hi=0.00093925173587872275	diff_lo=-1.3322676295501882e-19	diff_hi=1.4432899320127037e-19	new_lo=-0.00094787853731118934	new_hi=0.00093925173587872297	subset=1
AIRPLANE_PICARD	8	old_lo=-0.01	old_hi=0.01	base_lo=-0.00089494312664499672	base_hi=0.00086520009016768126	diff_lo=-2.2204460492503141e-19	diff_hi=1.6653345369377353e-19	new_lo=-0.00089494312664499705	new_hi=0.00086520009016768148	subset=1
AIRPLANE_PICARD	9	old_lo=-0.01	old_hi=0.01	base_lo=-0.0001	base_hi=0.0001	diff_lo=0	diff_hi=0	new_lo=-0.0001	new_hi=0.0001	subset=1
AIRPLANE_PICARD	10	old_lo=-0.01	old_hi=0.01	base_lo=-0.0001	base_hi=0.0001	diff_lo=0	diff_hi=0	new_lo=-0.0001	new_hi=0.0001	subset=1
AIRPLANE_PICARD	11	old_lo=-0.01	old_hi=0.01	base_lo=-0.0001	base_hi=0.0001	diff_lo=0	diff_hi=0	new_lo=-0.0001	new_hi=0.0001	subset=1
AIRPLANE_PICARD	12	old_lo=-0.01	old_hi=0.01	base_lo=-0	base_hi=0	diff_lo=0	diff_hi=0	new_lo=-0	new_hi=0	subset=1
AIRPLANE_PICARD	13	old_lo=-0.01	old_hi=0.01	base_lo=-0	base_hi=0	diff_lo=0	diff_hi=0	new_lo=-0	new_hi=0	subset=1
AIRPLANE_PICARD	14	old_lo=-0.01	old_hi=0.01	base_lo=-0	base_hi=0	diff_lo=0	diff_hi=0	new_lo=-0	new_hi=0	subset=1
AIRPLANE_PICARD	15	old_lo=-0.01	old_hi=0.01	base_lo=-0	base_hi=0	diff_lo=0	diff_hi=0	new_lo=-0	new_hi=0	subset=1
AIRPLANE_PICARD	16	old_lo=-0.01	old_hi=0.01	base_lo=-0	base_hi=0	diff_lo=0	diff_hi=0	new_lo=-0	new_hi=0	subset=1
AIRPLANE_PICARD	17	old_lo=-0.01	old_hi=0.01	base_lo=-0	base_hi=0	diff_lo=0	diff_hi=0	new_lo=-0	new_hi=0	subset=1
AIRPLANE_PICARD	18	old_lo=-0.01	old_hi=0.01	base_lo=-0	base_hi=0	diff_lo=0	diff_hi=0	new_lo=-0	new_hi=0	subset=1
PERIOD 0 FLOWPIPES 1 STATUS 3 BOX_SAFE 0
DIAGNOSTIC_COMPLETED_CALLS 0/1
FLOWPIPE_SEGMENTS 1
UNKNOWN
time cost: 0.812000
