Step 0
Step 1
Step 2
Step 3
Step 4
Step 5
Step 6
Step 7
Step 8
Step 9
Step 10
Step 11
Step 12
Step 13
Step 14
Step 15
Step 16
Step 17
Step 18
Step 19
Step 20
Step 21
Step 22
Step 23
Step 24
Step 25
Step 26
Step 27
Step 28
Step 29
VERIFIED
HULL x1 -0.0905869005419 -0.00524219292227
HULL x2 0.0884589312291 0.354262623286
HULL x3 -0.146670903029 0.0126828701873
HULL x4 -0.0984217546966 0.610416985952
HULL t 6 6
HULL u1 -0.385772420711 0.335088294864
HULL u2 0.0421347911572 0.637747858344
time cost: 19.864494
