Step 0
AIRPLANE_PICARD	0	old_lo=-0.01	old_hi=0.01	base_lo=-0.005616345044621612	base_hi=0.0056024214088936462	diff_lo=-1.1898241651190742e-17	diff_hi=7.9250402536719963e-18	new_lo=-0.0056163450446216241	new_hi=0.0056024214088936548	subset=1
AIRPLANE_PICARD	1	old_lo=-0.01	old_hi=0.01	base_lo=-0.0056337874382924522	base_hi=0.0056609139796682832	diff_lo=-8.555781083607898e-18	diff_hi=1.2931431388659358e-17	new_lo=-0.0056337874382924608	new_hi=0.0056609139796682962	subset=1
AIRPLANE_PICARD	2	old_lo=-0.01	old_hi=0.01	base_lo=-0.0027755598566081971	base_hi=0.0027386029962567738	diff_lo=-4.5852488472775172e-18	diff_hi=4.0190721121528412e-18	new_lo=-0.0027755598566082018	new_hi=0.0027386029962567782	subset=1
AIRPLANE_PICARD	3	old_lo=-0.01	old_hi=0.01	base_lo=-0.00074803365332440982	base_hi=0.00074789057450851397	diff_lo=-2.888800310074658e-19	diff_hi=9.2085783442996706e-18	new_lo=-0.00074803365332441014	new_hi=0.00074789057450852319	subset=1
AIRPLANE_PICARD	4	old_lo=-0.01	old_hi=0.01	base_lo=-0.00079098490420466709	base_hi=0.0007929193238125112	diff_lo=-2.7234881017079727e-18	diff_hi=5.315192730392938e-19	new_lo=-0.00079098490420466991	new_hi=0.00079291932381251175	subset=1
AIRPLANE_PICARD	5	old_lo=-0.01	old_hi=0.01	base_lo=-0.00082992826042145519	base_hi=0.00083672883876588283	diff_lo=-8.3774653880652773e-19	diff_hi=1.8537477108893095e-17	new_lo=-0.00082992826042145606	new_hi=0.00083672883876590137	subset=1
AIRPLANE_PICARD	6	old_lo=-0.01	old_hi=0.01	base_lo=-0.0011159673347619972	base_hi=0.0011005517557657663	diff_lo=-1.7971735211119728e-19	diff_hi=1.5751289161869414e-19	new_lo=-0.0011159673347619975	new_hi=0.0011005517557657666	subset=1
AIRPLANE_PICARD	7	old_lo=-0.01	old_hi=0.01	base_lo=-0.00080832770466407477	base_hi=0.0008039228078622827	diff_lo=-1.4988010832439619e-19	diff_hi=1.2767564783189305e-19	new_lo=-0.00080832770466407499	new_hi=0.00080392280786228292	subset=1
AIRPLANE_PICARD	8	old_lo=-0.01	old_hi=0.01	base_lo=-0.00074547939750506148	base_hi=0.0007284759351819575	diff_lo=-1.6653345369377353e-19	diff_hi=1.3877787807814459e-19	new_lo=-0.0007454793975050617	new_hi=0.00072847593518195772	subset=1
AIRPLANE_PICARD	9	old_lo=-0.01	old_hi=0.01	base_lo=-0.0001	base_hi=0.0001	diff_lo=0	diff_hi=0	new_lo=-0.0001	new_hi=0.0001	subset=1
AIRPLANE_PICARD	10	old_lo=-0.01	old_hi=0.01	base_lo=-0.0001	base_hi=0.0001	diff_lo=0	diff_hi=0	new_lo=-0.0001	new_hi=0.0001	subset=1
AIRPLANE_PICARD	11	old_lo=-0.01	old_hi=0.01	base_lo=-0.0001	base_hi=0.0001	diff_lo=0	diff_hi=0	new_lo=-0.0001	new_hi=0.0001	subset=1
AIRPLANE_PICARD	12	old_lo=-0.01	old_hi=0.01	base_lo=-0	base_hi=0	diff_lo=0	diff_hi=0	new_lo=-0	new_hi=0	subset=1
AIRPLANE_PICARD	13	old_lo=-0.01	old_hi=0.01	base_lo=-0	base_hi=0	diff_lo=0	diff_hi=0	new_lo=-0	new_hi=0	subset=1
AIRPLANE_PICARD	14	old_lo=-0.01	old_hi=0.01	base_lo=-0	base_hi=0	diff_lo=0	diff_hi=0	new_lo=-0	new_hi=0	subset=1
AIRPLANE_PICARD	15	old_lo=-0.01	old_hi=0.01	base_lo=-0	base_hi=0	diff_lo=0	diff_hi=0	new_lo=-0	new_hi=0	subset=1
AIRPLANE_PICARD	16	old_lo=-0.01	old_hi=0.01	base_lo=-0	base_hi=0	diff_lo=0	diff_hi=0	new_lo=-0	new_hi=0	subset=1
AIRPLANE_PICARD	17	old_lo=-0.01	old_hi=0.01	base_lo=-0	base_hi=0	diff_lo=0	diff_hi=0	new_lo=-0	new_hi=0	subset=1
AIRPLANE_PICARD	18	old_lo=-0.01	old_hi=0.01	base_lo=-0	base_hi=0	diff_lo=0	diff_hi=0	new_lo=-0	new_hi=0	subset=1
PERIOD 0 FLOWPIPES 1 STATUS 3 BOX_SAFE 0
DIAGNOSTIC_COMPLETED_CALLS 0/1
FLOWPIPE_SEGMENTS 1
UNKNOWN
time cost: 0.795000
