Step 0
AIRPLANE_PICARD	0	old_lo=-1	old_hi=1	base_lo=-2.5212219153721196	base_hi=2.5218805989602928	diff_lo=-1.4281677692314568e-17	diff_hi=1.5600090663703287e-17	new_lo=-2.52122191537212	new_hi=2.5218805989602933	subset=0
AIRPLANE_PICARD	1	old_lo=-1	old_hi=1	base_lo=-2.4294572167945834	base_hi=2.4298688160039568	diff_lo=-1.2363782451544728e-17	diff_hi=1.4409380517480915e-17	new_lo=-2.4294572167945838	new_hi=2.4298688160039572	subset=0
AIRPLANE_PICARD	2	old_lo=-1	old_hi=1	base_lo=-0.65266701685371464	base_hi=0.65276617925989622	diff_lo=-6.4379288936914766e-18	diff_hi=7.5425915513349714e-18	new_lo=-0.65266701685371475	new_hi=0.65276617925989633	subset=1
AIRPLANE_PICARD	3	old_lo=-1	old_hi=1	base_lo=-0.10541100483703417	base_hi=0.10540873578750784	diff_lo=-1.7347234759768075e-18	diff_hi=5.5550009037119709e-19	new_lo=-0.10541100483703418	new_hi=0.10540873578750785	subset=1
AIRPLANE_PICARD	4	old_lo=-1	old_hi=1	base_lo=-0.164230935299329	base_hi=0.16429998020803224	diff_lo=-5.5512261454282464e-18	diff_hi=1.1103340469276194e-18	new_lo=-0.16423093529932903	new_hi=0.16429998020803227	subset=1
AIRPLANE_PICARD	5	old_lo=-1	old_hi=1	base_lo=-0.16085200236847297	base_hi=0.16096965959438611	diff_lo=-9.8532293435482653e-18	diff_hi=9.7155616884947469e-19	new_lo=-0.160852002368473	new_hi=0.16096965959438614	subset=1
AIRPLANE_PICARD	6	old_lo=-1	old_hi=1	base_lo=-3.0477667710707663e+20	base_hi=3.0477667710707663e+20	diff_lo=-6.0472460372551509e-19	diff_hi=5.9917348860238934e-19	new_lo=-3.0477667710707669e+20	new_hi=3.0477667710707669e+20	subset=0
AIRPLANE_PICARD	7	old_lo=-1	old_hi=1	base_lo=-2.7771020966823756e+20	base_hi=2.7771020966823756e+20	diff_lo=-4.6421200217139368e-19	diff_hi=4.5727310826748645e-19	new_lo=-2.7771020966823759e+20	new_hi=2.7771020966823759e+20	subset=0
AIRPLANE_PICARD	8	old_lo=-1	old_hi=1	base_lo=-9.0629475684749656e+19	base_hi=9.0629475684749656e+19	diff_lo=-3.8198610941009303e-19	diff_hi=3.7088387916384144e-19	new_lo=-9.0629475684749672e+19	new_hi=9.0629475684749672e+19	subset=0
AIRPLANE_PICARD	9	old_lo=-1	old_hi=1	base_lo=-0.01	base_hi=0.01	diff_lo=0	diff_hi=0	new_lo=-0.01	new_hi=0.01	subset=1
AIRPLANE_PICARD	10	old_lo=-1	old_hi=1	base_lo=-0.01	base_hi=0.01	diff_lo=0	diff_hi=0	new_lo=-0.01	new_hi=0.01	subset=1
AIRPLANE_PICARD	11	old_lo=-1	old_hi=1	base_lo=-0.01	base_hi=0.01	diff_lo=0	diff_hi=0	new_lo=-0.01	new_hi=0.01	subset=1
AIRPLANE_PICARD	12	old_lo=-1	old_hi=1	base_lo=-0	base_hi=0	diff_lo=0	diff_hi=0	new_lo=-0	new_hi=0	subset=1
AIRPLANE_PICARD	13	old_lo=-1	old_hi=1	base_lo=-0	base_hi=0	diff_lo=0	diff_hi=0	new_lo=-0	new_hi=0	subset=1
AIRPLANE_PICARD	14	old_lo=-1	old_hi=1	base_lo=-0	base_hi=0	diff_lo=0	diff_hi=0	new_lo=-0	new_hi=0	subset=1
AIRPLANE_PICARD	15	old_lo=-1	old_hi=1	base_lo=-0	base_hi=0	diff_lo=0	diff_hi=0	new_lo=-0	new_hi=0	subset=1
AIRPLANE_PICARD	16	old_lo=-1	old_hi=1	base_lo=-0	base_hi=0	diff_lo=0	diff_hi=0	new_lo=-0	new_hi=0	subset=1
AIRPLANE_PICARD	17	old_lo=-1	old_hi=1	base_lo=-0	base_hi=0	diff_lo=0	diff_hi=0	new_lo=-0	new_hi=0	subset=1
AIRPLANE_PICARD	18	old_lo=-1	old_hi=1	base_lo=-0	base_hi=0	diff_lo=0	diff_hi=0	new_lo=-0	new_hi=0	subset=1
PERIOD 0 FLOWPIPES 0 STATUS 4 BOX_SAFE 1
DIAGNOSTIC_COMPLETED_CALLS 0/1
FLOWPIPE_SEGMENTS 0
UNKNOWN
time cost: 0.366000
