In file included from /srv/local/shengenli/flowstar_causal_stock_b85a321_20260813/flowstar-toolbox/Constraints.h:9,
                 from /srv/local/shengenli/flowstar_causal_stock_b85a321_20260813/flowstar-toolbox/Geometry.h:9,
                 from /srv/local/shengenli/flowstar_causal_stock_b85a321_20260813/flowstar-toolbox/Continuous.h:9,
                 from experiments/flowstar_probe/flowstar_vdp_stock_reach_driver.cpp:1:
/srv/local/shengenli/flowstar_causal_stock_b85a321_20260813/flowstar-toolbox/TaylorModel.h: In member function ‘void flowstar::TaylorModel<DATA_TYPE2>::derivative(flowstar::TaylorModel<DATA_TYPE2>&, unsigned int) const’:
/srv/local/shengenli/flowstar_causal_stock_b85a321_20260813/flowstar-toolbox/TaylorModel.h:900:21: warning: no match for ‘operator=’ (operand types are ‘const flowstar::Interval’ and ‘int’) [-Wtemplate-body]
  900 |         remainder = 0;
      |                     ^
/srv/local/shengenli/flowstar_causal_stock_b85a321_20260813/flowstar-toolbox/TaylorModel.h:900:21: note: there are 3 candidates
In file included from /srv/local/shengenli/flowstar_causal_stock_b85a321_20260813/flowstar-toolbox/Matrix.h:10,
                 from /srv/local/shengenli/flowstar_causal_stock_b85a321_20260813/flowstar-toolbox/Polynomial.h:10,
                 from /srv/local/shengenli/flowstar_causal_stock_b85a321_20260813/flowstar-toolbox/TaylorModel.h:9:
/srv/local/shengenli/flowstar_causal_stock_b85a321_20260813/flowstar-toolbox/Interval.h:250:20: note: candidate 1: ‘flowstar::Interval& flowstar::Interval::operator=(const flowstar::Interval&)’ (near match)
  250 |         Interval & operator = (const Interval & I);
      |                    ^~~~~~~~
/srv/local/shengenli/flowstar_causal_stock_b85a321_20260813/flowstar-toolbox/Interval.h:250:20: note: passing ‘const flowstar::Interval*’ as ‘this’ argument discards qualifiers
/srv/local/shengenli/flowstar_causal_stock_b85a321_20260813/flowstar-toolbox/Interval.h:251:20: note: candidate 2: ‘flowstar::Interval& flowstar::Interval::operator=(const flowstar::Real&)’ (near match)
  251 |         Interval & operator = (const Real & r);
      |                    ^~~~~~~~
/srv/local/shengenli/flowstar_causal_stock_b85a321_20260813/flowstar-toolbox/Interval.h:251:20: note: passing ‘const flowstar::Interval*’ as ‘this’ argument discards qualifiers
/srv/local/shengenli/flowstar_causal_stock_b85a321_20260813/flowstar-toolbox/Interval.h:252:20: note: candidate 3: ‘flowstar::Interval& flowstar::Interval::operator=(double)’ (near match)
  252 |         Interval & operator = (const double d);
      |                    ^~~~~~~~
/srv/local/shengenli/flowstar_causal_stock_b85a321_20260813/flowstar-toolbox/Interval.h:252:20: note: passing ‘const flowstar::Interval*’ as ‘this’ argument discards qualifiers
