Step 0
AIRPLANE_PICARD	0	old_lo=-0.01	old_hi=0.01	base_lo=-0.0060018999023174107	base_hi=0.0060146871650381371	diff_lo=-4.4809815580304556e-18	diff_hi=5.2263899226930561e-18	new_lo=-0.0060018999023174159	new_hi=0.0060146871650381432	subset=1
AIRPLANE_PICARD	1	old_lo=-0.01	old_hi=0.01	base_lo=-0.005620246412107485	base_hi=0.005632191980132927	diff_lo=-5.1653191272815821e-18	diff_hi=5.1696614292625312e-18	new_lo=-0.0056202464121074902	new_hi=0.0056321919801329322	subset=1
AIRPLANE_PICARD	2	old_lo=-0.01	old_hi=0.01	base_lo=-0.0034163350338431162	base_hi=0.0034117938613814117	diff_lo=-2.7164104299259884e-18	diff_hi=3.8758978665454121e-18	new_lo=-0.0034163350338431192	new_hi=0.0034117938613814156	subset=1
AIRPLANE_PICARD	3	old_lo=-0.01	old_hi=0.01	base_lo=-0.00090933071510123189	base_hi=0.00090922321092609844	diff_lo=-2.9738711493365604e-19	diff_hi=1.3988810110276974e-18	new_lo=-0.00090933071510123221	new_hi=0.00090922321092609985	subset=1
AIRPLANE_PICARD	4	old_lo=-0.01	old_hi=0.01	base_lo=-0.00089913848061462282	base_hi=0.0009015655022796763	diff_lo=-2.870981230529424e-18	diff_hi=6.678962938266865e-19	new_lo=-0.00089913848061462574	new_hi=0.00090156550227967706	subset=1
AIRPLANE_PICARD	5	old_lo=-0.01	old_hi=0.01	base_lo=-0.0008839099278076946	base_hi=0.00089299908822238784	diff_lo=-3.1311758741381377e-19	diff_hi=4.6149126187167169e-18	new_lo=-0.00088390992780769493	new_hi=0.00089299908822239251	subset=1
AIRPLANE_PICARD	6	old_lo=-0.01	old_hi=0.01	base_lo=-0.00047049241300322096	base_hi=0.00047017325095698084	diff_lo=-7.5850783987085902e-20	diff_hi=7.5850783987085902e-20	new_lo=-0.00047049241300322107	new_hi=0.00047017325095698094	subset=1
AIRPLANE_PICARD	7	old_lo=-0.01	old_hi=0.01	base_lo=-0.00042361729373471807	base_hi=0.00042365341207269012	diff_lo=-1.1032841307212496e-19	diff_hi=1.089406342913435e-19	new_lo=-0.00042361729373471824	new_hi=0.00042365341207269028	subset=1
AIRPLANE_PICARD	8	old_lo=-0.01	old_hi=0.01	base_lo=-0.00037282048797472432	base_hi=0.00037260072606087993	diff_lo=-8.1792211892306462e-20	diff_hi=8.0404433111525025e-20	new_lo=-0.00037282048797472443	new_hi=0.00037260072606088004	subset=1
AIRPLANE_PICARD	9	old_lo=-0.01	old_hi=0.01	base_lo=-0.0001	base_hi=0.0001	diff_lo=0	diff_hi=0	new_lo=-0.0001	new_hi=0.0001	subset=1
AIRPLANE_PICARD	10	old_lo=-0.01	old_hi=0.01	base_lo=-0.0001	base_hi=0.0001	diff_lo=0	diff_hi=0	new_lo=-0.0001	new_hi=0.0001	subset=1
AIRPLANE_PICARD	11	old_lo=-0.01	old_hi=0.01	base_lo=-0.0001	base_hi=0.0001	diff_lo=0	diff_hi=0	new_lo=-0.0001	new_hi=0.0001	subset=1
AIRPLANE_PICARD	12	old_lo=-0.01	old_hi=0.01	base_lo=-0	base_hi=0	diff_lo=0	diff_hi=0	new_lo=-0	new_hi=0	subset=1
AIRPLANE_PICARD	13	old_lo=-0.01	old_hi=0.01	base_lo=-0	base_hi=0	diff_lo=0	diff_hi=0	new_lo=-0	new_hi=0	subset=1
AIRPLANE_PICARD	14	old_lo=-0.01	old_hi=0.01	base_lo=-0	base_hi=0	diff_lo=0	diff_hi=0	new_lo=-0	new_hi=0	subset=1
AIRPLANE_PICARD	15	old_lo=-0.01	old_hi=0.01	base_lo=-0	base_hi=0	diff_lo=0	diff_hi=0	new_lo=-0	new_hi=0	subset=1
AIRPLANE_PICARD	16	old_lo=-0.01	old_hi=0.01	base_lo=-0	base_hi=0	diff_lo=0	diff_hi=0	new_lo=-0	new_hi=0	subset=1
AIRPLANE_PICARD	17	old_lo=-0.01	old_hi=0.01	base_lo=-0	base_hi=0	diff_lo=0	diff_hi=0	new_lo=-0	new_hi=0	subset=1
AIRPLANE_PICARD	18	old_lo=-0.01	old_hi=0.01	base_lo=-0	base_hi=0	diff_lo=0	diff_hi=0	new_lo=-0	new_hi=0	subset=1
PERIOD 0 FLOWPIPES 1 STATUS 2 BOX_SAFE 1
DIAGNOSTIC_COMPLETED_CALLS 1/1
FLOWPIPE_SEGMENTS 1
ONE_STEP_NUMERIC_ACCEPTED_ONLY
time cost: 0.456000
