.gitignore
AGENTS.md
ARCH-COMP2024/benchmarks/ACC/controller_5_20.onnx
ARCH-COMP2024/benchmarks/Airplane/controller_airplane.onnx
ARCH-COMP2024/benchmarks/Attitude-Control/attitude_control_3_64_torch.onnx
ARCH-COMP2024/benchmarks/Attitude-Control/model.onnx
ARCH-COMP2024/benchmarks/Benchmark10-Unicycle/controllerB.onnx
ARCH-COMP2024/benchmarks/Benchmark9-Tora/controllerTora.onnx
ARCH-COMP2024/benchmarks/CartPole/model.onnx
ARCH-COMP2024/benchmarks/Docking/model.onnx
ARCH-COMP2024/benchmarks/Double_Pendulum/controller_double_pendulum_less_robust.onnx
ARCH-COMP2024/benchmarks/Double_Pendulum/controller_double_pendulum_more_robust.onnx
ARCH-COMP2024/benchmarks/NAV/networks/nn-nav-point.onnx
ARCH-COMP2024/benchmarks/NAV/networks/nn-nav-set.onnx
ARCH-COMP2024/benchmarks/QUAD/model.onnx
ARCH-COMP2024/benchmarks/QUAD/quad_controller_3_64_torch.onnx
ARCH-COMP2024/benchmarks/Single_Pendulum/controller_single_pendulum.onnx
ARCH-COMP2024/benchmarks/Tora_Heterogeneous/nn_tora_relu_tanh.onnx
ARCH-COMP2024/benchmarks/Tora_Heterogeneous/nn_tora_sigmoid.onnx
ARCH-COMP2024/benchmarks/VCAS/onnx_networks/VertCAS_noResp_pra01_v9_20HU_200.onnx
ARCH-COMP2024/benchmarks/VCAS/onnx_networks/VertCAS_noResp_pra02_v9_20HU_200.onnx
ARCH-COMP2024/benchmarks/VCAS/onnx_networks/VertCAS_noResp_pra03_v9_20HU_200.onnx
ARCH-COMP2024/benchmarks/VCAS/onnx_networks/VertCAS_noResp_pra04_v9_20HU_200.onnx
ARCH-COMP2024/benchmarks/VCAS/onnx_networks/VertCAS_noResp_pra05_v9_20HU_200.onnx
ARCH-COMP2024/benchmarks/VCAS/onnx_networks/VertCAS_noResp_pra06_v9_20HU_200.onnx
ARCH-COMP2024/benchmarks/VCAS/onnx_networks/VertCAS_noResp_pra07_v9_20HU_200.onnx
ARCH-COMP2024/benchmarks/VCAS/onnx_networks/VertCAS_noResp_pra08_v9_20HU_200.onnx
ARCH-COMP2024/benchmarks/VCAS/onnx_networks/VertCAS_noResp_pra09_v9_20HU_200.onnx
README.md
docs/algorithmic_research_space.md
docs/baseline_change_policy.md
docs/controller_backend_contamination_retrospective.md
docs/controller_jit_lifetime_metric_retrospective.md
docs/flowstar_vs_diffreach.md
docs/m3_controller_enclosure_proposal.md
docs/m3b_state_width_atlas_plan.md
docs/m4_flowstar_shared_step_export_plan.md
docs/m4_polynomial_retention_proposal.md
docs/m4_q3_controller_split_atlas_plan.md
docs/m4_q3_gpu_plan.md
docs/m4_q3_one_period_plan.md
docs/m4_q3_period16_survival_plan.md
docs/m4_q3_rebaseline_plan.md
docs/m4_q3_retry_rollout_plan.md
docs/m4_q3_seed_retry_plan.md
docs/m4_q3_static_extension_plan.md
docs/m4_q3_static_failure_plan.md
docs/m4_remainder_source_atlas_plan.md
docs/q3_tensor_fusion_plan.md
docs/remainder_ablation_plan.md
docs/remainder_backend_decision.md
docs/research_roadmap.md
docs/research_roadmap_2026_07_24.md
docs/tora_bound_branch_backend_matrix.md
docs/tora_controller_execution_plan.md
docs/tora_controller_full_rollout_correction_plan.md
docs/tora_controller_one_shot_correction_plan.md
docs/tora_controller_rebaseline_plan.md
docs/tora_controller_roundoff_gate.md
docs/tora_fixed25_static_tradeoff_plan.md
docs/tora_fixed31_static_tradeoff_plan.md
docs/tora_flowstar_b1_partition_necessity_plan.md
docs/tora_q3_partition_efficiency_plan.md
docs/tora_s3_time_to_certificate_plan.md
docs/tora_s3c_fair_deployed_timing_plan.md
docs/tora_static_partition_sweep_plan.md
environment.yaml
experiments/adaptive_tm/README.md
experiments/adaptive_tm/__init__.py
experiments/adaptive_tm/adaptive_tm.py
experiments/adaptive_tm/extract_tora_crown.py
experiments/adaptive_tm/results/migration_validation_4x5090.json
experiments/adaptive_tm/results/migration_validation_4x5090.md
experiments/adaptive_tm/results/stage_a_reference.json
experiments/adaptive_tm/results/stage_a_reference.md
experiments/adaptive_tm/results/stage_a_vector.json
experiments/adaptive_tm/results/stage_a_vector.md
experiments/adaptive_tm/results/stage_b_scores.json
experiments/adaptive_tm/results/stage_b_scores.md
experiments/adaptive_tm/results/stage_b_tora_period.json
experiments/adaptive_tm/results/stage_b_tora_period.md
experiments/adaptive_tm/results/tensor_bnb_wave128_cuda.json
experiments/adaptive_tm/results/tensor_bnb_wave128_cuda.md
experiments/adaptive_tm/results/tensor_e2e_cpu.json
experiments/adaptive_tm/results/tensor_e2e_cpu.md
experiments/adaptive_tm/results/tensor_e2e_cuda.json
experiments/adaptive_tm/results/tensor_e2e_cuda.md
experiments/adaptive_tm/results/tensor_e2e_decision.md
experiments/adaptive_tm/results/tensor_frontier_cuda.json
experiments/adaptive_tm/results/tensor_frontier_cuda.md
experiments/adaptive_tm/results/tensor_multisegment_cpu.json
experiments/adaptive_tm/results/tensor_multisegment_cpu.md
experiments/adaptive_tm/results/tensor_multisegment_cuda.json
experiments/adaptive_tm/results/tensor_multisegment_cuda.md
experiments/adaptive_tm/results/tensor_selection_cpu.json
experiments/adaptive_tm/results/tensor_selection_cpu.md
experiments/adaptive_tm/results/tensor_selection_cuda.json
experiments/adaptive_tm/results/tensor_selection_cuda.md
experiments/adaptive_tm/results/tensor_tm_benchmark_cpu.json
experiments/adaptive_tm/results/tensor_tm_benchmark_cpu.md
experiments/adaptive_tm/results/tensor_tm_benchmark_cuda.json
experiments/adaptive_tm/results/tensor_tm_benchmark_cuda.md
experiments/adaptive_tm/results/tora_20s_long_horizon_decision.md
experiments/adaptive_tm/results/tora_20s_parallelotope_adaptive.json
experiments/adaptive_tm/results/tora_20s_parallelotope_adaptive.md
experiments/adaptive_tm/results/tora_20s_reference.json
experiments/adaptive_tm/results/tora_20s_reference.md
experiments/adaptive_tm/results/tora_3s_parallelotope_fixed.json
experiments/adaptive_tm/results/tora_3s_parallelotope_fixed.md
experiments/adaptive_tm/results/tora_bnb_enriched_fixed12_decision.md
experiments/adaptive_tm/results/tora_bnb_fixed_3s_l25_d3.json
experiments/adaptive_tm/results/tora_bnb_fixed_3s_l25_d3.md
experiments/adaptive_tm/results/tora_bnb_fixed_4s_l192_d12.json
experiments/adaptive_tm/results/tora_bnb_fixed_4s_l192_d12.md
experiments/adaptive_tm/results/tora_bnb_fixed_4s_l384_d20.json
experiments/adaptive_tm/results/tora_bnb_fixed_4s_l384_d20.md
experiments/adaptive_tm/results/tora_bnb_fixed_decision.md
experiments/adaptive_tm/results/tora_bnb_fixed_l24_d1.json
experiments/adaptive_tm/results/tora_bnb_fixed_l24_d1.md
experiments/adaptive_tm/results/tora_bnb_fixed_l24_d2.json
experiments/adaptive_tm/results/tora_bnb_fixed_l24_d2.md
experiments/adaptive_tm/results/tora_bnb_fixed_lookback1_3s_l64_d5.json
experiments/adaptive_tm/results/tora_bnb_fixed_lookback1_3s_l64_d5.md
experiments/adaptive_tm/results/tora_bnb_fixed_lookback2_3s_l96_d8.json
experiments/adaptive_tm/results/tora_bnb_fixed_lookback2_3s_l96_d8.md
experiments/adaptive_tm/results/tora_bnb_fixed_lookback3_3s_l192_d10.json
experiments/adaptive_tm/results/tora_bnb_fixed_lookback3_3s_l192_d10.md
experiments/adaptive_tm/results/tora_bnb_fixed_lookback3_resume3_4s_l192_d12.json
experiments/adaptive_tm/results/tora_bnb_fixed_lookback3_resume3_4s_l192_d12.md
experiments/adaptive_tm/results/tora_bnb_fixed_p5lookback1_4s_l384_d14.json
experiments/adaptive_tm/results/tora_bnb_fixed_p5lookback1_4s_l384_d14.md
experiments/adaptive_tm/results/tora_bnb_fixed_p5lookback1_resume4_5s_l384_d16.json
experiments/adaptive_tm/results/tora_bnb_fixed_p5lookback1_resume4_5s_l384_d16.md
experiments/adaptive_tm/results/tora_bnb_fixed_resetrefine_3s_l64_d8.json
experiments/adaptive_tm/results/tora_bnb_fixed_resetrefine_3s_l64_d8.md
experiments/adaptive_tm/results/tora_bnb_fixed_resetrefine_resume3_4s_l96_d10.json
experiments/adaptive_tm/results/tora_bnb_fixed_resetrefine_resume3_4s_l96_d10.md
experiments/adaptive_tm/results/tora_bnb_fixed_resume3_l48_d6.json
experiments/adaptive_tm/results/tora_bnb_fixed_resume3_l48_d6.md
experiments/adaptive_tm/results/tora_bnb_fixed_resume3_l96_d8.json
experiments/adaptive_tm/results/tora_bnb_fixed_resume3_l96_d8.md
experiments/adaptive_tm/results/tora_bnb_fixed_temporal_resume192_5s_l384_d16.json
experiments/adaptive_tm/results/tora_bnb_fixed_temporal_resume192_5s_l384_d16.md
experiments/adaptive_tm/results/tora_bnb_fixed_temporal_resume4_5s_l192_d14.json
experiments/adaptive_tm/results/tora_bnb_fixed_temporal_resume4_5s_l192_d14.md
experiments/adaptive_tm/results/tora_bnb_fixed_temporal_wave8_easy_5s_l384_d16.json
experiments/adaptive_tm/results/tora_bnb_fixed_temporal_wave8_easy_5s_l384_d16.md
experiments/adaptive_tm/results/tora_bnb_fixed_temporal_wave8_easy_resume384_5s_l512_d18.json
experiments/adaptive_tm/results/tora_bnb_fixed_temporal_wave8_easy_resume384_5s_l512_d18.md
experiments/adaptive_tm/results/tora_bnb_temporal_lookback_decision.md
experiments/adaptive_tm/results/tora_enriched_fixed12_4s_l96_d8.json
experiments/adaptive_tm/results/tora_enriched_fixed12_4s_l96_d8.md
experiments/adaptive_tm/results/tora_enriched_fixed12_4s_resume181_l384_d20.json
experiments/adaptive_tm/results/tora_enriched_fixed12_4s_resume181_l384_d20.md
experiments/adaptive_tm/results/tora_enriched_fixed12_4s_resume96_l192_d12.json
experiments/adaptive_tm/results/tora_enriched_fixed12_4s_resume96_l192_d12.md
experiments/adaptive_tm/results/tora_enriched_fixed12_resume3_l25.json
experiments/adaptive_tm/results/tora_enriched_fixed12_resume3_l25.md
experiments/adaptive_tm/results/tora_fixed_tightness_diagnostic_p5.json
experiments/adaptive_tm/results/tora_fixed_tightness_diagnostic_p5.md
experiments/adaptive_tm/results/tora_initial_crown_bound.json
experiments/adaptive_tm/results/tora_static_fixed_3s_l24.json
experiments/adaptive_tm/results/tora_static_fixed_3s_l24.md
experiments/adaptive_tm/run_stage_a.py
experiments/adaptive_tm/run_stage_a_vector.py
experiments/adaptive_tm/run_stage_b_scores.py
experiments/adaptive_tm/run_stage_b_tora_period.py
experiments/adaptive_tm/run_tensor_benchmark.py
experiments/adaptive_tm/run_tensor_bnb_wave_gate.py
experiments/adaptive_tm/run_tensor_e2e_gate.py
experiments/adaptive_tm/run_tensor_frontier_gate.py
experiments/adaptive_tm/run_tensor_multisegment_gate.py
experiments/adaptive_tm/run_tensor_selection_benchmark.py
experiments/adaptive_tm/run_tora_20s_reference.py
experiments/adaptive_tm/run_tora_bnb_reference.py
experiments/adaptive_tm/run_tora_tightness_diagnostic.py
experiments/adaptive_tm/tensor_tm.py
experiments/adaptive_tm/tests/test_adaptive_tm.py
experiments/adaptive_tm/tests/test_tensor_tm.py
experiments/adaptive_tm/tests/test_tora_bnb.py
experiments/reachability/README.md
experiments/reachability/analyze_s1_tora_flowstar_b1.py
experiments/reachability/analyze_s3_tora_time_to_certificate.py
experiments/reachability/analyze_s3c_fair_timing.py
experiments/reachability/analyze_s3r_tora_timing.py
experiments/reachability/benchmarks/acc.json
experiments/reachability/benchmarks/cartpole.json
experiments/reachability/benchmarks/double_pendulum_less_robust.json
experiments/reachability/benchmarks/double_pendulum_more_robust.json
experiments/reachability/benchmarks/nav_robust.json
experiments/reachability/benchmarks/nav_standard.json
experiments/reachability/benchmarks/single_pendulum.json
experiments/reachability/benchmarks/tora_homogeneous.json
experiments/reachability/benchmarks/tora_relu_tanh.json
experiments/reachability/benchmarks/tora_sigmoid.json
experiments/reachability/models/dynamics/acc.py
experiments/reachability/models/dynamics/double_pendulum.py
experiments/reachability/models/dynamics/nav.py
experiments/reachability/models/dynamics/tora.py
experiments/reachability/models/dynamics/tora_homogeneous.py
experiments/reachability/reachbench.py
experiments/reachability/requirements-diffreach.txt
experiments/reachability/results/20260727T235020.293387Z__tora_homogeneous__crownreach_submit__full/crownreach_submit_config.json
experiments/reachability/results/20260727T235020.293387Z__tora_homogeneous__crownreach_submit__full/run.json
experiments/reachability/results/20260727T235020.293387Z__tora_homogeneous__crownreach_submit__full/stdout.log
experiments/reachability/results/20260727T235039.981172Z__tora_homogeneous__crownreach_submit__b1_full/crownreach_submit_config.json
experiments/reachability/results/20260727T235039.981172Z__tora_homogeneous__crownreach_submit__b1_full/run.json
experiments/reachability/results/20260727T235039.981172Z__tora_homogeneous__crownreach_submit__b1_full/stdout.log
experiments/reachability/results/20260728T000959.721386Z__tora_homogeneous__crownreach_submit__full/crownreach_submit_config.json
experiments/reachability/results/20260728T000959.721386Z__tora_homogeneous__crownreach_submit__full/run.json
experiments/reachability/results/20260728T000959.721386Z__tora_homogeneous__crownreach_submit__full/stdout.log
experiments/reachability/results/20260728T001136.026769Z__tora_homogeneous__crownreach_submit__full/crownreach_submit_config.json
experiments/reachability/results/20260728T001136.026769Z__tora_homogeneous__crownreach_submit__full/run.json
experiments/reachability/results/20260728T001136.026769Z__tora_homogeneous__crownreach_submit__full/stdout.log
experiments/reachability/results/20260728T001301.813992Z__tora_homogeneous__crownreach_submit__full/crownreach_submit_config.json
experiments/reachability/results/20260728T001301.813992Z__tora_homogeneous__crownreach_submit__full/run.json
experiments/reachability/results/20260728T001301.813992Z__tora_homogeneous__crownreach_submit__full/stdout.log
experiments/reachability/results/20260730T035103.283106Z__tora_homogeneous__crownreach_submit__full/crownreach_submit_config.json
experiments/reachability/results/20260730T035103.283106Z__tora_homogeneous__crownreach_submit__full/run.json
experiments/reachability/results/20260730T035103.283106Z__tora_homogeneous__crownreach_submit__full/stdout.log
experiments/reachability/results/20260730T035116.582717Z__tora_homogeneous__diffreach__full/controller_transformed.onnx
experiments/reachability/results/20260730T035116.582717Z__tora_homogeneous__diffreach__full/diffreach_config.json
experiments/reachability/results/20260730T035116.582717Z__tora_homogeneous__diffreach__full/flowpipe/flowpipe_ver.npz
experiments/reachability/results/20260730T035116.582717Z__tora_homogeneous__diffreach__full/run.json
experiments/reachability/results/20260730T035116.582717Z__tora_homogeneous__diffreach__full/stdout.log
experiments/reachability/results/20260730T035353.263460Z__tora_homogeneous__diffreach__full/controller_transformed.onnx
experiments/reachability/results/20260730T035353.263460Z__tora_homogeneous__diffreach__full/diffreach_config.json
experiments/reachability/results/20260730T035353.263460Z__tora_homogeneous__diffreach__full/flowpipe/flowpipe_ver.npz
experiments/reachability/results/20260730T035353.263460Z__tora_homogeneous__diffreach__full/run.json
experiments/reachability/results/20260730T035353.263460Z__tora_homogeneous__diffreach__full/stdout.log
experiments/reachability/results/20260730T035638.149321Z__tora_homogeneous__crownreach_submit__full/crownreach_submit_config.json
experiments/reachability/results/20260730T035638.149321Z__tora_homogeneous__crownreach_submit__full/run.json
experiments/reachability/results/20260730T035638.149321Z__tora_homogeneous__crownreach_submit__full/stdout.log
experiments/reachability/results/20260730T035903.285109Z__tora_homogeneous__crownreach_submit__full/crownreach_submit_config.json
experiments/reachability/results/20260730T035903.285109Z__tora_homogeneous__crownreach_submit__full/run.json
experiments/reachability/results/20260730T035903.285109Z__tora_homogeneous__crownreach_submit__full/stdout.log
experiments/reachability/results/20260730T035918.925529Z__tora_homogeneous__diffreach__full/controller_transformed.onnx
experiments/reachability/results/20260730T035918.925529Z__tora_homogeneous__diffreach__full/diffreach_config.json
experiments/reachability/results/20260730T035918.925529Z__tora_homogeneous__diffreach__full/flowpipe/flowpipe_ver.npz
experiments/reachability/results/20260730T035918.925529Z__tora_homogeneous__diffreach__full/run.json
experiments/reachability/results/20260730T035918.925529Z__tora_homogeneous__diffreach__full/stdout.log
experiments/reachability/results/s1_tora_flowstar_b1.json
experiments/reachability/results/s1_tora_flowstar_b1.md
experiments/reachability/results/s3_tora_quality_matched_timing.json
experiments/reachability/results/s3_tora_quality_matched_timing.md
experiments/reachability/results/s3c_fair_timing.json
experiments/reachability/results/s3c_fair_timing.md
experiments/reachability/results/s3c_fair_timing_raw/flowstar_rep1_reachbench/crownreach_submit_config.json
experiments/reachability/results/s3c_fair_timing_raw/flowstar_rep1_reachbench/run.json
experiments/reachability/results/s3c_fair_timing_raw/flowstar_rep1_reachbench/stdout.log
experiments/reachability/results/s3c_fair_timing_raw/flowstar_rep2_reachbench/crownreach_submit_config.json
experiments/reachability/results/s3c_fair_timing_raw/flowstar_rep2_reachbench/run.json
experiments/reachability/results/s3c_fair_timing_raw/flowstar_rep2_reachbench/stdout.log
experiments/reachability/results/s3c_fair_timing_raw/flowstar_rep3_reachbench/crownreach_submit_config.json
experiments/reachability/results/s3c_fair_timing_raw/flowstar_rep3_reachbench/run.json
experiments/reachability/results/s3c_fair_timing_raw/flowstar_rep3_reachbench/stdout.log
experiments/reachability/results/s3c_fair_timing_raw/prefill/prefill.json
experiments/reachability/results/s3c_fair_timing_raw/prefill/prefill.md
experiments/reachability/results/s3c_fair_timing_raw/prefill/prefill_wall_seconds.txt
experiments/reachability/results/s3c_fair_timing_raw/rep1_flowstar/gnu_time.txt
experiments/reachability/results/s3c_fair_timing_raw/rep1_flowstar/lane_result.json
experiments/reachability/results/s3c_fair_timing_raw/rep1_flowstar/stderr.log
experiments/reachability/results/s3c_fair_timing_raw/rep1_flowstar/stdout.log
experiments/reachability/results/s3c_fair_timing_raw/rep1_q3/gnu_time.txt
experiments/reachability/results/s3c_fair_timing_raw/rep1_q3/lane_result.json
experiments/reachability/results/s3c_fair_timing_raw/rep1_q3/s3r_q3_b48_rep1.json
experiments/reachability/results/s3c_fair_timing_raw/rep1_q3/s3r_q3_b48_rep1.md
experiments/reachability/results/s3c_fair_timing_raw/rep1_q3/stderr.log
experiments/reachability/results/s3c_fair_timing_raw/rep1_q3/stdout.log
experiments/reachability/results/s3c_fair_timing_raw/rep2_flowstar/gnu_time.txt
experiments/reachability/results/s3c_fair_timing_raw/rep2_flowstar/lane_result.json
experiments/reachability/results/s3c_fair_timing_raw/rep2_flowstar/stderr.log
experiments/reachability/results/s3c_fair_timing_raw/rep2_flowstar/stdout.log
experiments/reachability/results/s3c_fair_timing_raw/rep2_q3/gnu_time.txt
experiments/reachability/results/s3c_fair_timing_raw/rep2_q3/lane_result.json
experiments/reachability/results/s3c_fair_timing_raw/rep2_q3/s3r_q3_b48_rep2.json
experiments/reachability/results/s3c_fair_timing_raw/rep2_q3/s3r_q3_b48_rep2.md
experiments/reachability/results/s3c_fair_timing_raw/rep2_q3/stderr.log
experiments/reachability/results/s3c_fair_timing_raw/rep2_q3/stdout.log
experiments/reachability/results/s3c_fair_timing_raw/rep3_flowstar/gnu_time.txt
experiments/reachability/results/s3c_fair_timing_raw/rep3_flowstar/lane_result.json
experiments/reachability/results/s3c_fair_timing_raw/rep3_flowstar/stderr.log
experiments/reachability/results/s3c_fair_timing_raw/rep3_flowstar/stdout.log
experiments/reachability/results/s3c_fair_timing_raw/rep3_q3/gnu_time.txt
experiments/reachability/results/s3c_fair_timing_raw/rep3_q3/lane_result.json
experiments/reachability/results/s3c_fair_timing_raw/rep3_q3/s3r_q3_b48_rep3.json
experiments/reachability/results/s3c_fair_timing_raw/rep3_q3/s3r_q3_b48_rep3.md
experiments/reachability/results/s3c_fair_timing_raw/rep3_q3/stderr.log
experiments/reachability/results/s3c_fair_timing_raw/rep3_q3/stdout.log
experiments/reachability/results/s3c_fair_timing_raw/s3c_result.json
experiments/reachability/results/s3c_fair_timing_raw/s3c_result.md
experiments/reachability/results/s3r_tora_timing.json
experiments/reachability/results/s3r_tora_timing.md
experiments/reachability/run_s3r_tora_lane.py
experiments/reachability/tests/test_reachbench.py
experiments/reachability/tests/test_s3r_tora_analyzer.py
experiments/reachability/tests/test_s3r_tora_lane.py
experiments/reachability/tools/affine_onnx_input.py
experiments/reachability/tools/affine_onnx_output.py
experiments/reachability/tools/normalize_tora_homogeneous_onnx.py
experiments/reachability/tools/run_crown_submit.py
experiments/reachability/tora_tradeoff_matrix.json
experiments/remainder_ablation/README.md
experiments/remainder_ablation/__init__.py
experiments/remainder_ablation/analyze_c3a_controller_one_shot.py
experiments/remainder_ablation/analyze_c3b_controller_full_rollout.py
experiments/remainder_ablation/analyze_p0_q3_b26_gate.py
experiments/remainder_ablation/analyze_tora_fixed31_static_tradeoff.py
experiments/remainder_ablation/autolirpa_controller_worker.py
experiments/remainder_ablation/benchmark_gate1_diffreach_jax.py
experiments/remainder_ablation/controller_outward.py
experiments/remainder_ablation/dr_multisegment.py
experiments/remainder_ablation/export_diffreach_step.py
experiments/remainder_ablation/export_gate1_diffreach.py
experiments/remainder_ablation/export_m1_diffreach_period.py
experiments/remainder_ablation/export_m3_tora_controller_boundary.py
experiments/remainder_ablation/extract_gate1_tora_bounds.py
experiments/remainder_ablation/fixtures.py
experiments/remainder_ablation/fixtures/cancellation.json
experiments/remainder_ablation/fixtures/constant.json
experiments/remainder_ablation/fixtures/gate1_diffreach_reference.json
experiments/remainder_ablation/fixtures/gate1_tora_crown_bounds.json
experiments/remainder_ablation/fixtures/m3_tora_period8_boundary.json
experiments/remainder_ablation/fixtures/m3b_tora_period1_boundary.json
experiments/remainder_ablation/fixtures/riccati.json
experiments/remainder_ablation/fixtures/tora_first_segment.json
experiments/remainder_ablation/generic_fixed_basis.py
experiments/remainder_ablation/generic_multisegment.py
experiments/remainder_ablation/m47_diffreach_crown_worker.py
experiments/remainder_ablation/m4_q3_outward_replay.py
experiments/remainder_ablation/patches/flowstar_m4_semantic_observer.patch
experiments/remainder_ablation/remainder_backends.py
experiments/remainder_ablation/results/c0_b48_cpu_primary_controller_trace.json
experiments/remainder_ablation/results/c0_controller_single_evaluation.json
experiments/remainder_ablation/results/c0_controller_single_evaluation.md
experiments/remainder_ablation/results/c0_controller_trace_replay.json
experiments/remainder_ablation/results/c0_controller_trace_replay.md
experiments/remainder_ablation/results/c0_single_eval_b48_raw.json
experiments/remainder_ablation/results/c0_single_eval_b48_raw.md
experiments/remainder_ablation/results/c0_single_eval_b48_trace_run.json
experiments/remainder_ablation/results/c0_single_eval_b48_trace_run.md
experiments/remainder_ablation/results/c1_controller_full_result.json
experiments/remainder_ablation/results/c1_controller_full_result.md
experiments/remainder_ablation/results/c1_controller_outward_replay.json
experiments/remainder_ablation/results/c1_controller_outward_replay.md
experiments/remainder_ablation/results/c1_controller_rebaseline.json
experiments/remainder_ablation/results/c1_controller_rebaseline.md
experiments/remainder_ablation/results/c1_controller_rebaseline_raw.json
experiments/remainder_ablation/results/c1a_gpu_eager_b48_rollout.json
experiments/remainder_ablation/results/c1a_gpu_eager_b48_rollout.md
experiments/remainder_ablation/results/c1b_gpu_jit_b48_rollout.json
experiments/remainder_ablation/results/c1b_gpu_jit_b48_rollout.md
experiments/remainder_ablation/results/c1s_controller_roundoff_host_exact.json
experiments/remainder_ablation/results/c1s_controller_roundoff_host_exact.md
experiments/remainder_ablation/results/c1s_controller_roundoff_host_rep1.json
experiments/remainder_ablation/results/c1s_controller_roundoff_host_rep1.md
experiments/remainder_ablation/results/c1s_controller_roundoff_host_rep1_raw.json
experiments/remainder_ablation/results/c1s_controller_roundoff_host_rep2.json
experiments/remainder_ablation/results/c1s_controller_roundoff_host_rep2.md
experiments/remainder_ablation/results/c1s_controller_roundoff_host_rep3.json
experiments/remainder_ablation/results/c1s_controller_roundoff_host_rep3.md
experiments/remainder_ablation/results/c1s_controller_roundoff_host_rep4.json
experiments/remainder_ablation/results/c1s_controller_roundoff_host_rep4.md
experiments/remainder_ablation/results/c1s_controller_roundoff_host_rep5.json
experiments/remainder_ablation/results/c1s_controller_roundoff_host_rep5.md
experiments/remainder_ablation/results/c1s_controller_roundoff_result.json
experiments/remainder_ablation/results/c1s_controller_roundoff_result.md
experiments/remainder_ablation/results/c1s_outward_gpu_jit_b48_rollout.json
experiments/remainder_ablation/results/c1s_outward_gpu_jit_b48_rollout.md
experiments/remainder_ablation/results/c2_autolirpa_b48_exact.json
experiments/remainder_ablation/results/c2_autolirpa_b48_exact.md
experiments/remainder_ablation/results/c2_autolirpa_b48_gate.json
experiments/remainder_ablation/results/c2_autolirpa_b48_gate.md
experiments/remainder_ablation/results/c2_autolirpa_b48_raw.json
experiments/remainder_ablation/results/c2_autolirpa_batch_audit.json
experiments/remainder_ablation/results/c2_autolirpa_batch_audit.md
experiments/remainder_ablation/results/c2_autolirpa_feasibility.json
experiments/remainder_ablation/results/c2_autolirpa_feasibility.md
experiments/remainder_ablation/results/c2_autolirpa_feasibility_cuda.json
experiments/remainder_ablation/results/c2_autolirpa_feasibility_cuda.md
experiments/remainder_ablation/results/c2_autolirpa_live_paired_rep1.json
experiments/remainder_ablation/results/c2_autolirpa_live_paired_rep1.md
experiments/remainder_ablation/results/c2_autolirpa_live_paired_rep2.json
experiments/remainder_ablation/results/c2_autolirpa_live_paired_rep2.md
experiments/remainder_ablation/results/c2_autolirpa_live_paired_rep3.json
experiments/remainder_ablation/results/c2_autolirpa_live_paired_rep3.md
experiments/remainder_ablation/results/c2_autolirpa_live_paired_rep4.json
experiments/remainder_ablation/results/c2_autolirpa_live_paired_rep4.md
experiments/remainder_ablation/results/c2_autolirpa_live_paired_rep5.json
experiments/remainder_ablation/results/c2_autolirpa_live_paired_rep5.md
experiments/remainder_ablation/results/c2_autolirpa_result.json
experiments/remainder_ablation/results/c2_autolirpa_result.md
experiments/remainder_ablation/results/c3a_controller_one_shot_raw/c3a_rep1_autolirpa.json
experiments/remainder_ablation/results/c3a_controller_one_shot_raw/c3a_rep1_autolirpa_gnu_time.txt
experiments/remainder_ablation/results/c3a_controller_one_shot_raw/c3a_rep1_jax.json
experiments/remainder_ablation/results/c3a_controller_one_shot_raw/c3a_rep1_jax_gnu_time.txt
experiments/remainder_ablation/results/c3a_controller_one_shot_raw/c3a_rep2_autolirpa.json
experiments/remainder_ablation/results/c3a_controller_one_shot_raw/c3a_rep2_autolirpa_gnu_time.txt
experiments/remainder_ablation/results/c3a_controller_one_shot_raw/c3a_rep2_jax.json
experiments/remainder_ablation/results/c3a_controller_one_shot_raw/c3a_rep2_jax_gnu_time.txt
experiments/remainder_ablation/results/c3a_controller_one_shot_raw/c3a_rep3_autolirpa.json
experiments/remainder_ablation/results/c3a_controller_one_shot_raw/c3a_rep3_autolirpa_gnu_time.txt
experiments/remainder_ablation/results/c3a_controller_one_shot_raw/c3a_rep3_jax.json
experiments/remainder_ablation/results/c3a_controller_one_shot_raw/c3a_rep3_jax_gnu_time.txt
experiments/remainder_ablation/results/c3a_controller_one_shot_result.json
experiments/remainder_ablation/results/c3a_controller_one_shot_result.md
experiments/remainder_ablation/results/c3b_controller_full_rollout_raw/c3b_autolirpa.json
experiments/remainder_ablation/results/c3b_controller_full_rollout_raw/c3b_autolirpa.md
experiments/remainder_ablation/results/c3b_controller_full_rollout_raw/c3b_autolirpa_trace.json
experiments/remainder_ablation/results/c3b_controller_full_rollout_raw/c3b_autolirpa_wall_seconds.txt
experiments/remainder_ablation/results/c3b_controller_full_rollout_raw/c3b_jax.json
experiments/remainder_ablation/results/c3b_controller_full_rollout_raw/c3b_jax.md
experiments/remainder_ablation/results/c3b_controller_full_rollout_raw/c3b_jax_trace.json
experiments/remainder_ablation/results/c3b_controller_full_rollout_raw/c3b_jax_wall_seconds.txt
experiments/remainder_ablation/results/c3b_controller_full_rollout_result.json
experiments/remainder_ablation/results/c3b_controller_full_rollout_result.md
experiments/remainder_ablation/results/gate0_cpu.json
experiments/remainder_ablation/results/gate0_cpu.md
experiments/remainder_ablation/results/gate0_cuda0.json
experiments/remainder_ablation/results/gate0_cuda0.md
experiments/remainder_ablation/results/gate1_algorithmic_efficiency_cpu.json
experiments/remainder_ablation/results/gate1_algorithmic_efficiency_cpu.md
experiments/remainder_ablation/results/gate1_algorithmic_efficiency_cuda0.json
experiments/remainder_ablation/results/gate1_algorithmic_efficiency_cuda0.md
experiments/remainder_ablation/results/gate1_diffreach_jax_cpu.json
experiments/remainder_ablation/results/gate1_diffreach_jax_cpu.md
experiments/remainder_ablation/results/gate1_diffreach_jax_cuda0.json
experiments/remainder_ablation/results/gate1_diffreach_jax_cuda0.md
experiments/remainder_ablation/results/gate1_tora_segment_cpu.json
experiments/remainder_ablation/results/gate1_tora_segment_cpu.md
experiments/remainder_ablation/results/gate1_tora_segment_cuda0.json
experiments/remainder_ablation/results/gate1_tora_segment_cuda0.md
experiments/remainder_ablation/results/m1_dr_tora_period_cpu.json
experiments/remainder_ablation/results/m1_dr_tora_period_cpu.md
experiments/remainder_ablation/results/m2_tora_failure_atlas_cpu.json
experiments/remainder_ablation/results/m2_tora_failure_atlas_cpu.md
experiments/remainder_ablation/results/m3a_controller_composition_cpu.json
experiments/remainder_ablation/results/m3a_controller_composition_cpu.md
experiments/remainder_ablation/results/m3b_state_width_atlas_cpu.json
experiments/remainder_ablation/results/m3b_state_width_atlas_cpu.md
experiments/remainder_ablation/results/m4_complete_order2_support_cpu.json
experiments/remainder_ablation/results/m4_complete_order2_support_cpu.md
experiments/remainder_ablation/results/m4_fixed_basis_ablation_cpu.json
experiments/remainder_ablation/results/m4_fixed_basis_ablation_cpu.md
experiments/remainder_ablation/results/m4_flowstar_shared_step_cpu.json
experiments/remainder_ablation/results/m4_flowstar_shared_step_cpu.md
experiments/remainder_ablation/results/m4_q3_controller_split_atlas.json
experiments/remainder_ablation/results/m4_q3_controller_split_atlas.md
experiments/remainder_ablation/results/m4_q3_gpu.json
experiments/remainder_ablation/results/m4_q3_gpu.md
experiments/remainder_ablation/results/m4_q3_k2_rebaseline_cpu.json
experiments/remainder_ablation/results/m4_q3_k2_rebaseline_cpu.md
experiments/remainder_ablation/results/m4_q3_one_period_cpu.json
experiments/remainder_ablation/results/m4_q3_one_period_cpu.md
experiments/remainder_ablation/results/m4_q3_period16_survival.json
experiments/remainder_ablation/results/m4_q3_period16_survival.md
experiments/remainder_ablation/results/m4_q3_retry_rollout.json
experiments/remainder_ablation/results/m4_q3_retry_rollout.md
experiments/remainder_ablation/results/m4_q3_seed_retry.json
experiments/remainder_ablation/results/m4_q3_seed_retry.md
experiments/remainder_ablation/results/m4_q3_static_extension.json
experiments/remainder_ablation/results/m4_q3_static_extension.md
experiments/remainder_ablation/results/m4_q3_static_failure.json
experiments/remainder_ablation/results/m4_q3_static_failure.md
experiments/remainder_ablation/results/m4_remainder_source_atlas_cpu.json
experiments/remainder_ablation/results/m4_remainder_source_atlas_cpu.md
experiments/remainder_ablation/results/p0_q3_b26_decision.json
experiments/remainder_ablation/results/p0_q3_b26_decision.md
experiments/remainder_ablation/results/p0_q3_b26_gate.json
experiments/remainder_ablation/results/p0_q3_b26_gate.md
experiments/remainder_ablation/results/p0_q3_b26_gate_gnu_time.txt
experiments/remainder_ablation/results/q3_tensor_fusion.json
experiments/remainder_ablation/results/q3_tensor_fusion.md
experiments/remainder_ablation/results/q3_tensor_fusion_s0_b48.json
experiments/remainder_ablation/results/q3_tensor_fusion_s0_b48.md
experiments/remainder_ablation/results/q3_tensor_fusion_s0_b48_eager.json
experiments/remainder_ablation/results/q3_tensor_fusion_s0_b48_eager.md
experiments/remainder_ablation/results/s0_tora_static_partition_sweep.json
experiments/remainder_ablation/results/s0_tora_static_partition_sweep.md
experiments/remainder_ablation/results/s3_q3_b48_rep1.json
experiments/remainder_ablation/results/s3_q3_b48_rep1.md
experiments/remainder_ablation/results/s3_q3_b48_rep1.wall
experiments/remainder_ablation/results/s3_q3_b48_rep2.json
experiments/remainder_ablation/results/s3_q3_b48_rep2.md
experiments/remainder_ablation/results/s3_q3_b48_rep2.wall
experiments/remainder_ablation/results/s3_q3_b48_rep3.json
experiments/remainder_ablation/results/s3_q3_b48_rep3.md
experiments/remainder_ablation/results/s3_q3_b48_rep3.wall
experiments/remainder_ablation/results/s3r_raw/s3r_diffreach_rep1_gnu_time.txt
experiments/remainder_ablation/results/s3r_raw/s3r_diffreach_rep1_stderr.log
experiments/remainder_ablation/results/s3r_raw/s3r_diffreach_rep1_stdout.log
experiments/remainder_ablation/results/s3r_raw/s3r_diffreach_rep1_wrapper.json
experiments/remainder_ablation/results/s3r_raw/s3r_diffreach_rep2_gnu_time.txt
experiments/remainder_ablation/results/s3r_raw/s3r_diffreach_rep2_stderr.log
experiments/remainder_ablation/results/s3r_raw/s3r_diffreach_rep2_stdout.log
experiments/remainder_ablation/results/s3r_raw/s3r_diffreach_rep2_wrapper.json
experiments/remainder_ablation/results/s3r_raw/s3r_diffreach_rep3_gnu_time.txt
experiments/remainder_ablation/results/s3r_raw/s3r_diffreach_rep3_stderr.log
experiments/remainder_ablation/results/s3r_raw/s3r_diffreach_rep3_stdout.log
experiments/remainder_ablation/results/s3r_raw/s3r_diffreach_rep3_wrapper.json
experiments/remainder_ablation/results/s3r_raw/s3r_flowstar_rep1_gnu_time.txt
experiments/remainder_ablation/results/s3r_raw/s3r_flowstar_rep1_stderr.log
experiments/remainder_ablation/results/s3r_raw/s3r_flowstar_rep1_stdout.log
experiments/remainder_ablation/results/s3r_raw/s3r_flowstar_rep1_wrapper.json
experiments/remainder_ablation/results/s3r_raw/s3r_flowstar_rep2_gnu_time.txt
experiments/remainder_ablation/results/s3r_raw/s3r_flowstar_rep2_stderr.log
experiments/remainder_ablation/results/s3r_raw/s3r_flowstar_rep2_stdout.log
experiments/remainder_ablation/results/s3r_raw/s3r_flowstar_rep2_wrapper.json
experiments/remainder_ablation/results/s3r_raw/s3r_flowstar_rep3_gnu_time.txt
experiments/remainder_ablation/results/s3r_raw/s3r_flowstar_rep3_stderr.log
experiments/remainder_ablation/results/s3r_raw/s3r_flowstar_rep3_stdout.log
experiments/remainder_ablation/results/s3r_raw/s3r_flowstar_rep3_wrapper.json
experiments/remainder_ablation/results/s3r_raw/s3r_q3_rep1_gnu_time.txt
experiments/remainder_ablation/results/s3r_raw/s3r_q3_rep1_q3_b48.json
experiments/remainder_ablation/results/s3r_raw/s3r_q3_rep1_q3_b48.md
experiments/remainder_ablation/results/s3r_raw/s3r_q3_rep1_stderr.log
experiments/remainder_ablation/results/s3r_raw/s3r_q3_rep1_stdout.log
experiments/remainder_ablation/results/s3r_raw/s3r_q3_rep1_wrapper.json
experiments/remainder_ablation/results/s3r_raw/s3r_q3_rep2_gnu_time.txt
experiments/remainder_ablation/results/s3r_raw/s3r_q3_rep2_q3_b48.json
experiments/remainder_ablation/results/s3r_raw/s3r_q3_rep2_q3_b48.md
experiments/remainder_ablation/results/s3r_raw/s3r_q3_rep2_stderr.log
experiments/remainder_ablation/results/s3r_raw/s3r_q3_rep2_stdout.log
experiments/remainder_ablation/results/s3r_raw/s3r_q3_rep2_wrapper.json
experiments/remainder_ablation/results/s3r_raw/s3r_q3_rep3_gnu_time.txt
experiments/remainder_ablation/results/s3r_raw/s3r_q3_rep3_q3_b48.json
experiments/remainder_ablation/results/s3r_raw/s3r_q3_rep3_q3_b48.md
experiments/remainder_ablation/results/s3r_raw/s3r_q3_rep3_stderr.log
experiments/remainder_ablation/results/s3r_raw/s3r_q3_rep3_stdout.log
experiments/remainder_ablation/results/s3r_raw/s3r_q3_rep3_wrapper.json
experiments/remainder_ablation/results/tora_fixed25_static_gate_a.json
experiments/remainder_ablation/results/tora_fixed25_static_gate_a.md
experiments/remainder_ablation/results/tora_fixed31_gate_a.json
experiments/remainder_ablation/results/tora_fixed31_gate_a.md
experiments/remainder_ablation/results/tora_fixed31_gate_a_cpu_b48_raw.json
experiments/remainder_ablation/results/tora_fixed31_gate_a_cpu_b48_raw.md
experiments/remainder_ablation/results/tora_fixed31_gate_a_cuda_b48_raw.json
experiments/remainder_ablation/results/tora_fixed31_gate_a_cuda_b48_raw.md
experiments/remainder_ablation/results/tora_fixed31_gate_b_fixed31_b48.wall
experiments/remainder_ablation/results/tora_fixed31_gate_b_fixed31_b48_raw.json
experiments/remainder_ablation/results/tora_fixed31_gate_b_fixed31_b48_raw.md
experiments/remainder_ablation/results/tora_fixed31_gate_b_q3_b48.wall
experiments/remainder_ablation/results/tora_fixed31_gate_b_q3_b48_raw.json
experiments/remainder_ablation/results/tora_fixed31_gate_b_q3_b48_raw.md
experiments/remainder_ablation/results/tora_fixed31_outward_b48.wall
experiments/remainder_ablation/results/tora_fixed31_outward_b48_raw.json
experiments/remainder_ablation/results/tora_fixed31_outward_b48_raw.md
experiments/remainder_ablation/results/tora_fixed31_static_tradeoff.json
experiments/remainder_ablation/results/tora_fixed31_static_tradeoff.md
experiments/remainder_ablation/results/u0_diffreach_cpu_flowpipe.npz
experiments/remainder_ablation/results/u0_diffreach_cpu_gpu_compare.json
experiments/remainder_ablation/results/u0_diffreach_cpu_stdout.log
experiments/remainder_ablation/results/u0_diffreach_cpu_time.txt
experiments/remainder_ablation/results/u0_diffreach_gpu_config.json
experiments/remainder_ablation/results/u0_diffreach_gpu_flowpipe.npz
experiments/remainder_ablation/results/u0_diffreach_gpu_samples.csv
experiments/remainder_ablation/results/u0_diffreach_gpu_stdout.log
experiments/remainder_ablation/results/u0_diffreach_gpu_time.txt
experiments/remainder_ablation/results/u0_diffreach_native_gpu.json
experiments/remainder_ablation/results/u0_diffreach_native_gpu.md
experiments/remainder_ablation/run_c0_controller_trace_replay.py
experiments/remainder_ablation/run_c1_controller_outward_replay.py
experiments/remainder_ablation/run_c1_controller_rebaseline.py
experiments/remainder_ablation/run_c1s_controller_roundoff_gate.py
experiments/remainder_ablation/run_c2_autolirpa_b48_gate.py
experiments/remainder_ablation/run_c2_autolirpa_batch_audit.py
experiments/remainder_ablation/run_c2_autolirpa_feasibility.py
experiments/remainder_ablation/run_c2_autolirpa_live_paired_gate.py
experiments/remainder_ablation/run_c3a_controller_one_shot_lane.py
experiments/remainder_ablation/run_gate0.py
experiments/remainder_ablation/run_gate1_algorithmic_efficiency.py
experiments/remainder_ablation/run_gate1_tora_segment.py
experiments/remainder_ablation/run_m1_dr_tora_period.py
experiments/remainder_ablation/run_m2_tora_failure_atlas.py
experiments/remainder_ablation/run_m3_controller_composition_screen.py
experiments/remainder_ablation/run_m3b_state_width_atlas.py
experiments/remainder_ablation/run_m410_q3_retry_rollout.py
experiments/remainder_ablation/run_m411_q3_controller_split_atlas.py
experiments/remainder_ablation/run_m412_q3_period16_survival.py
experiments/remainder_ablation/run_m47_q3_static_failure.py
experiments/remainder_ablation/run_m49_q3_seed_retry.py
experiments/remainder_ablation/run_m4_complete_order2_support_gate.py
experiments/remainder_ablation/run_m4_fixed_basis_ablation.py
experiments/remainder_ablation/run_m4_flowstar_shared_step_export.py
experiments/remainder_ablation/run_m4_q3_gpu.py
experiments/remainder_ablation/run_m4_q3_one_period.py
experiments/remainder_ablation/run_m4_q3_rebaseline.py
experiments/remainder_ablation/run_m4_remainder_source_atlas.py
experiments/remainder_ablation/run_q3_tensor_fusion.py
experiments/remainder_ablation/run_s0_tora_static_partition_sweep.py
experiments/remainder_ablation/tensor_closed_loop.py
experiments/remainder_ablation/tensor_compiled.py
experiments/remainder_ablation/tensor_fixed_basis.py
experiments/remainder_ablation/tensor_multisegment.py
experiments/remainder_ablation/tests/test_c2_autolirpa_controller.py
experiments/remainder_ablation/tests/test_dr_multisegment.py
experiments/remainder_ablation/tests/test_generic_fixed_basis.py
experiments/remainder_ablation/tests/test_generic_multisegment.py
experiments/remainder_ablation/tests/test_m3_controller_composition.py
experiments/remainder_ablation/tests/test_m3b_state_width_atlas.py
experiments/remainder_ablation/tests/test_m47_crown_worker.py
experiments/remainder_ablation/tests/test_m4_complete_order2_support.py
experiments/remainder_ablation/tests/test_m4_flowstar_shared_step_export.py
experiments/remainder_ablation/tests/test_m4_q3_rebaseline.py
experiments/remainder_ablation/tests/test_m4_remainder_source_atlas.py
experiments/remainder_ablation/tests/test_remainder_backends.py
experiments/remainder_ablation/tests/test_tensor_fixed_basis.py
experiments/remainder_ablation/tora_static_grid.py
requirements.txt
scripts/reachbench_crown_docker.sh
scripts/setup_external_deps.sh
src/CrownReach.cpp
src/CrownReach.h
src/CrownSettings.cpp
src/Makefile
src/arguments.yaml
src/attack.py
src/auto_LiRPA
src/configs/airplane.yaml
src/configs/attitude_control.yaml
src/configs/cartpole.yaml
src/configs/double_pendulum_less_robust.yaml
src/configs/double_pendulum_more_robust.yaml
src/configs/nav_robust.yaml
src/configs/nav_standard.yaml
src/configs/quad.yaml
src/configs/single_pendulum.yaml
src/configs/tora_relu_tanh.yaml
src/configs/tora_sigmoid.yaml
src/configs/unicycle.yaml
src/crown.py
src/run.py
submit/.dockerignore
submit/CROWN-Reach/ARCH-COMP2024/benchmarks/ACC/controller_5_20.onnx
submit/CROWN-Reach/ARCH-COMP2024/benchmarks/Airplane/controller_airplane.onnx
submit/CROWN-Reach/ARCH-COMP2024/benchmarks/Attitude-Control/attitude_control_3_64_torch.onnx
submit/CROWN-Reach/ARCH-COMP2024/benchmarks/Attitude-Control/model.onnx
submit/CROWN-Reach/ARCH-COMP2024/benchmarks/Benchmark10-Unicycle/controllerB.onnx
submit/CROWN-Reach/ARCH-COMP2024/benchmarks/Benchmark9-Tora/controllerTora.onnx
submit/CROWN-Reach/ARCH-COMP2024/benchmarks/CartPole/model.onnx
submit/CROWN-Reach/ARCH-COMP2024/benchmarks/Docking/model.onnx
submit/CROWN-Reach/ARCH-COMP2024/benchmarks/Double_Pendulum/controller_double_pendulum_less_robust.onnx
submit/CROWN-Reach/ARCH-COMP2024/benchmarks/Double_Pendulum/controller_double_pendulum_more_robust.onnx
submit/CROWN-Reach/ARCH-COMP2024/benchmarks/NAV/networks/nn-nav-point.onnx
submit/CROWN-Reach/ARCH-COMP2024/benchmarks/NAV/networks/nn-nav-set.onnx
submit/CROWN-Reach/ARCH-COMP2024/benchmarks/QUAD/model.onnx
submit/CROWN-Reach/ARCH-COMP2024/benchmarks/QUAD/quad_controller_3_64_torch.onnx
submit/CROWN-Reach/ARCH-COMP2024/benchmarks/Single_Pendulum/controller_single_pendulum.onnx
submit/CROWN-Reach/ARCH-COMP2024/benchmarks/Tora_Heterogeneous/nn_tora_relu_tanh.onnx
submit/CROWN-Reach/ARCH-COMP2024/benchmarks/Tora_Heterogeneous/nn_tora_sigmoid.onnx
submit/CROWN-Reach/ARCH-COMP2024/benchmarks/VCAS/onnx_networks/VertCAS_noResp_pra01_v9_20HU_200.onnx
submit/CROWN-Reach/ARCH-COMP2024/benchmarks/VCAS/onnx_networks/VertCAS_noResp_pra02_v9_20HU_200.onnx
submit/CROWN-Reach/ARCH-COMP2024/benchmarks/VCAS/onnx_networks/VertCAS_noResp_pra03_v9_20HU_200.onnx
submit/CROWN-Reach/ARCH-COMP2024/benchmarks/VCAS/onnx_networks/VertCAS_noResp_pra04_v9_20HU_200.onnx
submit/CROWN-Reach/ARCH-COMP2024/benchmarks/VCAS/onnx_networks/VertCAS_noResp_pra05_v9_20HU_200.onnx
submit/CROWN-Reach/ARCH-COMP2024/benchmarks/VCAS/onnx_networks/VertCAS_noResp_pra06_v9_20HU_200.onnx
submit/CROWN-Reach/ARCH-COMP2024/benchmarks/VCAS/onnx_networks/VertCAS_noResp_pra07_v9_20HU_200.onnx
submit/CROWN-Reach/ARCH-COMP2024/benchmarks/VCAS/onnx_networks/VertCAS_noResp_pra08_v9_20HU_200.onnx
submit/CROWN-Reach/ARCH-COMP2024/benchmarks/VCAS/onnx_networks/VertCAS_noResp_pra09_v9_20HU_200.onnx
submit/CROWN-Reach/archcomp/ACC/Makefile
submit/CROWN-Reach/archcomp/ACC/acc.cpp
submit/CROWN-Reach/archcomp/ACC/crown.py
submit/CROWN-Reach/archcomp/Airplane/Makefile
submit/CROWN-Reach/archcomp/Airplane/airplane.cpp
submit/CROWN-Reach/archcomp/Airplane/crown.py
submit/CROWN-Reach/archcomp/AttitudeControl/Makefile
submit/CROWN-Reach/archcomp/AttitudeControl/attitude_control.cpp
submit/CROWN-Reach/archcomp/AttitudeControl/crown.py
submit/CROWN-Reach/archcomp/CartPole/Makefile
submit/CROWN-Reach/archcomp/CartPole/balancing.cpp
submit/CROWN-Reach/archcomp/CartPole/crown.py
submit/CROWN-Reach/archcomp/DoublePendulum/Makefile
submit/CROWN-Reach/archcomp/DoublePendulum/crown_less_robust.py
submit/CROWN-Reach/archcomp/DoublePendulum/crown_more_robust.py
submit/CROWN-Reach/archcomp/DoublePendulum/double_pendulum_less_robust.cpp
submit/CROWN-Reach/archcomp/DoublePendulum/double_pendulum_more_robust.cpp
submit/CROWN-Reach/archcomp/NAV/Makefile
submit/CROWN-Reach/archcomp/NAV/NAV_robust.cpp
submit/CROWN-Reach/archcomp/NAV/NAV_standard.cpp
submit/CROWN-Reach/archcomp/NAV/crown_robust.py
submit/CROWN-Reach/archcomp/NAV/crown_standard.py
submit/CROWN-Reach/archcomp/Quadrotor/Makefile
submit/CROWN-Reach/archcomp/Quadrotor/crown.py
submit/CROWN-Reach/archcomp/Quadrotor/quad.cpp
submit/CROWN-Reach/archcomp/SinglePendulum/Makefile
submit/CROWN-Reach/archcomp/SinglePendulum/crown.py
submit/CROWN-Reach/archcomp/SinglePendulum/single_pendulum.cpp
submit/CROWN-Reach/archcomp/TORA/Makefile
submit/CROWN-Reach/archcomp/TORA/Tora.cpp
submit/CROWN-Reach/archcomp/TORA/crown.py
submit/CROWN-Reach/archcomp/TORA/crown_relu_tanh.py
submit/CROWN-Reach/archcomp/TORA/crown_sigmoid.py
submit/CROWN-Reach/archcomp/TORA/tora_relu_tanh.cpp
submit/CROWN-Reach/archcomp/TORA/tora_sigmoid.cpp
submit/CROWN-Reach/archcomp/Unicycle/Makefile
submit/CROWN-Reach/archcomp/Unicycle/Unicycle.cpp
submit/CROWN-Reach/archcomp/Unicycle/crown.py
submit/CROWN-Reach/archcomp/VCAS/crown.py
submit/CROWN-Reach/archcomp/VCAS/random_points_simulation.py
submit/CROWN-Reach/auto_LiRPA/__init__.py
submit/CROWN-Reach/auto_LiRPA/__pycache__/__init__.cpython-311.pyc
submit/CROWN-Reach/auto_LiRPA/__pycache__/adam_element_lr.cpython-311.pyc
submit/CROWN-Reach/auto_LiRPA/__pycache__/backward_bound.cpython-311.pyc
submit/CROWN-Reach/auto_LiRPA/__pycache__/beta_crown.cpython-311.pyc
submit/CROWN-Reach/auto_LiRPA/__pycache__/bound_general.cpython-311.pyc
submit/CROWN-Reach/auto_LiRPA/__pycache__/bound_multi_gpu.cpython-311.pyc
submit/CROWN-Reach/auto_LiRPA/__pycache__/bound_op_map.cpython-311.pyc
submit/CROWN-Reach/auto_LiRPA/__pycache__/bound_ops.cpython-311.pyc
submit/CROWN-Reach/auto_LiRPA/__pycache__/bounded_tensor.cpython-311.pyc
submit/CROWN-Reach/auto_LiRPA/__pycache__/cuda_utils.cpython-311.pyc
submit/CROWN-Reach/auto_LiRPA/__pycache__/edit_graph.cpython-311.pyc
submit/CROWN-Reach/auto_LiRPA/__pycache__/forward_bound.cpython-311.pyc
submit/CROWN-Reach/auto_LiRPA/__pycache__/intermediate_refinement.cpython-311.pyc
submit/CROWN-Reach/auto_LiRPA/__pycache__/interval_bound.cpython-311.pyc
submit/CROWN-Reach/auto_LiRPA/__pycache__/jacobian.cpython-311.pyc
submit/CROWN-Reach/auto_LiRPA/__pycache__/linear_bound.cpython-311.pyc
submit/CROWN-Reach/auto_LiRPA/__pycache__/opt_pruner.cpython-311.pyc
submit/CROWN-Reach/auto_LiRPA/__pycache__/optimize_graph.cpython-311.pyc
submit/CROWN-Reach/auto_LiRPA/__pycache__/optimized_bounds.cpython-311.pyc
submit/CROWN-Reach/auto_LiRPA/__pycache__/output_constraints.cpython-311.pyc
submit/CROWN-Reach/auto_LiRPA/__pycache__/parse_graph.cpython-311.pyc
submit/CROWN-Reach/auto_LiRPA/__pycache__/patches.cpython-311.pyc
submit/CROWN-Reach/auto_LiRPA/__pycache__/perturbations.cpython-311.pyc
submit/CROWN-Reach/auto_LiRPA/__pycache__/solver_module.cpython-311.pyc
submit/CROWN-Reach/auto_LiRPA/__pycache__/utils.cpython-311.pyc
submit/CROWN-Reach/auto_LiRPA/__pycache__/wrapper.cpython-311.pyc
submit/CROWN-Reach/auto_LiRPA/adam_element_lr.py
submit/CROWN-Reach/auto_LiRPA/backward_bound.py
submit/CROWN-Reach/auto_LiRPA/beta_crown.py
submit/CROWN-Reach/auto_LiRPA/bound_general.py
submit/CROWN-Reach/auto_LiRPA/bound_multi_gpu.py
submit/CROWN-Reach/auto_LiRPA/bound_op_map.py
submit/CROWN-Reach/auto_LiRPA/bound_ops.py
submit/CROWN-Reach/auto_LiRPA/bounded_tensor.py
submit/CROWN-Reach/auto_LiRPA/cuda/cuda_kernels.cu
submit/CROWN-Reach/auto_LiRPA/cuda/cuda_utils.cpp
submit/CROWN-Reach/auto_LiRPA/cuda_utils.py
submit/CROWN-Reach/auto_LiRPA/edit_graph.py
submit/CROWN-Reach/auto_LiRPA/eps_scheduler.py
submit/CROWN-Reach/auto_LiRPA/forward_bound.py
submit/CROWN-Reach/auto_LiRPA/intermediate_refinement.py
submit/CROWN-Reach/auto_LiRPA/interval_bound.py
submit/CROWN-Reach/auto_LiRPA/jacobian.py
submit/CROWN-Reach/auto_LiRPA/linear_bound.py
submit/CROWN-Reach/auto_LiRPA/operators/__init__.py
submit/CROWN-Reach/auto_LiRPA/operators/__pycache__/__init__.cpython-311.pyc
submit/CROWN-Reach/auto_LiRPA/operators/__pycache__/activation_base.cpython-311.pyc
submit/CROWN-Reach/auto_LiRPA/operators/__pycache__/activations.cpython-311.pyc
submit/CROWN-Reach/auto_LiRPA/operators/__pycache__/add_sub.cpython-311.pyc
submit/CROWN-Reach/auto_LiRPA/operators/__pycache__/base.cpython-311.pyc
submit/CROWN-Reach/auto_LiRPA/operators/__pycache__/bivariate.cpython-311.pyc
submit/CROWN-Reach/auto_LiRPA/operators/__pycache__/clampmult.cpython-311.pyc
submit/CROWN-Reach/auto_LiRPA/operators/__pycache__/constant.cpython-311.pyc
submit/CROWN-Reach/auto_LiRPA/operators/__pycache__/convex_concave.cpython-311.pyc
submit/CROWN-Reach/auto_LiRPA/operators/__pycache__/convolution.cpython-311.pyc
submit/CROWN-Reach/auto_LiRPA/operators/__pycache__/cut_ops.cpython-311.pyc
submit/CROWN-Reach/auto_LiRPA/operators/__pycache__/dropout.cpython-311.pyc
submit/CROWN-Reach/auto_LiRPA/operators/__pycache__/dtype.cpython-311.pyc
submit/CROWN-Reach/auto_LiRPA/operators/__pycache__/gelu.cpython-311.pyc
submit/CROWN-Reach/auto_LiRPA/operators/__pycache__/indexing.cpython-311.pyc
submit/CROWN-Reach/auto_LiRPA/operators/__pycache__/jacobian.cpython-311.pyc
submit/CROWN-Reach/auto_LiRPA/operators/__pycache__/leaf.cpython-311.pyc
submit/CROWN-Reach/auto_LiRPA/operators/__pycache__/linear.cpython-311.pyc
submit/CROWN-Reach/auto_LiRPA/operators/__pycache__/logical.cpython-311.pyc
submit/CROWN-Reach/auto_LiRPA/operators/__pycache__/minmax.cpython-311.pyc
submit/CROWN-Reach/auto_LiRPA/operators/__pycache__/nonlinear.cpython-311.pyc
submit/CROWN-Reach/auto_LiRPA/operators/__pycache__/normalization.cpython-311.pyc
submit/CROWN-Reach/auto_LiRPA/operators/__pycache__/pooling.cpython-311.pyc
submit/CROWN-Reach/auto_LiRPA/operators/__pycache__/reduce.cpython-311.pyc
submit/CROWN-Reach/auto_LiRPA/operators/__pycache__/relu.cpython-311.pyc
submit/CROWN-Reach/auto_LiRPA/operators/__pycache__/reshape.cpython-311.pyc
submit/CROWN-Reach/auto_LiRPA/operators/__pycache__/resize.cpython-311.pyc
submit/CROWN-Reach/auto_LiRPA/operators/__pycache__/rnn.cpython-311.pyc
submit/CROWN-Reach/auto_LiRPA/operators/__pycache__/shape.cpython-311.pyc
submit/CROWN-Reach/auto_LiRPA/operators/__pycache__/slice_concat.cpython-311.pyc
submit/CROWN-Reach/auto_LiRPA/operators/__pycache__/softmax.cpython-311.pyc
submit/CROWN-Reach/auto_LiRPA/operators/__pycache__/solver_utils.cpython-311.pyc
submit/CROWN-Reach/auto_LiRPA/operators/__pycache__/tanh.cpython-311.pyc
submit/CROWN-Reach/auto_LiRPA/operators/__pycache__/trigonometric.cpython-311.pyc
submit/CROWN-Reach/auto_LiRPA/operators/activation_base.py
submit/CROWN-Reach/auto_LiRPA/operators/activations.py
submit/CROWN-Reach/auto_LiRPA/operators/add_sub.py
submit/CROWN-Reach/auto_LiRPA/operators/base.py
submit/CROWN-Reach/auto_LiRPA/operators/bivariate.py
submit/CROWN-Reach/auto_LiRPA/operators/clampmult.py
submit/CROWN-Reach/auto_LiRPA/operators/constant.py
submit/CROWN-Reach/auto_LiRPA/operators/convex_concave.py
submit/CROWN-Reach/auto_LiRPA/operators/convolution.py
submit/CROWN-Reach/auto_LiRPA/operators/cut_ops.py
submit/CROWN-Reach/auto_LiRPA/operators/dropout.py
submit/CROWN-Reach/auto_LiRPA/operators/dtype.py
submit/CROWN-Reach/auto_LiRPA/operators/gelu.py
submit/CROWN-Reach/auto_LiRPA/operators/indexing.py
submit/CROWN-Reach/auto_LiRPA/operators/jacobian.py
submit/CROWN-Reach/auto_LiRPA/operators/leaf.py
submit/CROWN-Reach/auto_LiRPA/operators/linear.py
submit/CROWN-Reach/auto_LiRPA/operators/logical.py
submit/CROWN-Reach/auto_LiRPA/operators/minmax.py
submit/CROWN-Reach/auto_LiRPA/operators/nonlinear.py
submit/CROWN-Reach/auto_LiRPA/operators/normalization.py
submit/CROWN-Reach/auto_LiRPA/operators/pooling.py
submit/CROWN-Reach/auto_LiRPA/operators/reduce.py
submit/CROWN-Reach/auto_LiRPA/operators/relu.py
submit/CROWN-Reach/auto_LiRPA/operators/reshape.py
submit/CROWN-Reach/auto_LiRPA/operators/resize.py
submit/CROWN-Reach/auto_LiRPA/operators/rnn.py
submit/CROWN-Reach/auto_LiRPA/operators/shape.py
submit/CROWN-Reach/auto_LiRPA/operators/slice_concat.py
submit/CROWN-Reach/auto_LiRPA/operators/softmax.py
submit/CROWN-Reach/auto_LiRPA/operators/solver_utils.py
submit/CROWN-Reach/auto_LiRPA/operators/tanh.py
submit/CROWN-Reach/auto_LiRPA/operators/trigonometric.py
submit/CROWN-Reach/auto_LiRPA/opt_pruner.py
submit/CROWN-Reach/auto_LiRPA/optimize_graph.py
submit/CROWN-Reach/auto_LiRPA/optimized_bounds.py
submit/CROWN-Reach/auto_LiRPA/output_constraints.py
submit/CROWN-Reach/auto_LiRPA/parse_graph.py
submit/CROWN-Reach/auto_LiRPA/patches.py
submit/CROWN-Reach/auto_LiRPA/perturbations.py
submit/CROWN-Reach/auto_LiRPA/solver_module.py
submit/CROWN-Reach/auto_LiRPA/utils.py
submit/CROWN-Reach/auto_LiRPA/wrapper.py
submit/CROWN-Reach/results/plot/NAV_robust.fig
submit/CROWN-Reach/results/plot/Tora_x1_x2.fig
submit/CROWN-Reach/results/plot/Tora_x3_x4.fig
submit/CROWN-Reach/results/plot/Unicycle.fig
submit/CROWN-Reach/results/plot/VCAS_neg19_5_middle.fig
submit/CROWN-Reach/results/plot/VCAS_neg19_5_worst.fig
submit/CROWN-Reach/results/plot/VCAS_neg22_5_middle.fig
submit/CROWN-Reach/results/plot/VCAS_neg22_5_worst.fig
submit/CROWN-Reach/results/plot/VCAS_neg25_5_middle.fig
submit/CROWN-Reach/results/plot/VCAS_neg25_5_worst.fig
submit/CROWN-Reach/results/plot/VCAS_neg28_5_middle.fig
submit/CROWN-Reach/results/plot/VCAS_neg28_5_worst.fig
submit/CROWN-Reach/results/plot/acc.fig
submit/CROWN-Reach/results/plot/airplane.fig
submit/CROWN-Reach/results/plot/attitude_control.fig
submit/CROWN-Reach/results/plot/double_pendulum_less_robust.fig
submit/CROWN-Reach/results/plot/double_pendulum_more_robust.fig
submit/CROWN-Reach/results/plot/single_pendulum.fig
submit/CROWN-Reach/results/plot/tora_relu_tanh.fig
submit/CROWN-Reach/results/plot/tora_sigmoid.fig
submit/CROWN-Reach/results/results.csv
submit/Dockerfile
submit/results/plot/NAV_robust.fig
submit/results/plot/Tora_x1_x2.fig
submit/results/plot/Tora_x3_x4.fig
submit/results/plot/Unicycle.fig
submit/results/plot/VCAS_neg19_5_middle.fig
submit/results/plot/VCAS_neg19_5_worst.fig
submit/results/plot/VCAS_neg22_5_middle.fig
submit/results/plot/VCAS_neg22_5_worst.fig
submit/results/plot/VCAS_neg25_5_middle.fig
submit/results/plot/VCAS_neg25_5_worst.fig
submit/results/plot/VCAS_neg28_5_middle.fig
submit/results/plot/VCAS_neg28_5_worst.fig
submit/results/plot/acc.fig
submit/results/plot/airplane.fig
submit/results/plot/attitude_control.fig
submit/results/plot/double_pendulum_less_robust.fig
submit/results/plot/double_pendulum_more_robust.fig
submit/results/plot/single_pendulum.fig
submit/results/plot/tora_relu_tanh.fig
submit/results/plot/tora_sigmoid.fig
submit/results/results.csv
submit/run.py
submit/submit.sh
