{
  "first_crossing_DOP853": {
    "time": 0.32453650913459986,
    "state": [
      1.2335554728090898,
      1.0560791976646158,
      -1.5,
      -1.3431506076257416
    ],
    "coordinate_side": "theta1_dot_lower",
    "period": 16,
    "control": [
      -1.4296172857284546,
      -0.8627445101737976
    ],
    "first_later_sample": {
      "time": 0.3246,
      "state": [
        1.2334602300768203,
        1.0559939166015024,
        -1.5002026818181877,
        -1.343253571048448
      ]
    }
  },
  "first_crossing_RK45": {
    "time": 0.3245365091346001,
    "state": [
      1.2335554728090896,
      1.0560791976646153,
      -1.5000000000000002,
      -1.343150607625744
    ],
    "coordinate_side": "theta1_dot_lower",
    "period": 16,
    "control": [
      -1.4296172857284546,
      -0.8627445101737976
    ],
    "first_later_sample": {
      "time": 0.3246,
      "state": [
        1.2334602300768203,
        1.0559939166015024,
        -1.500202681818187,
        -1.34325357104845
      ]
    }
  },
  "method_boundary_gap": 2.220446049250313e-15,
  "method_crossing_time_gap_s": 2.220446049250313e-16
}
