Step 0
AIRPLANE_PICARD	0	old_lo=-0.01	old_hi=0.01	base_lo=-0.0057599210831522137	base_hi=0.0057633358423634486	diff_lo=-1.2465177038715579e-17	diff_hi=8.6029701880837349e-18	new_lo=-0.0057599210831522267	new_hi=0.0057633358423634573	subset=1
AIRPLANE_PICARD	1	old_lo=-0.01	old_hi=0.01	base_lo=-0.0057777289957269082	base_hi=0.0058201380127164441	diff_lo=-9.2490089661131156e-18	diff_hi=1.34192333171394e-17	new_lo=-0.0057777289957269178	new_hi=0.005820138012716458	subset=1
AIRPLANE_PICARD	2	old_lo=-0.01	old_hi=0.01	base_lo=-0.0027884369886874137	base_hi=0.0027559328739355936	diff_lo=-6.426859044950111e-18	diff_hi=5.2819415508054181e-18	new_lo=-0.0027884369886874202	new_hi=0.0027559328739355992	subset=1
AIRPLANE_PICARD	3	old_lo=-0.01	old_hi=0.01	base_lo=-0.00073320930576681299	base_hi=0.00073308972372727768	diff_lo=-3.1386004906153186e-19	diff_hi=9.2305607601872491e-18	new_lo=-0.00073320930576681331	new_hi=0.000733089723727287	subset=1
AIRPLANE_PICARD	4	old_lo=-0.01	old_hi=0.01	base_lo=-0.00080000416394986084	base_hi=0.00080191660316184432	diff_lo=-5.1414428270391025e-19	diff_hi=2.7630675525358595e-18	new_lo=-0.00080000416394986138	new_hi=0.00080191660316184714	subset=1
AIRPLANE_PICARD	5	old_lo=-0.01	old_hi=0.01	base_lo=-0.00079145898646042451	base_hi=0.00079827785438845908	diff_lo=-9.7306329660540354e-18	diff_hi=7.8501094513683283e-19	new_lo=-0.00079145898646043426	new_hi=0.00079827785438845995	subset=1
AIRPLANE_PICARD	6	old_lo=-0.01	old_hi=0.01	base_lo=-0.0010192912981013551	base_hi=0.0010053656720320743	diff_lo=-1.9359513991901175e-19	diff_hi=1.6583956430338284e-19	new_lo=-0.0010192912981013553	new_hi=0.0010053656720320746	subset=1
AIRPLANE_PICARD	7	old_lo=-0.01	old_hi=0.01	base_lo=-0.00072869984231123462	base_hi=0.00072513044025188328	diff_lo=-1.1796119636642291e-19	diff_hi=1.0685896612017134e-19	new_lo=-0.00072869984231123484	new_hi=0.00072513044025188339	subset=1
AIRPLANE_PICARD	8	old_lo=-0.01	old_hi=0.01	base_lo=-0.00067988094271976423	base_hi=0.00066403357798100547	diff_lo=-1.2628786905111161e-19	diff_hi=9.8532293435482673e-20	new_lo=-0.00067988094271976445	new_hi=0.00066403357798100558	subset=1
AIRPLANE_PICARD	9	old_lo=-0.01	old_hi=0.01	base_lo=-0.0001	base_hi=0.0001	diff_lo=0	diff_hi=0	new_lo=-0.0001	new_hi=0.0001	subset=1
AIRPLANE_PICARD	10	old_lo=-0.01	old_hi=0.01	base_lo=-0.0001	base_hi=0.0001	diff_lo=0	diff_hi=0	new_lo=-0.0001	new_hi=0.0001	subset=1
AIRPLANE_PICARD	11	old_lo=-0.01	old_hi=0.01	base_lo=-0.0001	base_hi=0.0001	diff_lo=0	diff_hi=0	new_lo=-0.0001	new_hi=0.0001	subset=1
AIRPLANE_PICARD	12	old_lo=-0.01	old_hi=0.01	base_lo=-0	base_hi=0	diff_lo=0	diff_hi=0	new_lo=-0	new_hi=0	subset=1
AIRPLANE_PICARD	13	old_lo=-0.01	old_hi=0.01	base_lo=-0	base_hi=0	diff_lo=0	diff_hi=0	new_lo=-0	new_hi=0	subset=1
AIRPLANE_PICARD	14	old_lo=-0.01	old_hi=0.01	base_lo=-0	base_hi=0	diff_lo=0	diff_hi=0	new_lo=-0	new_hi=0	subset=1
AIRPLANE_PICARD	15	old_lo=-0.01	old_hi=0.01	base_lo=-0	base_hi=0	diff_lo=0	diff_hi=0	new_lo=-0	new_hi=0	subset=1
AIRPLANE_PICARD	16	old_lo=-0.01	old_hi=0.01	base_lo=-0	base_hi=0	diff_lo=0	diff_hi=0	new_lo=-0	new_hi=0	subset=1
AIRPLANE_PICARD	17	old_lo=-0.01	old_hi=0.01	base_lo=-0	base_hi=0	diff_lo=0	diff_hi=0	new_lo=-0	new_hi=0	subset=1
AIRPLANE_PICARD	18	old_lo=-0.01	old_hi=0.01	base_lo=-0	base_hi=0	diff_lo=0	diff_hi=0	new_lo=-0	new_hi=0	subset=1
PERIOD 0 FLOWPIPES 1 STATUS 3 BOX_SAFE 0
DIAGNOSTIC_COMPLETED_CALLS 0/1
FLOWPIPE_SEGMENTS 1
UNKNOWN
time cost: 0.788000
