Step 0
AIRPLANE_PICARD	0	old_lo=-0.01	old_hi=0.01	base_lo=-0.0058159935402066478	base_hi=0.0057902276819518789	diff_lo=-8.1637752114005581e-18	diff_hi=7.7071589850893072e-18	new_lo=-0.0058159935402066565	new_hi=0.0057902276819518867	subset=1
AIRPLANE_PICARD	1	old_lo=-0.01	old_hi=0.01	base_lo=-0.0058436220037014572	base_hi=0.005861620539362419	diff_lo=-9.1212963108470665e-18	diff_hi=7.934750079208197e-18	new_lo=-0.0058436220037014668	new_hi=0.0058616205393624277	subset=1
AIRPLANE_PICARD	2	old_lo=-0.01	old_hi=0.01	base_lo=-0.0029698910752198838	base_hi=0.0029119031877356469	diff_lo=-3.1825792001782835e-18	diff_hi=6.0143325505042887e-18	new_lo=-0.0029698910752198873	new_hi=0.002911903187735653	subset=1
AIRPLANE_PICARD	3	old_lo=-0.01	old_hi=0.01	base_lo=-0.00082948176311325094	base_hi=0.00082937577727946511	diff_lo=-2.8622937353617318e-19	diff_hi=8.3721918286983074e-19	new_lo=-0.00082948176311325127	new_hi=0.00082937577727946598	subset=1
AIRPLANE_PICARD	4	old_lo=-0.01	old_hi=0.01	base_lo=-0.00077709270661089095	base_hi=0.00078364944624275768	diff_lo=-8.0369044752615118e-19	diff_hi=9.5410901401749032e-18	new_lo=-0.00077709270661089182	new_hi=0.00078364944624276732	subset=1
AIRPLANE_PICARD	5	old_lo=-0.01	old_hi=0.01	base_lo=-0.00084872529876127488	base_hi=0.00085552523461611808	diff_lo=-1.8623338982060048e-17	diff_hi=7.7930717434782106e-19	new_lo=-0.00084872529876129353	new_hi=0.00085552523461611895	subset=1
AIRPLANE_PICARD	6	old_lo=-0.01	old_hi=0.01	base_lo=-0.0004824206149590938	base_hi=0.00048112600448498504	diff_lo=-6.5572547391923333e-20	diff_hi=7.1123662515049118e-20	new_lo=-0.00048242061495909391	new_hi=0.00048112600448498515	subset=1
AIRPLANE_PICARD	7	old_lo=-0.01	old_hi=0.01	base_lo=-0.0004653942661356922	base_hi=0.00046601988135949827	diff_lo=-9.0205620750793989e-20	diff_hi=1.0408340855860845e-19	new_lo=-0.00046539426613569231	new_hi=0.00046601988135949838	subset=1
AIRPLANE_PICARD	8	old_lo=-0.01	old_hi=0.01	base_lo=-0.00039928003583774305	base_hi=0.00039814124849394083	diff_lo=-1.2906342661267449e-19	diff_hi=1.3461454173580026e-19	new_lo=-0.00039928003583774321	new_hi=0.000398141248493941	subset=1
AIRPLANE_PICARD	9	old_lo=-0.01	old_hi=0.01	base_lo=-0.0001	base_hi=0.0001	diff_lo=0	diff_hi=0	new_lo=-0.0001	new_hi=0.0001	subset=1
AIRPLANE_PICARD	10	old_lo=-0.01	old_hi=0.01	base_lo=-0.0001	base_hi=0.0001	diff_lo=0	diff_hi=0	new_lo=-0.0001	new_hi=0.0001	subset=1
AIRPLANE_PICARD	11	old_lo=-0.01	old_hi=0.01	base_lo=-0.0001	base_hi=0.0001	diff_lo=0	diff_hi=0	new_lo=-0.0001	new_hi=0.0001	subset=1
AIRPLANE_PICARD	12	old_lo=-0.01	old_hi=0.01	base_lo=-0	base_hi=0	diff_lo=0	diff_hi=0	new_lo=-0	new_hi=0	subset=1
AIRPLANE_PICARD	13	old_lo=-0.01	old_hi=0.01	base_lo=-0	base_hi=0	diff_lo=0	diff_hi=0	new_lo=-0	new_hi=0	subset=1
AIRPLANE_PICARD	14	old_lo=-0.01	old_hi=0.01	base_lo=-0	base_hi=0	diff_lo=0	diff_hi=0	new_lo=-0	new_hi=0	subset=1
AIRPLANE_PICARD	15	old_lo=-0.01	old_hi=0.01	base_lo=-0	base_hi=0	diff_lo=0	diff_hi=0	new_lo=-0	new_hi=0	subset=1
AIRPLANE_PICARD	16	old_lo=-0.01	old_hi=0.01	base_lo=-0	base_hi=0	diff_lo=0	diff_hi=0	new_lo=-0	new_hi=0	subset=1
AIRPLANE_PICARD	17	old_lo=-0.01	old_hi=0.01	base_lo=-0	base_hi=0	diff_lo=0	diff_hi=0	new_lo=-0	new_hi=0	subset=1
AIRPLANE_PICARD	18	old_lo=-0.01	old_hi=0.01	base_lo=-0	base_hi=0	diff_lo=0	diff_hi=0	new_lo=-0	new_hi=0	subset=1
PERIOD 0 FLOWPIPES 1 STATUS 3 BOX_SAFE 0
DIAGNOSTIC_COMPLETED_CALLS 0/1
FLOWPIPE_SEGMENTS 1
UNKNOWN
time cost: 0.788000
