Step 0
AIRPLANE_PICARD	0	old_lo=-0.01	old_hi=0.01	base_lo=-0.069390255181559127	base_hi=0.070282484851510646	diff_lo=-1.4281677692314568e-17	diff_hi=1.5600090663703287e-17	new_lo=-0.069390255181559155	new_hi=0.070282484851510674	subset=0
AIRPLANE_PICARD	1	old_lo=-0.01	old_hi=0.01	base_lo=-0.06792230323962524	base_hi=0.068510490934515347	diff_lo=-1.2363782451544728e-17	diff_hi=1.4409380517480915e-17	new_lo=-0.067922303239625254	new_hi=0.068510490934515375	subset=0
AIRPLANE_PICARD	2	old_lo=-0.01	old_hi=0.01	base_lo=-0.034019498423153306	base_hi=0.0343033394610874	diff_lo=-6.4379288936914766e-18	diff_hi=7.5425915513349714e-18	new_lo=-0.034019498423153313	new_hi=0.034303339461087413	subset=0
AIRPLANE_PICARD	3	old_lo=-0.01	old_hi=0.01	base_lo=-0.0067569168375854419	base_hi=0.0067570152233348505	diff_lo=-1.7347234759768075e-18	diff_hi=5.5550009037119709e-19	new_lo=-0.0067569168375854445	new_hi=0.0067570152233348514	subset=1
AIRPLANE_PICARD	4	old_lo=-0.01	old_hi=0.01	base_lo=-0.0068623152808160968	base_hi=0.0069288444518189095	diff_lo=-5.5512261454282464e-18	diff_hi=1.1103340469276194e-18	new_lo=-0.0068623152808161029	new_hi=0.0069288444518189113	subset=1
AIRPLANE_PICARD	5	old_lo=-0.01	old_hi=0.01	base_lo=-0.0067613760928555188	base_hi=0.0068810433125546938	diff_lo=-9.8532293435482653e-18	diff_hi=9.7155616884947469e-19	new_lo=-0.0067613760928555292	new_hi=0.0068810433125546955	subset=1
AIRPLANE_PICARD	6	old_lo=-0.01	old_hi=0.01	base_lo=-0.01256809263624724	base_hi=0.012495548690721595	diff_lo=-6.0472460372551509e-19	diff_hi=5.9917348860238934e-19	new_lo=-0.012568092636247242	new_hi=0.012495548690721597	subset=0
AIRPLANE_PICARD	7	old_lo=-0.01	old_hi=0.01	base_lo=-0.01075239707587379	base_hi=0.010751150195381526	diff_lo=-4.6421200217139368e-19	diff_hi=4.5727310826748645e-19	new_lo=-0.010752397075873792	new_hi=0.010751150195381528	subset=0
AIRPLANE_PICARD	8	old_lo=-0.01	old_hi=0.01	base_lo=-0.0077695616875467204	base_hi=0.0077050866180272508	diff_lo=-3.8198610941009303e-19	diff_hi=3.7088387916384144e-19	new_lo=-0.0077695616875467213	new_hi=0.0077050866180272517	subset=1
AIRPLANE_PICARD	9	old_lo=-0.01	old_hi=0.01	base_lo=-0.0001	base_hi=0.0001	diff_lo=0	diff_hi=0	new_lo=-0.0001	new_hi=0.0001	subset=1
AIRPLANE_PICARD	10	old_lo=-0.01	old_hi=0.01	base_lo=-0.0001	base_hi=0.0001	diff_lo=0	diff_hi=0	new_lo=-0.0001	new_hi=0.0001	subset=1
AIRPLANE_PICARD	11	old_lo=-0.01	old_hi=0.01	base_lo=-0.0001	base_hi=0.0001	diff_lo=0	diff_hi=0	new_lo=-0.0001	new_hi=0.0001	subset=1
AIRPLANE_PICARD	12	old_lo=-0.01	old_hi=0.01	base_lo=-0	base_hi=0	diff_lo=0	diff_hi=0	new_lo=-0	new_hi=0	subset=1
AIRPLANE_PICARD	13	old_lo=-0.01	old_hi=0.01	base_lo=-0	base_hi=0	diff_lo=0	diff_hi=0	new_lo=-0	new_hi=0	subset=1
AIRPLANE_PICARD	14	old_lo=-0.01	old_hi=0.01	base_lo=-0	base_hi=0	diff_lo=0	diff_hi=0	new_lo=-0	new_hi=0	subset=1
AIRPLANE_PICARD	15	old_lo=-0.01	old_hi=0.01	base_lo=-0	base_hi=0	diff_lo=0	diff_hi=0	new_lo=-0	new_hi=0	subset=1
AIRPLANE_PICARD	16	old_lo=-0.01	old_hi=0.01	base_lo=-0	base_hi=0	diff_lo=0	diff_hi=0	new_lo=-0	new_hi=0	subset=1
AIRPLANE_PICARD	17	old_lo=-0.01	old_hi=0.01	base_lo=-0	base_hi=0	diff_lo=0	diff_hi=0	new_lo=-0	new_hi=0	subset=1
AIRPLANE_PICARD	18	old_lo=-0.01	old_hi=0.01	base_lo=-0	base_hi=0	diff_lo=0	diff_hi=0	new_lo=-0	new_hi=0	subset=1
PERIOD 0 FLOWPIPES 0 STATUS 4 BOX_SAFE 1
DIAGNOSTIC_COMPLETED_CALLS 0/1
FLOWPIPE_SEGMENTS 0
UNKNOWN
time cost: 0.382000
