Step 0
AIRPLANE_PICARD	0	old_lo=-0.01	old_hi=0.01	base_lo=-0.0048831043376364779	base_hi=0.0049032470138868503	diff_lo=-4.853638324586745e-18	diff_hi=6.4877385870983608e-18	new_lo=-0.0048831043376364831	new_hi=0.0049032470138868573	subset=1
AIRPLANE_PICARD	1	old_lo=-0.01	old_hi=0.01	base_lo=-0.0044721724775145339	base_hi=0.0044602427443846872	diff_lo=-5.9343687371556651e-18	diff_hi=4.8366241567343659e-18	new_lo=-0.00447217247751454	new_hi=0.0044602427443846925	subset=1
AIRPLANE_PICARD	2	old_lo=-0.01	old_hi=0.01	base_lo=-0.002755292412204814	base_hi=0.002719908551168531	diff_lo=-3.4569800725729302e-18	diff_hi=2.6850281257632506e-18	new_lo=-0.0027552924122048175	new_hi=0.002719908551168534	subset=1
AIRPLANE_PICARD	3	old_lo=-0.01	old_hi=0.01	base_lo=-0.00059965349447850405	base_hi=0.00059959221018730769	diff_lo=-2.7772228960998294e-19	diff_hi=9.1942009561307728e-18	new_lo=-0.00059965349447850438	new_hi=0.00059959221018731691	subset=1
AIRPLANE_PICARD	4	old_lo=-0.01	old_hi=0.01	base_lo=-0.00069657388922066057	base_hi=0.00070155076111450899	diff_lo=-9.9748820314715691e-18	diff_hi=1.0582923426483151e-18	new_lo=-0.00069657388922067065	new_hi=0.00070155076111451007	subset=1
AIRPLANE_PICARD	5	old_lo=-0.01	old_hi=0.01	base_lo=-0.00074345844714124819	base_hi=0.00074853648031850844	diff_lo=-4.8229753524253747e-18	diff_hi=5.2130522121274245e-19	new_lo=-0.00074345844714125307	new_hi=0.00074853648031850898	subset=1
AIRPLANE_PICARD	6	old_lo=-0.01	old_hi=0.01	base_lo=-0.0010809005129910623	base_hi=0.001065551745612353	diff_lo=-1.9775847626135606e-19	diff_hi=1.7000290064572715e-19	new_lo=-0.0010809005129910625	new_hi=0.0010655517456123532	subset=1
AIRPLANE_PICARD	7	old_lo=-0.01	old_hi=0.01	base_lo=-0.00077977170349450458	base_hi=0.00077634749600042317	diff_lo=-7.910339050454243e-20	diff_hi=8.4654505627668216e-20	new_lo=-0.00077977170349450469	new_hi=0.00077634749600042328	subset=1
AIRPLANE_PICARD	8	old_lo=-0.01	old_hi=0.01	base_lo=-0.00074776945746321468	base_hi=0.00073292938278525846	diff_lo=-1.380839886877539e-19	diff_hi=1.2143064331837656e-19	new_lo=-0.00074776945746321489	new_hi=0.00073292938278525868	subset=1
AIRPLANE_PICARD	9	old_lo=-0.01	old_hi=0.01	base_lo=-0.0001	base_hi=0.0001	diff_lo=0	diff_hi=0	new_lo=-0.0001	new_hi=0.0001	subset=1
AIRPLANE_PICARD	10	old_lo=-0.01	old_hi=0.01	base_lo=-0.0001	base_hi=0.0001	diff_lo=0	diff_hi=0	new_lo=-0.0001	new_hi=0.0001	subset=1
AIRPLANE_PICARD	11	old_lo=-0.01	old_hi=0.01	base_lo=-0.0001	base_hi=0.0001	diff_lo=0	diff_hi=0	new_lo=-0.0001	new_hi=0.0001	subset=1
AIRPLANE_PICARD	12	old_lo=-0.01	old_hi=0.01	base_lo=-0	base_hi=0	diff_lo=0	diff_hi=0	new_lo=-0	new_hi=0	subset=1
AIRPLANE_PICARD	13	old_lo=-0.01	old_hi=0.01	base_lo=-0	base_hi=0	diff_lo=0	diff_hi=0	new_lo=-0	new_hi=0	subset=1
AIRPLANE_PICARD	14	old_lo=-0.01	old_hi=0.01	base_lo=-0	base_hi=0	diff_lo=0	diff_hi=0	new_lo=-0	new_hi=0	subset=1
AIRPLANE_PICARD	15	old_lo=-0.01	old_hi=0.01	base_lo=-0	base_hi=0	diff_lo=0	diff_hi=0	new_lo=-0	new_hi=0	subset=1
AIRPLANE_PICARD	16	old_lo=-0.01	old_hi=0.01	base_lo=-0	base_hi=0	diff_lo=0	diff_hi=0	new_lo=-0	new_hi=0	subset=1
AIRPLANE_PICARD	17	old_lo=-0.01	old_hi=0.01	base_lo=-0	base_hi=0	diff_lo=0	diff_hi=0	new_lo=-0	new_hi=0	subset=1
AIRPLANE_PICARD	18	old_lo=-0.01	old_hi=0.01	base_lo=-0	base_hi=0	diff_lo=0	diff_hi=0	new_lo=-0	new_hi=0	subset=1
PERIOD 0 FLOWPIPES 1 STATUS 3 BOX_SAFE 0
DIAGNOSTIC_COMPLETED_CALLS 0/1
FLOWPIPE_SEGMENTS 1
UNKNOWN
time cost: 0.805000
