Step 0
AIRPLANE_PICARD	0	old_lo=-0.01	old_hi=0.01	base_lo=-0.0058891114514796642	base_hi=0.0058666404210394622	diff_lo=-5.2903144827828004e-18	diff_hi=7.4066401160403538e-18	new_lo=-0.0058891114514796703	new_hi=0.00586664042103947	subset=1
AIRPLANE_PICARD	1	old_lo=-0.01	old_hi=0.01	base_lo=-0.0059251594084764499	base_hi=0.0059308283093991946	diff_lo=-6.8043533770397432e-18	diff_hi=6.7772916908145057e-18	new_lo=-0.0059251594084764568	new_hi=0.0059308283093992015	subset=1
AIRPLANE_PICARD	2	old_lo=-0.01	old_hi=0.01	base_lo=-0.0030127194591006764	base_hi=0.0029497985919329007	diff_lo=-4.3815819028569836e-18	diff_hi=5.3877307707820716e-18	new_lo=-0.0030127194591006812	new_hi=0.0029497985919329063	subset=1
AIRPLANE_PICARD	3	old_lo=-0.01	old_hi=0.01	base_lo=-0.00083001680260677915	base_hi=0.00082993322887346633	diff_lo=-3.1120939159023925e-19	diff_hi=8.6197715631897174e-19	new_lo=-0.00083001680260677948	new_hi=0.0008299332288734672	subset=1
AIRPLANE_PICARD	4	old_lo=-0.01	old_hi=0.01	base_lo=-0.00078998859617175317	base_hi=0.0007964485922196126	diff_lo=-8.0910278477119874e-19	diff_hi=9.5534830046872835e-18	new_lo=-0.00078998859617175404	new_hi=0.00079644859221962225	subset=1
AIRPLANE_PICARD	5	old_lo=-0.01	old_hi=0.01	base_lo=-0.0007538299704162167	base_hi=0.00076072673950581908	diff_lo=-1.8578902305499421e-17	diff_hi=7.4736050681423211e-19	new_lo=-0.00075382997041623535	new_hi=0.00076072673950581984	subset=1
AIRPLANE_PICARD	6	old_lo=-0.01	old_hi=0.01	base_lo=-0.00047704123323239015	base_hi=0.00047596283002958171	diff_lo=-5.5164206536062493e-20	diff_hi=5.793976409762538e-20	new_lo=-0.00047704123323239026	new_hi=0.00047596283002958182	subset=1
AIRPLANE_PICARD	7	old_lo=-0.01	old_hi=0.01	base_lo=-0.00045778445714351492	base_hi=0.00045802364003251332	diff_lo=-1.0130785099704555e-19	diff_hi=1.0824674490095278e-19	new_lo=-0.00045778445714351503	new_hi=0.00045802364003251343	subset=1
AIRPLANE_PICARD	8	old_lo=-0.01	old_hi=0.01	base_lo=-0.00039322419191362357	base_hi=0.00039213964358055854	diff_lo=-1.0061396160665483e-19	diff_hi=1.117161918529064e-19	new_lo=-0.00039322419191362368	new_hi=0.0003921396435805587	subset=1
AIRPLANE_PICARD	9	old_lo=-0.01	old_hi=0.01	base_lo=-0.0001	base_hi=0.0001	diff_lo=0	diff_hi=0	new_lo=-0.0001	new_hi=0.0001	subset=1
AIRPLANE_PICARD	10	old_lo=-0.01	old_hi=0.01	base_lo=-0.0001	base_hi=0.0001	diff_lo=0	diff_hi=0	new_lo=-0.0001	new_hi=0.0001	subset=1
AIRPLANE_PICARD	11	old_lo=-0.01	old_hi=0.01	base_lo=-0.0001	base_hi=0.0001	diff_lo=0	diff_hi=0	new_lo=-0.0001	new_hi=0.0001	subset=1
AIRPLANE_PICARD	12	old_lo=-0.01	old_hi=0.01	base_lo=-0	base_hi=0	diff_lo=0	diff_hi=0	new_lo=-0	new_hi=0	subset=1
AIRPLANE_PICARD	13	old_lo=-0.01	old_hi=0.01	base_lo=-0	base_hi=0	diff_lo=0	diff_hi=0	new_lo=-0	new_hi=0	subset=1
AIRPLANE_PICARD	14	old_lo=-0.01	old_hi=0.01	base_lo=-0	base_hi=0	diff_lo=0	diff_hi=0	new_lo=-0	new_hi=0	subset=1
AIRPLANE_PICARD	15	old_lo=-0.01	old_hi=0.01	base_lo=-0	base_hi=0	diff_lo=0	diff_hi=0	new_lo=-0	new_hi=0	subset=1
AIRPLANE_PICARD	16	old_lo=-0.01	old_hi=0.01	base_lo=-0	base_hi=0	diff_lo=0	diff_hi=0	new_lo=-0	new_hi=0	subset=1
AIRPLANE_PICARD	17	old_lo=-0.01	old_hi=0.01	base_lo=-0	base_hi=0	diff_lo=0	diff_hi=0	new_lo=-0	new_hi=0	subset=1
AIRPLANE_PICARD	18	old_lo=-0.01	old_hi=0.01	base_lo=-0	base_hi=0	diff_lo=0	diff_hi=0	new_lo=-0	new_hi=0	subset=1
PERIOD 0 FLOWPIPES 1 STATUS 3 BOX_SAFE 0
DIAGNOSTIC_COMPLETED_CALLS 0/1
FLOWPIPE_SEGMENTS 1
UNKNOWN
time cost: 0.808000
