{"accepted_steps": 1, "time": 0.02, "solve_seconds": 1.2122113020159304, "export_seconds": 0.04459827998653054, "queue_size": 1, "status": "RUNNING"}
{"accepted_steps": 20, "time": 0.4, "solve_seconds": 34.29270357405767, "export_seconds": 0.8697707550600171, "queue_size": 20, "status": "RUNNING"}
{"accepted_steps": 40, "time": 0.8, "solve_seconds": 76.13641844084486, "export_seconds": 1.76786315953359, "queue_size": 40, "status": "RUNNING"}
{"accepted_steps": 60, "time": 1.2, "solve_seconds": 116.40487471269444, "export_seconds": 2.685265176463872, "queue_size": 60, "status": "RUNNING"}
{"accepted_steps": 80, "time": 1.6, "solve_seconds": 153.8414979632944, "export_seconds": 3.652403079904616, "queue_size": 80, "status": "RUNNING"}
{"accepted_steps": 100, "time": 2.0, "solve_seconds": 190.5974209131673, "export_seconds": 4.748799624852836, "queue_size": 100, "status": "RUNNING"}
{"accepted_steps": 120, "time": 2.4, "solve_seconds": 227.2533217803575, "export_seconds": 5.802999389823526, "queue_size": 120, "status": "RUNNING"}
{"accepted_steps": 140, "time": 2.8000000000000003, "solve_seconds": 262.9255277435295, "export_seconds": 6.832928248681128, "queue_size": 140, "status": "RUNNING"}
{"accepted_steps": 160, "time": 3.2, "solve_seconds": 297.13373040920123, "export_seconds": 7.925247348379344, "queue_size": 160, "status": "RUNNING"}
{"accepted_steps": 180, "time": 3.6, "solve_seconds": 330.9060430736281, "export_seconds": 8.973588159773499, "queue_size": 180, "status": "RUNNING"}
{"accepted_steps": 200, "time": 4.0, "solve_seconds": 364.1238534897566, "export_seconds": 10.079614226706326, "queue_size": 200, "status": "RUNNING"}
{"accepted_steps": 220, "time": 4.4, "solve_seconds": 396.69753832928836, "export_seconds": 11.171639373991638, "queue_size": 220, "status": "RUNNING"}
{"accepted_steps": 240, "time": 4.8, "solve_seconds": 429.48011450329795, "export_seconds": 12.292783923447132, "queue_size": 240, "status": "RUNNING"}
{"accepted_steps": 260, "time": 5.2, "solve_seconds": 462.4702243329957, "export_seconds": 13.442079869564623, "queue_size": 260, "status": "RUNNING"}
{"accepted_steps": 280, "time": 5.6000000000000005, "solve_seconds": 496.48557686805725, "export_seconds": 14.747889744117856, "queue_size": 280, "status": "RUNNING"}
{"accepted_steps": 300, "time": 6.0, "solve_seconds": 531.4268073122948, "export_seconds": 16.055821191053838, "queue_size": 300, "status": "RUNNING"}
{"accepted_steps": 320, "time": 6.4, "solve_seconds": 566.8240176998079, "export_seconds": 17.39879125263542, "queue_size": 320, "status": "RUNNING"}
{"accepted_steps": 340, "time": 6.8, "solve_seconds": 603.619368086569, "export_seconds": 18.81010493589565, "queue_size": 340, "status": "RUNNING"}
{"accepted_steps": 360, "time": 7.2, "solve_seconds": 649.5722076348029, "export_seconds": 20.3585481448099, "queue_size": 360, "status": "RUNNING"}
{"accepted_steps": 380, "time": 7.6000000000000005, "solve_seconds": 696.9128085994162, "export_seconds": 21.995717698242515, "queue_size": 380, "status": "RUNNING"}
{"accepted_steps": 400, "time": 8.0, "solve_seconds": 742.8201580024324, "export_seconds": 23.701240121386945, "queue_size": 400, "status": "RUNNING"}
{"accepted_steps": 420, "time": 8.4, "solve_seconds": 784.8567821434699, "export_seconds": 25.38416083296761, "queue_size": 420, "status": "RUNNING"}
{"accepted_steps": 440, "time": 8.8, "solve_seconds": 825.51037238352, "export_seconds": 27.038812937680632, "queue_size": 440, "status": "RUNNING"}
{"accepted_steps": 460, "time": 9.200000000000001, "solve_seconds": 865.7259084065445, "export_seconds": 28.791948686819524, "queue_size": 460, "status": "RUNNING"}
{"accepted_steps": 480, "time": 9.6, "solve_seconds": 905.5378949963488, "export_seconds": 30.64714535791427, "queue_size": 480, "status": "RUNNING"}
{"accepted_steps": 500, "time": 10.0, "solve_seconds": 942.9674894399941, "export_seconds": 32.470691374503076, "queue_size": 500, "status": "RUNNING"}
{"accepted_steps": 520, "time": 10.4, "solve_seconds": 979.6232207231224, "export_seconds": 34.26015264960006, "queue_size": 520, "status": "RUNNING"}
{"accepted_steps": 540, "time": 10.8, "solve_seconds": 1015.3107775761746, "export_seconds": 36.04460565838963, "queue_size": 540, "status": "RUNNING"}
{"accepted_steps": 560, "time": 11.200000000000001, "solve_seconds": 1051.0813212064095, "export_seconds": 37.86034758668393, "queue_size": 560, "status": "RUNNING"}
{"accepted_steps": 580, "time": 11.6, "solve_seconds": 1087.604997416027, "export_seconds": 39.764349792618304, "queue_size": 580, "status": "RUNNING"}
{"accepted_steps": 600, "time": 12.0, "solve_seconds": 1124.2216094401665, "export_seconds": 41.87425250234082, "queue_size": 600, "status": "RUNNING"}
{"accepted_steps": 620, "time": 12.4, "solve_seconds": 1161.7618362042122, "export_seconds": 44.02068697893992, "queue_size": 620, "status": "RUNNING"}
{"accepted_steps": 640, "time": 12.8, "solve_seconds": 1200.5021504187025, "export_seconds": 46.10281780268997, "queue_size": 640, "status": "RUNNING"}
{"accepted_steps": 660, "time": 13.200000000000001, "solve_seconds": 1239.9107072874904, "export_seconds": 48.20461465185508, "queue_size": 660, "status": "RUNNING"}
{"accepted_steps": 680, "time": 13.6, "solve_seconds": 1279.1431658351794, "export_seconds": 50.43476785393432, "queue_size": 680, "status": "RUNNING"}
{"accepted_steps": 700, "time": 14.0, "solve_seconds": 1321.0622965027578, "export_seconds": 52.786569599527866, "queue_size": 700, "status": "RUNNING"}
{"accepted_steps": 720, "time": 14.4, "solve_seconds": 1372.711217009928, "export_seconds": 55.19834726350382, "queue_size": 720, "status": "RUNNING"}
{"accepted_steps": 740, "time": 14.8, "solve_seconds": 1423.9895601491444, "export_seconds": 57.80261007649824, "queue_size": 740, "status": "RUNNING"}
{"accepted_steps": 760, "time": 15.200000000000001, "solve_seconds": 1473.8651139666326, "export_seconds": 60.395613046362996, "queue_size": 760, "status": "RUNNING"}
{"accepted_steps": 780, "time": 15.6, "solve_seconds": 1520.4282514937222, "export_seconds": 62.866422639228404, "queue_size": 780, "status": "RUNNING"}
{"accepted_steps": 800, "time": 16.0, "solve_seconds": 1564.7562622362748, "export_seconds": 65.44907788932323, "queue_size": 800, "status": "RUNNING"}
{"accepted_steps": 820, "time": 16.4, "solve_seconds": 1608.7028116625734, "export_seconds": 68.12220842251554, "queue_size": 820, "status": "RUNNING"}
{"accepted_steps": 840, "time": 16.8, "solve_seconds": 1652.6307252366096, "export_seconds": 70.73179899575189, "queue_size": 840, "status": "RUNNING"}
{"accepted_steps": 860, "time": 17.2, "solve_seconds": 1693.8738471544348, "export_seconds": 73.35066034318879, "queue_size": 860, "status": "RUNNING"}
{"accepted_steps": 880, "time": 17.6, "solve_seconds": 1734.6596110034734, "export_seconds": 75.95057748211548, "queue_size": 880, "status": "RUNNING"}
{"accepted_steps": 900, "time": 18.0, "solve_seconds": 1774.2712110579014, "export_seconds": 78.72578168381006, "queue_size": 900, "status": "RUNNING"}
{"accepted_steps": 920, "time": 18.400000000000002, "solve_seconds": 1813.8681499497034, "export_seconds": 81.7254154253751, "queue_size": 920, "status": "RUNNING"}
{"accepted_steps": 940, "time": 18.8, "solve_seconds": 1854.3360200677998, "export_seconds": 84.33103326521814, "queue_size": 940, "status": "RUNNING"}
{"accepted_steps": 960, "time": 19.2, "solve_seconds": 1895.13787588384, "export_seconds": 87.03783590951934, "queue_size": 960, "status": "RUNNING"}
{"accepted_steps": 980, "time": 19.6, "solve_seconds": 1937.3347902554087, "export_seconds": 89.90401602396742, "queue_size": 980, "status": "RUNNING"}
{"accepted_steps": 1000, "time": 20.0, "solve_seconds": 1980.3954096045345, "export_seconds": 92.74029888771474, "queue_size": 0, "status": "RUNNING"}
{
  "plant": "brusselator",
  "completed": true,
  "accepted_steps": 1000,
  "rejected_attempts": 0,
  "accepted_horizon_exact": "720575940379279375/36028797018963968",
  "solve_seconds": 1980.3954096045345,
  "export_seconds": 92.74029888771474,
  "failure": null
}
