{"accepted_steps": 1, "time": 0.01, "solve_seconds": 0.4186460319906473, "export_seconds": 0.019130016211420298, "queue_size": 1, "status": "RUNNING"}
{"accepted_steps": 20, "time": 0.2, "solve_seconds": 12.548241520766169, "export_seconds": 0.35033726692199707, "queue_size": 20, "status": "RUNNING"}
{"accepted_steps": 40, "time": 0.4, "solve_seconds": 26.2951422277838, "export_seconds": 0.7261932981200516, "queue_size": 40, "status": "RUNNING"}
{"accepted_steps": 60, "time": 0.6, "solve_seconds": 40.4465300696902, "export_seconds": 1.1420699353329837, "queue_size": 60, "status": "RUNNING"}
{"accepted_steps": 80, "time": 0.8, "solve_seconds": 54.62586654769257, "export_seconds": 1.589197754394263, "queue_size": 80, "status": "RUNNING"}
{"accepted_steps": 100, "time": 1.0, "solve_seconds": 68.87707895133644, "export_seconds": 2.119604802224785, "queue_size": 0, "status": "RUNNING"}
{"accepted_steps": 120, "time": 1.2, "solve_seconds": 82.50483852950856, "export_seconds": 2.4723857534117997, "queue_size": 20, "status": "RUNNING"}
{"accepted_steps": 140, "time": 1.4000000000000001, "solve_seconds": 96.32128762733191, "export_seconds": 2.8490605098195374, "queue_size": 40, "status": "RUNNING"}
{"accepted_steps": 160, "time": 1.6, "solve_seconds": 110.47554995445535, "export_seconds": 3.264024513307959, "queue_size": 60, "status": "RUNNING"}
{"accepted_steps": 180, "time": 1.8, "solve_seconds": 124.79554610140622, "export_seconds": 3.712997793685645, "queue_size": 80, "status": "RUNNING"}
{"accepted_steps": 200, "time": 2.0, "solve_seconds": 139.1804339233786, "export_seconds": 4.184927988797426, "queue_size": 0, "status": "RUNNING"}
{"accepted_steps": 220, "time": 2.2, "solve_seconds": 152.98679550318047, "export_seconds": 4.524412309285253, "queue_size": 20, "status": "RUNNING"}
{"accepted_steps": 240, "time": 2.4, "solve_seconds": 166.96203828928992, "export_seconds": 4.901459788903594, "queue_size": 40, "status": "RUNNING"}
{"accepted_steps": 260, "time": 2.6, "solve_seconds": 181.14469111710787, "export_seconds": 5.315274109132588, "queue_size": 60, "status": "RUNNING"}
{"accepted_steps": 280, "time": 2.8000000000000003, "solve_seconds": 195.43632808094844, "export_seconds": 5.76492427662015, "queue_size": 80, "status": "RUNNING"}
{"accepted_steps": 300, "time": 3.0, "solve_seconds": 209.95734128914773, "export_seconds": 6.238880739081651, "queue_size": 0, "status": "RUNNING"}
{"accepted_steps": 320, "time": 3.2, "solve_seconds": 224.0549970669672, "export_seconds": 6.577928802464157, "queue_size": 20, "status": "RUNNING"}
{"accepted_steps": 340, "time": 3.4, "solve_seconds": 238.36942936247215, "export_seconds": 6.954617132432759, "queue_size": 40, "status": "RUNNING"}
{"accepted_steps": 360, "time": 3.6, "solve_seconds": 252.78626526752487, "export_seconds": 7.366554158739746, "queue_size": 60, "status": "RUNNING"}
{"accepted_steps": 380, "time": 3.8000000000000003, "solve_seconds": 267.4825638043694, "export_seconds": 7.8137450367212296, "queue_size": 80, "status": "RUNNING"}
{"accepted_steps": 400, "time": 4.0, "solve_seconds": 281.9692723802291, "export_seconds": 8.285495560150594, "queue_size": 0, "status": "RUNNING"}
{"accepted_steps": 420, "time": 4.2, "solve_seconds": 295.8059402136132, "export_seconds": 8.627098345197737, "queue_size": 20, "status": "RUNNING"}
{"accepted_steps": 440, "time": 4.4, "solve_seconds": 309.7173369182274, "export_seconds": 9.005068578291684, "queue_size": 40, "status": "RUNNING"}
{"accepted_steps": 460, "time": 4.6000000000000005, "solve_seconds": 323.7341657122597, "export_seconds": 9.425418025813997, "queue_size": 60, "status": "RUNNING"}
{"accepted_steps": 480, "time": 4.8, "solve_seconds": 337.70841190358624, "export_seconds": 9.87768513802439, "queue_size": 80, "status": "RUNNING"}
{"accepted_steps": 500, "time": 5.0, "solve_seconds": 352.0515019707382, "export_seconds": 10.351453457493335, "queue_size": 0, "status": "RUNNING"}
{"accepted_steps": 520, "time": 5.2, "solve_seconds": 365.77141793305054, "export_seconds": 10.700150404125452, "queue_size": 20, "status": "RUNNING"}
{"accepted_steps": 540, "time": 5.4, "solve_seconds": 379.5406373231672, "export_seconds": 11.078658498823643, "queue_size": 40, "status": "RUNNING"}
{"accepted_steps": 560, "time": 5.6000000000000005, "solve_seconds": 393.5855960845947, "export_seconds": 11.491112838033587, "queue_size": 60, "status": "RUNNING"}
{"accepted_steps": 580, "time": 5.8, "solve_seconds": 407.7332955398597, "export_seconds": 11.937897915486246, "queue_size": 80, "status": "RUNNING"}
{"accepted_steps": 600, "time": 6.0, "solve_seconds": 422.0164132337086, "export_seconds": 12.462056749965996, "queue_size": 0, "status": "RUNNING"}
{"accepted_steps": 620, "time": 6.2, "solve_seconds": 435.7426158897579, "export_seconds": 12.808326442725956, "queue_size": 20, "status": "RUNNING"}
{"accepted_steps": 640, "time": 6.4, "solve_seconds": 449.97249151486903, "export_seconds": 13.194510389119387, "queue_size": 40, "status": "RUNNING"}
{"accepted_steps": 660, "time": 6.6000000000000005, "solve_seconds": 464.5224614171311, "export_seconds": 13.608930211979896, "queue_size": 60, "status": "RUNNING"}
{"accepted_steps": 680, "time": 6.8, "solve_seconds": 479.1401253170334, "export_seconds": 14.058204615488648, "queue_size": 80, "status": "RUNNING"}
{"accepted_steps": 700, "time": 7.0, "solve_seconds": 493.98699037730694, "export_seconds": 14.531601989176124, "queue_size": 0, "status": "RUNNING"}
{"accepted_steps": 720, "time": 7.2, "solve_seconds": 508.2117423163727, "export_seconds": 14.87225893791765, "queue_size": 20, "status": "RUNNING"}
{"accepted_steps": 740, "time": 7.4, "solve_seconds": 522.164424770046, "export_seconds": 15.248416512738913, "queue_size": 40, "status": "RUNNING"}
{"accepted_steps": 760, "time": 7.6000000000000005, "solve_seconds": 536.308959191665, "export_seconds": 15.660771639551967, "queue_size": 60, "status": "RUNNING"}
{"accepted_steps": 780, "time": 7.8, "solve_seconds": 550.4839766104706, "export_seconds": 16.10913554439321, "queue_size": 80, "status": "RUNNING"}
{"accepted_steps": 800, "time": 8.0, "solve_seconds": 564.6742801992223, "export_seconds": 16.58505402551964, "queue_size": 0, "status": "RUNNING"}
{"accepted_steps": 820, "time": 8.2, "solve_seconds": 578.1583435563371, "export_seconds": 16.92461190931499, "queue_size": 20, "status": "RUNNING"}
{"accepted_steps": 840, "time": 8.4, "solve_seconds": 592.126104450319, "export_seconds": 17.307392068207264, "queue_size": 40, "status": "RUNNING"}
{"accepted_steps": 860, "time": 8.6, "solve_seconds": 606.2413351428695, "export_seconds": 17.728821671102196, "queue_size": 60, "status": "RUNNING"}
{"accepted_steps": 880, "time": 8.8, "solve_seconds": 620.433441341389, "export_seconds": 18.1789094414562, "queue_size": 80, "status": "RUNNING"}
{"accepted_steps": 900, "time": 9.0, "solve_seconds": 634.8499376564287, "export_seconds": 18.655274000484496, "queue_size": 0, "status": "RUNNING"}
{"accepted_steps": 920, "time": 9.200000000000001, "solve_seconds": 648.554041092284, "export_seconds": 18.994679648429155, "queue_size": 20, "status": "RUNNING"}
{"accepted_steps": 940, "time": 9.4, "solve_seconds": 662.514951760415, "export_seconds": 19.37016048748046, "queue_size": 40, "status": "RUNNING"}
{"accepted_steps": 960, "time": 9.6, "solve_seconds": 676.7062071124092, "export_seconds": 19.784462763927877, "queue_size": 60, "status": "RUNNING"}
{"accepted_steps": 980, "time": 9.8, "solve_seconds": 691.2867592172697, "export_seconds": 20.253269941546023, "queue_size": 80, "status": "RUNNING"}
{"accepted_steps": 1000, "time": 10.0, "solve_seconds": 706.0341191939078, "export_seconds": 20.75776126049459, "queue_size": 0, "status": "RUNNING"}
{
  "plant": "van_der_pol",
  "completed": true,
  "accepted_steps": 1000,
  "rejected_attempts": 0,
  "accepted_horizon_exact": "720575940379279375/72057594037927936",
  "solve_seconds": 706.0341191939078,
  "export_seconds": 20.75776126049459,
  "failure": null
}
