{
  "audit_overlay": [
    "ninja==1.13.0",
    "pyyaml==6.0.3"
  ],
  "captured_utc": "2026-08-26T06:05:53.152560+00:00",
  "engine_root": "/srv/local/shengenli/flowstar-gpu",
  "interpretation": "frozen sync removes both required packages and leaves kernels unavailable; the pinned audit overlay restores the shipped JIT without changing source or uv.lock",
  "project_lock_complete_for_tests_and_cuda_jit": false,
  "returncodes": [
    0,
    0,
    0,
    0
  ],
  "schema": "torch_tm_flowpipe.huan_build/1",
  "source_modified_by_audit": false
}
$ /srv/local/shengenli/flowstar-gpu/.venv/bin/uv sync --active --frozen
Checked 51 packages in 0.44ms
[returncode=0]

$ /srv/local/shengenli/flowstar-gpu/.venv/bin/python -c import json, torch; from flowstar_gpu import cuda_kernels as ck; print(json.dumps({'torch':torch.__version__,'torch_cuda':torch.version.cuda,'cuda_available':torch.cuda.is_available(),'device':torch.cuda.get_device_name(0),'compute_capability':torch.cuda.get_device_capability(0),'kernel_available':ck.available()}, sort_keys=True))
{"compute_capability": [7, 0], "cuda_available": true, "device": "Tesla V100-SXM2-16GB", "kernel_available": false, "torch": "2.13.0+cu126", "torch_cuda": "12.6"}
[returncode=0]

$ /srv/local/shengenli/flowstar-gpu/.venv/bin/uv pip install ninja==1.13.0 pyyaml==6.0.3
Resolved 2 packages in 122ms
warning: Failed to hardlink files; falling back to full copy. This may lead to degraded performance.
         If the cache and target directories are on different filesystems, hardlinking may not be supported.
         If this is intentional, set `export UV_LINK_MODE=copy` or use `--link-mode=copy` to suppress this warning.
Installed 2 packages in 11ms
 + ninja==1.13.0
 + pyyaml==6.0.3
[returncode=0]

$ /srv/local/shengenli/flowstar-gpu/.venv/bin/python -c import json, torch; from flowstar_gpu import cuda_kernels as ck; print(json.dumps({'torch':torch.__version__,'torch_cuda':torch.version.cuda,'cuda_available':torch.cuda.is_available(),'device':torch.cuda.get_device_name(0),'compute_capability':torch.cuda.get_device_capability(0),'kernel_available':ck.available()}, sort_keys=True))
{"compute_capability": [7, 0], "cuda_available": true, "device": "Tesla V100-SXM2-16GB", "kernel_available": true, "torch": "2.13.0+cu126", "torch_cuda": "12.6"}
[returncode=0]
