An NVIDIA GPU may be present on this machine, but a CUDA-enabled jaxlib is not installed. Falling back to cpu.
DiffReach diffreach_affine one_step_tube riccati h=0.005 T=0.005: success
DiffReach diffreach_affine one_step_raw_endpoint riccati h=0.005 T=0.005: success
DiffReach diffreach_restricted_quasi_quadratic one_step_tube riccati h=0.005 T=0.005: success
DiffReach diffreach_restricted_quasi_quadratic one_step_raw_endpoint riccati h=0.005 T=0.005: success
DiffReach diffreach_affine one_step_tube riccati h=0.01 T=0.01: success
DiffReach diffreach_affine one_step_raw_endpoint riccati h=0.01 T=0.01: success
DiffReach diffreach_restricted_quasi_quadratic one_step_tube riccati h=0.01 T=0.01: success
DiffReach diffreach_restricted_quasi_quadratic one_step_raw_endpoint riccati h=0.01 T=0.01: success
DiffReach diffreach_affine one_step_tube riccati h=0.02 T=0.02: success
DiffReach diffreach_affine one_step_raw_endpoint riccati h=0.02 T=0.02: success
DiffReach diffreach_restricted_quasi_quadratic one_step_tube riccati h=0.02 T=0.02: success
DiffReach diffreach_restricted_quasi_quadratic one_step_raw_endpoint riccati h=0.02 T=0.02: success
DiffReach diffreach_affine one_step_tube riccati h=0.05 T=0.05: success
DiffReach diffreach_affine one_step_raw_endpoint riccati h=0.05 T=0.05: success
DiffReach diffreach_restricted_quasi_quadratic one_step_tube riccati h=0.05 T=0.05: success
DiffReach diffreach_restricted_quasi_quadratic one_step_raw_endpoint riccati h=0.05 T=0.05: success
DiffReach diffreach_affine common_box_raw_endpoint_carry riccati h=0.01 T=1: success
DiffReach diffreach_affine native_representation riccati h=0.01 T=1: success
DiffReach diffreach_restricted_quasi_quadratic native_representation riccati h=0.01 T=1: success
DiffReach diffreach_affine deliberate_low_order_stress riccati h=0.01 T=1: success
DiffReach diffreach_affine one_step_tube harmonic h=0.005 T=0.005: success
DiffReach diffreach_affine one_step_raw_endpoint harmonic h=0.005 T=0.005: success
DiffReach diffreach_restricted_quasi_quadratic one_step_tube harmonic h=0.005 T=0.005: success
DiffReach diffreach_restricted_quasi_quadratic one_step_raw_endpoint harmonic h=0.005 T=0.005: success
DiffReach diffreach_affine one_step_tube harmonic h=0.01 T=0.01: success
DiffReach diffreach_affine one_step_raw_endpoint harmonic h=0.01 T=0.01: success
DiffReach diffreach_restricted_quasi_quadratic one_step_tube harmonic h=0.01 T=0.01: success
DiffReach diffreach_restricted_quasi_quadratic one_step_raw_endpoint harmonic h=0.01 T=0.01: success
DiffReach diffreach_affine one_step_tube harmonic h=0.02 T=0.02: success
DiffReach diffreach_affine one_step_raw_endpoint harmonic h=0.02 T=0.02: success
DiffReach diffreach_restricted_quasi_quadratic one_step_tube harmonic h=0.02 T=0.02: success
DiffReach diffreach_restricted_quasi_quadratic one_step_raw_endpoint harmonic h=0.02 T=0.02: success
DiffReach diffreach_affine one_step_tube harmonic h=0.05 T=0.05: success
DiffReach diffreach_affine one_step_raw_endpoint harmonic h=0.05 T=0.05: success
DiffReach diffreach_restricted_quasi_quadratic one_step_tube harmonic h=0.05 T=0.05: success
DiffReach diffreach_restricted_quasi_quadratic one_step_raw_endpoint harmonic h=0.05 T=0.05: success
DiffReach diffreach_affine common_box_raw_endpoint_carry harmonic h=0.01 T=4: success
DiffReach diffreach_affine native_representation harmonic h=0.01 T=4: success
DiffReach diffreach_restricted_quasi_quadratic native_representation harmonic h=0.01 T=4: success
DiffReach diffreach_affine deliberate_low_order_stress harmonic h=0.01 T=4: success
DiffReach diffreach_affine one_step_tube van_der_pol h=0.0025 T=0.0025: success
DiffReach diffreach_affine one_step_raw_endpoint van_der_pol h=0.0025 T=0.0025: success
DiffReach diffreach_restricted_quasi_quadratic one_step_tube van_der_pol h=0.0025 T=0.0025: success
DiffReach diffreach_restricted_quasi_quadratic one_step_raw_endpoint van_der_pol h=0.0025 T=0.0025: success
DiffReach diffreach_affine one_step_tube van_der_pol h=0.005 T=0.005: success
DiffReach diffreach_affine one_step_raw_endpoint van_der_pol h=0.005 T=0.005: success
DiffReach diffreach_restricted_quasi_quadratic one_step_tube van_der_pol h=0.005 T=0.005: success
DiffReach diffreach_restricted_quasi_quadratic one_step_raw_endpoint van_der_pol h=0.005 T=0.005: success
DiffReach diffreach_affine one_step_tube van_der_pol h=0.01 T=0.01: success
DiffReach diffreach_affine one_step_raw_endpoint van_der_pol h=0.01 T=0.01: success
DiffReach diffreach_restricted_quasi_quadratic one_step_tube van_der_pol h=0.01 T=0.01: success
DiffReach diffreach_restricted_quasi_quadratic one_step_raw_endpoint van_der_pol h=0.01 T=0.01: success
DiffReach diffreach_affine one_step_tube van_der_pol h=0.02 T=0.02: success
DiffReach diffreach_affine one_step_raw_endpoint van_der_pol h=0.02 T=0.02: success
DiffReach diffreach_restricted_quasi_quadratic one_step_tube van_der_pol h=0.02 T=0.02: success
DiffReach diffreach_restricted_quasi_quadratic one_step_raw_endpoint van_der_pol h=0.02 T=0.02: success
DiffReach diffreach_affine common_box_raw_endpoint_carry van_der_pol h=0.005 T=1: failed
DiffReach diffreach_affine native_representation van_der_pol h=0.005 T=1: failed
DiffReach diffreach_restricted_quasi_quadratic native_representation van_der_pol h=0.005 T=1: success
DiffReach diffreach_affine deliberate_low_order_stress van_der_pol h=0.005 T=1: failed
DiffReach diffreach_affine common_box_raw_endpoint_carry van_der_pol h=0.01 T=1: failed
DiffReach diffreach_affine native_representation van_der_pol h=0.01 T=1: failed
DiffReach diffreach_restricted_quasi_quadratic native_representation van_der_pol h=0.01 T=1: success
DiffReach diffreach_affine deliberate_low_order_stress van_der_pol h=0.01 T=1: failed
DiffReach diffreach_affine common_box_raw_endpoint_carry riccati h=0.01 T=0.1: success
DiffReach diffreach_affine common_box_raw_endpoint_carry harmonic h=0.01 T=1: success
