Flow* flowstar_stock one_step_tube riccati h=0.005 T=0.005: success (1/1)
Flow* flowstar_candidate_reinjection_diagnostic one_step_tube riccati h=0.005 T=0.005: success (1/1)
Flow* flowstar_stock one_step_raw_endpoint riccati h=0.005 T=0.005: success (1/1)
Flow* flowstar_candidate_reinjection_diagnostic one_step_raw_endpoint riccati h=0.005 T=0.005: success (1/1)
Flow* flowstar_stock one_step_tube riccati h=0.01 T=0.01: success (1/1)
Flow* flowstar_candidate_reinjection_diagnostic one_step_tube riccati h=0.01 T=0.01: success (1/1)
Flow* flowstar_stock one_step_raw_endpoint riccati h=0.01 T=0.01: success (1/1)
Flow* flowstar_candidate_reinjection_diagnostic one_step_raw_endpoint riccati h=0.01 T=0.01: success (1/1)
Flow* flowstar_stock one_step_tube riccati h=0.02 T=0.02: success (1/1)
Flow* flowstar_candidate_reinjection_diagnostic one_step_tube riccati h=0.02 T=0.02: success (1/1)
Flow* flowstar_stock one_step_raw_endpoint riccati h=0.02 T=0.02: success (1/1)
Flow* flowstar_candidate_reinjection_diagnostic one_step_raw_endpoint riccati h=0.02 T=0.02: success (1/1)
Flow* flowstar_stock one_step_tube riccati h=0.05 T=0.05: failed (0/1)
Flow* flowstar_candidate_reinjection_diagnostic one_step_tube riccati h=0.05 T=0.05: failed (0/1)
Flow* flowstar_stock one_step_raw_endpoint riccati h=0.05 T=0.05: failed (0/1)
Flow* flowstar_candidate_reinjection_diagnostic one_step_raw_endpoint riccati h=0.05 T=0.05: failed (0/1)
Flow* flowstar_stock common_box_raw_endpoint_carry riccati h=0.01 T=1: success (100/100)
Flow* flowstar_candidate_reinjection_diagnostic common_box_raw_endpoint_carry riccati h=0.01 T=1: success (100/100)
Flow* flowstar_stock native_representation riccati h=0.01 T=1: success (100/100)
Flow* flowstar_stock deliberate_low_order_stress riccati h=0.01 T=1: success (100/100)
Flow* flowstar_no_refinement_diagnostic one_step_raw_endpoint riccati h=0.01 T=0.01: success (1/1)
Flow* flowstar_refinement_revalidated_diagnostic one_step_raw_endpoint riccati h=0.01 T=0.01: success (1/1)
Flow* flowstar_stock one_step_tube harmonic h=0.005 T=0.005: success (1/1)
Flow* flowstar_candidate_reinjection_diagnostic one_step_tube harmonic h=0.005 T=0.005: success (1/1)
Flow* flowstar_stock one_step_raw_endpoint harmonic h=0.005 T=0.005: success (1/1)
Flow* flowstar_candidate_reinjection_diagnostic one_step_raw_endpoint harmonic h=0.005 T=0.005: success (1/1)
Flow* flowstar_stock one_step_tube harmonic h=0.01 T=0.01: success (1/1)
Flow* flowstar_candidate_reinjection_diagnostic one_step_tube harmonic h=0.01 T=0.01: success (1/1)
Flow* flowstar_stock one_step_raw_endpoint harmonic h=0.01 T=0.01: success (1/1)
Flow* flowstar_candidate_reinjection_diagnostic one_step_raw_endpoint harmonic h=0.01 T=0.01: success (1/1)
Flow* flowstar_stock one_step_tube harmonic h=0.02 T=0.02: success (1/1)
Flow* flowstar_candidate_reinjection_diagnostic one_step_tube harmonic h=0.02 T=0.02: success (1/1)
Flow* flowstar_stock one_step_raw_endpoint harmonic h=0.02 T=0.02: success (1/1)
Flow* flowstar_candidate_reinjection_diagnostic one_step_raw_endpoint harmonic h=0.02 T=0.02: success (1/1)
Flow* flowstar_stock one_step_tube harmonic h=0.05 T=0.05: failed (0/1)
Flow* flowstar_candidate_reinjection_diagnostic one_step_tube harmonic h=0.05 T=0.05: failed (0/1)
Flow* flowstar_stock one_step_raw_endpoint harmonic h=0.05 T=0.05: failed (0/1)
Flow* flowstar_candidate_reinjection_diagnostic one_step_raw_endpoint harmonic h=0.05 T=0.05: failed (0/1)
Flow* flowstar_stock common_box_raw_endpoint_carry harmonic h=0.01 T=4: failed (231/400)
Flow* flowstar_candidate_reinjection_diagnostic common_box_raw_endpoint_carry harmonic h=0.01 T=4: failed (222/400)
Flow* flowstar_stock native_representation harmonic h=0.01 T=4: success (400/400)
Flow* flowstar_stock deliberate_low_order_stress harmonic h=0.01 T=4: success (400/400)
Flow* flowstar_no_refinement_diagnostic one_step_raw_endpoint harmonic h=0.01 T=0.01: success (1/1)
Flow* flowstar_stock one_step_tube van_der_pol h=0.0025 T=0.0025: success (1/1)
Flow* flowstar_candidate_reinjection_diagnostic one_step_tube van_der_pol h=0.0025 T=0.0025: success (1/1)
Flow* flowstar_stock one_step_raw_endpoint van_der_pol h=0.0025 T=0.0025: success (1/1)
Flow* flowstar_candidate_reinjection_diagnostic one_step_raw_endpoint van_der_pol h=0.0025 T=0.0025: success (1/1)
Flow* flowstar_stock one_step_tube van_der_pol h=0.005 T=0.005: success (1/1)
Flow* flowstar_candidate_reinjection_diagnostic one_step_tube van_der_pol h=0.005 T=0.005: success (1/1)
Flow* flowstar_stock one_step_raw_endpoint van_der_pol h=0.005 T=0.005: success (1/1)
Flow* flowstar_candidate_reinjection_diagnostic one_step_raw_endpoint van_der_pol h=0.005 T=0.005: success (1/1)
Flow* flowstar_stock one_step_tube van_der_pol h=0.01 T=0.01: failed (0/1)
Flow* flowstar_candidate_reinjection_diagnostic one_step_tube van_der_pol h=0.01 T=0.01: failed (0/1)
Flow* flowstar_stock one_step_raw_endpoint van_der_pol h=0.01 T=0.01: failed (0/1)
Flow* flowstar_candidate_reinjection_diagnostic one_step_raw_endpoint van_der_pol h=0.01 T=0.01: failed (0/1)
Flow* flowstar_stock one_step_tube van_der_pol h=0.02 T=0.02: failed (0/1)
Flow* flowstar_candidate_reinjection_diagnostic one_step_tube van_der_pol h=0.02 T=0.02: failed (0/1)
Flow* flowstar_stock one_step_raw_endpoint van_der_pol h=0.02 T=0.02: failed (0/1)
Flow* flowstar_candidate_reinjection_diagnostic one_step_raw_endpoint van_der_pol h=0.02 T=0.02: failed (0/1)
Flow* flowstar_stock common_box_raw_endpoint_carry van_der_pol h=0.005 T=1: failed (21/200)
Flow* flowstar_candidate_reinjection_diagnostic common_box_raw_endpoint_carry van_der_pol h=0.005 T=1: failed (15/200)
Flow* flowstar_stock native_representation van_der_pol h=0.005 T=1: failed (28/200)
Flow* flowstar_stock deliberate_low_order_stress van_der_pol h=0.005 T=1: failed (28/200)
Flow* flowstar_stock common_box_raw_endpoint_carry van_der_pol h=0.01 T=1: failed (0/100)
Flow* flowstar_candidate_reinjection_diagnostic common_box_raw_endpoint_carry van_der_pol h=0.01 T=1: failed (0/100)
Flow* flowstar_stock native_representation van_der_pol h=0.01 T=1: failed (0/100)
Flow* flowstar_stock deliberate_low_order_stress van_der_pol h=0.01 T=1: failed (0/100)
Flow* flowstar_no_refinement_diagnostic one_step_raw_endpoint van_der_pol h=0.005 T=0.005: success (1/1)
Flow* flowstar_stock common_box_raw_endpoint_carry riccati h=0.01 T=0.1: success (10/10)
Flow* flowstar_candidate_reinjection_diagnostic common_box_raw_endpoint_carry riccati h=0.01 T=0.1: success (10/10)
Flow* flowstar_stock common_box_raw_endpoint_carry harmonic h=0.01 T=1: success (100/100)
