Torch torch_order1 one_step_tube riccati h=0.005 T=0.005: success
Torch torch_order1 one_step_raw_endpoint riccati h=0.005 T=0.005: success
Torch torch_order1 one_step_tube riccati h=0.01 T=0.01: success
Torch torch_order1 one_step_raw_endpoint riccati h=0.01 T=0.01: success
Torch torch_order1 one_step_tube riccati h=0.02 T=0.02: success
Torch torch_order1 one_step_raw_endpoint riccati h=0.02 T=0.02: success
Torch torch_order1 one_step_tube riccati h=0.05 T=0.05: success
Torch torch_order1 one_step_raw_endpoint riccati h=0.05 T=0.05: success
Torch torch_order1_common_box_raw common_box_raw_endpoint_carry riccati h=0.01 T=1: success
Torch torch_order1_native_raw_carry native_representation riccati h=0.01 T=1: failed
Torch torch_order1_native_tightened_carry native_representation riccati h=0.01 T=1: success
Torch torch_order1_native_raw_carry deliberate_low_order_stress riccati h=0.01 T=1: failed
Torch torch_order1 one_step_tube harmonic h=0.005 T=0.005: success
Torch torch_order1 one_step_raw_endpoint harmonic h=0.005 T=0.005: success
Torch torch_order1 one_step_tube harmonic h=0.01 T=0.01: success
Torch torch_order1 one_step_raw_endpoint harmonic h=0.01 T=0.01: success
Torch torch_order1 one_step_tube harmonic h=0.02 T=0.02: success
Torch torch_order1 one_step_raw_endpoint harmonic h=0.02 T=0.02: success
Torch torch_order1 one_step_tube harmonic h=0.05 T=0.05: success
Torch torch_order1 one_step_raw_endpoint harmonic h=0.05 T=0.05: success
Torch torch_order1_common_box_raw common_box_raw_endpoint_carry harmonic h=0.01 T=4: success
Torch torch_order1_native_raw_carry native_representation harmonic h=0.01 T=4: success
Torch torch_order1_native_tightened_carry native_representation harmonic h=0.01 T=4: success
Torch torch_order1_native_raw_carry deliberate_low_order_stress harmonic h=0.01 T=4: success
Torch torch_order1 one_step_tube van_der_pol h=0.0025 T=0.0025: success
Torch torch_order1 one_step_raw_endpoint van_der_pol h=0.0025 T=0.0025: success
Torch torch_order1 one_step_tube van_der_pol h=0.005 T=0.005: success
Torch torch_order1 one_step_raw_endpoint van_der_pol h=0.005 T=0.005: success
Torch torch_order1 one_step_tube van_der_pol h=0.01 T=0.01: success
Torch torch_order1 one_step_raw_endpoint van_der_pol h=0.01 T=0.01: success
Torch torch_order1 one_step_tube van_der_pol h=0.02 T=0.02: success
Torch torch_order1 one_step_raw_endpoint van_der_pol h=0.02 T=0.02: success
Torch torch_order1_common_box_raw common_box_raw_endpoint_carry van_der_pol h=0.005 T=1: failed
Torch torch_order1_native_raw_carry native_representation van_der_pol h=0.005 T=1: failed
Torch torch_order1_native_tightened_carry native_representation van_der_pol h=0.005 T=1: failed
Torch torch_order1_native_raw_carry deliberate_low_order_stress van_der_pol h=0.005 T=1: failed
Torch torch_order1_common_box_raw common_box_raw_endpoint_carry van_der_pol h=0.01 T=1: failed
Torch torch_order1_native_raw_carry native_representation van_der_pol h=0.01 T=1: failed
Torch torch_order1_native_tightened_carry native_representation van_der_pol h=0.01 T=1: failed
Torch torch_order1_native_raw_carry deliberate_low_order_stress van_der_pol h=0.01 T=1: failed
Torch torch_order1_common_box_raw common_box_raw_endpoint_carry riccati h=0.01 T=0.1: success
Torch torch_order1_common_box_raw common_box_raw_endpoint_carry harmonic h=0.01 T=1: success
