Step 0
AIRPLANE_PICARD	0	old_lo=-0.01	old_hi=0.01	base_lo=-0.00590926848708826	base_hi=0.0059244561419291028	diff_lo=-4.0112161277713006e-18	diff_hi=7.2348585455905915e-18	new_lo=-0.0059092684870882643	new_hi=0.0059244561419291106	subset=1
AIRPLANE_PICARD	1	old_lo=-0.01	old_hi=0.01	base_lo=-0.0055614793051418331	base_hi=0.0055747887755937123	diff_lo=-5.612713997275408e-18	diff_hi=5.6529613166415456e-18	new_lo=-0.0055614793051418391	new_hi=0.0055747887755937184	subset=1
AIRPLANE_PICARD	2	old_lo=-0.01	old_hi=0.01	base_lo=-0.0033637108585577559	base_hi=0.0033553648049227487	diff_lo=-3.5751066459107308e-18	diff_hi=4.4077646625210591e-18	new_lo=-0.0033637108585577598	new_hi=0.0033553648049227535	subset=1
AIRPLANE_PICARD	3	old_lo=-0.01	old_hi=0.01	base_lo=-0.000879170154487644	base_hi=0.00087903344507287773	diff_lo=-2.9808100432404679e-19	diff_hi=1.3989365221789288e-18	new_lo=-0.00087917015448764433	new_hi=0.00087903344507287914	subset=1
AIRPLANE_PICARD	4	old_lo=-0.01	old_hi=0.01	base_lo=-0.00092035642804251798	base_hi=0.00092279543976235816	diff_lo=-2.8820695829878681e-18	diff_hi=6.7972016903894449e-19	new_lo=-0.00092035642804252091	new_hi=0.00092279543976235892	subset=1
AIRPLANE_PICARD	5	old_lo=-0.01	old_hi=0.01	base_lo=-0.00090244843937910258	base_hi=0.00091154009938213302	diff_lo=-3.3569674817712793e-19	diff_hi=4.6371032014214132e-18	new_lo=-0.00090244843937910301	new_hi=0.00091154009938213768	subset=1
AIRPLANE_PICARD	6	old_lo=-0.01	old_hi=0.01	base_lo=-0.00045868960678271866	base_hi=0.00045834379262321169	diff_lo=-7.7281930854766791e-20	diff_hi=7.8669709635548228e-20	new_lo=-0.00045868960678271877	new_hi=0.0004583437926232118	subset=1
AIRPLANE_PICARD	7	old_lo=-0.01	old_hi=0.01	base_lo=-0.00041240687532012355	base_hi=0.00041243834879151151	diff_lo=-1.1483869410966464e-19	diff_hi=1.1483869410966464e-19	new_lo=-0.00041240687532012371	new_hi=0.00041243834879151167	subset=1
AIRPLANE_PICARD	8	old_lo=-0.01	old_hi=0.01	base_lo=-0.00036366160537284505	base_hi=0.00036341495337131218	diff_lo=-6.9562411386669983e-20	diff_hi=7.2337968948232882e-20	new_lo=-0.00036366160537284516	new_hi=0.00036341495337131229	subset=1
AIRPLANE_PICARD	9	old_lo=-0.01	old_hi=0.01	base_lo=-0.0001	base_hi=0.0001	diff_lo=0	diff_hi=0	new_lo=-0.0001	new_hi=0.0001	subset=1
AIRPLANE_PICARD	10	old_lo=-0.01	old_hi=0.01	base_lo=-0.0001	base_hi=0.0001	diff_lo=0	diff_hi=0	new_lo=-0.0001	new_hi=0.0001	subset=1
AIRPLANE_PICARD	11	old_lo=-0.01	old_hi=0.01	base_lo=-0.0001	base_hi=0.0001	diff_lo=0	diff_hi=0	new_lo=-0.0001	new_hi=0.0001	subset=1
AIRPLANE_PICARD	12	old_lo=-0.01	old_hi=0.01	base_lo=-0	base_hi=0	diff_lo=0	diff_hi=0	new_lo=-0	new_hi=0	subset=1
AIRPLANE_PICARD	13	old_lo=-0.01	old_hi=0.01	base_lo=-0	base_hi=0	diff_lo=0	diff_hi=0	new_lo=-0	new_hi=0	subset=1
AIRPLANE_PICARD	14	old_lo=-0.01	old_hi=0.01	base_lo=-0	base_hi=0	diff_lo=0	diff_hi=0	new_lo=-0	new_hi=0	subset=1
AIRPLANE_PICARD	15	old_lo=-0.01	old_hi=0.01	base_lo=-0	base_hi=0	diff_lo=0	diff_hi=0	new_lo=-0	new_hi=0	subset=1
AIRPLANE_PICARD	16	old_lo=-0.01	old_hi=0.01	base_lo=-0	base_hi=0	diff_lo=0	diff_hi=0	new_lo=-0	new_hi=0	subset=1
AIRPLANE_PICARD	17	old_lo=-0.01	old_hi=0.01	base_lo=-0	base_hi=0	diff_lo=0	diff_hi=0	new_lo=-0	new_hi=0	subset=1
AIRPLANE_PICARD	18	old_lo=-0.01	old_hi=0.01	base_lo=-0	base_hi=0	diff_lo=0	diff_hi=0	new_lo=-0	new_hi=0	subset=1
PERIOD 0 FLOWPIPES 1 STATUS 2 BOX_SAFE 1
DIAGNOSTIC_COMPLETED_CALLS 1/1
FLOWPIPE_SEGMENTS 1
ONE_STEP_NUMERIC_ACCEPTED_ONLY
time cost: 0.439000
