Step 0
Step 1
FALSIFIED
HULL x1 -0.480333052718 0.480263458688
HULL x2 -0.480249078717 0.48045845999
HULL x3 -0.276931795273 0.543910634183
HULL x4 -0.403214033604 0.403266766168
HULL x5 -0.403400893946 0.403878621711
HULL x6 -1.98463053301 -0.506870936179
HULL x7 -0.00178505178324 0.00340803429009
HULL x8 -0.00175507776326 0.00265642827985
HULL x9 -5.53234089787e-06 5.91276166399e-06
HULL x10 -0.0425340893813 0.0384840845873
HULL x11 -0.0393926574845 0.0388485310296
HULL x12 -2.22507385851e-308 2.22507385851e-308
HULL t 0.2 0.2
HULL u1 3.12557717708 11.833874185
HULL u2 -0.0380386520792 0.0270321148843
HULL u3 -0.0326293093783 0.0273219860459
time cost: 53.459833
