{"plant": "brusselator", "device": "cpu", "backend": "dense", "mode": "parity", "B": 1, "steps": 2}
{"plant": "brusselator", "device": "cpu", "backend": "dense", "mode": "strict", "B": 1, "steps": 2}
{"plant": "brusselator", "device": "cpu", "backend": "sparse", "mode": "parity", "B": 1, "steps": 2}
{"plant": "brusselator", "device": "cpu", "backend": "sparse", "mode": "strict", "B": 1, "steps": 2}
{"plant": "brusselator", "device": "cuda", "backend": "dense", "mode": "parity", "B": 1, "steps": 2}
{"plant": "brusselator", "device": "cuda", "backend": "dense", "mode": "strict", "B": 1, "steps": 2}
{"plant": "brusselator", "device": "cuda", "backend": "sparse", "mode": "parity", "B": 1, "steps": 2}
{"plant": "brusselator", "device": "cuda", "backend": "sparse", "mode": "strict", "B": 1, "steps": 2}
{"plant": "brusselator", "device": "cuda", "backend": "sparse", "mode": "strict", "B": 2, "steps": 2}
{"plant": "brusselator", "device": "cuda", "backend": "sparse", "mode": "strict", "B": 8, "steps": 2}
{"plant": "van_der_pol", "device": "cpu", "backend": "dense", "mode": "parity", "B": 1, "steps": 2}
{"plant": "van_der_pol", "device": "cpu", "backend": "dense", "mode": "strict", "B": 1, "steps": 2}
{"plant": "van_der_pol", "device": "cpu", "backend": "sparse", "mode": "parity", "B": 1, "steps": 2}
{"plant": "van_der_pol", "device": "cpu", "backend": "sparse", "mode": "strict", "B": 1, "steps": 2}
{"plant": "van_der_pol", "device": "cuda", "backend": "dense", "mode": "parity", "B": 1, "steps": 2}
{"plant": "van_der_pol", "device": "cuda", "backend": "dense", "mode": "strict", "B": 1, "steps": 2}
{"plant": "van_der_pol", "device": "cuda", "backend": "sparse", "mode": "parity", "B": 1, "steps": 2}
{"plant": "van_der_pol", "device": "cuda", "backend": "sparse", "mode": "strict", "B": 1, "steps": 2}
{"plant": "van_der_pol", "device": "cuda", "backend": "sparse", "mode": "strict", "B": 2, "steps": 2}
{"plant": "van_der_pol", "device": "cuda", "backend": "sparse", "mode": "strict", "B": 8, "steps": 2}
