{
  "python_executable": "/srv/local/shengenli/xiangru_adoption_20260907T032448Z/candidate_env/bin/python",
  "python_version": "3.11.15 | packaged by conda-forge | (main, Mar  5 2026, 16:45:40) [GCC 14.3.0]",
  "torch_version": "2.5.1+cu124",
  "torch_file": "/srv/local/shengenli/xiangru_adoption_20260907T032448Z/candidate_env/lib/python3.11/site-packages/torch/__init__.py",
  "cuda_build": "12.4",
  "imported_package": "/srv/local/shengenli/xiangru_adoption_20260907T032448Z/xiangru_upstream/src/flowstar_gpu/__init__.py",
  "import_paths": [
    "/srv/local/shengenli/xiangru_adoption_20260907T032448Z/xiangru_upstream/src/flowstar_gpu"
  ],
  "extension_available": true,
  "extension_path": "/srv/local/shengenli/xiangru_adoption_20260907T032448Z/torch_extensions/flowstar_seg_kernels/flowstar_seg_kernels.so",
  "build_wall_seconds": 43.218453058972955,
  "gpu_name": "Tesla V100-SXM2-16GB",
  "gpu_capability": [
    7,
    0
  ],
  "gpu_total_memory": 16928342016,
  "threads": 1,
  "affinity": [
    0,
    1,
    2,
    3,
    4,
    5,
    6,
    7,
    8,
    9,
    10,
    11,
    12,
    13,
    14,
    15,
    16,
    17,
    18,
    19,
    20,
    21,
    22,
    23,
    24,
    25,
    26,
    27,
    28,
    29,
    30,
    31,
    32,
    33,
    34,
    35,
    36,
    37,
    38,
    39,
    40,
    41,
    42,
    43,
    44,
    45,
    46,
    47,
    48,
    49,
    50,
    51,
    52,
    53,
    54,
    55,
    56,
    57,
    58,
    59,
    60,
    61,
    62,
    63,
    64,
    65,
    66,
    67,
    68,
    69,
    70,
    71,
    72,
    73,
    74,
    75,
    76,
    77,
    78,
    79
  ],
  "build_environment": {
    "CUDA_HOME": "/usr/local/cuda-12.6",
    "CUDA_VISIBLE_DEVICES": "0",
    "TORCH_EXTENSIONS_DIR": "/srv/local/shengenli/xiangru_adoption_20260907T032448Z/torch_extensions",
    "TORCHINDUCTOR_CACHE_DIR": "/srv/local/shengenli/xiangru_adoption_20260907T032448Z/torchinductor",
    "TORCH_CUDA_ARCH_LIST": "7.0",
    "FLOWSTAR_CUDA_HOST_COMPILER": "/srv/local/shengenli/.huan-audit-gxx13/bin/x86_64-conda-linux-gnu-g++",
    "MAX_JOBS": "2",
    "CXX": "/srv/local/shengenli/.huan-audit-gxx13/bin/x86_64-conda-linux-gnu-g++"
  }
}
