[
  {
    "device": "cpu",
    "state": 0,
    "a": 0.1,
    "remainder_radius": 0.0,
    "whole_set_contained": false,
    "upper_bound_error": "-2530028166341418683268889080304620924223273902546448839000845821474333930616173382684665896460590597885302954811164372915148583495993950218791430382583729943505095698281955070634521319873220464709417345199733203973615510543962426362862760438190789236882233871851917289506304599950029271101516789801336045362387091627127603/455769356286876421213391376429838886925099892492896311359073203585443629295319008244476198689326433780162368020962991167191110613607139517741900808291216386005762763108913764753265553690611976382226145357950239793122692242822302122332514317008108070827274337186476319071835298862424880252130670164301449339557783552772064084296510505746432"
  },
  {
    "device": "cpu",
    "state": 1,
    "a": 0.1,
    "remainder_radius": 0.0,
    "whole_set_contained": false,
    "upper_bound_error": "-2530028166341418683268889080304620924223273902546448839000845821474333930616173382684665896460590597885302954811164372915148583495993950218791430382583729943505095698281955070634521319873220464709417345199733203973615510543962426362862760438190789236882233871851917289506304599950029271101516789801336045362387091627127603/455769356286876421213391376429838886925099892492896311359073203585443629295319008244476198689326433780162368020962991167191110613607139517741900808291216386005762763108913764753265553690611976382226145357950239793122692242822302122332514317008108070827274337186476319071835298862424880252130670164301449339557783552772064084296510505746432"
  },
  {
    "device": "cpu",
    "state": 0,
    "a": 1.1,
    "remainder_radius": 2.220446049250313e-16,
    "whole_set_contained": false,
    "upper_bound_error": "-31691265005710587921902414309/2854495385411919762116571938898990272765493248"
  },
  {
    "device": "cpu",
    "state": 1,
    "a": 1.1,
    "remainder_radius": 2.220446049250313e-16,
    "whole_set_contained": false,
    "upper_bound_error": "-31691265005710587921902414309/2854495385411919762116571938898990272765493248"
  },
  {
    "device": "cuda",
    "state": 0,
    "a": 0.1,
    "remainder_radius": 0.0,
    "whole_set_contained": true,
    "upper_bound_error": "0"
  },
  {
    "device": "cuda",
    "state": 1,
    "a": 0.1,
    "remainder_radius": 0.0,
    "whole_set_contained": true,
    "upper_bound_error": "0"
  },
  {
    "device": "cuda",
    "state": 0,
    "a": 1.1,
    "remainder_radius": 2.220446049250313e-16,
    "whole_set_contained": false,
    "upper_bound_error": "-4056481920730346490159332923209/182687704666362864775460604089535377456991567872"
  },
  {
    "device": "cuda",
    "state": 1,
    "a": 1.1,
    "remainder_radius": 2.220446049250313e-16,
    "whole_set_contained": false,
    "upper_bound_error": "-4056481920730346490159332923209/182687704666362864775460604089535377456991567872"
  }
]
