[
  {
    "device": "cpu",
    "a": 1.1,
    "contained": false,
    "exact_error_of_point": "2251799813685231/40564819207303340847894502572032"
  },
  {
    "device": "cpu",
    "a": 1.3,
    "contained": false,
    "exact_error_of_point": "56294995342131/633825300114114700748351602688"
  },
  {
    "device": "cpu",
    "a": 0.1,
    "contained": false,
    "exact_error_of_point": "-450359962737053/162259276829213363391578010288128"
  },
  {
    "device": "cpu",
    "a": 1e-305,
    "contained": false,
    "exact_error_of_point": "-36461183887465084060271775478184511/3646154850295011369707131011438711095400799139943170490872585628683549034362552065955809589514611470241298944167703929337528884908857116141935206466329731088046102104871310118026124429524895811057809162863601918344981537942578416978660114536064864566618194697491810552574682390899399042017045361314411594716462268422176512674372084045971456"
  },
  {
    "device": "cpu",
    "a": "0.1 + 1.1*u",
    "contained": false,
    "exact_error_of_point": "-253327479039587/5070602400912917605986812821504"
  },
  {
    "device": "cpu",
    "a": "0.1 + 1.1*u",
    "contained": false,
    "exact_error_of_point": "197032483697455/5070602400912917605986812821504"
  },
  {
    "device": "cpu",
    "a": "singleton: 1.1 + [2^-52,2^-52]",
    "contained": false,
    "exact_error_of_point": "-3828059683264937/20282409603651670423947251286016"
  },
  {
    "device": "cuda",
    "a": 1.1,
    "contained": true,
    "exact_error_of_point": "0"
  },
  {
    "device": "cuda",
    "a": 1.3,
    "contained": true,
    "exact_error_of_point": "0"
  },
  {
    "device": "cuda",
    "a": 0.1,
    "contained": true,
    "exact_error_of_point": "0"
  },
  {
    "device": "cuda",
    "a": 1e-305,
    "contained": false,
    "exact_error_of_point": "-291689471099720672483281008469898661/29169238802360090957657048091509688763206393119545363926980685029468392274900416527646476716116891761930391553341631434700231079270856929135481651730637848704368816838970480944208995436199166488462473302908815346759852303540627335829280916288518916532945557579934484420597459127195192336136362890515292757731698147377412101394976672367771648"
  },
  {
    "device": "cuda",
    "a": "0.1 + 1.1*u",
    "contained": false,
    "exact_error_of_point": "-2101679826106231/81129638414606681695789005144064"
  },
  {
    "device": "cuda",
    "a": "0.1 + 1.1*u",
    "contained": false,
    "exact_error_of_point": "2702159776422297/81129638414606681695789005144064"
  },
  {
    "device": "cuda",
    "a": "singleton: 1.1 + [2^-52,2^-52]",
    "contained": false,
    "exact_error_of_point": "-4953959590107547/20282409603651670423947251286016"
  }
]
