Step 0
AIRPLANE_PICARD	0	old_lo=-0.01	old_hi=0.01	base_lo=-0.0057464035047107625	base_hi=0.0057169294289062646	diff_lo=-6.3394659891950358e-18	diff_hi=6.1680568060514495e-18	new_lo=-0.0057464035047107695	new_hi=0.0057169294289062715	subset=1
AIRPLANE_PICARD	1	old_lo=-0.01	old_hi=0.01	base_lo=-0.0057772512036992256	base_hi=0.0057904981950756447	diff_lo=-7.6439849820235008e-18	diff_hi=7.4933762898391953e-18	new_lo=-0.0057772512036992334	new_hi=0.0057904981950756525	subset=1
AIRPLANE_PICARD	2	old_lo=-0.01	old_hi=0.01	base_lo=-0.0029323778648102069	base_hi=0.0028726641332313826	diff_lo=-3.1055158444814902e-18	diff_hi=6.4750519760773831e-18	new_lo=-0.0029323778648102103	new_hi=0.0028726641332313891	subset=1
AIRPLANE_PICARD	3	old_lo=-0.01	old_hi=0.01	base_lo=-0.00083367720887137138	base_hi=0.00083357822378856273	diff_lo=-2.8711755195587333e-19	diff_hi=8.3399953609841774e-19	new_lo=-0.0008336772088713717	new_hi=0.0008335782237885636	subset=1
AIRPLANE_PICARD	4	old_lo=-0.01	old_hi=0.01	base_lo=-0.00073273664311227947	base_hi=0.0007392422260826387	diff_lo=-7.9800055452494715e-19	diff_hi=9.541006873448057e-18	new_lo=-0.00073273664311228033	new_hi=0.00073924222608264835	subset=1
AIRPLANE_PICARD	5	old_lo=-0.01	old_hi=0.01	base_lo=-0.00080080281890061093	base_hi=0.00080764971338847873	diff_lo=-1.859001147463958e-17	diff_hi=7.5708883606751004e-19	new_lo=-0.00080080281890062958	new_hi=0.00080764971338847949	subset=1
AIRPLANE_PICARD	6	old_lo=-0.01	old_hi=0.01	base_lo=-0.0004826984849564733	base_hi=0.00048144321468952806	diff_lo=-6.800116025829086e-20	diff_hi=7.3552275381416645e-20	new_lo=-0.00048269848495647341	new_hi=0.00048144321468952816	subset=1
AIRPLANE_PICARD	7	old_lo=-0.01	old_hi=0.01	base_lo=-0.00046501724647988861	base_hi=0.00046557983055671594	diff_lo=-1.2073675392798581e-19	diff_hi=1.1518563880486002e-19	new_lo=-0.00046501724647988877	new_hi=0.0004655798305567161	subset=1
AIRPLANE_PICARD	8	old_lo=-0.01	old_hi=0.01	base_lo=-0.00039885066014883096	base_hi=0.00039770827538600646	diff_lo=-1.1796119636642291e-19	diff_hi=1.0685896612017134e-19	new_lo=-0.00039885066014883113	new_hi=0.00039770827538600657	subset=1
AIRPLANE_PICARD	9	old_lo=-0.01	old_hi=0.01	base_lo=-0.0001	base_hi=0.0001	diff_lo=0	diff_hi=0	new_lo=-0.0001	new_hi=0.0001	subset=1
AIRPLANE_PICARD	10	old_lo=-0.01	old_hi=0.01	base_lo=-0.0001	base_hi=0.0001	diff_lo=0	diff_hi=0	new_lo=-0.0001	new_hi=0.0001	subset=1
AIRPLANE_PICARD	11	old_lo=-0.01	old_hi=0.01	base_lo=-0.0001	base_hi=0.0001	diff_lo=0	diff_hi=0	new_lo=-0.0001	new_hi=0.0001	subset=1
AIRPLANE_PICARD	12	old_lo=-0.01	old_hi=0.01	base_lo=-0	base_hi=0	diff_lo=0	diff_hi=0	new_lo=-0	new_hi=0	subset=1
AIRPLANE_PICARD	13	old_lo=-0.01	old_hi=0.01	base_lo=-0	base_hi=0	diff_lo=0	diff_hi=0	new_lo=-0	new_hi=0	subset=1
AIRPLANE_PICARD	14	old_lo=-0.01	old_hi=0.01	base_lo=-0	base_hi=0	diff_lo=0	diff_hi=0	new_lo=-0	new_hi=0	subset=1
AIRPLANE_PICARD	15	old_lo=-0.01	old_hi=0.01	base_lo=-0	base_hi=0	diff_lo=0	diff_hi=0	new_lo=-0	new_hi=0	subset=1
AIRPLANE_PICARD	16	old_lo=-0.01	old_hi=0.01	base_lo=-0	base_hi=0	diff_lo=0	diff_hi=0	new_lo=-0	new_hi=0	subset=1
AIRPLANE_PICARD	17	old_lo=-0.01	old_hi=0.01	base_lo=-0	base_hi=0	diff_lo=0	diff_hi=0	new_lo=-0	new_hi=0	subset=1
AIRPLANE_PICARD	18	old_lo=-0.01	old_hi=0.01	base_lo=-0	base_hi=0	diff_lo=0	diff_hi=0	new_lo=-0	new_hi=0	subset=1
PERIOD 0 FLOWPIPES 1 STATUS 3 BOX_SAFE 0
DIAGNOSTIC_COMPLETED_CALLS 0/1
FLOWPIPE_SEGMENTS 1
UNKNOWN
time cost: 0.790000
