Step 0
AIRPLANE_PICARD	0	old_lo=-0.01	old_hi=0.01	base_lo=-0.0053011724140975365	base_hi=0.0053282183427527836	diff_lo=-6.3311300646518082e-18	diff_hi=9.6298663487815044e-18	new_lo=-0.0053011724140975434	new_hi=0.005328218342752794	subset=1
AIRPLANE_PICARD	1	old_lo=-0.01	old_hi=0.01	base_lo=-0.0048498448684971508	base_hi=0.004845340509227308	diff_lo=-9.1979230944690722e-18	diff_hi=8.1321332769575846e-18	new_lo=-0.0048498448684971603	new_hi=0.0048453405092273166	subset=1
AIRPLANE_PICARD	2	old_lo=-0.01	old_hi=0.01	base_lo=-0.002932219362657835	base_hi=0.0029013205739592761	diff_lo=-4.8398970016923731e-18	diff_hi=3.4563278165459627e-18	new_lo=-0.0029322193626578402	new_hi=0.0029013205739592796	subset=1
AIRPLANE_PICARD	3	old_lo=-0.01	old_hi=0.01	base_lo=-0.00066216534286417459	base_hi=0.00066209970160795975	diff_lo=-2.896294315490878e-19	diff_hi=9.2051366529233307e-18	new_lo=-0.00066216534286417492	new_hi=0.00066209970160796897	subset=1
AIRPLANE_PICARD	4	old_lo=-0.01	old_hi=0.01	base_lo=-0.00070424520195949279	base_hi=0.00070922536840391476	diff_lo=-9.9748820314715691e-18	diff_hi=1.0585143872532402e-18	new_lo=-0.00070424520195950288	new_hi=0.00070922536840391584	subset=1
AIRPLANE_PICARD	5	old_lo=-0.01	old_hi=0.01	base_lo=-0.00080407936826728209	base_hi=0.00080915014386127501	diff_lo=-4.8340775826716265e-18	diff_hi=5.3196336224914402e-19	new_lo=-0.00080407936826728697	new_hi=0.00080915014386127556	subset=1
AIRPLANE_PICARD	6	old_lo=-0.01	old_hi=0.01	base_lo=-0.0011053673201818941	base_hi=0.0010893771868849265	diff_lo=-1.8735013540549526e-19	diff_hi=1.7624790515924369e-19	new_lo=-0.0011053673201818943	new_hi=0.0010893771868849267	subset=1
AIRPLANE_PICARD	7	old_lo=-0.01	old_hi=0.01	base_lo=-0.00079880726461294084	base_hi=0.00079507181416234838	diff_lo=-1.1241008124329714e-19	diff_hi=1.1518563880486004e-19	new_lo=-0.00079880726461294105	new_hi=0.0007950718141623486	subset=1
AIRPLANE_PICARD	8	old_lo=-0.01	old_hi=0.01	base_lo=-0.00076417922477494034	base_hi=0.00074877876274600001	diff_lo=-1.4849232954361473e-19	diff_hi=1.3183898417423738e-19	new_lo=-0.00076417922477494055	new_hi=0.00074877876274600022	subset=1
AIRPLANE_PICARD	9	old_lo=-0.01	old_hi=0.01	base_lo=-0.0001	base_hi=0.0001	diff_lo=0	diff_hi=0	new_lo=-0.0001	new_hi=0.0001	subset=1
AIRPLANE_PICARD	10	old_lo=-0.01	old_hi=0.01	base_lo=-0.0001	base_hi=0.0001	diff_lo=0	diff_hi=0	new_lo=-0.0001	new_hi=0.0001	subset=1
AIRPLANE_PICARD	11	old_lo=-0.01	old_hi=0.01	base_lo=-0.0001	base_hi=0.0001	diff_lo=0	diff_hi=0	new_lo=-0.0001	new_hi=0.0001	subset=1
AIRPLANE_PICARD	12	old_lo=-0.01	old_hi=0.01	base_lo=-0	base_hi=0	diff_lo=0	diff_hi=0	new_lo=-0	new_hi=0	subset=1
AIRPLANE_PICARD	13	old_lo=-0.01	old_hi=0.01	base_lo=-0	base_hi=0	diff_lo=0	diff_hi=0	new_lo=-0	new_hi=0	subset=1
AIRPLANE_PICARD	14	old_lo=-0.01	old_hi=0.01	base_lo=-0	base_hi=0	diff_lo=0	diff_hi=0	new_lo=-0	new_hi=0	subset=1
AIRPLANE_PICARD	15	old_lo=-0.01	old_hi=0.01	base_lo=-0	base_hi=0	diff_lo=0	diff_hi=0	new_lo=-0	new_hi=0	subset=1
AIRPLANE_PICARD	16	old_lo=-0.01	old_hi=0.01	base_lo=-0	base_hi=0	diff_lo=0	diff_hi=0	new_lo=-0	new_hi=0	subset=1
AIRPLANE_PICARD	17	old_lo=-0.01	old_hi=0.01	base_lo=-0	base_hi=0	diff_lo=0	diff_hi=0	new_lo=-0	new_hi=0	subset=1
AIRPLANE_PICARD	18	old_lo=-0.01	old_hi=0.01	base_lo=-0	base_hi=0	diff_lo=0	diff_hi=0	new_lo=-0	new_hi=0	subset=1
PERIOD 0 FLOWPIPES 1 STATUS 3 BOX_SAFE 0
DIAGNOSTIC_COMPLETED_CALLS 0/1
FLOWPIPE_SEGMENTS 1
UNKNOWN
time cost: 0.810000
