Step 0
AIRPLANE_PICARD	0	old_lo=-0.01	old_hi=0.01	base_lo=-0.0046753923363665722	base_hi=0.0046827008880179757	diff_lo=-6.7297510157142019e-18	diff_hi=9.9923911737557716e-18	new_lo=-0.0046753923363665791	new_hi=0.0046827008880179861	subset=1
AIRPLANE_PICARD	1	old_lo=-0.01	old_hi=0.01	base_lo=-0.0043358606847455922	base_hi=0.0043486629886482662	diff_lo=-5.202137332016585e-18	diff_hi=7.141555865194024e-18	new_lo=-0.0043358606847455974	new_hi=0.004348662988648274	subset=1
AIRPLANE_PICARD	2	old_lo=-0.01	old_hi=0.01	base_lo=-0.0026505918377205642	base_hi=0.0026183945619022595	diff_lo=-4.2785497367248168e-18	diff_hi=3.7407854591720057e-18	new_lo=-0.0026505918377205686	new_hi=0.0026183945619022635	subset=1
AIRPLANE_PICARD	3	old_lo=-0.01	old_hi=0.01	base_lo=-0.00065830722700807598	base_hi=0.00065819189652990145	diff_lo=-2.9048985439317229e-19	diff_hi=9.2080232327873575e-18	new_lo=-0.0006583072270080763	new_hi=0.00065819189652991067	subset=1
AIRPLANE_PICARD	4	old_lo=-0.01	old_hi=0.01	base_lo=-0.00073338617053716559	base_hi=0.00073528494982514822	diff_lo=-4.976297152126109e-19	diff_hi=2.7521873668945329e-18	new_lo=-0.00073338617053716614	new_hi=0.00073528494982515104	subset=1
AIRPLANE_PICARD	5	old_lo=-0.01	old_hi=0.01	base_lo=-0.0006865494001871684	base_hi=0.00069337444250592206	diff_lo=-9.6973262753152797e-18	diff_hi=7.461531392749522e-19	new_lo=-0.00068654940018717816	new_hi=0.00069337444250592282	subset=1
AIRPLANE_PICARD	6	old_lo=-0.01	old_hi=0.01	base_lo=-0.00097169324189925262	base_hi=0.00096340576123004186	diff_lo=-1.2004286453759512e-19	diff_hi=1.0894063429134355e-19	new_lo=-0.00097169324189925283	new_hi=0.00096340576123004208	subset=1
AIRPLANE_PICARD	7	old_lo=-0.01	old_hi=0.01	base_lo=-0.00068179650663768496	base_hi=0.00067848484785870992	diff_lo=-9.1593399531575438e-20	diff_hi=7.7715611723760981e-20	new_lo=-0.00068179650663768507	new_hi=0.00067848484785871003	subset=1
AIRPLANE_PICARD	8	old_lo=-0.01	old_hi=0.01	base_lo=-0.00063214930852372819	base_hi=0.0006243950473690332	diff_lo=-9.8532293435482673e-20	diff_hi=9.0205620750794001e-20	new_lo=-0.0006321493085237283	new_hi=0.00062439504736903331	subset=1
AIRPLANE_PICARD	9	old_lo=-0.01	old_hi=0.01	base_lo=-0.0001	base_hi=0.0001	diff_lo=0	diff_hi=0	new_lo=-0.0001	new_hi=0.0001	subset=1
AIRPLANE_PICARD	10	old_lo=-0.01	old_hi=0.01	base_lo=-0.0001	base_hi=0.0001	diff_lo=0	diff_hi=0	new_lo=-0.0001	new_hi=0.0001	subset=1
AIRPLANE_PICARD	11	old_lo=-0.01	old_hi=0.01	base_lo=-0.0001	base_hi=0.0001	diff_lo=0	diff_hi=0	new_lo=-0.0001	new_hi=0.0001	subset=1
AIRPLANE_PICARD	12	old_lo=-0.01	old_hi=0.01	base_lo=-0	base_hi=0	diff_lo=0	diff_hi=0	new_lo=-0	new_hi=0	subset=1
AIRPLANE_PICARD	13	old_lo=-0.01	old_hi=0.01	base_lo=-0	base_hi=0	diff_lo=0	diff_hi=0	new_lo=-0	new_hi=0	subset=1
AIRPLANE_PICARD	14	old_lo=-0.01	old_hi=0.01	base_lo=-0	base_hi=0	diff_lo=0	diff_hi=0	new_lo=-0	new_hi=0	subset=1
AIRPLANE_PICARD	15	old_lo=-0.01	old_hi=0.01	base_lo=-0	base_hi=0	diff_lo=0	diff_hi=0	new_lo=-0	new_hi=0	subset=1
AIRPLANE_PICARD	16	old_lo=-0.01	old_hi=0.01	base_lo=-0	base_hi=0	diff_lo=0	diff_hi=0	new_lo=-0	new_hi=0	subset=1
AIRPLANE_PICARD	17	old_lo=-0.01	old_hi=0.01	base_lo=-0	base_hi=0	diff_lo=0	diff_hi=0	new_lo=-0	new_hi=0	subset=1
AIRPLANE_PICARD	18	old_lo=-0.01	old_hi=0.01	base_lo=-0	base_hi=0	diff_lo=0	diff_hi=0	new_lo=-0	new_hi=0	subset=1
PERIOD 0 FLOWPIPES 1 STATUS 3 BOX_SAFE 0
DIAGNOSTIC_COMPLETED_CALLS 0/1
FLOWPIPE_SEGMENTS 1
UNKNOWN
time cost: 0.791000
