Step 0
AIRPLANE_PICARD	0	old_lo=-0.01	old_hi=0.01	base_lo=-0.005837146707074547	base_hi=0.0058184432578861503	diff_lo=-1.1690768723463917e-17	diff_hi=8.2872320117388772e-18	new_lo=-0.0058371467070745591	new_hi=0.005818443257886159	subset=1
AIRPLANE_PICARD	1	old_lo=-0.01	old_hi=0.01	base_lo=-0.0058444918805339134	base_hi=0.0058690192231051798	diff_lo=-8.0041482701058061e-18	diff_hi=1.2206328540524223e-17	new_lo=-0.0058444918805339221	new_hi=0.0058690192231051928	subset=1
AIRPLANE_PICARD	2	old_lo=-0.01	old_hi=0.01	base_lo=-0.0028351553277850402	base_hi=0.0027939291582607263	diff_lo=-5.2812384095564891e-18	diff_hi=4.3486788244469736e-18	new_lo=-0.0028351553277850459	new_hi=0.002793929158260731	subset=1
AIRPLANE_PICARD	3	old_lo=-0.01	old_hi=0.01	base_lo=-0.00079256774883898376	base_hi=0.00079243305627215094	diff_lo=-3.0064839506849243e-19	diff_hi=9.2194585299409972e-18	new_lo=-0.00079256774883898408	new_hi=0.00079243305627216027	subset=1
AIRPLANE_PICARD	4	old_lo=-0.01	old_hi=0.01	base_lo=-0.00078807935067429908	base_hi=0.00079000981020910601	diff_lo=-2.7179647421604625e-18	diff_hi=5.3218540685406898e-19	new_lo=-0.00078807935067430189	new_hi=0.00079000981020910656	subset=1
AIRPLANE_PICARD	5	old_lo=-0.01	old_hi=0.01	base_lo=-0.00077211163107846598	base_hi=0.00077891697336530388	diff_lo=-1.859021270256279e-17	diff_hi=7.5794925891159453e-19	new_lo=-0.00077211163107848463	new_hi=0.00077891697336530464	subset=1
AIRPLANE_PICARD	6	old_lo=-0.01	old_hi=0.01	base_lo=-0.0010974784018406849	base_hi=0.0010822671998494194	diff_lo=-1.9359513991901178e-19	diff_hi=1.7694179454963441e-19	new_lo=-0.0010974784018406851	new_hi=0.0010822671998494196	subset=1
AIRPLANE_PICARD	7	old_lo=-0.01	old_hi=0.01	base_lo=-0.00079259557508707204	base_hi=0.00078876985879997854	diff_lo=-1.4571677198205185e-19	diff_hi=1.2906342661267451e-19	new_lo=-0.00079259557508707225	new_hi=0.00078876985879997876	subset=1
AIRPLANE_PICARD	8	old_lo=-0.01	old_hi=0.01	base_lo=-0.00073262759134337478	base_hi=0.00071516066345714909	diff_lo=-1.5543122344752196e-19	diff_hi=1.2767564783189305e-19	new_lo=-0.000732627591343375	new_hi=0.0007151606634571493	subset=1
AIRPLANE_PICARD	9	old_lo=-0.01	old_hi=0.01	base_lo=-0.0001	base_hi=0.0001	diff_lo=0	diff_hi=0	new_lo=-0.0001	new_hi=0.0001	subset=1
AIRPLANE_PICARD	10	old_lo=-0.01	old_hi=0.01	base_lo=-0.0001	base_hi=0.0001	diff_lo=0	diff_hi=0	new_lo=-0.0001	new_hi=0.0001	subset=1
AIRPLANE_PICARD	11	old_lo=-0.01	old_hi=0.01	base_lo=-0.0001	base_hi=0.0001	diff_lo=0	diff_hi=0	new_lo=-0.0001	new_hi=0.0001	subset=1
AIRPLANE_PICARD	12	old_lo=-0.01	old_hi=0.01	base_lo=-0	base_hi=0	diff_lo=0	diff_hi=0	new_lo=-0	new_hi=0	subset=1
AIRPLANE_PICARD	13	old_lo=-0.01	old_hi=0.01	base_lo=-0	base_hi=0	diff_lo=0	diff_hi=0	new_lo=-0	new_hi=0	subset=1
AIRPLANE_PICARD	14	old_lo=-0.01	old_hi=0.01	base_lo=-0	base_hi=0	diff_lo=0	diff_hi=0	new_lo=-0	new_hi=0	subset=1
AIRPLANE_PICARD	15	old_lo=-0.01	old_hi=0.01	base_lo=-0	base_hi=0	diff_lo=0	diff_hi=0	new_lo=-0	new_hi=0	subset=1
AIRPLANE_PICARD	16	old_lo=-0.01	old_hi=0.01	base_lo=-0	base_hi=0	diff_lo=0	diff_hi=0	new_lo=-0	new_hi=0	subset=1
AIRPLANE_PICARD	17	old_lo=-0.01	old_hi=0.01	base_lo=-0	base_hi=0	diff_lo=0	diff_hi=0	new_lo=-0	new_hi=0	subset=1
AIRPLANE_PICARD	18	old_lo=-0.01	old_hi=0.01	base_lo=-0	base_hi=0	diff_lo=0	diff_hi=0	new_lo=-0	new_hi=0	subset=1
PERIOD 0 FLOWPIPES 1 STATUS 3 BOX_SAFE 0
DIAGNOSTIC_COMPLETED_CALLS 0/1
FLOWPIPE_SEGMENTS 1
UNKNOWN
time cost: 0.796000
