Step 0
AIRPLANE_PICARD	0	old_lo=-0.01	old_hi=0.01	base_lo=-0.0058498907486032219	base_hi=0.0058329035454930869	diff_lo=-7.4296032289330178e-18	diff_hi=8.5939311222915753e-18	new_lo=-0.0058498907486032297	new_hi=0.0058329035454930955	subset=1
AIRPLANE_PICARD	1	old_lo=-0.01	old_hi=0.01	base_lo=-0.0058766876632340851	base_hi=0.0058871644543959274	diff_lo=-7.3206579687124056e-18	diff_hi=8.2184907027975041e-18	new_lo=-0.0058766876632340929	new_hi=0.0058871644543959361	subset=1
AIRPLANE_PICARD	2	old_lo=-0.01	old_hi=0.01	base_lo=-0.0029886801900524959	base_hi=0.0029279440627139721	diff_lo=-4.6535923263017336e-18	diff_hi=5.8373815040961164e-18	new_lo=-0.0029886801900525007	new_hi=0.0029279440627139781	subset=1
AIRPLANE_PICARD	3	old_lo=-0.01	old_hi=0.01	base_lo=-0.00080710278480830002	base_hi=0.00080701603899080248	diff_lo=-3.1465108296657726e-19	diff_hi=5.7820415122478162e-19	new_lo=-0.00080710278480830035	new_hi=0.00080701603899080313	subset=1
AIRPLANE_PICARD	4	old_lo=-0.01	old_hi=0.01	base_lo=-0.0008214292468690477	base_hi=0.00082793999981469217	diff_lo=-8.0910278477119874e-19	diff_hi=9.5549124168314879e-18	new_lo=-0.00082142924686904857	new_hi=0.00082793999981470182	subset=1
AIRPLANE_PICARD	5	old_lo=-0.01	old_hi=0.01	base_lo=-0.00078990764541677619	base_hi=0.00079675315111684027	diff_lo=-1.8601120643779732e-17	diff_hi=7.792794187722054e-19	new_lo=-0.00078990764541679484	new_hi=0.00079675315111684113	subset=1
AIRPLANE_PICARD	6	old_lo=-0.01	old_hi=0.01	base_lo=-0.00046981248138648569	base_hi=0.0004687121269229101	diff_lo=-6.0888794006785964e-20	diff_hi=6.6439909129911737e-20	new_lo=-0.0004698124813864858	new_hi=0.00046871212692291021	subset=1
AIRPLANE_PICARD	7	old_lo=-0.01	old_hi=0.01	base_lo=-0.00045137859579950083	base_hi=0.0004516736238659141	diff_lo=-1.2212453270876727e-19	diff_hi=1.2906342661267449e-19	new_lo=-0.00045137859579950099	new_hi=0.00045167362386591426	subset=1
AIRPLANE_PICARD	8	old_lo=-0.01	old_hi=0.01	base_lo=-0.00038834106305869911	base_hi=0.00038728436702908985	diff_lo=-1.0512424264419455e-19	diff_hi=1.0512424264419455e-19	new_lo=-0.00038834106305869921	new_hi=0.00038728436702908996	subset=1
AIRPLANE_PICARD	9	old_lo=-0.01	old_hi=0.01	base_lo=-0.0001	base_hi=0.0001	diff_lo=0	diff_hi=0	new_lo=-0.0001	new_hi=0.0001	subset=1
AIRPLANE_PICARD	10	old_lo=-0.01	old_hi=0.01	base_lo=-0.0001	base_hi=0.0001	diff_lo=0	diff_hi=0	new_lo=-0.0001	new_hi=0.0001	subset=1
AIRPLANE_PICARD	11	old_lo=-0.01	old_hi=0.01	base_lo=-0.0001	base_hi=0.0001	diff_lo=0	diff_hi=0	new_lo=-0.0001	new_hi=0.0001	subset=1
AIRPLANE_PICARD	12	old_lo=-0.01	old_hi=0.01	base_lo=-0	base_hi=0	diff_lo=0	diff_hi=0	new_lo=-0	new_hi=0	subset=1
AIRPLANE_PICARD	13	old_lo=-0.01	old_hi=0.01	base_lo=-0	base_hi=0	diff_lo=0	diff_hi=0	new_lo=-0	new_hi=0	subset=1
AIRPLANE_PICARD	14	old_lo=-0.01	old_hi=0.01	base_lo=-0	base_hi=0	diff_lo=0	diff_hi=0	new_lo=-0	new_hi=0	subset=1
AIRPLANE_PICARD	15	old_lo=-0.01	old_hi=0.01	base_lo=-0	base_hi=0	diff_lo=0	diff_hi=0	new_lo=-0	new_hi=0	subset=1
AIRPLANE_PICARD	16	old_lo=-0.01	old_hi=0.01	base_lo=-0	base_hi=0	diff_lo=0	diff_hi=0	new_lo=-0	new_hi=0	subset=1
AIRPLANE_PICARD	17	old_lo=-0.01	old_hi=0.01	base_lo=-0	base_hi=0	diff_lo=0	diff_hi=0	new_lo=-0	new_hi=0	subset=1
AIRPLANE_PICARD	18	old_lo=-0.01	old_hi=0.01	base_lo=-0	base_hi=0	diff_lo=0	diff_hi=0	new_lo=-0	new_hi=0	subset=1
PERIOD 0 FLOWPIPES 1 STATUS 3 BOX_SAFE 0
DIAGNOSTIC_COMPLETED_CALLS 0/1
FLOWPIPE_SEGMENTS 1
UNKNOWN
time cost: 0.790000
