Step 0
AIRPLANE_PICARD	0	old_lo=-0.01	old_hi=0.01	base_lo=-0.0047900810143067865	base_hi=0.004806031065640726	diff_lo=-6.0104884032815245e-18	diff_hi=6.073634650771716e-18	new_lo=-0.0047900810143067926	new_hi=0.004806031065640733	subset=1
AIRPLANE_PICARD	1	old_lo=-0.01	old_hi=0.01	base_lo=-0.0043815209777210004	base_hi=0.0043601627911398003	diff_lo=-7.5304507999677723e-18	diff_hi=5.1322002203591013e-18	new_lo=-0.0043815209777210082	new_hi=0.0043601627911398055	subset=1
AIRPLANE_PICARD	2	old_lo=-0.01	old_hi=0.01	base_lo=-0.0027151500833777239	base_hi=0.0026850587437677966	diff_lo=-3.8903024320487638e-18	diff_hi=5.0740754190907041e-18	new_lo=-0.0027151500833777278	new_hi=0.0026850587437678018	subset=1
AIRPLANE_PICARD	3	old_lo=-0.01	old_hi=0.01	base_lo=-0.00063442509604647295	base_hi=0.00063437996267375941	diff_lo=-2.8628488468740445e-19	diff_hi=2.4981128277090651e-18	new_lo=-0.00063442509604647328	new_hi=0.00063437996267376201	subset=1
AIRPLANE_PICARD	4	old_lo=-0.01	old_hi=0.01	base_lo=-0.00069245924209959642	base_hi=0.00069899602482140135	diff_lo=-8.0979667416158948e-19	diff_hi=9.5521368592699238e-18	new_lo=-0.00069245924209959729	new_hi=0.000698996024821411	subset=1
AIRPLANE_PICARD	5	old_lo=-0.01	old_hi=0.01	base_lo=-0.00066787872645302187	base_hi=0.00067471308234783945	diff_lo=-8.1537554486033079e-19	diff_hi=5.186934215473117e-18	new_lo=-0.00066787872645302274	new_hi=0.00067471308234784465	subset=1
AIRPLANE_PICARD	6	old_lo=-0.01	old_hi=0.01	base_lo=-0.00039029080453623825	base_hi=0.00038983378783821829	diff_lo=-4.2554935270056069e-20	diff_hi=4.3942714050837512e-20	new_lo=-0.00039029080453623831	new_hi=0.00038983378783821835	subset=1
AIRPLANE_PICARD	7	old_lo=-0.01	old_hi=0.01	base_lo=-0.00036835609712051293	base_hi=0.00036823296173173442	diff_lo=-4.0766001685454973e-20	diff_hi=4.423544863740859e-20	new_lo=-0.00036835609712051299	new_hi=0.00036823296173173447	subset=1
AIRPLANE_PICARD	8	old_lo=-0.01	old_hi=0.01	base_lo=-0.00032478703448032305	base_hi=0.00032442967066822229	diff_lo=-5.2692225582795538e-20	diff_hi=5.6855561925139886e-20	new_lo=-0.0003247870344803231	new_hi=0.00032442967066822239	subset=1
AIRPLANE_PICARD	9	old_lo=-0.01	old_hi=0.01	base_lo=-0.0001	base_hi=0.0001	diff_lo=0	diff_hi=0	new_lo=-0.0001	new_hi=0.0001	subset=1
AIRPLANE_PICARD	10	old_lo=-0.01	old_hi=0.01	base_lo=-0.0001	base_hi=0.0001	diff_lo=0	diff_hi=0	new_lo=-0.0001	new_hi=0.0001	subset=1
AIRPLANE_PICARD	11	old_lo=-0.01	old_hi=0.01	base_lo=-0.0001	base_hi=0.0001	diff_lo=0	diff_hi=0	new_lo=-0.0001	new_hi=0.0001	subset=1
AIRPLANE_PICARD	12	old_lo=-0.01	old_hi=0.01	base_lo=-0	base_hi=0	diff_lo=0	diff_hi=0	new_lo=-0	new_hi=0	subset=1
AIRPLANE_PICARD	13	old_lo=-0.01	old_hi=0.01	base_lo=-0	base_hi=0	diff_lo=0	diff_hi=0	new_lo=-0	new_hi=0	subset=1
AIRPLANE_PICARD	14	old_lo=-0.01	old_hi=0.01	base_lo=-0	base_hi=0	diff_lo=0	diff_hi=0	new_lo=-0	new_hi=0	subset=1
AIRPLANE_PICARD	15	old_lo=-0.01	old_hi=0.01	base_lo=-0	base_hi=0	diff_lo=0	diff_hi=0	new_lo=-0	new_hi=0	subset=1
AIRPLANE_PICARD	16	old_lo=-0.01	old_hi=0.01	base_lo=-0	base_hi=0	diff_lo=0	diff_hi=0	new_lo=-0	new_hi=0	subset=1
AIRPLANE_PICARD	17	old_lo=-0.01	old_hi=0.01	base_lo=-0	base_hi=0	diff_lo=0	diff_hi=0	new_lo=-0	new_hi=0	subset=1
AIRPLANE_PICARD	18	old_lo=-0.01	old_hi=0.01	base_lo=-0	base_hi=0	diff_lo=0	diff_hi=0	new_lo=-0	new_hi=0	subset=1
PERIOD 0 FLOWPIPES 1 STATUS 3 BOX_SAFE 0
DIAGNOSTIC_COMPLETED_CALLS 0/1
FLOWPIPE_SEGMENTS 1
UNKNOWN
time cost: 0.789000
