/srv/local/shengenli/flowstar_acceleration_20260921T153643Z/nncs_env/lib/python3.11/site-packages/onnx2pytorch/convert/model.py:167: TracerWarning: Converting a tensor to a Python boolean might cause the trace to be incorrect. We can't record the data flow of Python values, so this value will be treated as a constant in the future. This means that the trace might not generalize to other inputs!
  if not self.experimental and inputs[0].shape[self.batch_dim] > 1:
Traceback (most recent call last):
  File "/srv/local/shengenli/flowstar_acceleration_20260921T153643Z/runs/archcomp26_20261001/airplane_p3_xyz_rem0p1_observer_prep_20261002/archcomp26_airplane_continuous_p3_xyz_rem0p1_trace_nohash.py", line 12, in <module>
    raise SystemExit(trace.main())
                     ^^^^^^^^^^^^
  File "/srv/local/shengenli/flowstar_acceleration_20260921T153643Z/runs/archcomp26_20261001/airplane_p3_xyz_rem0p1_observer_prep_20261002/archcomp26_airplane_continuous_p3_trace_nohash.py", line 57, in main
    return airplane.main()
           ^^^^^^^^^^^^^^^
  File "/srv/local/shengenli/flowstar_acceleration_20260921T153643Z/runs/archcomp26_20261001/airplane_p3_xyz_rem0p1_observer_prep_20261002/archcomp26_airplane_continuous_p3_nohash.py", line 116, in main
    return airplane.run(run_args)
           ^^^^^^^^^^^^^^^^^^^^^^
  File "/srv/local/shengenli/flowstar_acceleration_20260921T153643Z/runs/archcomp26_20261001/airplane_p3_xyz_rem0p1_observer_prep_20261002/run.py", line 170, in run
    driver_code = driver.main()
                  ^^^^^^^^^^^^^
  File "/srv/local/shengenli/xiangru_adoption_20260907T032448Z/xiangru_upstream/src/flowstar_gpu/integrations/crown_reach.py", line 1446, in main
    st, ok = advance_sparse(st, code, eng, sched, settings, rem_est, sr)
             ^^^^^^^^^^^^^^^^^^^^^^^^^^^^^^^^^^^^^^^^^^^^^^^^^^^^^^^^^^^
  File "/srv/local/shengenli/flowstar_acceleration_20260921T153643Z/runs/archcomp26_20261001/airplane_p3_xyz_rem0p1_observer_prep_20261002/run.py", line 136, in observed
    raise FloatingPointError(f"invalid accepted interval at {step_number}")
FloatingPointError: invalid accepted interval at 1
/srv/local/shengenli/miniforge3/envs/py11/lib/python3.11/tempfile.py:934: ResourceWarning: Implicitly cleaning up <TemporaryDirectory '/tmp/tmp7emb0o_p'>
  _warnings.warn(warn_message, ResourceWarning)
