Step 0
AIRPLANE_PICARD	0	old_lo=-0.01	old_hi=0.01	base_lo=-0.0067806951845473971	base_hi=0.0067575399049436911	diff_lo=-9.8977030275430579e-18	diff_hi=6.9909818674792337e-18	new_lo=-0.0067806951845474075	new_hi=0.0067575399049436989	subset=1
AIRPLANE_PICARD	1	old_lo=-0.01	old_hi=0.01	base_lo=-0.0068998852707941099	base_hi=0.0069138123643627328	diff_lo=-5.6427900546607345e-18	diff_hi=1.2155633270782853e-17	new_lo=-0.006899885270794116	new_hi=0.0069138123643627458	subset=1
AIRPLANE_PICARD	2	old_lo=-0.01	old_hi=0.01	base_lo=-0.0034771588035449066	base_hi=0.0034304691671762115	diff_lo=-3.6431193709921959e-18	diff_hi=4.475765822779351e-18	new_lo=-0.0034771588035449105	new_hi=0.0034304691671762162	subset=1
AIRPLANE_PICARD	3	old_lo=-0.01	old_hi=0.01	base_lo=-0.0010002204603752627	base_hi=0.0010000407546646496	diff_lo=-3.0876690093606392e-19	diff_hi=2.5232038680655941e-18	new_lo=-0.0010002204603752631	new_hi=0.0010000407546646522	subset=1
AIRPLANE_PICARD	4	old_lo=-0.01	old_hi=0.01	base_lo=-0.0010257355547456557	base_hi=0.0010282244075788928	diff_lo=-1.7858908796242201e-18	diff_hi=6.9012850989480535e-19	new_lo=-0.0010257355547456577	new_hi=0.0010282244075788937	subset=1
AIRPLANE_PICARD	5	old_lo=-0.01	old_hi=0.01	base_lo=-0.00092472883475134637	base_hi=0.00093381461845021881	diff_lo=-3.1278452050642622e-19	diff_hi=1.7938969754105482e-17	new_lo=-0.0009247288347513467	new_hi=0.00093381461845023681	subset=1
AIRPLANE_PICARD	6	old_lo=-0.01	old_hi=0.01	base_lo=-0.00049336604888115723	base_hi=0.00049252106537521077	diff_lo=-7.9363599025938947e-20	diff_hi=8.4914714149064732e-20	new_lo=-0.00049336604888115733	new_hi=0.00049252106537521088	subset=1
AIRPLANE_PICARD	7	old_lo=-0.01	old_hi=0.01	base_lo=-0.00044872418008526626	base_hi=0.00044855956902343857	diff_lo=-1.144917494144693e-19	diff_hi=1.0963452368173424e-19	new_lo=-0.00044872418008526642	new_hi=0.00044855956902343873	subset=1
AIRPLANE_PICARD	8	old_lo=-0.01	old_hi=0.01	base_lo=-0.00039042637898029444	base_hi=0.00038956081262069003	diff_lo=-8.656270145124271e-20	diff_hi=9.7664931697494268e-20	new_lo=-0.00039042637898029455	new_hi=0.00038956081262069014	subset=1
AIRPLANE_PICARD	9	old_lo=-0.01	old_hi=0.01	base_lo=-0.0001	base_hi=0.0001	diff_lo=0	diff_hi=0	new_lo=-0.0001	new_hi=0.0001	subset=1
AIRPLANE_PICARD	10	old_lo=-0.01	old_hi=0.01	base_lo=-0.0001	base_hi=0.0001	diff_lo=0	diff_hi=0	new_lo=-0.0001	new_hi=0.0001	subset=1
AIRPLANE_PICARD	11	old_lo=-0.01	old_hi=0.01	base_lo=-0.0001	base_hi=0.0001	diff_lo=0	diff_hi=0	new_lo=-0.0001	new_hi=0.0001	subset=1
AIRPLANE_PICARD	12	old_lo=-0.01	old_hi=0.01	base_lo=-0	base_hi=0	diff_lo=0	diff_hi=0	new_lo=-0	new_hi=0	subset=1
AIRPLANE_PICARD	13	old_lo=-0.01	old_hi=0.01	base_lo=-0	base_hi=0	diff_lo=0	diff_hi=0	new_lo=-0	new_hi=0	subset=1
AIRPLANE_PICARD	14	old_lo=-0.01	old_hi=0.01	base_lo=-0	base_hi=0	diff_lo=0	diff_hi=0	new_lo=-0	new_hi=0	subset=1
AIRPLANE_PICARD	15	old_lo=-0.01	old_hi=0.01	base_lo=-0	base_hi=0	diff_lo=0	diff_hi=0	new_lo=-0	new_hi=0	subset=1
AIRPLANE_PICARD	16	old_lo=-0.01	old_hi=0.01	base_lo=-0	base_hi=0	diff_lo=0	diff_hi=0	new_lo=-0	new_hi=0	subset=1
AIRPLANE_PICARD	17	old_lo=-0.01	old_hi=0.01	base_lo=-0	base_hi=0	diff_lo=0	diff_hi=0	new_lo=-0	new_hi=0	subset=1
AIRPLANE_PICARD	18	old_lo=-0.01	old_hi=0.01	base_lo=-0	base_hi=0	diff_lo=0	diff_hi=0	new_lo=-0	new_hi=0	subset=1
PERIOD 0 FLOWPIPES 1 STATUS 3 BOX_SAFE 0
DIAGNOSTIC_COMPLETED_CALLS 0/1
FLOWPIPE_SEGMENTS 1
UNKNOWN
time cost: 0.812000
