Step 0
AIRPLANE_PICARD	0	old_lo=-0.01	old_hi=0.01	base_lo=-0.0051866063308131103	base_hi=0.0052046375423593751	diff_lo=-7.4673299950885623e-18	diff_hi=8.0397771773377386e-18	new_lo=-0.0051866063308131181	new_hi=0.0052046375423593838	subset=1
AIRPLANE_PICARD	1	old_lo=-0.01	old_hi=0.01	base_lo=-0.0047369636079784153	base_hi=0.0047200626517775474	diff_lo=-1.0073394664707667e-17	diff_hi=7.380232998806718e-18	new_lo=-0.0047369636079784257	new_hi=0.0047200626517775552	subset=1
AIRPLANE_PICARD	2	old_lo=-0.01	old_hi=0.01	base_lo=-0.0028893690855384237	base_hi=0.0028649537824182413	diff_lo=-4.2577284290838259e-18	diff_hi=6.4726187372817459e-18	new_lo=-0.002889369085538428	new_hi=0.0028649537824182478	subset=1
AIRPLANE_PICARD	3	old_lo=-0.01	old_hi=0.01	base_lo=-0.00069980610888051569	base_hi=0.00069975618528666866	diff_lo=-2.9877489371443753e-19	diff_hi=2.5092705691065483e-18	new_lo=-0.00069980610888051601	new_hi=0.00069975618528667126	subset=1
AIRPLANE_PICARD	4	old_lo=-0.01	old_hi=0.01	base_lo=-0.00070402864444652142	base_hi=0.00071057079165194918	diff_lo=-8.0910278477119874e-19	diff_hi=9.5528585042359324e-18	new_lo=-0.00070402864444652229	new_hi=0.00071057079165195883	subset=1
AIRPLANE_PICARD	5	old_lo=-0.01	old_hi=0.01	base_lo=-0.00073168867826689564	base_hi=0.00073851669568815708	diff_lo=-8.2728268679943566e-19	diff_hi=5.1980364457193689e-18	new_lo=-0.00073168867826689651	new_hi=0.00073851669568816228	subset=1
AIRPLANE_PICARD	6	old_lo=-0.01	old_hi=0.01	base_lo=-0.00040032618900543218	base_hi=0.00039981537988383856	diff_lo=-4.8154839490943696e-20	diff_hi=4.8154839490943696e-20	new_lo=-0.00040032618900543224	new_hi=0.00039981537988383861	subset=1
AIRPLANE_PICARD	7	old_lo=-0.01	old_hi=0.01	base_lo=-0.00037766351051400795	base_hi=0.00037759002715327694	diff_lo=-5.9761223747401031e-20	diff_hi=5.9847959921199862e-20	new_lo=-0.00037766351051400805	new_hi=0.00037759002715327704	subset=1
AIRPLANE_PICARD	8	old_lo=-0.01	old_hi=0.01	base_lo=-0.00033199892592833012	base_hi=0.00033160221991464987	diff_lo=-6.267772759138703e-20	diff_hi=6.267772759138703e-20	new_lo=-0.00033199892592833023	new_hi=0.00033160221991464998	subset=1
AIRPLANE_PICARD	9	old_lo=-0.01	old_hi=0.01	base_lo=-0.0001	base_hi=0.0001	diff_lo=0	diff_hi=0	new_lo=-0.0001	new_hi=0.0001	subset=1
AIRPLANE_PICARD	10	old_lo=-0.01	old_hi=0.01	base_lo=-0.0001	base_hi=0.0001	diff_lo=0	diff_hi=0	new_lo=-0.0001	new_hi=0.0001	subset=1
AIRPLANE_PICARD	11	old_lo=-0.01	old_hi=0.01	base_lo=-0.0001	base_hi=0.0001	diff_lo=0	diff_hi=0	new_lo=-0.0001	new_hi=0.0001	subset=1
AIRPLANE_PICARD	12	old_lo=-0.01	old_hi=0.01	base_lo=-0	base_hi=0	diff_lo=0	diff_hi=0	new_lo=-0	new_hi=0	subset=1
AIRPLANE_PICARD	13	old_lo=-0.01	old_hi=0.01	base_lo=-0	base_hi=0	diff_lo=0	diff_hi=0	new_lo=-0	new_hi=0	subset=1
AIRPLANE_PICARD	14	old_lo=-0.01	old_hi=0.01	base_lo=-0	base_hi=0	diff_lo=0	diff_hi=0	new_lo=-0	new_hi=0	subset=1
AIRPLANE_PICARD	15	old_lo=-0.01	old_hi=0.01	base_lo=-0	base_hi=0	diff_lo=0	diff_hi=0	new_lo=-0	new_hi=0	subset=1
AIRPLANE_PICARD	16	old_lo=-0.01	old_hi=0.01	base_lo=-0	base_hi=0	diff_lo=0	diff_hi=0	new_lo=-0	new_hi=0	subset=1
AIRPLANE_PICARD	17	old_lo=-0.01	old_hi=0.01	base_lo=-0	base_hi=0	diff_lo=0	diff_hi=0	new_lo=-0	new_hi=0	subset=1
AIRPLANE_PICARD	18	old_lo=-0.01	old_hi=0.01	base_lo=-0	base_hi=0	diff_lo=0	diff_hi=0	new_lo=-0	new_hi=0	subset=1
PERIOD 0 FLOWPIPES 1 STATUS 3 BOX_SAFE 0
DIAGNOSTIC_COMPLETED_CALLS 0/1
FLOWPIPE_SEGMENTS 1
UNKNOWN
time cost: 0.798000
