Step 0
AIRPLANE_PICARD	0	old_lo=-0.01	old_hi=0.01	base_lo=-0.0049580721451174536	base_hi=0.0049858876241482336	diff_lo=-1.0129115139238359e-17	diff_hi=1.4286918870176654e-17	new_lo=-0.0049580721451174641	new_hi=0.0049858876241482483	subset=1
AIRPLANE_PICARD	1	old_lo=-0.01	old_hi=0.01	base_lo=-0.0045707296433126028	base_hi=0.0045956630323537202	diff_lo=-7.5046589313269494e-18	diff_hi=1.1821319386336662e-17	new_lo=-0.0045707296433126106	new_hi=0.0045956630323537324	subset=1
AIRPLANE_PICARD	2	old_lo=-0.01	old_hi=0.01	base_lo=-0.0027423390087624993	base_hi=0.0027167001162658145	diff_lo=-6.0521495222805821e-18	diff_hi=5.0848515213234722e-18	new_lo=-0.0027423390087625054	new_hi=0.0027167001162658197	subset=1
AIRPLANE_PICARD	3	old_lo=-0.01	old_hi=0.01	base_lo=-0.00066860386959600592	base_hi=0.00066850026478846658	diff_lo=-2.9176661087149125e-19	diff_hi=9.205358697528256e-18	new_lo=-0.00066860386959600624	new_hi=0.0006685002647884758	subset=1
AIRPLANE_PICARD	4	old_lo=-0.01	old_hi=0.01	base_lo=-0.00075678578100408578	base_hi=0.00075867283279719433	diff_lo=-1.0521583604372614e-18	diff_hi=5.3185233994668139e-19	new_lo=-0.00075678578100408687	new_hi=0.00075867283279719487	subset=1
AIRPLANE_PICARD	5	old_lo=-0.01	old_hi=0.01	base_lo=-0.00075950038392769419	base_hi=0.00076633478541462377	diff_lo=-9.6971042307103545e-18	diff_hi=7.490397191389777e-19	new_lo=-0.00075950038392770395	new_hi=0.00076633478541462453	subset=1
AIRPLANE_PICARD	6	old_lo=-0.01	old_hi=0.01	base_lo=-0.00091745894768638933	base_hi=0.00090965214481429765	diff_lo=-1.0616507672978064e-19	diff_hi=9.7838404045091954e-20	new_lo=-0.00091745894768638944	new_hi=0.00090965214481429776	subset=1
AIRPLANE_PICARD	7	old_lo=-0.01	old_hi=0.01	base_lo=-0.00063714495552336429	base_hi=0.0006339455748568169	diff_lo=-1.1032841307212496e-19	diff_hi=9.9226182825873391e-20	new_lo=-0.0006371449555233645	new_hi=0.000633945574856817	subset=1
AIRPLANE_PICARD	8	old_lo=-0.01	old_hi=0.01	base_lo=-0.00059620393030560817	base_hi=0.00058915563516142937	diff_lo=-7.4246164771807376e-20	diff_hi=6.3143934525555805e-20	new_lo=-0.00059620393030560828	new_hi=0.00058915563516142948	subset=1
AIRPLANE_PICARD	9	old_lo=-0.01	old_hi=0.01	base_lo=-0.0001	base_hi=0.0001	diff_lo=0	diff_hi=0	new_lo=-0.0001	new_hi=0.0001	subset=1
AIRPLANE_PICARD	10	old_lo=-0.01	old_hi=0.01	base_lo=-0.0001	base_hi=0.0001	diff_lo=0	diff_hi=0	new_lo=-0.0001	new_hi=0.0001	subset=1
AIRPLANE_PICARD	11	old_lo=-0.01	old_hi=0.01	base_lo=-0.0001	base_hi=0.0001	diff_lo=0	diff_hi=0	new_lo=-0.0001	new_hi=0.0001	subset=1
AIRPLANE_PICARD	12	old_lo=-0.01	old_hi=0.01	base_lo=-0	base_hi=0	diff_lo=0	diff_hi=0	new_lo=-0	new_hi=0	subset=1
AIRPLANE_PICARD	13	old_lo=-0.01	old_hi=0.01	base_lo=-0	base_hi=0	diff_lo=0	diff_hi=0	new_lo=-0	new_hi=0	subset=1
AIRPLANE_PICARD	14	old_lo=-0.01	old_hi=0.01	base_lo=-0	base_hi=0	diff_lo=0	diff_hi=0	new_lo=-0	new_hi=0	subset=1
AIRPLANE_PICARD	15	old_lo=-0.01	old_hi=0.01	base_lo=-0	base_hi=0	diff_lo=0	diff_hi=0	new_lo=-0	new_hi=0	subset=1
AIRPLANE_PICARD	16	old_lo=-0.01	old_hi=0.01	base_lo=-0	base_hi=0	diff_lo=0	diff_hi=0	new_lo=-0	new_hi=0	subset=1
AIRPLANE_PICARD	17	old_lo=-0.01	old_hi=0.01	base_lo=-0	base_hi=0	diff_lo=0	diff_hi=0	new_lo=-0	new_hi=0	subset=1
AIRPLANE_PICARD	18	old_lo=-0.01	old_hi=0.01	base_lo=-0	base_hi=0	diff_lo=0	diff_hi=0	new_lo=-0	new_hi=0	subset=1
PERIOD 0 FLOWPIPES 1 STATUS 3 BOX_SAFE 0
DIAGNOSTIC_COMPLETED_CALLS 0/1
FLOWPIPE_SEGMENTS 1
UNKNOWN
time cost: 0.788000
