Step 0
Step 1
Step 2
Step 3
Step 4
Step 5
Step 6
Step 7
Step 8
Step 9
Step 10
Step 11
Step 12
Step 13
Step 14
Step 15
Step 16
Step 17
Step 18
Step 19
Step 20
Step 21
Step 22
Step 23
Step 24
Step 25
Step 26
Step 27
Step 28
Step 29
Step 30
Step 31
Step 32
Step 33
Step 34
Step 35
Step 36
Step 37
Step 38
Step 39
Step 40
Step 41
Step 42
Step 43
Step 44
Step 45
Step 46
Step 47
Step 48
Step 49
HULL x_lead 229.037142468 250.04918343
HULL v_lead 22.8167364512 23.0184706402
HULL a_lead -2.02885444716 -2.02834034608
HULL x_ego 154.104791444 159.602767231
HULL v_ego 27.1928137261 29.1924066747
HULL a_ego -0.947635572185 -0.120545159866
HULL t 5 5
HULL u1 -1.00988050043 -0.0697523736065
time cost: 4.066396
