{
  "command": [
    "/srv/local/shengenli/flowstar-gpu/.venv/bin/python",
    "-m",
    "pytest",
    "-q",
    "tests/unit/test_sparse_support.py",
    "tests/unit/test_sparse_exec.py",
    "tests/soundness/test_sparse_containment.py"
  ],
  "cwd": "/srv/local/shengenli/flowstar-gpu",
  "elapsed_seconds": 14.45380802708678,
  "environment": {
    "CC": "/srv/local/shengenli/.huan-audit-gxx13/bin/x86_64-conda-linux-gnu-gcc",
    "CUDAHOSTCXX": "/srv/local/shengenli/.huan-audit-gxx13/bin/x86_64-conda-linux-gnu-g++",
    "CUDA_HOME": "/usr/local/cuda-12.6",
    "CUDA_VISIBLE_DEVICES": "0",
    "CXX": "/srv/local/shengenli/.huan-audit-gxx13/bin/x86_64-conda-linux-gnu-g++"
  },
  "label": "D3_DENSE_SPARSE_SUPPORT",
  "returncode": 0,
  "schema": "torch_tm_flowpipe.huan_command_capture/1",
  "started_utc": "2026-08-26T06:06:02.939324+00:00"
}
--- combined stdout/stderr ---
........................................................................ [ 83%]
..ss..........                                                           [100%]
=============================== warnings summary ===============================
tests/unit/test_sparse_exec.py: 14 warnings
  /srv/local/shengenli/flowstar-gpu/.venv/lib/python3.13/site-packages/torch/jit/_script.py:365: DeprecationWarning: `torch.jit.script_method` is deprecated. Please switch to `torch.compile` or `torch.export`.
    warnings.warn(

-- Docs: https://docs.pytest.org/en/stable/how-to/capture-warnings.html
84 passed, 2 skipped, 14 warnings in 12.23s
