Step 0
AIRPLANE_PICARD	0	old_lo=-0.01	old_hi=0.01	base_lo=-0.0055360902877410996	base_hi=0.005555075006747158	diff_lo=-4.1172158275297046e-18	diff_hi=8.3697123306099904e-18	new_lo=-0.005536090287741104	new_hi=0.0055550750067471667	subset=1
AIRPLANE_PICARD	1	old_lo=-0.01	old_hi=0.01	base_lo=-0.0052129270165616201	base_hi=0.0052200634209978039	diff_lo=-5.5058596570845076e-18	diff_hi=5.5311866198337677e-18	new_lo=-0.0052129270165616262	new_hi=0.00522006342099781	subset=1
AIRPLANE_PICARD	2	old_lo=-0.01	old_hi=0.01	base_lo=-0.0030919489747667232	base_hi=0.0030863072373538505	diff_lo=-2.6921277707092651e-18	diff_hi=4.8084846289893869e-18	new_lo=-0.0030919489747667263	new_hi=0.0030863072373538557	subset=1
AIRPLANE_PICARD	3	old_lo=-0.01	old_hi=0.01	base_lo=-0.00080563474481404307	base_hi=0.00080551167278401705	diff_lo=-2.8628488468740445e-19	diff_hi=1.3885281813230679e-18	new_lo=-0.0008056347448140434	new_hi=0.00080551167278401846	subset=1
AIRPLANE_PICARD	4	old_lo=-0.01	old_hi=0.01	base_lo=-0.00090089026384905198	base_hi=0.00090331750608615958	diff_lo=-2.8935465135049313e-18	diff_hi=6.9008687653138186e-19	new_lo=-0.00090089026384905491	new_hi=0.00090331750608616034	subset=1
AIRPLANE_PICARD	5	old_lo=-0.01	old_hi=0.01	base_lo=-0.00079514334538722284	base_hi=0.0008042426964153678	diff_lo=-2.9127394940431382e-19	diff_hi=4.5933881698267971e-18	new_lo=-0.00079514334538722316	new_hi=0.00080424269641537246	subset=1
AIRPLANE_PICARD	6	old_lo=-0.01	old_hi=0.01	base_lo=-0.00042993622056670792	base_hi=0.00042963211137991771	diff_lo=-6.6483277216811152e-20	diff_hi=6.7177166607201871e-20	new_lo=-0.00042993622056670803	new_hi=0.00042963211137991782	subset=1
AIRPLANE_PICARD	7	old_lo=-0.01	old_hi=0.01	base_lo=-0.0003865689332707974	base_hi=0.00038659689807233407	diff_lo=-8.2572837456496036e-20	diff_hi=7.9797279894933149e-20	new_lo=-0.00038656893327079751	new_hi=0.00038659689807233417	subset=1
AIRPLANE_PICARD	8	old_lo=-0.01	old_hi=0.01	base_lo=-0.00034342667889957959	base_hi=0.00034321012643651636	diff_lo=-6.4791921827733759e-20	diff_hi=6.340414304695231e-20	new_lo=-0.0003434266788995797	new_hi=0.00034321012643651646	subset=1
AIRPLANE_PICARD	9	old_lo=-0.01	old_hi=0.01	base_lo=-0.0001	base_hi=0.0001	diff_lo=0	diff_hi=0	new_lo=-0.0001	new_hi=0.0001	subset=1
AIRPLANE_PICARD	10	old_lo=-0.01	old_hi=0.01	base_lo=-0.0001	base_hi=0.0001	diff_lo=0	diff_hi=0	new_lo=-0.0001	new_hi=0.0001	subset=1
AIRPLANE_PICARD	11	old_lo=-0.01	old_hi=0.01	base_lo=-0.0001	base_hi=0.0001	diff_lo=0	diff_hi=0	new_lo=-0.0001	new_hi=0.0001	subset=1
AIRPLANE_PICARD	12	old_lo=-0.01	old_hi=0.01	base_lo=-0	base_hi=0	diff_lo=0	diff_hi=0	new_lo=-0	new_hi=0	subset=1
AIRPLANE_PICARD	13	old_lo=-0.01	old_hi=0.01	base_lo=-0	base_hi=0	diff_lo=0	diff_hi=0	new_lo=-0	new_hi=0	subset=1
AIRPLANE_PICARD	14	old_lo=-0.01	old_hi=0.01	base_lo=-0	base_hi=0	diff_lo=0	diff_hi=0	new_lo=-0	new_hi=0	subset=1
AIRPLANE_PICARD	15	old_lo=-0.01	old_hi=0.01	base_lo=-0	base_hi=0	diff_lo=0	diff_hi=0	new_lo=-0	new_hi=0	subset=1
AIRPLANE_PICARD	16	old_lo=-0.01	old_hi=0.01	base_lo=-0	base_hi=0	diff_lo=0	diff_hi=0	new_lo=-0	new_hi=0	subset=1
AIRPLANE_PICARD	17	old_lo=-0.01	old_hi=0.01	base_lo=-0	base_hi=0	diff_lo=0	diff_hi=0	new_lo=-0	new_hi=0	subset=1
AIRPLANE_PICARD	18	old_lo=-0.01	old_hi=0.01	base_lo=-0	base_hi=0	diff_lo=0	diff_hi=0	new_lo=-0	new_hi=0	subset=1
PERIOD 0 FLOWPIPES 1 STATUS 2 BOX_SAFE 1
DIAGNOSTIC_COMPLETED_CALLS 1/1
FLOWPIPE_SEGMENTS 1
ONE_STEP_NUMERIC_ACCEPTED_ONLY
time cost: 0.446000
