{
  "schema": "live-gpu-packet-full-horizon-result-v1",
  "plant": "brusselator",
  "route": "Gp",
  "source_sha": "1d870939fcdb72bd999730cf09de0b14d1cd71c4",
  "scope": "ORIGINAL_UNPARTITIONED_B1",
  "requested_steps": 1000,
  "recorded_steps": 1000,
  "accepted_lane_steps": 1000,
  "successful_tasks": 1,
  "achieved": true,
  "target": "T20",
  "exact_final_time": "720575940379279375/36028797018963968",
  "first_failure": null,
  "previous_answers_loaded": false,
  "each_next_input_from_preceding_complete_state": true,
  "gpu_scope": "GPU range service participating in the complete solver chain",
  "full_gpu_engine": false,
  "whole_solver_formal_proof": false,
  "checkpoint_receipts": [
    {
      "step": 999,
      "path": "checkpoints/step_0999",
      "state_sha256": "3f5a6a97a982131e53617d3d291a0b647bb98bb79ffac316a90068a3c0cd8748"
    },
    {
      "step": 1000,
      "path": "checkpoints/step_1000",
      "state_sha256": "27675d1308b0b5e2f85c3acb8085faf74ea091442c14a66c6fce9918646efd8d"
    }
  ],
  "final_state_sha256": "27675d1308b0b5e2f85c3acb8085faf74ea091442c14a66c6fce9918646efd8d",
  "files": {
    "initial_source": "26186ecb15522ccc63dd4f2eac0d59597938c1601726edc6a44df94dc25bb80a",
    "steps": "1a38465ed81ea3aa95b76e0ae4aca6427bc2bef561fb8ab57dd31c0df546b9b5",
    "run_metadata": "07b81be7495aecb6b3f79d8212882da83c35b06eef41ca2f8b6dc459c7745c28"
  }
}
