{
  "schema": "live-gpu-packet-full-horizon-result-v1",
  "plant": "van_der_pol",
  "route": "Gp",
  "source_sha": "1d870939fcdb72bd999730cf09de0b14d1cd71c4",
  "scope": "ORIGINAL_UNPARTITIONED_B1",
  "requested_steps": 1000,
  "recorded_steps": 1000,
  "accepted_lane_steps": 1000,
  "successful_tasks": 1,
  "achieved": true,
  "target": "T10",
  "exact_final_time": "720575940379279375/72057594037927936",
  "first_failure": null,
  "previous_answers_loaded": false,
  "each_next_input_from_preceding_complete_state": true,
  "gpu_scope": "GPU range service participating in the complete solver chain",
  "full_gpu_engine": false,
  "whole_solver_formal_proof": false,
  "checkpoint_receipts": [
    {
      "step": 99,
      "path": "checkpoints/step_0099",
      "state_sha256": "8f5926e728dbfb7ca5fa4589f2db5e5a04cf878251b1ea8a2d2ef2f9866cc176"
    },
    {
      "step": 100,
      "path": "checkpoints/step_0100",
      "state_sha256": "ee04ac63ffbbd652e804844546961da6574f82bf684381188ed36ba0baa6d2dd"
    },
    {
      "step": 101,
      "path": "checkpoints/step_0101",
      "state_sha256": "436c4f4d7d14109f0e8cdb2013b7fdb4bbe48ebc5abd26a8cb7faf2c75137726"
    },
    {
      "step": 999,
      "path": "checkpoints/step_0999",
      "state_sha256": "7de8a8fd284407112d444382e83d22f061dec98922c78c5a77a1472f731253fd"
    },
    {
      "step": 1000,
      "path": "checkpoints/step_1000",
      "state_sha256": "df0c85934bd8287ae78b1de412b6512d4d80f9172c8225ab2b5c852634e187f6"
    }
  ],
  "final_state_sha256": "df0c85934bd8287ae78b1de412b6512d4d80f9172c8225ab2b5c852634e187f6",
  "files": {
    "initial_source": "cd3593ccb1ad503b6061cf6cc6c60e114bda66723287931dda7312ae5a7ca9fb",
    "steps": "9c2f6973dd5da58a9e21bf5733a1f53dbd65aa4f98a2638ba4580587a93bf7dc",
    "run_metadata": "3a07e885919889f22d03b1ffb06e56683e74dd5fdb3df7cce334e470f8ae7daf"
  }
}
