/srv/local/shengenli/flowstar_acceleration_20260921T153643Z/nncs_env/lib/python3.11/site-packages/onnx2pytorch/convert/layer.py:29: UserWarning: The given NumPy array is not writable, and PyTorch does not support non-writable tensors. This means writing to this tensor will result in undefined behavior. You may want to copy the array to protect its data or make it writable before converting it to a tensor. This type of warning will be suppressed for the rest of this program. (Triggered internally at ../torch/csrc/utils/tensor_numpy.cpp:206.)
  layer.weight.data = torch.from_numpy(numpy_helper.to_array(weight))
/srv/local/shengenli/flowstar_acceleration_20260921T153643Z/nncs_env/lib/python3.11/site-packages/onnx2pytorch/convert/model.py:167: TracerWarning: Converting a tensor to a Python boolean might cause the trace to be incorrect. We can't record the data flow of Python values, so this value will be treated as a constant in the future. This means that the trace might not generalize to other inputs!
  if not self.experimental and inputs[0].shape[self.batch_dim] > 1:
Traceback (most recent call last):
  File "/srv/local/shengenli/flowstar_acceleration_20260921T153643Z/runs/archcomp26_20261001/quad_paper_p3_nohash_v1/archcomp26_quad_paper_p3_nohash.py", line 462, in <module>
    main()
  File "/srv/local/shengenli/flowstar_acceleration_20260921T153643Z/runs/archcomp26_20261001/quad_paper_p3_nohash_v1/archcomp26_quad_paper_p3_nohash.py", line 458, in main
    raise SystemExit(execute(parser.parse_args()))
                     ^^^^^^^^^^^^^^^^^^^^^^^^^^^^
  File "/srv/local/shengenli/flowstar_acceleration_20260921T153643Z/runs/archcomp26_20261001/quad_paper_p3_nohash_v1/archcomp26_quad_paper_p3_nohash.py", line 405, in execute
    driver_return = driver.main()
                    ^^^^^^^^^^^^^
  File "/srv/local/shengenli/xiangru_adoption_20260907T032448Z/xiangru_upstream/src/flowstar_gpu/integrations/crown_reach.py", line 1026, in main
    eng = SparseEngine(tables, step, args.device)
          ^^^^^^^^^^^^^^^^^^^^^^^^^^^^^^^^^^^^^^^
  File "/srv/local/shengenli/flowstar_acceleration_20260921T153643Z/runs/archcomp26_20261001/quad_paper_p3_nohash_v1/archcomp26_quad_paper_p3_nohash.py", line 257, in sparse_engine
    eng.horner_edge_kernel = horner_edge_kernels.horner_edge
                             ^^^^^^^^^^^^^^^^^^^^^^^^^^^^^^^
AttributeError: module 'flowstar_gpu.horner_edge_kernels' has no attribute 'horner_edge'
/srv/local/shengenli/miniforge3/envs/py11/lib/python3.11/tempfile.py:934: ResourceWarning: Implicitly cleaning up <TemporaryDirectory '/tmp/tmpm8v0ek5f'>
  _warnings.warn(warn_message, ResourceWarning)
