Step 0
AIRPLANE_PICARD	0	old_lo=-0.01	old_hi=0.01	base_lo=-0.0053678486183570797	base_hi=0.0054057394818284327	diff_lo=-7.6192177567158229e-18	diff_hi=1.0748603396226758e-17	new_lo=-0.0053678486183570875	new_hi=0.005405739481828444	subset=1
AIRPLANE_PICARD	1	old_lo=-0.01	old_hi=0.01	base_lo=-0.004931123614321394	base_hi=0.0049278348842490853	diff_lo=-9.5532147007896791e-18	diff_hi=9.6073750806743089e-18	new_lo=-0.0049311236143214044	new_hi=0.0049278348842490957	subset=1
AIRPLANE_PICARD	2	old_lo=-0.01	old_hi=0.01	base_lo=-0.0029625630927166309	base_hi=0.0029340639334788053	diff_lo=-6.0621831628656323e-18	diff_hi=4.3035713881423062e-18	new_lo=-0.002962563092716637	new_hi=0.0029340639334788097	subset=1
AIRPLANE_PICARD	3	old_lo=-0.01	old_hi=0.01	base_lo=-0.00064776967240242418	base_hi=0.00064770350315155819	diff_lo=-2.8876900870500327e-19	diff_hi=9.2052199196501785e-18	new_lo=-0.00064776967240242451	new_hi=0.00064770350315156741	subset=1
AIRPLANE_PICARD	4	old_lo=-0.01	old_hi=0.01	base_lo=-0.00074483416324276001	base_hi=0.00074981132169339205	diff_lo=-9.985984261717821e-18	diff_hi=1.0693945728945668e-18	new_lo=-0.0007448341632427701	new_hi=0.00074981132169339314	subset=1
AIRPLANE_PICARD	5	old_lo=-0.01	old_hi=0.01	base_lo=-0.00084514613648981529	base_hi=0.00085022065477811124	diff_lo=-4.8368531402331899e-18	diff_hi=5.3751447737226977e-19	new_lo=-0.00084514613648982017	new_hi=0.00085022065477811178	subset=1
AIRPLANE_PICARD	6	old_lo=-0.01	old_hi=0.01	base_lo=-0.0010825666126135804	base_hi=0.0010667297563084724	diff_lo=-1.8388068845354159e-19	diff_hi=1.4502288259166111e-19	new_lo=-0.0010825666126135806	new_hi=0.0010667297563084726	subset=1
AIRPLANE_PICARD	7	old_lo=-0.01	old_hi=0.01	base_lo=-0.00078053306946568432	base_hi=0.00077677216775232723	diff_lo=-8.4654505627668204e-20	diff_hi=9.5756735873919774e-20	new_lo=-0.00078053306946568443	new_hi=0.00077677216775232734	subset=1
AIRPLANE_PICARD	8	old_lo=-0.01	old_hi=0.01	base_lo=-0.00074835087853157448	base_hi=0.00073334064289737235	diff_lo=-1.2490009027033015e-19	diff_hi=1.0824674490095279e-19	new_lo=-0.00074835087853157469	new_hi=0.00073334064289737246	subset=1
AIRPLANE_PICARD	9	old_lo=-0.01	old_hi=0.01	base_lo=-0.0001	base_hi=0.0001	diff_lo=0	diff_hi=0	new_lo=-0.0001	new_hi=0.0001	subset=1
AIRPLANE_PICARD	10	old_lo=-0.01	old_hi=0.01	base_lo=-0.0001	base_hi=0.0001	diff_lo=0	diff_hi=0	new_lo=-0.0001	new_hi=0.0001	subset=1
AIRPLANE_PICARD	11	old_lo=-0.01	old_hi=0.01	base_lo=-0.0001	base_hi=0.0001	diff_lo=0	diff_hi=0	new_lo=-0.0001	new_hi=0.0001	subset=1
AIRPLANE_PICARD	12	old_lo=-0.01	old_hi=0.01	base_lo=-0	base_hi=0	diff_lo=0	diff_hi=0	new_lo=-0	new_hi=0	subset=1
AIRPLANE_PICARD	13	old_lo=-0.01	old_hi=0.01	base_lo=-0	base_hi=0	diff_lo=0	diff_hi=0	new_lo=-0	new_hi=0	subset=1
AIRPLANE_PICARD	14	old_lo=-0.01	old_hi=0.01	base_lo=-0	base_hi=0	diff_lo=0	diff_hi=0	new_lo=-0	new_hi=0	subset=1
AIRPLANE_PICARD	15	old_lo=-0.01	old_hi=0.01	base_lo=-0	base_hi=0	diff_lo=0	diff_hi=0	new_lo=-0	new_hi=0	subset=1
AIRPLANE_PICARD	16	old_lo=-0.01	old_hi=0.01	base_lo=-0	base_hi=0	diff_lo=0	diff_hi=0	new_lo=-0	new_hi=0	subset=1
AIRPLANE_PICARD	17	old_lo=-0.01	old_hi=0.01	base_lo=-0	base_hi=0	diff_lo=0	diff_hi=0	new_lo=-0	new_hi=0	subset=1
AIRPLANE_PICARD	18	old_lo=-0.01	old_hi=0.01	base_lo=-0	base_hi=0	diff_lo=0	diff_hi=0	new_lo=-0	new_hi=0	subset=1
PERIOD 0 FLOWPIPES 1 STATUS 3 BOX_SAFE 0
DIAGNOSTIC_COMPLETED_CALLS 0/1
FLOWPIPE_SEGMENTS 1
UNKNOWN
time cost: 0.790000
