{"accepted_steps": 1, "time": 0.02, "solve_seconds": 0.7020342987962067, "export_seconds": 0.045268386136740446, "queue_size": 1, "status": "RUNNING"}
{"accepted_steps": 20, "time": 0.4, "solve_seconds": 19.03334421943873, "export_seconds": 0.873168455902487, "queue_size": 20, "status": "RUNNING"}
{"accepted_steps": 40, "time": 0.8, "solve_seconds": 41.294032817240804, "export_seconds": 1.8156198780052364, "queue_size": 40, "status": "RUNNING"}
{"accepted_steps": 60, "time": 1.2, "solve_seconds": 62.15504864323884, "export_seconds": 2.7330326405353844, "queue_size": 60, "status": "RUNNING"}
{"accepted_steps": 80, "time": 1.6, "solve_seconds": 81.24358113342896, "export_seconds": 3.6560669098980725, "queue_size": 80, "status": "RUNNING"}
{"accepted_steps": 100, "time": 2.0, "solve_seconds": 100.299524017144, "export_seconds": 4.690340836066753, "queue_size": 100, "status": "RUNNING"}
{"accepted_steps": 120, "time": 2.4, "solve_seconds": 119.37098676292226, "export_seconds": 5.739657707046717, "queue_size": 120, "status": "RUNNING"}
{"accepted_steps": 140, "time": 2.8000000000000003, "solve_seconds": 138.03028295002878, "export_seconds": 6.760104239918292, "queue_size": 140, "status": "RUNNING"}
{"accepted_steps": 160, "time": 3.2, "solve_seconds": 155.9038219731301, "export_seconds": 7.794820847455412, "queue_size": 160, "status": "RUNNING"}
{"accepted_steps": 180, "time": 3.6, "solve_seconds": 173.75428581563756, "export_seconds": 8.90413188841194, "queue_size": 180, "status": "RUNNING"}
{"accepted_steps": 200, "time": 4.0, "solve_seconds": 191.32739957934245, "export_seconds": 9.94888023333624, "queue_size": 200, "status": "RUNNING"}
{"accepted_steps": 220, "time": 4.4, "solve_seconds": 208.69754144642502, "export_seconds": 11.020352865103632, "queue_size": 220, "status": "RUNNING"}
{"accepted_steps": 240, "time": 4.8, "solve_seconds": 226.19786342745647, "export_seconds": 12.131159916054457, "queue_size": 240, "status": "RUNNING"}
{"accepted_steps": 260, "time": 5.2, "solve_seconds": 243.8752776645124, "export_seconds": 13.331618472002447, "queue_size": 260, "status": "RUNNING"}
{"accepted_steps": 280, "time": 5.6000000000000005, "solve_seconds": 262.3359869350679, "export_seconds": 14.52516202069819, "queue_size": 280, "status": "RUNNING"}
{"accepted_steps": 300, "time": 6.0, "solve_seconds": 281.2256676615216, "export_seconds": 15.845954755321145, "queue_size": 300, "status": "RUNNING"}
{"accepted_steps": 320, "time": 6.4, "solve_seconds": 300.3523787809536, "export_seconds": 17.156703011598438, "queue_size": 320, "status": "RUNNING"}
{"accepted_steps": 340, "time": 6.8, "solve_seconds": 321.03959386982024, "export_seconds": 18.557005129288882, "queue_size": 340, "status": "RUNNING"}
{"accepted_steps": 360, "time": 7.2, "solve_seconds": 346.3442018083297, "export_seconds": 20.1022070646286, "queue_size": 360, "status": "RUNNING"}
{"accepted_steps": 380, "time": 7.6000000000000005, "solve_seconds": 371.4195665316656, "export_seconds": 21.630092047620565, "queue_size": 380, "status": "RUNNING"}
{"accepted_steps": 400, "time": 8.0, "solve_seconds": 395.98784786555916, "export_seconds": 23.18244084669277, "queue_size": 400, "status": "RUNNING"}
{"accepted_steps": 420, "time": 8.4, "solve_seconds": 419.0270762774162, "export_seconds": 24.86316965892911, "queue_size": 420, "status": "RUNNING"}
{"accepted_steps": 440, "time": 8.8, "solve_seconds": 441.65739129297435, "export_seconds": 26.51812476757914, "queue_size": 440, "status": "RUNNING"}
{"accepted_steps": 460, "time": 9.200000000000001, "solve_seconds": 464.36671289103106, "export_seconds": 28.255940828938037, "queue_size": 460, "status": "RUNNING"}
{"accepted_steps": 480, "time": 9.6, "solve_seconds": 486.68802788155153, "export_seconds": 30.16426814487204, "queue_size": 480, "status": "RUNNING"}
{"accepted_steps": 500, "time": 10.0, "solve_seconds": 507.96473081829026, "export_seconds": 31.961540129967034, "queue_size": 500, "status": "RUNNING"}
{"accepted_steps": 520, "time": 10.4, "solve_seconds": 528.8806692901999, "export_seconds": 33.744738947134465, "queue_size": 520, "status": "RUNNING"}
{"accepted_steps": 540, "time": 10.8, "solve_seconds": 549.4864780316129, "export_seconds": 35.583830919116735, "queue_size": 540, "status": "RUNNING"}
{"accepted_steps": 560, "time": 11.200000000000001, "solve_seconds": 570.2223131773062, "export_seconds": 37.4458990576677, "queue_size": 560, "status": "RUNNING"}
{"accepted_steps": 580, "time": 11.6, "solve_seconds": 591.3932745964266, "export_seconds": 39.299625809304416, "queue_size": 580, "status": "RUNNING"}
{"accepted_steps": 600, "time": 12.0, "solve_seconds": 612.8511381447315, "export_seconds": 41.17034650873393, "queue_size": 600, "status": "RUNNING"}
{"accepted_steps": 620, "time": 12.4, "solve_seconds": 634.4698540535755, "export_seconds": 43.21297061769292, "queue_size": 620, "status": "RUNNING"}
{"accepted_steps": 640, "time": 12.8, "solve_seconds": 656.8616627664305, "export_seconds": 45.301923770457506, "queue_size": 640, "status": "RUNNING"}
{"accepted_steps": 660, "time": 13.200000000000001, "solve_seconds": 679.8663860475644, "export_seconds": 47.34560820646584, "queue_size": 660, "status": "RUNNING"}
{"accepted_steps": 680, "time": 13.6, "solve_seconds": 702.8428268292919, "export_seconds": 49.549376817420125, "queue_size": 680, "status": "RUNNING"}
{"accepted_steps": 700, "time": 14.0, "solve_seconds": 727.778799300082, "export_seconds": 51.87012894079089, "queue_size": 700, "status": "RUNNING"}
{"accepted_steps": 720, "time": 14.4, "solve_seconds": 757.3959694099613, "export_seconds": 54.313978261779994, "queue_size": 720, "status": "RUNNING"}
{"accepted_steps": 740, "time": 14.8, "solve_seconds": 786.2057825201191, "export_seconds": 56.76555184973404, "queue_size": 740, "status": "RUNNING"}
{"accepted_steps": 760, "time": 15.200000000000001, "solve_seconds": 815.0203628931195, "export_seconds": 59.192498445976526, "queue_size": 760, "status": "RUNNING"}
{"accepted_steps": 780, "time": 15.6, "solve_seconds": 842.0982735878788, "export_seconds": 61.75247991317883, "queue_size": 780, "status": "RUNNING"}
{"accepted_steps": 800, "time": 16.0, "solve_seconds": 868.312587919645, "export_seconds": 64.35758311627433, "queue_size": 800, "status": "RUNNING"}
{"accepted_steps": 820, "time": 16.4, "solve_seconds": 894.694020176772, "export_seconds": 66.93756608944386, "queue_size": 820, "status": "RUNNING"}
{"accepted_steps": 840, "time": 16.8, "solve_seconds": 920.9169842055999, "export_seconds": 69.66984946327284, "queue_size": 840, "status": "RUNNING"}
{"accepted_steps": 860, "time": 17.2, "solve_seconds": 945.7636901517399, "export_seconds": 72.53249863395467, "queue_size": 860, "status": "RUNNING"}
{"accepted_steps": 880, "time": 17.6, "solve_seconds": 970.4598023458384, "export_seconds": 75.38007955206558, "queue_size": 880, "status": "RUNNING"}
{"accepted_steps": 900, "time": 18.0, "solve_seconds": 994.9364139726385, "export_seconds": 77.99176083458588, "queue_size": 900, "status": "RUNNING"}
{"accepted_steps": 920, "time": 18.400000000000002, "solve_seconds": 1019.33132964978, "export_seconds": 81.10312789212912, "queue_size": 920, "status": "RUNNING"}
{"accepted_steps": 940, "time": 18.8, "solve_seconds": 1044.4998044082895, "export_seconds": 83.84170451574028, "queue_size": 940, "status": "RUNNING"}
{"accepted_steps": 960, "time": 19.2, "solve_seconds": 1069.7327286745422, "export_seconds": 86.67863202933222, "queue_size": 960, "status": "RUNNING"}
{"accepted_steps": 980, "time": 19.6, "solve_seconds": 1095.6190440952778, "export_seconds": 89.84796884190291, "queue_size": 980, "status": "RUNNING"}
{"accepted_steps": 1000, "time": 20.0, "solve_seconds": 1121.579599372577, "export_seconds": 93.99345752270892, "queue_size": 0, "status": "RUNNING"}
{
  "plant": "brusselator",
  "completed": true,
  "accepted_steps": 1000,
  "rejected_attempts": 0,
  "accepted_horizon_exact": "720575940379279375/36028797018963968",
  "solve_seconds": 1121.579599372577,
  "export_seconds": 93.99345752270892,
  "failure": null
}
