{"accepted_steps": 1, "time": 0.02, "solve_seconds": 0.7344020958989859, "export_seconds": 0.04420146532356739, "queue_size": 1, "status": "RUNNING"}
{"accepted_steps": 20, "time": 0.4, "solve_seconds": 25.343665910419077, "export_seconds": 0.8714558221399784, "queue_size": 20, "status": "RUNNING"}
{"accepted_steps": 40, "time": 0.8, "solve_seconds": 58.55567011795938, "export_seconds": 1.7610583323985338, "queue_size": 40, "status": "RUNNING"}
{"accepted_steps": 60, "time": 1.2, "solve_seconds": 88.80332935182378, "export_seconds": 2.67497491883114, "queue_size": 60, "status": "RUNNING"}
{"accepted_steps": 80, "time": 1.6, "solve_seconds": 115.38115154672414, "export_seconds": 3.644487226847559, "queue_size": 80, "status": "RUNNING"}
{"accepted_steps": 100, "time": 2.0, "solve_seconds": 141.1544116716832, "export_seconds": 4.729761797469109, "queue_size": 100, "status": "RUNNING"}
{"accepted_steps": 120, "time": 2.4, "solve_seconds": 166.84653474995866, "export_seconds": 5.775431658141315, "queue_size": 120, "status": "RUNNING"}
{"accepted_steps": 140, "time": 2.8000000000000003, "solve_seconds": 191.54716696077958, "export_seconds": 6.789557395968586, "queue_size": 140, "status": "RUNNING"}
{"accepted_steps": 160, "time": 3.2, "solve_seconds": 214.85293189249933, "export_seconds": 7.809243189636618, "queue_size": 160, "status": "RUNNING"}
{"accepted_steps": 180, "time": 3.6, "solve_seconds": 237.64407224906608, "export_seconds": 8.905261906795204, "queue_size": 180, "status": "RUNNING"}
{"accepted_steps": 200, "time": 4.0, "solve_seconds": 259.88385795848444, "export_seconds": 9.998200577218086, "queue_size": 200, "status": "RUNNING"}
{"accepted_steps": 220, "time": 4.4, "solve_seconds": 281.45915472880006, "export_seconds": 11.061665377113968, "queue_size": 220, "status": "RUNNING"}
{"accepted_steps": 240, "time": 4.8, "solve_seconds": 302.9750528037548, "export_seconds": 12.329379737377167, "queue_size": 240, "status": "RUNNING"}
{"accepted_steps": 260, "time": 5.2, "solve_seconds": 324.9243304184638, "export_seconds": 13.46388636296615, "queue_size": 260, "status": "RUNNING"}
{"accepted_steps": 280, "time": 5.6000000000000005, "solve_seconds": 348.0310428403318, "export_seconds": 14.70448232954368, "queue_size": 280, "status": "RUNNING"}
{"accepted_steps": 300, "time": 6.0, "solve_seconds": 371.87669497774914, "export_seconds": 15.9946956387721, "queue_size": 300, "status": "RUNNING"}
{"accepted_steps": 320, "time": 6.4, "solve_seconds": 396.1459624110721, "export_seconds": 17.346212928649038, "queue_size": 320, "status": "RUNNING"}
{"accepted_steps": 340, "time": 6.8, "solve_seconds": 423.5910412152298, "export_seconds": 18.740025281440467, "queue_size": 340, "status": "RUNNING"}
{"accepted_steps": 360, "time": 7.2, "solve_seconds": 460.65962750278413, "export_seconds": 20.270545864477754, "queue_size": 360, "status": "RUNNING"}
{"accepted_steps": 380, "time": 7.6000000000000005, "solve_seconds": 496.81127556506544, "export_seconds": 21.844593753572553, "queue_size": 380, "status": "RUNNING"}
{"accepted_steps": 400, "time": 8.0, "solve_seconds": 531.1019987212494, "export_seconds": 23.38854310940951, "queue_size": 400, "status": "RUNNING"}
{"accepted_steps": 420, "time": 8.4, "solve_seconds": 562.2076769275591, "export_seconds": 24.997500020544976, "queue_size": 420, "status": "RUNNING"}
{"accepted_steps": 440, "time": 8.8, "solve_seconds": 591.9839712758549, "export_seconds": 26.599363857880235, "queue_size": 440, "status": "RUNNING"}
{"accepted_steps": 460, "time": 9.200000000000001, "solve_seconds": 621.1863157320768, "export_seconds": 28.39615829847753, "queue_size": 460, "status": "RUNNING"}
{"accepted_steps": 480, "time": 9.6, "solve_seconds": 650.132383396849, "export_seconds": 30.16656890278682, "queue_size": 480, "status": "RUNNING"}
{"accepted_steps": 500, "time": 10.0, "solve_seconds": 676.4430286092684, "export_seconds": 31.894859494641423, "queue_size": 500, "status": "RUNNING"}
{"accepted_steps": 520, "time": 10.4, "solve_seconds": 702.2349103009328, "export_seconds": 33.66649972088635, "queue_size": 520, "status": "RUNNING"}
{"accepted_steps": 540, "time": 10.8, "solve_seconds": 727.0270475116558, "export_seconds": 35.37934063561261, "queue_size": 540, "status": "RUNNING"}
{"accepted_steps": 560, "time": 11.200000000000001, "solve_seconds": 751.9906394914724, "export_seconds": 37.37191691249609, "queue_size": 560, "status": "RUNNING"}
{"accepted_steps": 580, "time": 11.6, "solve_seconds": 777.3700334932655, "export_seconds": 39.23844521259889, "queue_size": 580, "status": "RUNNING"}
{"accepted_steps": 600, "time": 12.0, "solve_seconds": 803.1408089194447, "export_seconds": 41.03494792897254, "queue_size": 600, "status": "RUNNING"}
{"accepted_steps": 620, "time": 12.4, "solve_seconds": 829.3395639811642, "export_seconds": 43.084596410393715, "queue_size": 620, "status": "RUNNING"}
{"accepted_steps": 640, "time": 12.8, "solve_seconds": 857.1197910397314, "export_seconds": 45.103260984644294, "queue_size": 640, "status": "RUNNING"}
{"accepted_steps": 660, "time": 13.200000000000001, "solve_seconds": 885.4703620681539, "export_seconds": 47.125114522408694, "queue_size": 660, "status": "RUNNING"}
{"accepted_steps": 680, "time": 13.6, "solve_seconds": 913.8711018082686, "export_seconds": 49.37715178262442, "queue_size": 680, "status": "RUNNING"}
{"accepted_steps": 700, "time": 14.0, "solve_seconds": 946.2182748024352, "export_seconds": 51.674694570247084, "queue_size": 700, "status": "RUNNING"}
{"accepted_steps": 720, "time": 14.4, "solve_seconds": 988.1133759291843, "export_seconds": 54.061427760869265, "queue_size": 720, "status": "RUNNING"}
{"accepted_steps": 740, "time": 14.8, "solve_seconds": 1027.9959315457381, "export_seconds": 56.49621544452384, "queue_size": 740, "status": "RUNNING"}
{"accepted_steps": 760, "time": 15.200000000000001, "solve_seconds": 1066.7023452143185, "export_seconds": 59.03166534891352, "queue_size": 760, "status": "RUNNING"}
{"accepted_steps": 780, "time": 15.6, "solve_seconds": 1102.3690148945898, "export_seconds": 61.50885823648423, "queue_size": 780, "status": "RUNNING"}
{"accepted_steps": 800, "time": 16.0, "solve_seconds": 1135.740043076221, "export_seconds": 63.965212889947, "queue_size": 800, "status": "RUNNING"}
{"accepted_steps": 820, "time": 16.4, "solve_seconds": 1168.6898619118147, "export_seconds": 66.58351894421503, "queue_size": 820, "status": "RUNNING"}
{"accepted_steps": 840, "time": 16.8, "solve_seconds": 1201.4515402275138, "export_seconds": 69.31213496951386, "queue_size": 840, "status": "RUNNING"}
{"accepted_steps": 860, "time": 17.2, "solve_seconds": 1231.4035032866523, "export_seconds": 72.13336013630033, "queue_size": 860, "status": "RUNNING"}
{"accepted_steps": 880, "time": 17.6, "solve_seconds": 1261.250224753283, "export_seconds": 74.60230448888615, "queue_size": 880, "status": "RUNNING"}
{"accepted_steps": 900, "time": 18.0, "solve_seconds": 1289.7756686545908, "export_seconds": 77.3467645351775, "queue_size": 900, "status": "RUNNING"}
{"accepted_steps": 920, "time": 18.400000000000002, "solve_seconds": 1318.5688445139676, "export_seconds": 80.2399106156081, "queue_size": 920, "status": "RUNNING"}
{"accepted_steps": 940, "time": 18.8, "solve_seconds": 1348.1178105254658, "export_seconds": 82.91922909673303, "queue_size": 940, "status": "RUNNING"}
{"accepted_steps": 960, "time": 19.2, "solve_seconds": 1377.762465517968, "export_seconds": 85.77659056568518, "queue_size": 960, "status": "RUNNING"}
{"accepted_steps": 980, "time": 19.6, "solve_seconds": 1408.1856393241324, "export_seconds": 89.2752382461913, "queue_size": 980, "status": "RUNNING"}
{"accepted_steps": 1000, "time": 20.0, "solve_seconds": 1440.1022867751308, "export_seconds": 92.84329102700576, "queue_size": 0, "status": "RUNNING"}
{
  "plant": "brusselator",
  "completed": true,
  "accepted_steps": 1000,
  "rejected_attempts": 0,
  "accepted_horizon_exact": "720575940379279375/36028797018963968",
  "solve_seconds": 1440.1022867751308,
  "export_seconds": 92.84329102700576,
  "failure": null
}
