{"accepted_steps": 1, "time": 0.01, "solve_seconds": 0.4203810188919306, "export_seconds": 0.020064125768840313, "queue_size": 1, "status": "RUNNING"}
{"accepted_steps": 20, "time": 0.2, "solve_seconds": 10.419636473525316, "export_seconds": 0.35450450191274285, "queue_size": 20, "status": "RUNNING"}
{"accepted_steps": 40, "time": 0.4, "solve_seconds": 21.475593861658126, "export_seconds": 0.7288926476612687, "queue_size": 40, "status": "RUNNING"}
{"accepted_steps": 60, "time": 0.6, "solve_seconds": 32.92807762417942, "export_seconds": 1.1391760795377195, "queue_size": 60, "status": "RUNNING"}
{"accepted_steps": 80, "time": 0.8, "solve_seconds": 44.4923820621334, "export_seconds": 1.6382422735914588, "queue_size": 80, "status": "RUNNING"}
{"accepted_steps": 100, "time": 1.0, "solve_seconds": 56.154799091629684, "export_seconds": 2.222573601640761, "queue_size": 0, "status": "RUNNING"}
{"accepted_steps": 120, "time": 1.2, "solve_seconds": 67.24890253599733, "export_seconds": 2.5744260298088193, "queue_size": 20, "status": "RUNNING"}
{"accepted_steps": 140, "time": 1.4000000000000001, "solve_seconds": 78.63929370697588, "export_seconds": 2.9536584792658687, "queue_size": 40, "status": "RUNNING"}
{"accepted_steps": 160, "time": 1.6, "solve_seconds": 90.25574430730194, "export_seconds": 3.36741098202765, "queue_size": 60, "status": "RUNNING"}
{"accepted_steps": 180, "time": 1.8, "solve_seconds": 101.96072739735246, "export_seconds": 3.814648979809135, "queue_size": 80, "status": "RUNNING"}
{"accepted_steps": 200, "time": 2.0, "solve_seconds": 113.83485340699553, "export_seconds": 4.296515530906618, "queue_size": 0, "status": "RUNNING"}
{"accepted_steps": 220, "time": 2.2, "solve_seconds": 124.9757868363522, "export_seconds": 4.637341697700322, "queue_size": 20, "status": "RUNNING"}
{"accepted_steps": 240, "time": 2.4, "solve_seconds": 136.2127774450928, "export_seconds": 5.016258971765637, "queue_size": 40, "status": "RUNNING"}
{"accepted_steps": 260, "time": 2.6, "solve_seconds": 147.69004691112787, "export_seconds": 5.43730274727568, "queue_size": 60, "status": "RUNNING"}
{"accepted_steps": 280, "time": 2.8000000000000003, "solve_seconds": 159.32681653369218, "export_seconds": 5.885724647436291, "queue_size": 80, "status": "RUNNING"}
{"accepted_steps": 300, "time": 3.0, "solve_seconds": 171.08575674518943, "export_seconds": 6.36358008114621, "queue_size": 0, "status": "RUNNING"}
{"accepted_steps": 320, "time": 3.2, "solve_seconds": 182.190729547292, "export_seconds": 6.70164832752198, "queue_size": 20, "status": "RUNNING"}
{"accepted_steps": 340, "time": 3.4, "solve_seconds": 193.538161132019, "export_seconds": 7.078765593934804, "queue_size": 40, "status": "RUNNING"}
{"accepted_steps": 360, "time": 3.6, "solve_seconds": 204.89423652132973, "export_seconds": 7.490070844069123, "queue_size": 60, "status": "RUNNING"}
{"accepted_steps": 380, "time": 3.8000000000000003, "solve_seconds": 216.57266612816602, "export_seconds": 7.9364897958002985, "queue_size": 80, "status": "RUNNING"}
{"accepted_steps": 400, "time": 4.0, "solve_seconds": 228.25811333907768, "export_seconds": 8.406451594550163, "queue_size": 0, "status": "RUNNING"}
{"accepted_steps": 420, "time": 4.2, "solve_seconds": 239.36255693808198, "export_seconds": 8.743466122541577, "queue_size": 20, "status": "RUNNING"}
{"accepted_steps": 440, "time": 4.4, "solve_seconds": 250.61786841601133, "export_seconds": 9.117454753722996, "queue_size": 40, "status": "RUNNING"}
{"accepted_steps": 460, "time": 4.6000000000000005, "solve_seconds": 262.05301315616816, "export_seconds": 9.530003991443664, "queue_size": 60, "status": "RUNNING"}
{"accepted_steps": 480, "time": 4.8, "solve_seconds": 273.53406282141805, "export_seconds": 9.973752715624869, "queue_size": 80, "status": "RUNNING"}
{"accepted_steps": 500, "time": 5.0, "solve_seconds": 285.3423282485455, "export_seconds": 10.442292343825102, "queue_size": 0, "status": "RUNNING"}
{"accepted_steps": 520, "time": 5.2, "solve_seconds": 296.4521945985034, "export_seconds": 10.781612471211702, "queue_size": 20, "status": "RUNNING"}
{"accepted_steps": 540, "time": 5.4, "solve_seconds": 307.6179270208813, "export_seconds": 11.155502140522003, "queue_size": 40, "status": "RUNNING"}
{"accepted_steps": 560, "time": 5.6000000000000005, "solve_seconds": 318.94559998763725, "export_seconds": 11.566564567387104, "queue_size": 60, "status": "RUNNING"}
{"accepted_steps": 580, "time": 5.8, "solve_seconds": 330.41247364645824, "export_seconds": 12.012560503091663, "queue_size": 80, "status": "RUNNING"}
{"accepted_steps": 600, "time": 6.0, "solve_seconds": 342.08878168137744, "export_seconds": 12.48852726072073, "queue_size": 0, "status": "RUNNING"}
{"accepted_steps": 620, "time": 6.2, "solve_seconds": 353.11108421953395, "export_seconds": 12.825485274661332, "queue_size": 20, "status": "RUNNING"}
{"accepted_steps": 640, "time": 6.4, "solve_seconds": 364.2900696317665, "export_seconds": 13.200618357863277, "queue_size": 40, "status": "RUNNING"}
{"accepted_steps": 660, "time": 6.6000000000000005, "solve_seconds": 375.6450963257812, "export_seconds": 13.613260434474796, "queue_size": 60, "status": "RUNNING"}
{"accepted_steps": 680, "time": 6.8, "solve_seconds": 387.1967737847008, "export_seconds": 14.05920438375324, "queue_size": 80, "status": "RUNNING"}
{"accepted_steps": 700, "time": 7.0, "solve_seconds": 398.915714294184, "export_seconds": 14.53032528795302, "queue_size": 0, "status": "RUNNING"}
{"accepted_steps": 720, "time": 7.2, "solve_seconds": 410.1650309865363, "export_seconds": 14.871774191968143, "queue_size": 20, "status": "RUNNING"}
{"accepted_steps": 740, "time": 7.4, "solve_seconds": 421.4473178163171, "export_seconds": 15.247088578529656, "queue_size": 40, "status": "RUNNING"}
{"accepted_steps": 760, "time": 7.6000000000000005, "solve_seconds": 432.84121091477573, "export_seconds": 15.656888555269688, "queue_size": 60, "status": "RUNNING"}
{"accepted_steps": 780, "time": 7.8, "solve_seconds": 444.9213454523124, "export_seconds": 16.12014797050506, "queue_size": 80, "status": "RUNNING"}
{"accepted_steps": 800, "time": 8.0, "solve_seconds": 456.68873719125986, "export_seconds": 16.592287495732307, "queue_size": 0, "status": "RUNNING"}
{"accepted_steps": 820, "time": 8.2, "solve_seconds": 467.74192608566955, "export_seconds": 16.928507380653173, "queue_size": 20, "status": "RUNNING"}
{"accepted_steps": 840, "time": 8.4, "solve_seconds": 479.0738000618294, "export_seconds": 17.30571951251477, "queue_size": 40, "status": "RUNNING"}
{"accepted_steps": 860, "time": 8.6, "solve_seconds": 490.8362059397623, "export_seconds": 17.731309010647237, "queue_size": 60, "status": "RUNNING"}
{"accepted_steps": 880, "time": 8.8, "solve_seconds": 503.0583102023229, "export_seconds": 18.20404967898503, "queue_size": 80, "status": "RUNNING"}
{"accepted_steps": 900, "time": 9.0, "solve_seconds": 515.3482996430248, "export_seconds": 18.70050323801115, "queue_size": 0, "status": "RUNNING"}
{"accepted_steps": 920, "time": 9.200000000000001, "solve_seconds": 526.9181487122551, "export_seconds": 19.058859325945377, "queue_size": 20, "status": "RUNNING"}
{"accepted_steps": 940, "time": 9.4, "solve_seconds": 538.6569786085747, "export_seconds": 19.454602115321904, "queue_size": 40, "status": "RUNNING"}
{"accepted_steps": 960, "time": 9.6, "solve_seconds": 550.6410743943416, "export_seconds": 19.890781076159328, "queue_size": 60, "status": "RUNNING"}
{"accepted_steps": 980, "time": 9.8, "solve_seconds": 562.7766905077733, "export_seconds": 20.391187887638807, "queue_size": 80, "status": "RUNNING"}
{"accepted_steps": 1000, "time": 10.0, "solve_seconds": 575.061501129996, "export_seconds": 21.05558757763356, "queue_size": 0, "status": "RUNNING"}
{
  "plant": "van_der_pol",
  "completed": true,
  "accepted_steps": 1000,
  "rejected_attempts": 0,
  "accepted_horizon_exact": "720575940379279375/72057594037927936",
  "solve_seconds": 575.061501129996,
  "export_seconds": 21.05558757763356,
  "failure": null
}
