{"accepted_steps": 1, "time": 0.025, "solve_seconds": 0.7975237099453807, "export_seconds": 0.019398595206439495, "queue_size": 1, "status": "RUNNING"}
{"accepted_steps": 20, "time": 0.3500681974606643, "solve_seconds": 12.03785570524633, "export_seconds": 0.367866450920701, "queue_size": 20, "status": "RUNNING"}
{"accepted_steps": 40, "time": 1.0518533515391766, "solve_seconds": 23.401849751826376, "export_seconds": 0.7416821960359812, "queue_size": 40, "status": "RUNNING"}
{"accepted_steps": 60, "time": 2.5133965255142248, "solve_seconds": 35.24608403863385, "export_seconds": 1.1518492414616048, "queue_size": 60, "status": "RUNNING"}
{"accepted_steps": 80, "time": 3.207859282786534, "solve_seconds": 47.49781273677945, "export_seconds": 1.5983861582353711, "queue_size": 80, "status": "RUNNING"}
{"accepted_steps": 100, "time": 3.707063545179727, "solve_seconds": 59.724262391682714, "export_seconds": 2.129824592731893, "queue_size": 0, "status": "RUNNING"}
{"accepted_steps": 120, "time": 4.8103860743342794, "solve_seconds": 71.03296444704756, "export_seconds": 2.478760409168899, "queue_size": 20, "status": "RUNNING"}
{"accepted_steps": 140, "time": 6.122135135506551, "solve_seconds": 82.7247295989655, "export_seconds": 2.8522519576363266, "queue_size": 40, "status": "RUNNING"}
{"accepted_steps": 160, "time": 6.6434960019662475, "solve_seconds": 94.78612501872703, "export_seconds": 3.260682171676308, "queue_size": 60, "status": "RUNNING"}
{"accepted_steps": 180, "time": 7.102817346063402, "solve_seconds": 106.60411136923358, "export_seconds": 3.7046966087073088, "queue_size": 80, "status": "RUNNING"}
{"accepted_steps": 200, "time": 8.25950710933186, "solve_seconds": 118.4962947499007, "export_seconds": 4.175443376880139, "queue_size": 0, "status": "RUNNING"}
{"accepted_steps": 220, "time": 9.385874844611173, "solve_seconds": 130.33184720063582, "export_seconds": 4.51426080102101, "queue_size": 20, "status": "RUNNING"}
{"accepted_steps": 240, "time": 9.909649400013882, "solve_seconds": 142.24606791464612, "export_seconds": 4.886787970550358, "queue_size": 40, "status": "RUNNING"}
{
  "plant": "van_der_pol",
  "completed": true,
  "accepted_steps": 246,
  "rejected_attempts": 35,
  "accepted_horizon_exact": "5764607523034236731/576460752303423488",
  "solve_seconds": 145.81975071923807,
  "export_seconds": 5.0055725001730025,
  "failure": null
}
