{"accepted_steps": 1, "time": 0.01, "solve_seconds": 0.4153131628409028, "export_seconds": 0.018926062155514956, "queue_size": 1, "status": "RUNNING"}
{"accepted_steps": 20, "time": 0.2, "solve_seconds": 12.446502984501421, "export_seconds": 0.3481467394158244, "queue_size": 20, "status": "RUNNING"}
{"accepted_steps": 40, "time": 0.4, "solve_seconds": 26.086822104640305, "export_seconds": 0.7174913412891328, "queue_size": 40, "status": "RUNNING"}
{"accepted_steps": 60, "time": 0.6, "solve_seconds": 40.037262165453285, "export_seconds": 1.123796054162085, "queue_size": 60, "status": "RUNNING"}
{"accepted_steps": 80, "time": 0.8, "solve_seconds": 54.04760610964149, "export_seconds": 1.5732069462537766, "queue_size": 80, "status": "RUNNING"}
{"accepted_steps": 100, "time": 1.0, "solve_seconds": 68.06799843441695, "export_seconds": 2.0976466787979007, "queue_size": 0, "status": "RUNNING"}
{"accepted_steps": 120, "time": 1.2, "solve_seconds": 81.59449190786108, "export_seconds": 2.4495659549720585, "queue_size": 20, "status": "RUNNING"}
{"accepted_steps": 140, "time": 1.4000000000000001, "solve_seconds": 95.39288261672482, "export_seconds": 2.8290235684253275, "queue_size": 40, "status": "RUNNING"}
{"accepted_steps": 160, "time": 1.6, "solve_seconds": 109.26458867406473, "export_seconds": 3.2429961916059256, "queue_size": 60, "status": "RUNNING"}
{"accepted_steps": 180, "time": 1.8, "solve_seconds": 123.40809046849608, "export_seconds": 3.6872174688614905, "queue_size": 80, "status": "RUNNING"}
{"accepted_steps": 200, "time": 2.0, "solve_seconds": 137.69446554454044, "export_seconds": 4.163352802861482, "queue_size": 0, "status": "RUNNING"}
{"accepted_steps": 220, "time": 2.2, "solve_seconds": 151.40500030107796, "export_seconds": 4.5030557368882, "queue_size": 20, "status": "RUNNING"}
{"accepted_steps": 240, "time": 2.4, "solve_seconds": 165.35110116936266, "export_seconds": 4.877155394759029, "queue_size": 40, "status": "RUNNING"}
{"accepted_steps": 260, "time": 2.6, "solve_seconds": 179.34443434840068, "export_seconds": 5.287933766841888, "queue_size": 60, "status": "RUNNING"}
{"accepted_steps": 280, "time": 2.8000000000000003, "solve_seconds": 193.48325215559453, "export_seconds": 5.733723826240748, "queue_size": 80, "status": "RUNNING"}
{"accepted_steps": 300, "time": 3.0, "solve_seconds": 207.85069080954418, "export_seconds": 6.207788864150643, "queue_size": 0, "status": "RUNNING"}
{"accepted_steps": 320, "time": 3.2, "solve_seconds": 221.96170683158562, "export_seconds": 6.548068817704916, "queue_size": 20, "status": "RUNNING"}
{"accepted_steps": 340, "time": 3.4, "solve_seconds": 236.19555333955213, "export_seconds": 6.92062958329916, "queue_size": 40, "status": "RUNNING"}
{"accepted_steps": 360, "time": 3.6, "solve_seconds": 250.50876589585096, "export_seconds": 7.33178671868518, "queue_size": 60, "status": "RUNNING"}
{"accepted_steps": 380, "time": 3.8000000000000003, "solve_seconds": 265.0325330370106, "export_seconds": 7.834613322746009, "queue_size": 80, "status": "RUNNING"}
{"accepted_steps": 400, "time": 4.0, "solve_seconds": 279.3345660334453, "export_seconds": 8.313603668939322, "queue_size": 0, "status": "RUNNING"}
{"accepted_steps": 420, "time": 4.2, "solve_seconds": 293.0827313209884, "export_seconds": 8.656487677246332, "queue_size": 20, "status": "RUNNING"}
{"accepted_steps": 440, "time": 4.4, "solve_seconds": 306.85935399960726, "export_seconds": 9.030809198040515, "queue_size": 40, "status": "RUNNING"}
{"accepted_steps": 460, "time": 4.6000000000000005, "solve_seconds": 320.6063543395139, "export_seconds": 9.494886798784137, "queue_size": 60, "status": "RUNNING"}
{"accepted_steps": 480, "time": 4.8, "solve_seconds": 334.38156037312, "export_seconds": 9.945837898179889, "queue_size": 80, "status": "RUNNING"}
{"accepted_steps": 500, "time": 5.0, "solve_seconds": 348.43566074594855, "export_seconds": 10.418985583819449, "queue_size": 0, "status": "RUNNING"}
{"accepted_steps": 520, "time": 5.2, "solve_seconds": 361.9667851142585, "export_seconds": 10.75769373960793, "queue_size": 20, "status": "RUNNING"}
{"accepted_steps": 540, "time": 5.4, "solve_seconds": 375.529635051731, "export_seconds": 11.129691810812801, "queue_size": 40, "status": "RUNNING"}
{"accepted_steps": 560, "time": 5.6000000000000005, "solve_seconds": 389.25659616012126, "export_seconds": 11.540054622106254, "queue_size": 60, "status": "RUNNING"}
{"accepted_steps": 580, "time": 5.8, "solve_seconds": 403.1226818659343, "export_seconds": 12.0330293700099, "queue_size": 80, "status": "RUNNING"}
{"accepted_steps": 600, "time": 6.0, "solve_seconds": 417.1534072039649, "export_seconds": 12.55258603906259, "queue_size": 0, "status": "RUNNING"}
{"accepted_steps": 620, "time": 6.2, "solve_seconds": 430.69853661349043, "export_seconds": 12.889554457738996, "queue_size": 20, "status": "RUNNING"}
{"accepted_steps": 640, "time": 6.4, "solve_seconds": 444.74517176207155, "export_seconds": 13.260216815862805, "queue_size": 40, "status": "RUNNING"}
{"accepted_steps": 660, "time": 6.6000000000000005, "solve_seconds": 458.86669953446835, "export_seconds": 13.667369591072202, "queue_size": 60, "status": "RUNNING"}
{"accepted_steps": 680, "time": 6.8, "solve_seconds": 473.1978286644444, "export_seconds": 14.111611914820969, "queue_size": 80, "status": "RUNNING"}
{"accepted_steps": 700, "time": 7.0, "solve_seconds": 487.6653494318016, "export_seconds": 14.633166600950062, "queue_size": 0, "status": "RUNNING"}
{"accepted_steps": 720, "time": 7.2, "solve_seconds": 501.6734252674505, "export_seconds": 14.973530202172697, "queue_size": 20, "status": "RUNNING"}
{"accepted_steps": 740, "time": 7.4, "solve_seconds": 515.4155788025819, "export_seconds": 15.341704993043095, "queue_size": 40, "status": "RUNNING"}
{"accepted_steps": 760, "time": 7.6000000000000005, "solve_seconds": 529.2741585816257, "export_seconds": 15.746006088797003, "queue_size": 60, "status": "RUNNING"}
{"accepted_steps": 780, "time": 7.8, "solve_seconds": 543.1215850147419, "export_seconds": 16.188997032120824, "queue_size": 80, "status": "RUNNING"}
{"accepted_steps": 800, "time": 8.0, "solve_seconds": 557.0115788606927, "export_seconds": 16.661252561956644, "queue_size": 0, "status": "RUNNING"}
{"accepted_steps": 820, "time": 8.2, "solve_seconds": 570.3394072493538, "export_seconds": 16.999617399647832, "queue_size": 20, "status": "RUNNING"}
{"accepted_steps": 840, "time": 8.4, "solve_seconds": 583.9738704361953, "export_seconds": 17.370429251343012, "queue_size": 40, "status": "RUNNING"}
{"accepted_steps": 860, "time": 8.6, "solve_seconds": 597.7431555693038, "export_seconds": 17.780048914719373, "queue_size": 60, "status": "RUNNING"}
{"accepted_steps": 880, "time": 8.8, "solve_seconds": 611.7002491052262, "export_seconds": 18.225955381058156, "queue_size": 80, "status": "RUNNING"}
{"accepted_steps": 900, "time": 9.0, "solve_seconds": 625.8041095715016, "export_seconds": 18.750119164120406, "queue_size": 0, "status": "RUNNING"}
{"accepted_steps": 920, "time": 9.200000000000001, "solve_seconds": 639.4392624157481, "export_seconds": 19.090488196350634, "queue_size": 20, "status": "RUNNING"}
{"accepted_steps": 940, "time": 9.4, "solve_seconds": 653.2923666625284, "export_seconds": 19.466359405312687, "queue_size": 40, "status": "RUNNING"}
{"accepted_steps": 960, "time": 9.6, "solve_seconds": 667.2307493649423, "export_seconds": 19.877789399120957, "queue_size": 60, "status": "RUNNING"}
{"accepted_steps": 980, "time": 9.8, "solve_seconds": 681.6020602020435, "export_seconds": 20.346475754864514, "queue_size": 80, "status": "RUNNING"}
{"accepted_steps": 1000, "time": 10.0, "solve_seconds": 696.1642418624833, "export_seconds": 20.92954578343779, "queue_size": 0, "status": "RUNNING"}
{
  "plant": "van_der_pol",
  "completed": true,
  "accepted_steps": 1000,
  "rejected_attempts": 0,
  "accepted_horizon_exact": "720575940379279375/72057594037927936",
  "solve_seconds": 696.1642418624833,
  "export_seconds": 20.92954578343779,
  "failure": null
}
