INITIAL_AFFINE_REPAIRED 1/8
Step 0
PERIOD 0 STATUS 2 CUMULATIVE_SEGMENTS 10
Step 1
PERIOD 1 STATUS 2 CUMULATIVE_SEGMENTS 20
Step 2
PERIOD 2 STATUS 2 CUMULATIVE_SEGMENTS 30
Step 3
PERIOD 3 STATUS 2 CUMULATIVE_SEGMENTS 40
Step 4
PERIOD 4 STATUS 2 CUMULATIVE_SEGMENTS 50
Step 5
PERIOD 5 STATUS 2 CUMULATIVE_SEGMENTS 60
Step 6
PERIOD 6 STATUS 2 CUMULATIVE_SEGMENTS 70
Step 7
PERIOD 7 STATUS 2 CUMULATIVE_SEGMENTS 80
Step 8
PERIOD 8 STATUS 2 CUMULATIVE_SEGMENTS 90
Step 9
PERIOD 9 STATUS 2 CUMULATIVE_SEGMENTS 100
Step 10
PERIOD 10 STATUS 2 CUMULATIVE_SEGMENTS 110
Step 11
PERIOD 11 STATUS 2 CUMULATIVE_SEGMENTS 120
Step 12
PERIOD 12 STATUS 2 CUMULATIVE_SEGMENTS 130
Step 13
PERIOD 13 STATUS 2 CUMULATIVE_SEGMENTS 140
Step 14
PERIOD 14 STATUS 2 CUMULATIVE_SEGMENTS 150
Step 15
PERIOD 15 STATUS 2 CUMULATIVE_SEGMENTS 160
Step 16
PERIOD 16 STATUS 2 CUMULATIVE_SEGMENTS 170
Step 17
PERIOD 17 STATUS 2 CUMULATIVE_SEGMENTS 180
Step 18
PERIOD 18 STATUS 2 CUMULATIVE_SEGMENTS 190
Step 19
PERIOD 19 STATUS 2 CUMULATIVE_SEGMENTS 200
Step 20
PERIOD 20 STATUS 2 CUMULATIVE_SEGMENTS 210
Step 21
PERIOD 21 STATUS 2 CUMULATIVE_SEGMENTS 220
Step 22
PERIOD 22 STATUS 2 CUMULATIVE_SEGMENTS 230
Step 23
PERIOD 23 STATUS 2 CUMULATIVE_SEGMENTS 240
Step 24
PERIOD 24 STATUS 2 CUMULATIVE_SEGMENTS 250
Step 25
PERIOD 25 STATUS 2 CUMULATIVE_SEGMENTS 260
Step 26
PERIOD 26 STATUS 2 CUMULATIVE_SEGMENTS 270
Step 27
PERIOD 27 STATUS 2 CUMULATIVE_SEGMENTS 280
Step 28
PERIOD 28 STATUS 2 CUMULATIVE_SEGMENTS 290
Step 29
PERIOD 29 STATUS 2 CUMULATIVE_SEGMENTS 300
Step 30
PERIOD 30 STATUS 2 CUMULATIVE_SEGMENTS 310
Step 31
PERIOD 31 STATUS 2 CUMULATIVE_SEGMENTS 320
Step 32
PERIOD 32 STATUS 2 CUMULATIVE_SEGMENTS 330
Step 33
PERIOD 33 STATUS 2 CUMULATIVE_SEGMENTS 340
Step 34
PERIOD 34 STATUS 2 CUMULATIVE_SEGMENTS 350
Step 35
PERIOD 35 STATUS 2 CUMULATIVE_SEGMENTS 360
Step 36
PERIOD 36 STATUS 2 CUMULATIVE_SEGMENTS 370
Step 37
PERIOD 37 STATUS 2 CUMULATIVE_SEGMENTS 380
Step 38
PERIOD 38 STATUS 2 CUMULATIVE_SEGMENTS 390
Step 39
PERIOD 39 STATUS 2 CUMULATIVE_SEGMENTS 400
Step 40
PERIOD 40 STATUS 2 CUMULATIVE_SEGMENTS 410
Step 41
PERIOD 41 STATUS 2 CUMULATIVE_SEGMENTS 420
Step 42
PERIOD 42 STATUS 2 CUMULATIVE_SEGMENTS 430
Step 43
PERIOD 43 STATUS 2 CUMULATIVE_SEGMENTS 440
Step 44
PERIOD 44 STATUS 2 CUMULATIVE_SEGMENTS 450
Step 45
PERIOD 45 STATUS 2 CUMULATIVE_SEGMENTS 460
Step 46
PERIOD 46 STATUS 2 CUMULATIVE_SEGMENTS 470
Step 47
PERIOD 47 STATUS 2 CUMULATIVE_SEGMENTS 480
Step 48
PERIOD 48 STATUS 2 CUMULATIVE_SEGMENTS 490
Step 49
PERIOD 49 STATUS 2 CUMULATIVE_SEGMENTS 500
COMPLETED_PERIODS 50/50
FLOWPIPE_SEGMENTS 500
VERIFIED
time cost: 7.119000
