Step 0
AIRPLANE_PICARD	0	old_lo=-0.01	old_hi=0.01	base_lo=-0.0054596395690273709	base_hi=0.005459696264796499	diff_lo=-1.050023031486567e-17	diff_hi=7.3374084585964355e-18	new_lo=-0.0054596395690273821	new_hi=0.0054596962647965068	subset=1
AIRPLANE_PICARD	1	old_lo=-0.01	old_hi=0.01	base_lo=-0.0055648096390474794	base_hi=0.0055875603362114321	diff_lo=-7.2329734794133648e-18	diff_hi=8.7888978502389284e-18	new_lo=-0.0055648096390474872	new_hi=0.0055875603362114416	subset=1
AIRPLANE_PICARD	2	old_lo=-0.01	old_hi=0.01	base_lo=-0.0030114903754960331	base_hi=0.0029713200437004421	diff_lo=-6.426192911135336e-18	diff_hi=3.5056032151222434e-18	new_lo=-0.0030114903754960396	new_hi=0.002971320043700446	subset=1
AIRPLANE_PICARD	3	old_lo=-0.01	old_hi=0.01	base_lo=-0.00074413622622990163	base_hi=0.00074401126738890132	diff_lo=-3.0619951019161823e-19	diff_hi=9.228673381045386e-18	new_lo=-0.00074413622622990195	new_hi=0.00074401126738891064	subset=1
AIRPLANE_PICARD	4	old_lo=-0.01	old_hi=0.01	base_lo=-0.00082448266772509426	base_hi=0.00082947622733513552	diff_lo=-1.1067535776732033e-18	diff_hi=5.5108417829075076e-18	new_lo=-0.00082448266772509546	new_hi=0.00082947622733514105	subset=1
AIRPLANE_PICARD	5	old_lo=-0.01	old_hi=0.01	base_lo=-0.0008521835109321699	base_hi=0.00085718856130808329	diff_lo=-1.8184065364579286e-17	diff_hi=5.4395377091509576e-19	new_lo=-0.00085218351093218811	new_hi=0.00085718856130808394	subset=1
AIRPLANE_PICARD	6	old_lo=-0.01	old_hi=0.01	base_lo=-0.0012313605794230821	base_hi=0.0012049950555442497	diff_lo=-2.1510571102112415e-19	diff_hi=1.8179902028236944e-19	new_lo=-0.0012313605794230824	new_hi=0.0012049950555442499	subset=1
AIRPLANE_PICARD	7	old_lo=-0.01	old_hi=0.01	base_lo=-0.00091031756486476738	base_hi=0.00090239974826181646	diff_lo=-8.0491169285323868e-20	diff_hi=1.0269562977782701e-19	new_lo=-0.00091031756486476749	new_hi=0.00090239974826181657	subset=1
AIRPLANE_PICARD	8	old_lo=-0.01	old_hi=0.01	base_lo=-0.00086223951788215437	base_hi=0.00083403240759644733	diff_lo=-1.8318679906315088e-19	diff_hi=1.3877787807814462e-19	new_lo=-0.00086223951788215458	new_hi=0.00083403240759644755	subset=1
AIRPLANE_PICARD	9	old_lo=-0.01	old_hi=0.01	base_lo=-0.0001	base_hi=0.0001	diff_lo=0	diff_hi=0	new_lo=-0.0001	new_hi=0.0001	subset=1
AIRPLANE_PICARD	10	old_lo=-0.01	old_hi=0.01	base_lo=-0.0001	base_hi=0.0001	diff_lo=0	diff_hi=0	new_lo=-0.0001	new_hi=0.0001	subset=1
AIRPLANE_PICARD	11	old_lo=-0.01	old_hi=0.01	base_lo=-0.0001	base_hi=0.0001	diff_lo=0	diff_hi=0	new_lo=-0.0001	new_hi=0.0001	subset=1
AIRPLANE_PICARD	12	old_lo=-0.01	old_hi=0.01	base_lo=-0	base_hi=0	diff_lo=0	diff_hi=0	new_lo=-0	new_hi=0	subset=1
AIRPLANE_PICARD	13	old_lo=-0.01	old_hi=0.01	base_lo=-0	base_hi=0	diff_lo=0	diff_hi=0	new_lo=-0	new_hi=0	subset=1
AIRPLANE_PICARD	14	old_lo=-0.01	old_hi=0.01	base_lo=-0	base_hi=0	diff_lo=0	diff_hi=0	new_lo=-0	new_hi=0	subset=1
AIRPLANE_PICARD	15	old_lo=-0.01	old_hi=0.01	base_lo=-0	base_hi=0	diff_lo=0	diff_hi=0	new_lo=-0	new_hi=0	subset=1
AIRPLANE_PICARD	16	old_lo=-0.01	old_hi=0.01	base_lo=-0	base_hi=0	diff_lo=0	diff_hi=0	new_lo=-0	new_hi=0	subset=1
AIRPLANE_PICARD	17	old_lo=-0.01	old_hi=0.01	base_lo=-0	base_hi=0	diff_lo=0	diff_hi=0	new_lo=-0	new_hi=0	subset=1
AIRPLANE_PICARD	18	old_lo=-0.01	old_hi=0.01	base_lo=-0	base_hi=0	diff_lo=0	diff_hi=0	new_lo=-0	new_hi=0	subset=1
PERIOD 0 FLOWPIPES 1 STATUS 3 BOX_SAFE 0
DIAGNOSTIC_COMPLETED_CALLS 0/1
FLOWPIPE_SEGMENTS 1
UNKNOWN
time cost: 0.805000
