Step 0
AIRPLANE_PICARD	0	old_lo=-0.01	old_hi=0.01	base_lo=-0.0069640449041340809	base_hi=0.0069466979221461354	diff_lo=-1.1415937639647224e-17	diff_hi=8.717406426346971e-18	new_lo=-0.0069640449041340931	new_hi=0.006946697922146145	subset=1
AIRPLANE_PICARD	1	old_lo=-0.01	old_hi=0.01	base_lo=-0.0070656432356672469	base_hi=0.0070842544680635392	diff_lo=-7.0881599201211358e-18	diff_hi=1.3578800121353647e-17	new_lo=-0.0070656432356672547	new_hi=0.0070842544680635531	subset=1
AIRPLANE_PICARD	2	old_lo=-0.01	old_hi=0.01	base_lo=-0.0034943477830934335	base_hi=0.0034550081445140122	diff_lo=-3.7891796182224899e-18	diff_hi=5.9055295376087065e-18	new_lo=-0.0034943477830934374	new_hi=0.0034550081445140182	subset=1
AIRPLANE_PICARD	3	old_lo=-0.01	old_hi=0.01	base_lo=-0.0010224224752850579	base_hi=0.0010222893969342507	diff_lo=-2.8634039583863571e-19	diff_hi=1.3907763829479338e-18	new_lo=-0.0010224224752850583	new_hi=0.0010222893969342522	subset=1
AIRPLANE_PICARD	4	old_lo=-0.01	old_hi=0.01	base_lo=-0.001054714770749615	base_hi=0.001057181419469041	diff_lo=-1.2306683450091785e-18	diff_hi=6.90156265470421e-19	new_lo=-0.0010547147707496163	new_hi=0.0010571814194690419	subset=1
AIRPLANE_PICARD	5	old_lo=-0.01	old_hi=0.01	base_lo=-0.00090788643049531876	base_hi=0.00091697404139766804	diff_lo=-3.1416189094635179e-19	diff_hi=1.793757156698384e-17	new_lo=-0.00090788643049531908	new_hi=0.00091697404139768604	subset=1
AIRPLANE_PICARD	6	old_lo=-0.01	old_hi=0.01	base_lo=-0.00048770050200323139	base_hi=0.00048690714650783691	diff_lo=-8.7603535536828776e-20	diff_hi=8.7603535536828776e-20	new_lo=-0.0004877005020032315	new_hi=0.00048690714650783702	subset=1
AIRPLANE_PICARD	7	old_lo=-0.01	old_hi=0.01	base_lo=-0.00044159933316521903	base_hi=0.00044143149878516844	diff_lo=-1.1969591984239972e-19	diff_hi=1.1587952819525076e-19	new_lo=-0.00044159933316521919	new_hi=0.0004414314987851686	subset=1
AIRPLANE_PICARD	8	old_lo=-0.01	old_hi=0.01	base_lo=-0.00038467012260430549	base_hi=0.00038384296640282329	diff_lo=-8.5695339713254294e-20	diff_hi=9.1246454836380079e-20	new_lo=-0.0003846701226043056	new_hi=0.0003838429664028234	subset=1
AIRPLANE_PICARD	9	old_lo=-0.01	old_hi=0.01	base_lo=-0.0001	base_hi=0.0001	diff_lo=0	diff_hi=0	new_lo=-0.0001	new_hi=0.0001	subset=1
AIRPLANE_PICARD	10	old_lo=-0.01	old_hi=0.01	base_lo=-0.0001	base_hi=0.0001	diff_lo=0	diff_hi=0	new_lo=-0.0001	new_hi=0.0001	subset=1
AIRPLANE_PICARD	11	old_lo=-0.01	old_hi=0.01	base_lo=-0.0001	base_hi=0.0001	diff_lo=0	diff_hi=0	new_lo=-0.0001	new_hi=0.0001	subset=1
AIRPLANE_PICARD	12	old_lo=-0.01	old_hi=0.01	base_lo=-0	base_hi=0	diff_lo=0	diff_hi=0	new_lo=-0	new_hi=0	subset=1
AIRPLANE_PICARD	13	old_lo=-0.01	old_hi=0.01	base_lo=-0	base_hi=0	diff_lo=0	diff_hi=0	new_lo=-0	new_hi=0	subset=1
AIRPLANE_PICARD	14	old_lo=-0.01	old_hi=0.01	base_lo=-0	base_hi=0	diff_lo=0	diff_hi=0	new_lo=-0	new_hi=0	subset=1
AIRPLANE_PICARD	15	old_lo=-0.01	old_hi=0.01	base_lo=-0	base_hi=0	diff_lo=0	diff_hi=0	new_lo=-0	new_hi=0	subset=1
AIRPLANE_PICARD	16	old_lo=-0.01	old_hi=0.01	base_lo=-0	base_hi=0	diff_lo=0	diff_hi=0	new_lo=-0	new_hi=0	subset=1
AIRPLANE_PICARD	17	old_lo=-0.01	old_hi=0.01	base_lo=-0	base_hi=0	diff_lo=0	diff_hi=0	new_lo=-0	new_hi=0	subset=1
AIRPLANE_PICARD	18	old_lo=-0.01	old_hi=0.01	base_lo=-0	base_hi=0	diff_lo=0	diff_hi=0	new_lo=-0	new_hi=0	subset=1
PERIOD 0 FLOWPIPES 1 STATUS 3 BOX_SAFE 0
DIAGNOSTIC_COMPLETED_CALLS 0/1
FLOWPIPE_SEGMENTS 1
UNKNOWN
time cost: 0.794000
