Step 0
Step 1
Step 2
Step 3
Step 4
Step 5
Step 6
Step 7
Step 8
Step 9
Step 10
Step 11
Step 12
Step 13
Step 14
Step 15
Step 16
Step 17
Step 18
Step 19
Step 20
Step 21
Step 22
Step 23
Step 24
Step 25
Step 26
Step 27
Step 28
Step 29
HULL x1 0.165584238702 0.169758235022
HULL x2 -0.276386499442 -0.270452018371
HULL x3 -0.00618140302298 -1.03606410564e-05
HULL x4 -0.742975749817 -0.710917749195
HULL x5 0.50555310402 0.522808473095
HULL x6 -0.0609072796432 -0.0424409781296
HULL t 3 3
HULL u1 0.157789581012 0.162737387441
HULL u2 0.117926678959 0.123438450449
HULL u3 0.0341891888513 0.0382521751344
time cost: 2.791733
