{"accepted_steps": 1, "time": 0.01, "solve_seconds": 0.42148064030334353, "export_seconds": 0.01843310333788395, "queue_size": 1, "status": "RUNNING"}
{"accepted_steps": 20, "time": 0.2, "solve_seconds": 12.428533990401775, "export_seconds": 0.34724414395168424, "queue_size": 20, "status": "RUNNING"}
{"accepted_steps": 40, "time": 0.4, "solve_seconds": 25.987900527194142, "export_seconds": 0.7175565361976624, "queue_size": 40, "status": "RUNNING"}
{"accepted_steps": 60, "time": 0.6, "solve_seconds": 39.884976285044104, "export_seconds": 1.1692112418822944, "queue_size": 60, "status": "RUNNING"}
{"accepted_steps": 80, "time": 0.8, "solve_seconds": 53.791123242583126, "export_seconds": 1.6095792148262262, "queue_size": 80, "status": "RUNNING"}
{"accepted_steps": 100, "time": 1.0, "solve_seconds": 67.77377221360803, "export_seconds": 2.1285143485292792, "queue_size": 0, "status": "RUNNING"}
{"accepted_steps": 120, "time": 1.2, "solve_seconds": 81.26261126156896, "export_seconds": 2.4755452247336507, "queue_size": 20, "status": "RUNNING"}
{"accepted_steps": 140, "time": 1.4000000000000001, "solve_seconds": 94.99574127001688, "export_seconds": 2.8455078154802322, "queue_size": 40, "status": "RUNNING"}
{"accepted_steps": 160, "time": 1.6, "solve_seconds": 108.91251299204305, "export_seconds": 3.253364774864167, "queue_size": 60, "status": "RUNNING"}
{"accepted_steps": 180, "time": 1.8, "solve_seconds": 122.92178919026628, "export_seconds": 3.6938069756142795, "queue_size": 80, "status": "RUNNING"}
{"accepted_steps": 200, "time": 2.0, "solve_seconds": 137.09318557288498, "export_seconds": 4.16360678570345, "queue_size": 0, "status": "RUNNING"}
{"accepted_steps": 220, "time": 2.2, "solve_seconds": 150.8105970560573, "export_seconds": 4.502524370327592, "queue_size": 20, "status": "RUNNING"}
{"accepted_steps": 240, "time": 2.4, "solve_seconds": 164.61237127846107, "export_seconds": 4.872455711942166, "queue_size": 40, "status": "RUNNING"}
{"accepted_steps": 260, "time": 2.6, "solve_seconds": 178.49733439274132, "export_seconds": 5.2775104232132435, "queue_size": 60, "status": "RUNNING"}
{"accepted_steps": 280, "time": 2.8000000000000003, "solve_seconds": 192.5810098508373, "export_seconds": 5.722291429061443, "queue_size": 80, "status": "RUNNING"}
{"accepted_steps": 300, "time": 3.0, "solve_seconds": 206.89472601469606, "export_seconds": 6.19104980211705, "queue_size": 0, "status": "RUNNING"}
{"accepted_steps": 320, "time": 3.2, "solve_seconds": 220.91574133886024, "export_seconds": 6.535843583755195, "queue_size": 20, "status": "RUNNING"}
{"accepted_steps": 340, "time": 3.4, "solve_seconds": 235.07928371801972, "export_seconds": 6.906277420930564, "queue_size": 40, "status": "RUNNING"}
{"accepted_steps": 360, "time": 3.6, "solve_seconds": 249.28515175310895, "export_seconds": 7.314859783742577, "queue_size": 60, "status": "RUNNING"}
{"accepted_steps": 380, "time": 3.8000000000000003, "solve_seconds": 263.72857156861573, "export_seconds": 7.758359637111425, "queue_size": 80, "status": "RUNNING"}
{"accepted_steps": 400, "time": 4.0, "solve_seconds": 277.9002453177236, "export_seconds": 8.272755559999496, "queue_size": 0, "status": "RUNNING"}
{"accepted_steps": 420, "time": 4.2, "solve_seconds": 291.66376012703404, "export_seconds": 8.61317313555628, "queue_size": 20, "status": "RUNNING"}
{"accepted_steps": 440, "time": 4.4, "solve_seconds": 305.3940703170374, "export_seconds": 8.98542538844049, "queue_size": 40, "status": "RUNNING"}
{"accepted_steps": 460, "time": 4.6000000000000005, "solve_seconds": 319.1185972210951, "export_seconds": 9.392931935377419, "queue_size": 60, "status": "RUNNING"}
{"accepted_steps": 480, "time": 4.8, "solve_seconds": 332.7956885439344, "export_seconds": 9.842501484788954, "queue_size": 80, "status": "RUNNING"}
{"accepted_steps": 500, "time": 5.0, "solve_seconds": 346.8656008504331, "export_seconds": 10.31639026897028, "queue_size": 0, "status": "RUNNING"}
{"accepted_steps": 520, "time": 5.2, "solve_seconds": 360.5051888390444, "export_seconds": 10.658502403181046, "queue_size": 20, "status": "RUNNING"}
{"accepted_steps": 540, "time": 5.4, "solve_seconds": 374.1811445648782, "export_seconds": 11.03270003106445, "queue_size": 40, "status": "RUNNING"}
{"accepted_steps": 560, "time": 5.6000000000000005, "solve_seconds": 388.00533662736416, "export_seconds": 11.438036290928721, "queue_size": 60, "status": "RUNNING"}
{"accepted_steps": 580, "time": 5.8, "solve_seconds": 402.02909915475175, "export_seconds": 11.88064563414082, "queue_size": 80, "status": "RUNNING"}
{"accepted_steps": 600, "time": 6.0, "solve_seconds": 416.151393763721, "export_seconds": 12.402844741009176, "queue_size": 0, "status": "RUNNING"}
{"accepted_steps": 620, "time": 6.2, "solve_seconds": 429.8394734011963, "export_seconds": 12.743140786886215, "queue_size": 20, "status": "RUNNING"}
{"accepted_steps": 640, "time": 6.4, "solve_seconds": 443.9184848465957, "export_seconds": 13.114444746170193, "queue_size": 40, "status": "RUNNING"}
{"accepted_steps": 660, "time": 6.6000000000000005, "solve_seconds": 458.189050280489, "export_seconds": 13.522081845905632, "queue_size": 60, "status": "RUNNING"}
{"accepted_steps": 680, "time": 6.8, "solve_seconds": 472.57583550550044, "export_seconds": 13.963833081535995, "queue_size": 80, "status": "RUNNING"}
{"accepted_steps": 700, "time": 7.0, "solve_seconds": 487.1518633062951, "export_seconds": 14.43508407799527, "queue_size": 0, "status": "RUNNING"}
{"accepted_steps": 720, "time": 7.2, "solve_seconds": 501.33192127523944, "export_seconds": 14.77469622483477, "queue_size": 20, "status": "RUNNING"}
{"accepted_steps": 740, "time": 7.4, "solve_seconds": 515.186134937685, "export_seconds": 15.144970192573965, "queue_size": 40, "status": "RUNNING"}
{"accepted_steps": 760, "time": 7.6000000000000005, "solve_seconds": 529.1184409707785, "export_seconds": 15.550680298823863, "queue_size": 60, "status": "RUNNING"}
{"accepted_steps": 780, "time": 7.8, "solve_seconds": 543.1128248325549, "export_seconds": 15.991239909548312, "queue_size": 80, "status": "RUNNING"}
{"accepted_steps": 800, "time": 8.0, "solve_seconds": 557.136001505889, "export_seconds": 16.462250476703048, "queue_size": 0, "status": "RUNNING"}
{"accepted_steps": 820, "time": 8.2, "solve_seconds": 570.6185453492217, "export_seconds": 16.803116374183446, "queue_size": 20, "status": "RUNNING"}
{"accepted_steps": 840, "time": 8.4, "solve_seconds": 584.4182395804673, "export_seconds": 17.17329664248973, "queue_size": 40, "status": "RUNNING"}
{"accepted_steps": 860, "time": 8.6, "solve_seconds": 598.1638480345719, "export_seconds": 17.58126133074984, "queue_size": 60, "status": "RUNNING"}
{"accepted_steps": 880, "time": 8.8, "solve_seconds": 612.1023267377168, "export_seconds": 18.023470806889236, "queue_size": 80, "status": "RUNNING"}
{"accepted_steps": 900, "time": 9.0, "solve_seconds": 626.2761102844961, "export_seconds": 18.494875302072614, "queue_size": 0, "status": "RUNNING"}
{"accepted_steps": 920, "time": 9.200000000000001, "solve_seconds": 639.9639061205089, "export_seconds": 18.837734697386622, "queue_size": 20, "status": "RUNNING"}
{"accepted_steps": 940, "time": 9.4, "solve_seconds": 653.8249644041061, "export_seconds": 19.209036736749113, "queue_size": 40, "status": "RUNNING"}
{"accepted_steps": 960, "time": 9.6, "solve_seconds": 667.8224978568032, "export_seconds": 19.61472272546962, "queue_size": 60, "status": "RUNNING"}
{"accepted_steps": 980, "time": 9.8, "solve_seconds": 682.2135795913637, "export_seconds": 20.081766550894827, "queue_size": 80, "status": "RUNNING"}
{"accepted_steps": 1000, "time": 10.0, "solve_seconds": 696.7909669484943, "export_seconds": 20.582109866198152, "queue_size": 0, "status": "RUNNING"}
{
  "plant": "van_der_pol",
  "completed": true,
  "accepted_steps": 1000,
  "rejected_attempts": 0,
  "accepted_horizon_exact": "720575940379279375/72057594037927936",
  "solve_seconds": 696.7909669484943,
  "export_seconds": 20.582109866198152,
  "failure": null
}
