{"accepted_steps": 1, "time": 0.01, "solve_seconds": 0.4173065423965454, "export_seconds": 0.018846800085157156, "queue_size": 1, "status": "RUNNING"}
{"accepted_steps": 20, "time": 0.2, "solve_seconds": 12.228954428806901, "export_seconds": 0.3411635607481003, "queue_size": 20, "status": "RUNNING"}
{"accepted_steps": 40, "time": 0.4, "solve_seconds": 25.66396539658308, "export_seconds": 0.7088960027322173, "queue_size": 40, "status": "RUNNING"}
{"accepted_steps": 60, "time": 0.6, "solve_seconds": 39.45919801853597, "export_seconds": 1.1090456526726484, "queue_size": 60, "status": "RUNNING"}
{"accepted_steps": 80, "time": 0.8, "solve_seconds": 53.25525305233896, "export_seconds": 1.5459473435766995, "queue_size": 80, "status": "RUNNING"}
{"accepted_steps": 100, "time": 1.0, "solve_seconds": 67.10514477081597, "export_seconds": 2.0639271372929215, "queue_size": 0, "status": "RUNNING"}
{"accepted_steps": 120, "time": 1.2, "solve_seconds": 80.43741378095001, "export_seconds": 2.407583087682724, "queue_size": 20, "status": "RUNNING"}
{"accepted_steps": 140, "time": 1.4000000000000001, "solve_seconds": 93.98648689221591, "export_seconds": 2.7766687208786607, "queue_size": 40, "status": "RUNNING"}
{"accepted_steps": 160, "time": 1.6, "solve_seconds": 107.72341927932575, "export_seconds": 3.22815705742687, "queue_size": 60, "status": "RUNNING"}
{"accepted_steps": 180, "time": 1.8, "solve_seconds": 121.6006631013006, "export_seconds": 3.6638278965838253, "queue_size": 80, "status": "RUNNING"}
{"accepted_steps": 200, "time": 2.0, "solve_seconds": 135.57754088239744, "export_seconds": 4.175312431529164, "queue_size": 0, "status": "RUNNING"}
{"accepted_steps": 220, "time": 2.2, "solve_seconds": 149.0897758519277, "export_seconds": 4.507683035451919, "queue_size": 20, "status": "RUNNING"}
{"accepted_steps": 240, "time": 2.4, "solve_seconds": 162.84548449795693, "export_seconds": 4.87687625689432, "queue_size": 40, "status": "RUNNING"}
{"accepted_steps": 260, "time": 2.6, "solve_seconds": 176.6232498041354, "export_seconds": 5.2800009008497, "queue_size": 60, "status": "RUNNING"}
{"accepted_steps": 280, "time": 2.8000000000000003, "solve_seconds": 190.567402000539, "export_seconds": 5.71787234954536, "queue_size": 80, "status": "RUNNING"}
{"accepted_steps": 300, "time": 3.0, "solve_seconds": 204.70993746258318, "export_seconds": 6.230265558697283, "queue_size": 0, "status": "RUNNING"}
{"accepted_steps": 320, "time": 3.2, "solve_seconds": 218.58775901189074, "export_seconds": 6.564914159011096, "queue_size": 20, "status": "RUNNING"}
{"accepted_steps": 340, "time": 3.4, "solve_seconds": 232.56285833148286, "export_seconds": 6.9391822423785925, "queue_size": 40, "status": "RUNNING"}
{"accepted_steps": 360, "time": 3.6, "solve_seconds": 246.67167290952057, "export_seconds": 7.343310291413218, "queue_size": 60, "status": "RUNNING"}
{"accepted_steps": 380, "time": 3.8000000000000003, "solve_seconds": 260.99969600187615, "export_seconds": 7.783623560797423, "queue_size": 80, "status": "RUNNING"}
{"accepted_steps": 400, "time": 4.0, "solve_seconds": 275.05396742979065, "export_seconds": 8.294439641293138, "queue_size": 0, "status": "RUNNING"}
{"accepted_steps": 420, "time": 4.2, "solve_seconds": 288.61777893593535, "export_seconds": 8.62911351211369, "queue_size": 20, "status": "RUNNING"}
{"accepted_steps": 440, "time": 4.4, "solve_seconds": 302.1716774101369, "export_seconds": 9.000241366680712, "queue_size": 40, "status": "RUNNING"}
{"accepted_steps": 460, "time": 4.6000000000000005, "solve_seconds": 315.7794007183984, "export_seconds": 9.403293466661125, "queue_size": 60, "status": "RUNNING"}
{"accepted_steps": 480, "time": 4.8, "solve_seconds": 329.28032527770847, "export_seconds": 9.895922758616507, "queue_size": 80, "status": "RUNNING"}
{"accepted_steps": 500, "time": 5.0, "solve_seconds": 343.1591661898419, "export_seconds": 10.369548929389566, "queue_size": 0, "status": "RUNNING"}
{"accepted_steps": 520, "time": 5.2, "solve_seconds": 356.5811185501516, "export_seconds": 10.703591984696686, "queue_size": 20, "status": "RUNNING"}
{"accepted_steps": 540, "time": 5.4, "solve_seconds": 370.09094592835754, "export_seconds": 11.075928089674562, "queue_size": 40, "status": "RUNNING"}
{"accepted_steps": 560, "time": 5.6000000000000005, "solve_seconds": 383.7208277974278, "export_seconds": 11.52707759803161, "queue_size": 60, "status": "RUNNING"}
{"accepted_steps": 580, "time": 5.8, "solve_seconds": 397.52884666156024, "export_seconds": 11.966426436789334, "queue_size": 80, "status": "RUNNING"}
{"accepted_steps": 600, "time": 6.0, "solve_seconds": 411.5542748714797, "export_seconds": 12.433610942214727, "queue_size": 0, "status": "RUNNING"}
{"accepted_steps": 620, "time": 6.2, "solve_seconds": 425.1038895752281, "export_seconds": 12.769899411592633, "queue_size": 20, "status": "RUNNING"}
{"accepted_steps": 640, "time": 6.4, "solve_seconds": 439.0464363251813, "export_seconds": 13.139532027300447, "queue_size": 40, "status": "RUNNING"}
{"accepted_steps": 660, "time": 6.6000000000000005, "solve_seconds": 453.11343562509865, "export_seconds": 13.542214910965413, "queue_size": 60, "status": "RUNNING"}
{"accepted_steps": 680, "time": 6.8, "solve_seconds": 467.3434261418879, "export_seconds": 14.034447266720235, "queue_size": 80, "status": "RUNNING"}
{"accepted_steps": 700, "time": 7.0, "solve_seconds": 481.7772987559438, "export_seconds": 14.501599335111678, "queue_size": 0, "status": "RUNNING"}
{"accepted_steps": 720, "time": 7.2, "solve_seconds": 495.68758628796786, "export_seconds": 14.835138090420514, "queue_size": 20, "status": "RUNNING"}
{"accepted_steps": 740, "time": 7.4, "solve_seconds": 509.42475240584463, "export_seconds": 15.203775648027658, "queue_size": 40, "status": "RUNNING"}
{"accepted_steps": 760, "time": 7.6000000000000005, "solve_seconds": 523.2300847289152, "export_seconds": 15.607851138338447, "queue_size": 60, "status": "RUNNING"}
{"accepted_steps": 780, "time": 7.8, "solve_seconds": 537.0611691167578, "export_seconds": 16.046563701704144, "queue_size": 80, "status": "RUNNING"}
{"accepted_steps": 800, "time": 8.0, "solve_seconds": 550.9071801332757, "export_seconds": 16.510758898220956, "queue_size": 0, "status": "RUNNING"}
{"accepted_steps": 820, "time": 8.2, "solve_seconds": 564.1830774634145, "export_seconds": 16.8495016801171, "queue_size": 20, "status": "RUNNING"}
{"accepted_steps": 840, "time": 8.4, "solve_seconds": 577.718063284643, "export_seconds": 17.218482546508312, "queue_size": 40, "status": "RUNNING"}
{"accepted_steps": 860, "time": 8.6, "solve_seconds": 591.3569575394504, "export_seconds": 17.626401527319103, "queue_size": 60, "status": "RUNNING"}
{"accepted_steps": 880, "time": 8.8, "solve_seconds": 605.15716458112, "export_seconds": 18.063441860023886, "queue_size": 80, "status": "RUNNING"}
{"accepted_steps": 900, "time": 9.0, "solve_seconds": 619.1060586478561, "export_seconds": 18.58188244746998, "queue_size": 0, "status": "RUNNING"}
{"accepted_steps": 920, "time": 9.200000000000001, "solve_seconds": 632.5777818914503, "export_seconds": 18.917058567516506, "queue_size": 20, "status": "RUNNING"}
{"accepted_steps": 940, "time": 9.4, "solve_seconds": 646.2322789514437, "export_seconds": 19.28675515577197, "queue_size": 40, "status": "RUNNING"}
{"accepted_steps": 960, "time": 9.6, "solve_seconds": 660.0584525577724, "export_seconds": 19.69460586924106, "queue_size": 60, "status": "RUNNING"}
{"accepted_steps": 980, "time": 9.8, "solve_seconds": 674.2857921877876, "export_seconds": 20.15545412665233, "queue_size": 80, "status": "RUNNING"}
{"accepted_steps": 1000, "time": 10.0, "solve_seconds": 688.645268984139, "export_seconds": 20.65601882012561, "queue_size": 0, "status": "RUNNING"}
{
  "plant": "van_der_pol",
  "completed": true,
  "accepted_steps": 1000,
  "rejected_attempts": 0,
  "accepted_horizon_exact": "720575940379279375/72057594037927936",
  "solve_seconds": 688.645268984139,
  "export_seconds": 20.65601882012561,
  "failure": null
}
