{"accepted_steps": 1, "time": 0.02, "solve_seconds": 1.1966234189458191, "export_seconds": 0.04355347016826272, "queue_size": 1, "status": "RUNNING"}
{"accepted_steps": 20, "time": 0.4, "solve_seconds": 33.632643865887076, "export_seconds": 0.8547221408225596, "queue_size": 20, "status": "RUNNING"}
{"accepted_steps": 40, "time": 0.8, "solve_seconds": 74.58286233339459, "export_seconds": 1.734462191350758, "queue_size": 40, "status": "RUNNING"}
{"accepted_steps": 60, "time": 1.2, "solve_seconds": 113.8979809707962, "export_seconds": 2.686544340569526, "queue_size": 60, "status": "RUNNING"}
{"accepted_steps": 80, "time": 1.6, "solve_seconds": 151.24305199179798, "export_seconds": 3.600343896076083, "queue_size": 80, "status": "RUNNING"}
{"accepted_steps": 100, "time": 2.0, "solve_seconds": 187.47619263781235, "export_seconds": 4.626712777186185, "queue_size": 100, "status": "RUNNING"}
{"accepted_steps": 120, "time": 2.4, "solve_seconds": 223.75750967022032, "export_seconds": 5.667390600312501, "queue_size": 120, "status": "RUNNING"}
{"accepted_steps": 140, "time": 2.8000000000000003, "solve_seconds": 259.0682011391036, "export_seconds": 6.679141774307936, "queue_size": 140, "status": "RUNNING"}
{"accepted_steps": 160, "time": 3.2, "solve_seconds": 293.14205385092646, "export_seconds": 7.757207195740193, "queue_size": 160, "status": "RUNNING"}
{"accepted_steps": 180, "time": 3.6, "solve_seconds": 326.9578845202923, "export_seconds": 8.804980999790132, "queue_size": 180, "status": "RUNNING"}
{"accepted_steps": 200, "time": 4.0, "solve_seconds": 359.9925339827314, "export_seconds": 9.898291150573641, "queue_size": 200, "status": "RUNNING"}
{"accepted_steps": 220, "time": 4.4, "solve_seconds": 392.0483177443966, "export_seconds": 10.956322794780135, "queue_size": 220, "status": "RUNNING"}
{"accepted_steps": 240, "time": 4.8, "solve_seconds": 424.0830659773201, "export_seconds": 12.054083150811493, "queue_size": 240, "status": "RUNNING"}
{"accepted_steps": 260, "time": 5.2, "solve_seconds": 456.48603926831856, "export_seconds": 13.185305998660624, "queue_size": 260, "status": "RUNNING"}
{"accepted_steps": 280, "time": 5.6000000000000005, "solve_seconds": 493.0879236012697, "export_seconds": 14.571507653221488, "queue_size": 280, "status": "RUNNING"}
{"accepted_steps": 300, "time": 6.0, "solve_seconds": 529.0546309044585, "export_seconds": 15.902961103711277, "queue_size": 300, "status": "RUNNING"}
{"accepted_steps": 320, "time": 6.4, "solve_seconds": 567.8178919544443, "export_seconds": 17.35032775858417, "queue_size": 320, "status": "RUNNING"}
{"accepted_steps": 340, "time": 6.8, "solve_seconds": 604.9419148936868, "export_seconds": 18.7814816609025, "queue_size": 340, "status": "RUNNING"}
{"accepted_steps": 360, "time": 7.2, "solve_seconds": 651.1173205925152, "export_seconds": 20.329663182608783, "queue_size": 360, "status": "RUNNING"}
{"accepted_steps": 380, "time": 7.6000000000000005, "solve_seconds": 717.5422557550482, "export_seconds": 22.64133905339986, "queue_size": 380, "status": "RUNNING"}
{"accepted_steps": 400, "time": 8.0, "solve_seconds": 779.9336419161409, "export_seconds": 24.889284615404904, "queue_size": 400, "status": "RUNNING"}
{"accepted_steps": 420, "time": 8.4, "solve_seconds": 827.8995333611965, "export_seconds": 26.793267484754324, "queue_size": 420, "status": "RUNNING"}
{"accepted_steps": 440, "time": 8.8, "solve_seconds": 875.5196969532408, "export_seconds": 28.733726944308728, "queue_size": 440, "status": "RUNNING"}
{"accepted_steps": 460, "time": 9.200000000000001, "solve_seconds": 920.4095263355412, "export_seconds": 30.71372430678457, "queue_size": 460, "status": "RUNNING"}
{"accepted_steps": 480, "time": 9.6, "solve_seconds": 965.6822295258753, "export_seconds": 32.747798175551, "queue_size": 480, "status": "RUNNING"}
{"accepted_steps": 500, "time": 10.0, "solve_seconds": 1008.1600017454475, "export_seconds": 34.77700285008177, "queue_size": 500, "status": "RUNNING"}
{"accepted_steps": 520, "time": 10.4, "solve_seconds": 1050.6535668591969, "export_seconds": 36.77109128469601, "queue_size": 520, "status": "RUNNING"}
{"accepted_steps": 540, "time": 10.8, "solve_seconds": 1092.301632840652, "export_seconds": 38.825429337564856, "queue_size": 540, "status": "RUNNING"}
{"accepted_steps": 560, "time": 11.200000000000001, "solve_seconds": 1137.7081517726183, "export_seconds": 41.01122439093888, "queue_size": 560, "status": "RUNNING"}
{"accepted_steps": 580, "time": 11.6, "solve_seconds": 1173.482359895017, "export_seconds": 42.88152099587023, "queue_size": 580, "status": "RUNNING"}
{"accepted_steps": 600, "time": 12.0, "solve_seconds": 1209.1098225805908, "export_seconds": 44.92465379042551, "queue_size": 600, "status": "RUNNING"}
{"accepted_steps": 620, "time": 12.4, "solve_seconds": 1245.6455629481934, "export_seconds": 46.74020497081801, "queue_size": 620, "status": "RUNNING"}
{"accepted_steps": 640, "time": 12.8, "solve_seconds": 1283.5219980482943, "export_seconds": 48.72723395610228, "queue_size": 640, "status": "RUNNING"}
{"accepted_steps": 660, "time": 13.200000000000001, "solve_seconds": 1321.816452243831, "export_seconds": 50.81007242528722, "queue_size": 660, "status": "RUNNING"}
{"accepted_steps": 680, "time": 13.6, "solve_seconds": 1360.051556631457, "export_seconds": 52.83563176263124, "queue_size": 680, "status": "RUNNING"}
{"accepted_steps": 700, "time": 14.0, "solve_seconds": 1400.5368394730613, "export_seconds": 55.007490140385926, "queue_size": 700, "status": "RUNNING"}
{"accepted_steps": 720, "time": 14.4, "solve_seconds": 1449.9114995938726, "export_seconds": 57.4406782547012, "queue_size": 720, "status": "RUNNING"}
{"accepted_steps": 740, "time": 14.8, "solve_seconds": 1499.8723629000597, "export_seconds": 59.76263971347362, "queue_size": 740, "status": "RUNNING"}
{"accepted_steps": 760, "time": 15.200000000000001, "solve_seconds": 1548.664237275254, "export_seconds": 62.17357823625207, "queue_size": 760, "status": "RUNNING"}
{"accepted_steps": 780, "time": 15.6, "solve_seconds": 1595.7366048740223, "export_seconds": 64.71708370605484, "queue_size": 780, "status": "RUNNING"}
{"accepted_steps": 800, "time": 16.0, "solve_seconds": 1639.1944917249493, "export_seconds": 67.22751406114548, "queue_size": 800, "status": "RUNNING"}
{"accepted_steps": 820, "time": 16.4, "solve_seconds": 1682.2170987795107, "export_seconds": 69.71724708611146, "queue_size": 820, "status": "RUNNING"}
{"accepted_steps": 840, "time": 16.8, "solve_seconds": 1725.1955307857133, "export_seconds": 72.3035796075128, "queue_size": 840, "status": "RUNNING"}
{"accepted_steps": 860, "time": 17.2, "solve_seconds": 1765.6232815575786, "export_seconds": 74.93361652921885, "queue_size": 860, "status": "RUNNING"}
{"accepted_steps": 880, "time": 17.6, "solve_seconds": 1805.8224685150199, "export_seconds": 77.51454839948565, "queue_size": 880, "status": "RUNNING"}
{"accepted_steps": 900, "time": 18.0, "solve_seconds": 1844.9016604432836, "export_seconds": 80.18291859794408, "queue_size": 900, "status": "RUNNING"}
{"accepted_steps": 920, "time": 18.400000000000002, "solve_seconds": 1883.8026395929046, "export_seconds": 83.04037510417402, "queue_size": 920, "status": "RUNNING"}
{"accepted_steps": 940, "time": 18.8, "solve_seconds": 1922.9681094912812, "export_seconds": 85.7985416892916, "queue_size": 940, "status": "RUNNING"}
{"accepted_steps": 960, "time": 19.2, "solve_seconds": 1962.7906211335212, "export_seconds": 88.32200511172414, "queue_size": 960, "status": "RUNNING"}
{"accepted_steps": 980, "time": 19.6, "solve_seconds": 2003.8100073928945, "export_seconds": 91.10251466743648, "queue_size": 980, "status": "RUNNING"}
{"accepted_steps": 1000, "time": 20.0, "solve_seconds": 2044.6041583609767, "export_seconds": 94.80382097046822, "queue_size": 0, "status": "RUNNING"}
{
  "plant": "brusselator",
  "completed": true,
  "accepted_steps": 1000,
  "rejected_attempts": 0,
  "accepted_horizon_exact": "720575940379279375/36028797018963968",
  "solve_seconds": 2044.6041583609767,
  "export_seconds": 94.80382097046822,
  "failure": null
}
