{"accepted_steps": 1, "time": 0.02, "solve_seconds": 0.7402366893365979, "export_seconds": 0.04331459617242217, "queue_size": 1, "status": "RUNNING"}
{"accepted_steps": 20, "time": 0.4, "solve_seconds": 25.372809924650937, "export_seconds": 0.8469058540649712, "queue_size": 20, "status": "RUNNING"}
{"accepted_steps": 40, "time": 0.8, "solve_seconds": 58.34636552864686, "export_seconds": 1.7285502930171788, "queue_size": 40, "status": "RUNNING"}
{"accepted_steps": 60, "time": 1.2, "solve_seconds": 88.51405339222401, "export_seconds": 2.625869431067258, "queue_size": 60, "status": "RUNNING"}
{"accepted_steps": 80, "time": 1.6, "solve_seconds": 114.98432481801137, "export_seconds": 3.57255722489208, "queue_size": 80, "status": "RUNNING"}
{"accepted_steps": 100, "time": 2.0, "solve_seconds": 140.78572262777016, "export_seconds": 4.587938764598221, "queue_size": 100, "status": "RUNNING"}
{"accepted_steps": 120, "time": 2.4, "solve_seconds": 166.42395915510133, "export_seconds": 5.6224132515490055, "queue_size": 120, "status": "RUNNING"}
{"accepted_steps": 140, "time": 2.8000000000000003, "solve_seconds": 191.1394185628742, "export_seconds": 6.621236280538142, "queue_size": 140, "status": "RUNNING"}
{"accepted_steps": 160, "time": 3.2, "solve_seconds": 214.34935034206137, "export_seconds": 7.636258429847658, "queue_size": 160, "status": "RUNNING"}
{"accepted_steps": 180, "time": 3.6, "solve_seconds": 237.16272943653166, "export_seconds": 8.707212260458618, "queue_size": 180, "status": "RUNNING"}
{"accepted_steps": 200, "time": 4.0, "solve_seconds": 259.4689530543983, "export_seconds": 9.780621502082795, "queue_size": 200, "status": "RUNNING"}
{"accepted_steps": 220, "time": 4.4, "solve_seconds": 281.0291538890451, "export_seconds": 10.83262656768784, "queue_size": 220, "status": "RUNNING"}
{"accepted_steps": 240, "time": 4.8, "solve_seconds": 302.6694935276173, "export_seconds": 11.975126970559359, "queue_size": 240, "status": "RUNNING"}
{"accepted_steps": 260, "time": 5.2, "solve_seconds": 324.6909440169111, "export_seconds": 13.100169113371521, "queue_size": 260, "status": "RUNNING"}
{"accepted_steps": 280, "time": 5.6000000000000005, "solve_seconds": 347.7885229559615, "export_seconds": 14.331153276842088, "queue_size": 280, "status": "RUNNING"}
{"accepted_steps": 300, "time": 6.0, "solve_seconds": 371.65246052108705, "export_seconds": 15.619374306406826, "queue_size": 300, "status": "RUNNING"}
{"accepted_steps": 320, "time": 6.4, "solve_seconds": 395.87394951470196, "export_seconds": 16.95222412329167, "queue_size": 320, "status": "RUNNING"}
{"accepted_steps": 340, "time": 6.8, "solve_seconds": 423.1805456764996, "export_seconds": 18.325141698587686, "queue_size": 340, "status": "RUNNING"}
{"accepted_steps": 360, "time": 7.2, "solve_seconds": 459.77568261744455, "export_seconds": 19.791486074216664, "queue_size": 360, "status": "RUNNING"}
{"accepted_steps": 380, "time": 7.6000000000000005, "solve_seconds": 495.59966963669285, "export_seconds": 21.26891185576096, "queue_size": 380, "status": "RUNNING"}
{"accepted_steps": 400, "time": 8.0, "solve_seconds": 529.5897423359565, "export_seconds": 22.795618264004588, "queue_size": 400, "status": "RUNNING"}
{"accepted_steps": 420, "time": 8.4, "solve_seconds": 560.4002238325775, "export_seconds": 24.433960232883692, "queue_size": 420, "status": "RUNNING"}
{"accepted_steps": 440, "time": 8.8, "solve_seconds": 589.9188476116396, "export_seconds": 26.11615412402898, "queue_size": 440, "status": "RUNNING"}
{"accepted_steps": 460, "time": 9.200000000000001, "solve_seconds": 618.9823733535595, "export_seconds": 27.822387330699712, "queue_size": 460, "status": "RUNNING"}
{"accepted_steps": 480, "time": 9.6, "solve_seconds": 647.7658362328075, "export_seconds": 29.624033108353615, "queue_size": 480, "status": "RUNNING"}
{"accepted_steps": 500, "time": 10.0, "solve_seconds": 673.967781977728, "export_seconds": 31.386197168380022, "queue_size": 500, "status": "RUNNING"}
{"accepted_steps": 520, "time": 10.4, "solve_seconds": 699.5759718343616, "export_seconds": 33.17825973033905, "queue_size": 520, "status": "RUNNING"}
{"accepted_steps": 540, "time": 10.8, "solve_seconds": 724.4229091708548, "export_seconds": 34.82421922497451, "queue_size": 540, "status": "RUNNING"}
{"accepted_steps": 560, "time": 11.200000000000001, "solve_seconds": 749.3436935706995, "export_seconds": 36.610604798886925, "queue_size": 560, "status": "RUNNING"}
{"accepted_steps": 580, "time": 11.6, "solve_seconds": 774.6766355042346, "export_seconds": 38.532785130199045, "queue_size": 580, "status": "RUNNING"}
{"accepted_steps": 600, "time": 12.0, "solve_seconds": 800.1470465054736, "export_seconds": 40.597772751469165, "queue_size": 600, "status": "RUNNING"}
{"accepted_steps": 620, "time": 12.4, "solve_seconds": 826.3407921446487, "export_seconds": 42.404275983106345, "queue_size": 620, "status": "RUNNING"}
{"accepted_steps": 640, "time": 12.8, "solve_seconds": 853.9519158285111, "export_seconds": 44.325237857643515, "queue_size": 640, "status": "RUNNING"}
{"accepted_steps": 660, "time": 13.200000000000001, "solve_seconds": 882.0346284168772, "export_seconds": 46.35991986421868, "queue_size": 660, "status": "RUNNING"}
{"accepted_steps": 680, "time": 13.6, "solve_seconds": 910.3043334684335, "export_seconds": 48.46955382917076, "queue_size": 680, "status": "RUNNING"}
{"accepted_steps": 700, "time": 14.0, "solve_seconds": 942.5134386802092, "export_seconds": 50.57930952543393, "queue_size": 700, "status": "RUNNING"}
{"accepted_steps": 720, "time": 14.4, "solve_seconds": 984.0762223936617, "export_seconds": 52.8530064150691, "queue_size": 720, "status": "RUNNING"}
{"accepted_steps": 740, "time": 14.8, "solve_seconds": 1023.4759355345741, "export_seconds": 55.2218022942543, "queue_size": 740, "status": "RUNNING"}
{"accepted_steps": 760, "time": 15.200000000000001, "solve_seconds": 1061.7862053681165, "export_seconds": 57.69997990503907, "queue_size": 760, "status": "RUNNING"}
{"accepted_steps": 780, "time": 15.6, "solve_seconds": 1097.2399236257188, "export_seconds": 60.130189187359065, "queue_size": 780, "status": "RUNNING"}
{"accepted_steps": 800, "time": 16.0, "solve_seconds": 1130.5946377040818, "export_seconds": 62.486700672190636, "queue_size": 800, "status": "RUNNING"}
{"accepted_steps": 820, "time": 16.4, "solve_seconds": 1163.4535135184415, "export_seconds": 64.97912834305316, "queue_size": 820, "status": "RUNNING"}
{"accepted_steps": 840, "time": 16.8, "solve_seconds": 1196.1615656809881, "export_seconds": 67.65325358929113, "queue_size": 840, "status": "RUNNING"}
{"accepted_steps": 860, "time": 17.2, "solve_seconds": 1226.3006675513461, "export_seconds": 70.33784202905372, "queue_size": 860, "status": "RUNNING"}
{"accepted_steps": 880, "time": 17.6, "solve_seconds": 1255.9485785025172, "export_seconds": 73.00203909119591, "queue_size": 880, "status": "RUNNING"}
{"accepted_steps": 900, "time": 18.0, "solve_seconds": 1284.5795759255998, "export_seconds": 75.66746745817363, "queue_size": 900, "status": "RUNNING"}
{"accepted_steps": 920, "time": 18.400000000000002, "solve_seconds": 1313.5354949068278, "export_seconds": 78.31539425998926, "queue_size": 920, "status": "RUNNING"}
{"accepted_steps": 940, "time": 18.8, "solve_seconds": 1342.6327296225354, "export_seconds": 81.24420951958746, "queue_size": 940, "status": "RUNNING"}
{"accepted_steps": 960, "time": 19.2, "solve_seconds": 1372.0411531399004, "export_seconds": 84.21040749829262, "queue_size": 960, "status": "RUNNING"}
{"accepted_steps": 980, "time": 19.6, "solve_seconds": 1402.1567911542952, "export_seconds": 87.75404187757522, "queue_size": 980, "status": "RUNNING"}
{"accepted_steps": 1000, "time": 20.0, "solve_seconds": 1433.750832343474, "export_seconds": 90.54920459678397, "queue_size": 0, "status": "RUNNING"}
{
  "plant": "brusselator",
  "completed": true,
  "accepted_steps": 1000,
  "rejected_attempts": 0,
  "accepted_horizon_exact": "720575940379279375/36028797018963968",
  "solve_seconds": 1433.750832343474,
  "export_seconds": 90.54920459678397,
  "failure": null
}
