{
  "schema": "live-range-solver-run-v1",
  "run_id": "history-reset-van_der_pol-Gp",
  "plant": "van_der_pol",
  "route": "Gp",
  "scope": "RESUMED_LOCAL_WINDOW",
  "execution": "ONLINE_LIVE_SOLVE",
  "request_source": "CURRENT_WORKER_CALL",
  "previous_answers_loaded": false,
  "ids": [
    0
  ],
  "steps": 3,
  "original": false,
  "diagnostic": true,
  "audit_steps": [
    1,
    2,
    60,
    100,
    119,
    120
  ],
  "task_steps": null,
  "max_group": 32,
  "max_wait_s": 0.02,
  "delays": null,
  "select_newest": false,
  "start_ns": 2450623251801575,
  "end_ns": 2450625333592248,
  "wall_s": 2.081790673,
  "initial_state_s": 0.036541718,
  "cpu_start_ns": 2425510653,
  "cpu_end_ns": 4506012207,
  "cpu_s": 2.080501554,
  "successful_tasks": 1,
  "accepted_lane_steps": 3,
  "successful_lane_steps": 3,
  "task_statuses": {
    "0": "FINISHED"
  },
  "counts": {
    "submitted": 338,
    "groups": 338,
    "flush_all_waiting": 338,
    "external_table_fallback_requests": 0,
    "gpu_completed_requests": 338,
    "returned": 338,
    "status_ok": 338
  },
  "startup": {
    "reused": true,
    "build": {
      "nvrtc_path": "/srv/local/shengenli/miniforge3/envs/py11/lib/python3.11/site-packages/nvidia/cuda_nvrtc/lib/libnvrtc.so.12",
      "nvrtc_version": [
        12,
        1
      ],
      "flags": [
        "--std=c++14",
        "--gpu-architecture=compute_70",
        "--fmad=false",
        "--ftz=false",
        "--prec-div=true",
        "--prec-sqrt=true"
      ],
      "source_sha256": "53704657931ca96555becf35a05627609215cd6140491f6fd261454d26036af5",
      "ptx_sha256": "21bca9993d25d9ab086419c20fb6e218a7fa0429ebbff26735463c41d71f3ae9",
      "compile_and_load_s": 0.37301948200911283,
      "compiler_log": "",
      "device": "cuda:0",
      "device_name": "Tesla V100-SXM2-16GB",
      "capability": [
        7,
        0
      ]
    },
    "limits": {
      "max_requests": 32,
      "max_terms": 262144,
      "max_coefficients": 262144,
      "max_variables": 2048,
      "max_powers": 131072,
      "max_operations": 1048576,
      "max_outputs": 2048,
      "max_metadata_bytes": 67108864,
      "max_numeric_bytes": 67108864,
      "max_output_bytes": 134217728,
      "max_packet_bytes": 134217728
    },
    "stream": 130077126621648,
    "wall_s": 0.00015886
  },
  "packet_mode": true,
  "packet_limits": {
    "max_requests": 32,
    "max_terms": 262144,
    "max_coefficients": 262144,
    "max_variables": 2048,
    "max_powers": 131072,
    "max_operations": 1048576,
    "max_outputs": 2048,
    "max_metadata_bytes": 67108864,
    "max_numeric_bytes": 67108864,
    "max_output_bytes": 134217728,
    "max_packet_bytes": 134217728
  },
  "peak_rss_kib": 3036200,
  "rss_scope": "process lifetime high-water mark",
  "affinity": [
    2
  ],
  "torch_threads": 1,
  "torch_interop_threads": 1,
  "peak_gpu_allocated_bytes": 8704,
  "gpu_memory_scope": "process lifetime Torch allocator high-water mark",
  "torch_version": "2.5.1+cu121",
  "python": "3.11.15 | packaged by conda-forge | (main, Mar  5 2026, 16:45:40) [GCC 14.3.0]",
  "imported_core": "/srv/local/shengenli/live_gpu_packets_20260910T023603Z/repo/src/torch_tm_flowpipe/__init__.py",
  "source_sha": "1d870939fcdb72bd999730cf09de0b14d1cd71c4",
  "checkpoint": "artifacts/runs/boundary_execution_20260908T172756Z/raw_minimal/state_inputs/van_der_pol_before0099",
  "partition_sha256": "717897f2b615832ce61be0d60c1aa59833ea896bcf1cfbebfb3771ba539cd6d0",
  "throughput": 1.4410670769683096,
  "cold_startup_outside_timing": {
    "reused": false,
    "build": {
      "nvrtc_path": "/srv/local/shengenli/miniforge3/envs/py11/lib/python3.11/site-packages/nvidia/cuda_nvrtc/lib/libnvrtc.so.12",
      "nvrtc_version": [
        12,
        1
      ],
      "flags": [
        "--std=c++14",
        "--gpu-architecture=compute_70",
        "--fmad=false",
        "--ftz=false",
        "--prec-div=true",
        "--prec-sqrt=true"
      ],
      "source_sha256": "53704657931ca96555becf35a05627609215cd6140491f6fd261454d26036af5",
      "ptx_sha256": "21bca9993d25d9ab086419c20fb6e218a7fa0429ebbff26735463c41d71f3ae9",
      "compile_and_load_s": 0.37301948200911283,
      "compiler_log": "",
      "device": "cuda:0",
      "device_name": "Tesla V100-SXM2-16GB",
      "capability": [
        7,
        0
      ]
    },
    "limits": {
      "max_requests": 32,
      "max_terms": 262144,
      "max_coefficients": 262144,
      "max_variables": 2048,
      "max_powers": 131072,
      "max_operations": 1048576,
      "max_outputs": 2048,
      "max_metadata_bytes": 67108864,
      "max_numeric_bytes": 67108864,
      "max_output_bytes": 134217728,
      "max_packet_bytes": 134217728
    },
    "primitive_bounds": [
      [
        "0x1.0000000000000p-1",
        "0x1.0000000000001p-1",
        "0x0.0p+0",
        "0x0.0000000000001p-1022"
      ],
      [
        "0x1.fffffffffffffp-2",
        "0x1.0000000000000p-1",
        "-0x0.0000000000001p-1022",
        "-0x0.0p+0"
      ],
      [
        "0x1.67e9c127b6e74p-531",
        "0x1.67e9c127b6e74p-531",
        "0x0.00000000007e8p-1022",
        "0x0.00000000007e9p-1022"
      ],
      [
        "-0x0.0p+0",
        "0x0.0p+0",
        "-0x0.00000000007e9p-1022",
        "-0x0.00000000007e8p-1022"
      ],
      [
        "0x1.0000000000000p+0",
        "0x1.0000000000001p+0",
        "0x0.0000000000001p-1022",
        "0x0.0000000000001p-1022"
      ],
      [
        "-0x0.0p+0",
        "0x0.0p+0",
        "-0x1.3e9e4e4c2f345p+199",
        "-0x1.3e9e4e4c2f344p+199"
      ]
    ],
    "pow3_bounds": [
      "0x1.a6c505176d241p+28",
      "0x1.a6c505176d243p+28"
    ],
    "scratch_after_self_test": {
      "capacity": {
        "metadata": 64,
        "numeric": 4,
        "output": 8
      },
      "device_allocation_operations": 3,
      "pinned_allocation_operations": 3,
      "cumulative_device_allocation_bytes": 608,
      "cumulative_pinned_allocation_bytes": 608,
      "current_device_capacity_bytes": 608,
      "current_pinned_capacity_bytes": 608
    },
    "stream": 130077126621808,
    "wall_s": 0.625228831
  },
  "serialization_s": 0.32711864821612835,
  "files": {
    "lifecycle.jsonl.gz": "1d78ed5f2392bf487cc3c190f2034c4d2b92763288b9f91fcbdd45f1e6afcc6e",
    "run.json.gz": "bf2876e453b39d43b602b5f1da7a0f26c85d15ef3d01f2cb1387700a89e574e4"
  }
}
