{
  "schema": "live-range-solver-run-v1",
  "run_id": "prefix-b8-brusselator-Gp",
  "plant": "brusselator",
  "route": "Gp",
  "scope": "FIXED_PARTITION",
  "execution": "ONLINE_LIVE_SOLVE",
  "request_source": "CURRENT_WORKER_CALL",
  "previous_answers_loaded": false,
  "ids": [
    0,
    4,
    8,
    12,
    16,
    20,
    24,
    28
  ],
  "steps": 20,
  "original": false,
  "diagnostic": true,
  "audit_steps": [
    1,
    2,
    60,
    100,
    119,
    120
  ],
  "task_steps": null,
  "max_group": 32,
  "max_wait_s": 0.02,
  "delays": null,
  "select_newest": false,
  "start_ns": 2450836103401735,
  "end_ns": 2450962866221881,
  "wall_s": 126.762820146,
  "initial_state_s": 0.032370555,
  "cpu_start_ns": 2286315031,
  "cpu_end_ns": 128958086761,
  "cpu_s": 126.67177173,
  "successful_tasks": 8,
  "accepted_lane_steps": 160,
  "successful_lane_steps": 160,
  "task_statuses": {
    "0": "FINISHED",
    "4": "FINISHED",
    "8": "FINISHED",
    "12": "FINISHED",
    "16": "FINISHED",
    "20": "FINISHED",
    "24": "FINISHED",
    "28": "FINISHED"
  },
  "counts": {
    "submitted": 26685,
    "groups": 5809,
    "flush_timeout": 2889,
    "external_table_fallback_requests": 0,
    "gpu_completed_requests": 26685,
    "returned": 26685,
    "status_ok": 26685,
    "flush_all_waiting": 2920
  },
  "startup": {
    "reused": true,
    "build": {
      "nvrtc_path": "/srv/local/shengenli/miniforge3/envs/py11/lib/python3.11/site-packages/nvidia/cuda_nvrtc/lib/libnvrtc.so.12",
      "nvrtc_version": [
        12,
        1
      ],
      "flags": [
        "--std=c++14",
        "--gpu-architecture=compute_70",
        "--fmad=false",
        "--ftz=false",
        "--prec-div=true",
        "--prec-sqrt=true"
      ],
      "source_sha256": "53704657931ca96555becf35a05627609215cd6140491f6fd261454d26036af5",
      "ptx_sha256": "21bca9993d25d9ab086419c20fb6e218a7fa0429ebbff26735463c41d71f3ae9",
      "compile_and_load_s": 0.38004328310489655,
      "compiler_log": "",
      "device": "cuda:0",
      "device_name": "Tesla V100-SXM2-16GB",
      "capability": [
        7,
        0
      ]
    },
    "limits": {
      "max_requests": 32,
      "max_terms": 262144,
      "max_coefficients": 262144,
      "max_variables": 2048,
      "max_powers": 131072,
      "max_operations": 1048576,
      "max_outputs": 2048,
      "max_metadata_bytes": 67108864,
      "max_numeric_bytes": 67108864,
      "max_output_bytes": 134217728,
      "max_packet_bytes": 134217728
    },
    "stream": 125879869831488,
    "wall_s": 0.000179506
  },
  "packet_mode": true,
  "packet_limits": {
    "max_requests": 32,
    "max_terms": 262144,
    "max_coefficients": 262144,
    "max_variables": 2048,
    "max_powers": 131072,
    "max_operations": 1048576,
    "max_outputs": 2048,
    "max_metadata_bytes": 67108864,
    "max_numeric_bytes": 67108864,
    "max_output_bytes": 134217728,
    "max_packet_bytes": 134217728
  },
  "peak_rss_kib": 3036200,
  "rss_scope": "process lifetime high-water mark",
  "affinity": [
    2
  ],
  "torch_threads": 1,
  "torch_interop_threads": 1,
  "peak_gpu_allocated_bytes": 17920,
  "gpu_memory_scope": "process lifetime Torch allocator high-water mark",
  "torch_version": "2.5.1+cu121",
  "python": "3.11.15 | packaged by conda-forge | (main, Mar  5 2026, 16:45:40) [GCC 14.3.0]",
  "imported_core": "/srv/local/shengenli/live_gpu_packets_20260910T023603Z/repo/src/torch_tm_flowpipe/__init__.py",
  "source_sha": "1d870939fcdb72bd999730cf09de0b14d1cd71c4",
  "checkpoint": null,
  "partition_sha256": "717897f2b615832ce61be0d60c1aa59833ea896bcf1cfbebfb3771ba539cd6d0",
  "throughput": 1.2621997508079958,
  "cold_startup_outside_timing": {
    "reused": false,
    "build": {
      "nvrtc_path": "/srv/local/shengenli/miniforge3/envs/py11/lib/python3.11/site-packages/nvidia/cuda_nvrtc/lib/libnvrtc.so.12",
      "nvrtc_version": [
        12,
        1
      ],
      "flags": [
        "--std=c++14",
        "--gpu-architecture=compute_70",
        "--fmad=false",
        "--ftz=false",
        "--prec-div=true",
        "--prec-sqrt=true"
      ],
      "source_sha256": "53704657931ca96555becf35a05627609215cd6140491f6fd261454d26036af5",
      "ptx_sha256": "21bca9993d25d9ab086419c20fb6e218a7fa0429ebbff26735463c41d71f3ae9",
      "compile_and_load_s": 0.38004328310489655,
      "compiler_log": "",
      "device": "cuda:0",
      "device_name": "Tesla V100-SXM2-16GB",
      "capability": [
        7,
        0
      ]
    },
    "limits": {
      "max_requests": 32,
      "max_terms": 262144,
      "max_coefficients": 262144,
      "max_variables": 2048,
      "max_powers": 131072,
      "max_operations": 1048576,
      "max_outputs": 2048,
      "max_metadata_bytes": 67108864,
      "max_numeric_bytes": 67108864,
      "max_output_bytes": 134217728,
      "max_packet_bytes": 134217728
    },
    "primitive_bounds": [
      [
        "0x1.0000000000000p-1",
        "0x1.0000000000001p-1",
        "0x0.0p+0",
        "0x0.0000000000001p-1022"
      ],
      [
        "0x1.fffffffffffffp-2",
        "0x1.0000000000000p-1",
        "-0x0.0000000000001p-1022",
        "-0x0.0p+0"
      ],
      [
        "0x1.67e9c127b6e74p-531",
        "0x1.67e9c127b6e74p-531",
        "0x0.00000000007e8p-1022",
        "0x0.00000000007e9p-1022"
      ],
      [
        "-0x0.0p+0",
        "0x0.0p+0",
        "-0x0.00000000007e9p-1022",
        "-0x0.00000000007e8p-1022"
      ],
      [
        "0x1.0000000000000p+0",
        "0x1.0000000000001p+0",
        "0x0.0000000000001p-1022",
        "0x0.0000000000001p-1022"
      ],
      [
        "-0x0.0p+0",
        "0x0.0p+0",
        "-0x1.3e9e4e4c2f345p+199",
        "-0x1.3e9e4e4c2f344p+199"
      ]
    ],
    "pow3_bounds": [
      "0x1.a6c505176d241p+28",
      "0x1.a6c505176d243p+28"
    ],
    "scratch_after_self_test": {
      "capacity": {
        "metadata": 64,
        "numeric": 4,
        "output": 8
      },
      "device_allocation_operations": 3,
      "pinned_allocation_operations": 3,
      "cumulative_device_allocation_bytes": 608,
      "cumulative_pinned_allocation_bytes": 608,
      "current_device_capacity_bytes": 608,
      "current_pinned_capacity_bytes": 608
    },
    "stream": 125879869831648,
    "wall_s": 0.632781723
  },
  "serialization_s": 11.280331632122397,
  "files": {
    "lifecycle.jsonl.gz": "19eeae97b5e566cec442377d844dd9c8c711c3fcd46e15b6949372182142fa80",
    "run.json.gz": "eea5ed33d013243e5b9b5f62810a0954ec7589bb2491a21c277f43cd97d82893"
  }
}
