Step 0
AIRPLANE_PICARD	0	old_lo=-0.01	old_hi=0.01	base_lo=-0.0047330986333128924	base_hi=0.0047553912532975629	diff_lo=-6.0549042631604354e-18	diff_hi=8.2392564992872636e-18	new_lo=-0.0047330986333128985	new_hi=0.0047553912532975716	subset=1
AIRPLANE_PICARD	1	old_lo=-0.01	old_hi=0.01	base_lo=-0.0043748862695047732	base_hi=0.0043551785623999343	diff_lo=-7.5119054495272653e-18	diff_hi=5.9554999820576965e-18	new_lo=-0.004374886269504781	new_hi=0.0043551785623999403	subset=1
AIRPLANE_PICARD	2	old_lo=-0.01	old_hi=0.01	base_lo=-0.0026880163476804622	base_hi=0.0026572105855330367	diff_lo=-4.6424704358560877e-18	diff_hi=5.8262619266151046e-18	new_lo=-0.002688016347680467	new_hi=0.0026572105855330428	subset=1
AIRPLANE_PICARD	3	old_lo=-0.01	old_hi=0.01	base_lo=-0.00061173357208869276	base_hi=0.00061169256938295284	diff_lo=-2.8628488468740445e-19	diff_hi=2.4981128277090651e-18	new_lo=-0.00061173357208869309	new_hi=0.00061169256938295544	subset=1
AIRPLANE_PICARD	4	old_lo=-0.01	old_hi=0.01	base_lo=-0.00072795594327801025	base_hi=0.00073449029074443067	diff_lo=-8.1606943425072173e-19	diff_hi=9.5576879743930505e-18	new_lo=-0.00072795594327801111	new_hi=0.00073449029074444032	subset=1
AIRPLANE_PICARD	5	old_lo=-0.01	old_hi=0.01	base_lo=-0.00070050122878107554	base_hi=0.00070733867839353401	diff_lo=-8.1548656716279332e-19	diff_hi=5.186934215473117e-18	new_lo=-0.00070050122878107641	new_hi=0.00070733867839353922	subset=1
AIRPLANE_PICARD	6	old_lo=-0.01	old_hi=0.01	base_lo=-0.00037776141800076703	base_hi=0.00037730177457428435	diff_lo=-4.498354813642359e-20	diff_hi=4.498354813642359e-20	new_lo=-0.00037776141800076709	new_hi=0.0003773017745742844	subset=1
AIRPLANE_PICARD	7	old_lo=-0.01	old_hi=0.01	base_lo=-0.000355595888027142	base_hi=0.0003554738696023763	diff_lo=-5.8633653488016098e-20	diff_hi=5.9154070530809131e-20	new_lo=-0.00035559588802714211	new_hi=0.00035547386960237641	subset=1
AIRPLANE_PICARD	8	old_lo=-0.01	old_hi=0.01	base_lo=-0.0003148727965065158	base_hi=0.00031454325470383151	diff_lo=-5.1391182975812926e-20	diff_hi=5.5554519318157268e-20	new_lo=-0.00031487279650651586	new_hi=0.00031454325470383162	subset=1
AIRPLANE_PICARD	9	old_lo=-0.01	old_hi=0.01	base_lo=-0.0001	base_hi=0.0001	diff_lo=0	diff_hi=0	new_lo=-0.0001	new_hi=0.0001	subset=1
AIRPLANE_PICARD	10	old_lo=-0.01	old_hi=0.01	base_lo=-0.0001	base_hi=0.0001	diff_lo=0	diff_hi=0	new_lo=-0.0001	new_hi=0.0001	subset=1
AIRPLANE_PICARD	11	old_lo=-0.01	old_hi=0.01	base_lo=-0.0001	base_hi=0.0001	diff_lo=0	diff_hi=0	new_lo=-0.0001	new_hi=0.0001	subset=1
AIRPLANE_PICARD	12	old_lo=-0.01	old_hi=0.01	base_lo=-0	base_hi=0	diff_lo=0	diff_hi=0	new_lo=-0	new_hi=0	subset=1
AIRPLANE_PICARD	13	old_lo=-0.01	old_hi=0.01	base_lo=-0	base_hi=0	diff_lo=0	diff_hi=0	new_lo=-0	new_hi=0	subset=1
AIRPLANE_PICARD	14	old_lo=-0.01	old_hi=0.01	base_lo=-0	base_hi=0	diff_lo=0	diff_hi=0	new_lo=-0	new_hi=0	subset=1
AIRPLANE_PICARD	15	old_lo=-0.01	old_hi=0.01	base_lo=-0	base_hi=0	diff_lo=0	diff_hi=0	new_lo=-0	new_hi=0	subset=1
AIRPLANE_PICARD	16	old_lo=-0.01	old_hi=0.01	base_lo=-0	base_hi=0	diff_lo=0	diff_hi=0	new_lo=-0	new_hi=0	subset=1
AIRPLANE_PICARD	17	old_lo=-0.01	old_hi=0.01	base_lo=-0	base_hi=0	diff_lo=0	diff_hi=0	new_lo=-0	new_hi=0	subset=1
AIRPLANE_PICARD	18	old_lo=-0.01	old_hi=0.01	base_lo=-0	base_hi=0	diff_lo=0	diff_hi=0	new_lo=-0	new_hi=0	subset=1
PERIOD 0 FLOWPIPES 1 STATUS 3 BOX_SAFE 0
DIAGNOSTIC_COMPLETED_CALLS 0/1
FLOWPIPE_SEGMENTS 1
UNKNOWN
time cost: 0.787000
