Step 0
AIRPLANE_PICARD	0	old_lo=-0.01	old_hi=0.01	base_lo=-0.0063732258980910396	base_hi=0.0063482264952634451	diff_lo=-5.1707099250434678e-18	diff_hi=4.3987626041630573e-18	new_lo=-0.0063732258980910448	new_hi=0.0063482264952634503	subset=1
AIRPLANE_PICARD	1	old_lo=-0.01	old_hi=0.01	base_lo=-0.006504176593775615	base_hi=0.0065082458895585867	diff_lo=-4.8569019176862161e-18	diff_hi=5.470995762905483e-18	new_lo=-0.0065041765937756202	new_hi=0.0065082458895585928	subset=1
AIRPLANE_PICARD	2	old_lo=-0.01	old_hi=0.01	base_lo=-0.0032871504998615037	base_hi=0.0032373164817200949	diff_lo=-2.3840379901699905e-18	diff_hi=3.4658075021010177e-18	new_lo=-0.0032871504998615063	new_hi=0.0032373164817200983	subset=1
AIRPLANE_PICARD	3	old_lo=-0.01	old_hi=0.01	base_lo=-0.00092772056145700441	base_hi=0.00092753091665841918	diff_lo=-2.8667346274602326e-19	diff_hi=2.4980018054066025e-18	new_lo=-0.00092772056145700474	new_hi=0.00092753091665842178	subset=1
AIRPLANE_PICARD	4	old_lo=-0.01	old_hi=0.01	base_lo=-0.00095265230890812956	base_hi=0.00095508932857290728	diff_lo=-1.7615145453397937e-18	diff_hi=6.6790670216754237e-19	new_lo=-0.0009526523089081314	new_hi=0.00095508932857290803	subset=1
AIRPLANE_PICARD	5	old_lo=-0.01	old_hi=0.01	base_lo=-0.00080947550968922012	base_hi=0.00081856566207029805	diff_lo=-2.9092700470911845e-19	diff_hi=1.7915370575938289e-17	new_lo=-0.00080947550968922045	new_hi=0.00081856566207031604	subset=1
AIRPLANE_PICARD	6	old_lo=-0.01	old_hi=0.01	base_lo=-0.00047813538183713583	base_hi=0.00047737364845576777	diff_lo=-7.5200262683594611e-20	diff_hi=8.0751377806720396e-20	new_lo=-0.00047813538183713594	new_hi=0.00047737364845576788	subset=1
AIRPLANE_PICARD	7	old_lo=-0.01	old_hi=0.01	base_lo=-0.00043577945239082306	base_hi=0.00043562813918671529	diff_lo=-1.1587952819525076e-19	diff_hi=1.0963452368173424e-19	new_lo=-0.00043577945239082322	new_hi=0.00043562813918671545	subset=1
AIRPLANE_PICARD	8	old_lo=-0.01	old_hi=0.01	base_lo=-0.00038056996700438215	base_hi=0.00037974369390141787	diff_lo=-7.5113526509795768e-20	diff_hi=8.0664641632921565e-20	new_lo=-0.00038056996700438226	new_hi=0.00037974369390141797	subset=1
AIRPLANE_PICARD	9	old_lo=-0.01	old_hi=0.01	base_lo=-0.0001	base_hi=0.0001	diff_lo=0	diff_hi=0	new_lo=-0.0001	new_hi=0.0001	subset=1
AIRPLANE_PICARD	10	old_lo=-0.01	old_hi=0.01	base_lo=-0.0001	base_hi=0.0001	diff_lo=0	diff_hi=0	new_lo=-0.0001	new_hi=0.0001	subset=1
AIRPLANE_PICARD	11	old_lo=-0.01	old_hi=0.01	base_lo=-0.0001	base_hi=0.0001	diff_lo=0	diff_hi=0	new_lo=-0.0001	new_hi=0.0001	subset=1
AIRPLANE_PICARD	12	old_lo=-0.01	old_hi=0.01	base_lo=-0	base_hi=0	diff_lo=0	diff_hi=0	new_lo=-0	new_hi=0	subset=1
AIRPLANE_PICARD	13	old_lo=-0.01	old_hi=0.01	base_lo=-0	base_hi=0	diff_lo=0	diff_hi=0	new_lo=-0	new_hi=0	subset=1
AIRPLANE_PICARD	14	old_lo=-0.01	old_hi=0.01	base_lo=-0	base_hi=0	diff_lo=0	diff_hi=0	new_lo=-0	new_hi=0	subset=1
AIRPLANE_PICARD	15	old_lo=-0.01	old_hi=0.01	base_lo=-0	base_hi=0	diff_lo=0	diff_hi=0	new_lo=-0	new_hi=0	subset=1
AIRPLANE_PICARD	16	old_lo=-0.01	old_hi=0.01	base_lo=-0	base_hi=0	diff_lo=0	diff_hi=0	new_lo=-0	new_hi=0	subset=1
AIRPLANE_PICARD	17	old_lo=-0.01	old_hi=0.01	base_lo=-0	base_hi=0	diff_lo=0	diff_hi=0	new_lo=-0	new_hi=0	subset=1
AIRPLANE_PICARD	18	old_lo=-0.01	old_hi=0.01	base_lo=-0	base_hi=0	diff_lo=0	diff_hi=0	new_lo=-0	new_hi=0	subset=1
PERIOD 0 FLOWPIPES 1 STATUS 3 BOX_SAFE 0
DIAGNOSTIC_COMPLETED_CALLS 0/1
FLOWPIPE_SEGMENTS 1
UNKNOWN
time cost: 0.822000
