Step 0
Step 1
Step 2
Step 3
Step 4
Step 5
Step 6
Step 7
Step 8
Step 9
Step 10
Step 11
Step 12
Step 13
Step 14
Step 15
Step 16
Step 17
Step 18
Step 19
Step 20
Step 21
Step 22
Step 23
Step 24
Step 25
Step 26
Step 27
Step 28
Step 29
Step 30
Step 31
Step 32
Step 33
Step 34
Step 35
Step 36
Step 37
Step 38
Step 39
Step 40
Step 41
Step 42
Step 43
Step 44
Step 45
Step 46
Step 47
Step 48
Step 49
VERIFIED
HULL x1 -3.37413636451 3.2707143922
HULL x2 -3.22162677575 3.58470362781
HULL x3 0.967434441417 1.01517625838
HULL x4 -0.762933092441 0.707689970662
HULL x5 -0.689917132401 0.856371360248
HULL x6 -0.071184198497 0.0489515831739
HULL x7 -0.00177105984685 0.00579442396199
HULL x8 -0.00206098642157 0.00388628948712
HULL x9 -0.00223145774898 0.00223333027255
HULL x10 -0.0424568042448 0.0425258946331
HULL x11 -0.0349855067083 0.035115838866
HULL x12 -0 0
HULL t 5 5
HULL u1 -0.198135662885 0.307351215405
HULL u2 -0.0473691127609 0.0473417093087
HULL u3 -0.039065636605 0.0390341167935
time cost: 103.685875
