Step 0
AIRPLANE_PICARD	0	old_lo=-0.01	old_hi=0.01	base_lo=-0.0054244358602394778	base_hi=0.0054119020393733229	diff_lo=-6.6705529988553347e-18	diff_hi=6.8968881531776159e-18	new_lo=-0.0054244358602394847	new_hi=0.0054119020393733298	subset=1
AIRPLANE_PICARD	1	old_lo=-0.01	old_hi=0.01	base_lo=-0.0054945578094380641	base_hi=0.0055200261720139508	diff_lo=-6.9287168595148392e-18	diff_hi=7.939611930870203e-18	new_lo=-0.005494557809438071	new_hi=0.0055200261720139594	subset=1
AIRPLANE_PICARD	2	old_lo=-0.01	old_hi=0.01	base_lo=-0.0030104830869552603	base_hi=0.00297409646401873	diff_lo=-5.1397034776338585e-18	diff_hi=3.3120173270617694e-18	new_lo=-0.0030104830869552655	new_hi=0.0029740964640187335	subset=1
AIRPLANE_PICARD	3	old_lo=-0.01	old_hi=0.01	base_lo=-0.00078543930751933169	base_hi=0.00078531388836784548	diff_lo=-2.9182212202272251e-19	diff_hi=9.2051366529233307e-18	new_lo=-0.00078543930751933202	new_hi=0.0007853138883678547	subset=1
AIRPLANE_PICARD	4	old_lo=-0.01	old_hi=0.01	base_lo=-0.00074945106472814325	base_hi=0.00075445698734683908	diff_lo=-1.0928757898653887e-18	diff_hi=5.4997395526612557e-18	new_lo=-0.00074945106472814444	new_hi=0.00075445698734684461	subset=1
AIRPLANE_PICARD	5	old_lo=-0.01	old_hi=0.01	base_lo=-0.00087528245938358143	base_hi=0.00088027255740815488	diff_lo=-1.8157197967383358e-17	diff_hi=5.3518300902055692e-19	new_lo=-0.00087528245938359964	new_hi=0.00088027255740815542	subset=1
AIRPLANE_PICARD	6	old_lo=-0.01	old_hi=0.01	base_lo=-0.0013107594779085659	base_hi=0.0012817920336014839	diff_lo=-2.4008572907519019e-19	diff_hi=1.8457457784393231e-19	new_lo=-0.0013107594779085663	new_hi=0.0012817920336014841	subset=1
AIRPLANE_PICARD	7	old_lo=-0.01	old_hi=0.01	base_lo=-0.00097436725655152456	base_hi=0.00096571649811215377	diff_lo=-1.1934897514720438e-19	diff_hi=1.3600232051658172e-19	new_lo=-0.00097436725655152478	new_hi=0.00096571649811215399	subset=1
AIRPLANE_PICARD	8	old_lo=-0.01	old_hi=0.01	base_lo=-0.00091813201494281901	base_hi=0.00088705183558903484	diff_lo=-2.1926904736346849e-19	diff_hi=1.8596235662471377e-19	new_lo=-0.00091813201494281933	new_hi=0.00088705183558903506	subset=1
AIRPLANE_PICARD	9	old_lo=-0.01	old_hi=0.01	base_lo=-0.0001	base_hi=0.0001	diff_lo=0	diff_hi=0	new_lo=-0.0001	new_hi=0.0001	subset=1
AIRPLANE_PICARD	10	old_lo=-0.01	old_hi=0.01	base_lo=-0.0001	base_hi=0.0001	diff_lo=0	diff_hi=0	new_lo=-0.0001	new_hi=0.0001	subset=1
AIRPLANE_PICARD	11	old_lo=-0.01	old_hi=0.01	base_lo=-0.0001	base_hi=0.0001	diff_lo=0	diff_hi=0	new_lo=-0.0001	new_hi=0.0001	subset=1
AIRPLANE_PICARD	12	old_lo=-0.01	old_hi=0.01	base_lo=-0	base_hi=0	diff_lo=0	diff_hi=0	new_lo=-0	new_hi=0	subset=1
AIRPLANE_PICARD	13	old_lo=-0.01	old_hi=0.01	base_lo=-0	base_hi=0	diff_lo=0	diff_hi=0	new_lo=-0	new_hi=0	subset=1
AIRPLANE_PICARD	14	old_lo=-0.01	old_hi=0.01	base_lo=-0	base_hi=0	diff_lo=0	diff_hi=0	new_lo=-0	new_hi=0	subset=1
AIRPLANE_PICARD	15	old_lo=-0.01	old_hi=0.01	base_lo=-0	base_hi=0	diff_lo=0	diff_hi=0	new_lo=-0	new_hi=0	subset=1
AIRPLANE_PICARD	16	old_lo=-0.01	old_hi=0.01	base_lo=-0	base_hi=0	diff_lo=0	diff_hi=0	new_lo=-0	new_hi=0	subset=1
AIRPLANE_PICARD	17	old_lo=-0.01	old_hi=0.01	base_lo=-0	base_hi=0	diff_lo=0	diff_hi=0	new_lo=-0	new_hi=0	subset=1
AIRPLANE_PICARD	18	old_lo=-0.01	old_hi=0.01	base_lo=-0	base_hi=0	diff_lo=0	diff_hi=0	new_lo=-0	new_hi=0	subset=1
PERIOD 0 FLOWPIPES 1 STATUS 3 BOX_SAFE 0
DIAGNOSTIC_COMPLETED_CALLS 0/1
FLOWPIPE_SEGMENTS 1
UNKNOWN
time cost: 0.804000
