Step 0
AIRPLANE_PICARD	0	old_lo=-0.01	old_hi=0.01	base_lo=-0.0049739526113220175	base_hi=0.0049605070925256844	diff_lo=-4.935070870478365e-18	diff_hi=5.6455673469457748e-18	new_lo=-0.0049739526113220228	new_hi=0.0049605070925256905	subset=1
AIRPLANE_PICARD	1	old_lo=-0.01	old_hi=0.01	base_lo=-0.0050502274764530905	base_hi=0.0050668292561833837	diff_lo=-4.7383324116208852e-18	diff_hi=4.681387222316153e-18	new_lo=-0.0050502274764530957	new_hi=0.0050668292561833889	subset=1
AIRPLANE_PICARD	2	old_lo=-0.01	old_hi=0.01	base_lo=-0.0028386731540643332	base_hi=0.0027984889820902512	diff_lo=-3.4486533998882413e-18	diff_hi=2.4990981506434213e-18	new_lo=-0.0028386731540643367	new_hi=0.0027984889820902538	subset=1
AIRPLANE_PICARD	3	old_lo=-0.01	old_hi=0.01	base_lo=-0.00071879189786150746	base_hi=0.00071866995598142381	diff_lo=-2.8077540292770214e-19	diff_hi=9.1953666903066304e-18	new_lo=-0.00071879189786150778	new_hi=0.00071866995598143303	subset=1
AIRPLANE_PICARD	4	old_lo=-0.01	old_hi=0.01	base_lo=-0.00073962770290619004	base_hi=0.00074462859721330203	diff_lo=-1.0933198790752388e-18	diff_hi=5.4992954634514052e-18	new_lo=-0.00073962770290619123	new_hi=0.00074462859721330756	subset=1
AIRPLANE_PICARD	5	old_lo=-0.01	old_hi=0.01	base_lo=-0.00081477648202286012	base_hi=0.00081977529811781615	diff_lo=-1.814887129469867e-17	diff_hi=5.2130522121274245e-19	new_lo=-0.00081477648202287834	new_hi=0.00081977529811781669	subset=1
AIRPLANE_PICARD	6	old_lo=-0.01	old_hi=0.01	base_lo=-0.0012815221389412303	base_hi=0.0012536620344711046	diff_lo=-2.7339241981394493e-19	diff_hi=2.2898349882893864e-19	new_lo=-0.0012815221389412307	new_hi=0.001253662034471105	subset=1
AIRPLANE_PICARD	7	old_lo=-0.01	old_hi=0.01	base_lo=-0.00095193050992507344	base_hi=0.00094361941893777795	diff_lo=-1.02695629777827e-19	diff_hi=1.02695629777827e-19	new_lo=-0.00095193050992507355	new_hi=0.00094361941893777806	subset=1
AIRPLANE_PICARD	8	old_lo=-0.01	old_hi=0.01	base_lo=-0.00089866764771259875	base_hi=0.00086856540160232568	diff_lo=-2.1094237467877981e-19	diff_hi=1.4432899320127042e-19	new_lo=-0.00089866764771259896	new_hi=0.0008685654016023259	subset=1
AIRPLANE_PICARD	9	old_lo=-0.01	old_hi=0.01	base_lo=-0.0001	base_hi=0.0001	diff_lo=0	diff_hi=0	new_lo=-0.0001	new_hi=0.0001	subset=1
AIRPLANE_PICARD	10	old_lo=-0.01	old_hi=0.01	base_lo=-0.0001	base_hi=0.0001	diff_lo=0	diff_hi=0	new_lo=-0.0001	new_hi=0.0001	subset=1
AIRPLANE_PICARD	11	old_lo=-0.01	old_hi=0.01	base_lo=-0.0001	base_hi=0.0001	diff_lo=0	diff_hi=0	new_lo=-0.0001	new_hi=0.0001	subset=1
AIRPLANE_PICARD	12	old_lo=-0.01	old_hi=0.01	base_lo=-0	base_hi=0	diff_lo=0	diff_hi=0	new_lo=-0	new_hi=0	subset=1
AIRPLANE_PICARD	13	old_lo=-0.01	old_hi=0.01	base_lo=-0	base_hi=0	diff_lo=0	diff_hi=0	new_lo=-0	new_hi=0	subset=1
AIRPLANE_PICARD	14	old_lo=-0.01	old_hi=0.01	base_lo=-0	base_hi=0	diff_lo=0	diff_hi=0	new_lo=-0	new_hi=0	subset=1
AIRPLANE_PICARD	15	old_lo=-0.01	old_hi=0.01	base_lo=-0	base_hi=0	diff_lo=0	diff_hi=0	new_lo=-0	new_hi=0	subset=1
AIRPLANE_PICARD	16	old_lo=-0.01	old_hi=0.01	base_lo=-0	base_hi=0	diff_lo=0	diff_hi=0	new_lo=-0	new_hi=0	subset=1
AIRPLANE_PICARD	17	old_lo=-0.01	old_hi=0.01	base_lo=-0	base_hi=0	diff_lo=0	diff_hi=0	new_lo=-0	new_hi=0	subset=1
AIRPLANE_PICARD	18	old_lo=-0.01	old_hi=0.01	base_lo=-0	base_hi=0	diff_lo=0	diff_hi=0	new_lo=-0	new_hi=0	subset=1
PERIOD 0 FLOWPIPES 1 STATUS 3 BOX_SAFE 0
DIAGNOSTIC_COMPLETED_CALLS 0/1
FLOWPIPE_SEGMENTS 1
UNKNOWN
time cost: 0.807000
