Step 0
AIRPLANE_PICARD	0	old_lo=-0.01	old_hi=0.01	base_lo=-0.0055541773544248571	base_hi=0.0055516267140790481	diff_lo=-8.1333921079599839e-18	diff_hi=7.259172429829882e-18	new_lo=-0.0055541773544248657	new_hi=0.0055516267140790559	subset=1
AIRPLANE_PICARD	1	old_lo=-0.01	old_hi=0.01	base_lo=-0.0056343256658373869	base_hi=0.0056661695468917779	diff_lo=-9.408309779394383e-18	diff_hi=8.2966989759884411e-18	new_lo=-0.0056343256658373964	new_hi=0.0056661695468917866	subset=1
AIRPLANE_PICARD	2	old_lo=-0.01	old_hi=0.01	base_lo=-0.0030692576991619164	base_hi=0.0030363846775682225	diff_lo=-6.3036798003679507e-18	diff_hi=4.2786561330980103e-18	new_lo=-0.0030692576991619229	new_hi=0.0030363846775682268	subset=1
AIRPLANE_PICARD	3	old_lo=-0.01	old_hi=0.01	base_lo=-0.00077668950610993597	base_hi=0.0007765557638782501	diff_lo=-2.9137803281287244e-19	diff_hi=9.2060248313430317e-18	new_lo=-0.0007766895061099363	new_hi=0.00077655576387825932	subset=1
AIRPLANE_PICARD	4	old_lo=-0.01	old_hi=0.01	base_lo=-0.000794235565365271	base_hi=0.00079924043211857291	diff_lo=-1.1046441539264155e-18	diff_hi=5.5117854724784391e-18	new_lo=-0.00079423556536527219	new_hi=0.00079924043211857844	subset=1
AIRPLANE_PICARD	5	old_lo=-0.01	old_hi=0.01	base_lo=-0.00092422841285433972	base_hi=0.00092921839945200196	diff_lo=-4.2649217490975401e-19	diff_hi=9.4423913132857298e-18	new_lo=-0.00092422841285434015	new_hi=0.0009292183994520115	subset=1
AIRPLANE_PICARD	6	old_lo=-0.01	old_hi=0.01	base_lo=-0.0013001177292973722	base_hi=0.0012712794551751631	diff_lo=-2.6506574712925625e-19	diff_hi=2.3175905639050157e-19	new_lo=-0.0013001177292973726	new_hi=0.0012712794551751636	subset=1
AIRPLANE_PICARD	7	old_lo=-0.01	old_hi=0.01	base_lo=-0.00096533692223334038	base_hi=0.00095644518606961056	diff_lo=-1.3322676295501882e-19	diff_hi=1.2767564783189302e-19	new_lo=-0.0009653369222333406	new_hi=0.00095644518606961078	subset=1
AIRPLANE_PICARD	8	old_lo=-0.01	old_hi=0.01	base_lo=-0.00091011502309364133	base_hi=0.00087958716868596497	diff_lo=-2.2204460492503136e-19	diff_hi=1.5543122344752196e-19	new_lo=-0.00091011502309364166	new_hi=0.00087958716868596519	subset=1
AIRPLANE_PICARD	9	old_lo=-0.01	old_hi=0.01	base_lo=-0.0001	base_hi=0.0001	diff_lo=0	diff_hi=0	new_lo=-0.0001	new_hi=0.0001	subset=1
AIRPLANE_PICARD	10	old_lo=-0.01	old_hi=0.01	base_lo=-0.0001	base_hi=0.0001	diff_lo=0	diff_hi=0	new_lo=-0.0001	new_hi=0.0001	subset=1
AIRPLANE_PICARD	11	old_lo=-0.01	old_hi=0.01	base_lo=-0.0001	base_hi=0.0001	diff_lo=0	diff_hi=0	new_lo=-0.0001	new_hi=0.0001	subset=1
AIRPLANE_PICARD	12	old_lo=-0.01	old_hi=0.01	base_lo=-0	base_hi=0	diff_lo=0	diff_hi=0	new_lo=-0	new_hi=0	subset=1
AIRPLANE_PICARD	13	old_lo=-0.01	old_hi=0.01	base_lo=-0	base_hi=0	diff_lo=0	diff_hi=0	new_lo=-0	new_hi=0	subset=1
AIRPLANE_PICARD	14	old_lo=-0.01	old_hi=0.01	base_lo=-0	base_hi=0	diff_lo=0	diff_hi=0	new_lo=-0	new_hi=0	subset=1
AIRPLANE_PICARD	15	old_lo=-0.01	old_hi=0.01	base_lo=-0	base_hi=0	diff_lo=0	diff_hi=0	new_lo=-0	new_hi=0	subset=1
AIRPLANE_PICARD	16	old_lo=-0.01	old_hi=0.01	base_lo=-0	base_hi=0	diff_lo=0	diff_hi=0	new_lo=-0	new_hi=0	subset=1
AIRPLANE_PICARD	17	old_lo=-0.01	old_hi=0.01	base_lo=-0	base_hi=0	diff_lo=0	diff_hi=0	new_lo=-0	new_hi=0	subset=1
AIRPLANE_PICARD	18	old_lo=-0.01	old_hi=0.01	base_lo=-0	base_hi=0	diff_lo=0	diff_hi=0	new_lo=-0	new_hi=0	subset=1
PERIOD 0 FLOWPIPES 1 STATUS 3 BOX_SAFE 0
DIAGNOSTIC_COMPLETED_CALLS 0/1
FLOWPIPE_SEGMENTS 1
UNKNOWN
time cost: 0.802000
