2026-08-14T01:44:23+00:00
Linux huan-c4140-server-3 7.0.0-29-generic #29-Ubuntu SMP PREEMPT_DYNAMIC Fri Jul 17 20:52:35 UTC 2026 x86_64 GNU/Linux

     active environment : py11
    active env location : /srv/local/shengenli/miniforge3/envs/py11
            shell level : 4
       user config file : /home/shengenli/.condarc
 populated config files : /srv/local/shengenli/miniforge3/.condarc
          conda version : 26.5.3
    conda-build version : not installed
         python version : 3.13.13.final.0
                 solver : libmamba (default)
       virtual packages : __archspec=1=skylake_avx512
                          __conda=26.5.3=0
                          __cuda=13.0=0
                          __glibc=2.43=0
                          __linux=7.0.0=0
                          __unix=0=0
       base environment : /srv/local/shengenli/miniforge3  (writable)
      conda av data dir : /srv/local/shengenli/miniforge3/etc/conda
  conda av metadata url : None
           channel URLs : https://conda.anaconda.org/conda-forge/linux-64
                          https://conda.anaconda.org/conda-forge/noarch
          package cache : /srv/local/shengenli/miniforge3/pkgs
                          /home/shengenli/.conda/pkgs
       envs directories : /srv/local/shengenli/miniforge3/envs
                          /home/shengenli/.conda/envs
    temporary directory : /tmp
               platform : linux-64
             user-agent : conda/26.5.3 requests/2.34.1 CPython/3.13.13 Linux/7.0.0-29-generic ubuntu/26.04 glibc/2.43 solver/libmamba conda-libmamba-solver/26.4.2 libmambapy/2.6.0
                UID:GID : 1061:1061
             netrc file : None
           offline mode : False

# packages in environment at /srv/local/shengenli/miniforge3/envs/py11:
#
# Name                       Version           Build                 Channel
_openmp_mutex                4.5               20_gnu                conda-forge
absl-py                      2.4.0             pypi_0                pypi
aiohappyeyeballs             2.6.2             pypi_0                pypi
aiohttp                      3.13.5            pypi_0                pypi
aiosignal                    1.4.0             pypi_0                pypi
alsa-lib                     1.2.15.3          hb03c661_0            conda-forge
annotated-types              0.7.0             pypi_0                pypi
antlr4-python3-runtime       4.9.3             pypi_0                pypi
anyio                        4.13.0            pypi_0                pypi
appdirs                      1.4.4             pypi_0                pypi
argon2-cffi                  25.1.0            pypi_0                pypi
argon2-cffi-bindings         25.1.0            pypi_0                pypi
arrow                        1.4.0             pypi_0                pypi
astroid                      4.0.4             pypi_0                pypi
asttokens                    3.0.1             pypi_0                pypi
async-lru                    2.3.0             pypi_0                pypi
attrs                        26.1.0            pypi_0                pypi
auto-lirpa                   0.7.0             pypi_0                pypi
babel                        2.18.0            pypi_0                pypi
beautifulsoup4               4.14.3            pypi_0                pypi
black                        26.5.1            pypi_0                pypi
bleach                       6.3.0             pypi_0                pypi
blosc2                       4.3.3             pypi_0                pypi
bzip2                        1.0.8             hda65f42_9            conda-forge
ca-certificates              2026.5.20         hbd8a1cb_0            conda-forge
cairo                        1.18.4            he90730b_1            conda-forge
certifi                      2026.5.20         pypi_0                pypi
cffi                         2.0.0             pypi_0                pypi
charset-normalizer           3.4.7             pypi_0                pypi
clarabel                     0.11.1            pypi_0                pypi
click                        8.4.1             pypi_0                pypi
comm                         0.2.3             pypi_0                pypi
contourpy                    1.3.3             pypi_0                pypi
cvxpy                        1.9.0             pypi_0                pypi
cycler                       0.12.1            pypi_0                pypi
cyrus-sasl                   2.1.28            hac629b4_1            conda-forge
dbus                         1.16.2            h24cb091_1            conda-forge
debugpy                      1.8.20            pypi_0                pypi
decorator                    5.3.1             pypi_0                pypi
defusedxml                   0.7.1             pypi_0                pypi
dill                         0.4.1             pypi_0                pypi
executing                    2.2.1             pypi_0                pypi
fastjsonschema               2.21.2            pypi_0                pypi
filelock                     3.29.0            pypi_0                pypi
flake8                       7.3.0             pypi_0                pypi
font-ttf-dejavu-sans-mono    2.37              hab24e00_0            conda-forge
font-ttf-inconsolata         3.000             h77eed37_0            conda-forge
font-ttf-source-code-pro     2.038             h77eed37_0            conda-forge
font-ttf-ubuntu              0.83              h77eed37_3            conda-forge
fontconfig                   2.18.0            h27c8c51_0            conda-forge
fonts-conda-ecosystem        1                 0                     conda-forge
fonts-conda-forge            1                 hc364b38_1            conda-forge
fonttools                    4.63.0            pypi_0                pypi
fqdn                         1.5.1             pypi_0                pypi
fribidi                      1.0.16            hb03c661_0            conda-forge
frozenlist                   1.8.0             pypi_0                pypi
fsspec                       2026.4.0          pypi_0                pypi
gitdb                        4.0.12            pypi_0                pypi
gitpython                    3.1.50            pypi_0                pypi
glib                         2.88.1            hd810c12_2            conda-forge
glib-tools                   2.88.1            hee1de02_2            conda-forge
gnuplot                      6.0.4             h0aae9d4_0            conda-forge
graphite2                    1.3.14            hecca717_2            conda-forge
graphviz                     0.21              pypi_0                pypi
grpcio                       1.80.0            pypi_0                pypi
gst-plugins-base             1.26.11           h6d08254_0            conda-forge
gstreamer                    1.26.11           h29cf534_0            conda-forge
gurobipy                     13.0.2            pypi_0                pypi
h11                          0.16.0            pypi_0                pypi
h5py                         3.16.0            pypi_0                pypi
harfbuzz                     14.2.0            h6083320_0            conda-forge
highspy                      1.14.0            pypi_0                pypi
httpcore                     1.0.9             pypi_0                pypi
httpx                        0.28.1            pypi_0                pypi
hydra-core                   1.3.2             pypi_0                pypi
icu                          78.3              h33c6efd_0            conda-forge
idna                         3.16              pypi_0                pypi
iniconfig                    2.3.0             pypi_0                pypi
ipykernel                    7.2.0             pypi_0                pypi
ipython                      9.13.0            pypi_0                pypi
ipython-pygments-lexers      1.1.1             pypi_0                pypi
ipywidgets                   8.1.8             pypi_0                pypi
isoduration                  20.11.0           pypi_0                pypi
isort                        8.0.1             pypi_0                pypi
jedi                         0.20.0            pypi_0                pypi
jinja2                       3.1.6             pypi_0                pypi
joblib                       1.5.3             pypi_0                pypi
json5                        0.14.0            pypi_0                pypi
jsonpointer                  3.1.1             pypi_0                pypi
jsonschema                   4.26.0            pypi_0                pypi
jsonschema-specifications    2025.9.1          pypi_0                pypi
jupyter                      1.1.1             pypi_0                pypi
jupyter-client               8.8.0             pypi_0                pypi
jupyter-console              6.6.3             pypi_0                pypi
jupyter-core                 5.9.1             pypi_0                pypi
jupyter-events               0.12.1            pypi_0                pypi
jupyter-lsp                  2.3.1             pypi_0                pypi
jupyter-server               2.18.2            pypi_0                pypi
jupyter-server-terminals     0.5.4             pypi_0                pypi
jupyterlab                   4.5.7             pypi_0                pypi
jupyterlab-pygments          0.3.0             pypi_0                pypi
jupyterlab-server            2.28.0            pypi_0                pypi
jupyterlab-widgets           3.0.16            pypi_0                pypi
keyutils                     1.6.3             hb9d3cd8_0            conda-forge
kiwisolver                   1.5.0             pypi_0                pypi
krb5                         1.22.2            ha1258a1_0            conda-forge
lame                         3.100             h166bdaf_1003         conda-forge
lark                         1.3.1             pypi_0                pypi
ld_impl_linux-64             2.45.1            default_hbd61a6d_102  conda-forge
lerc                         4.1.0             hdb68285_0            conda-forge
libcap                       2.78              hd0affe5_0            conda-forge
libclang-cpp22.1             22.1.6            default_h99862b1_1    conda-forge
libclang13                   22.1.6            default_h746c552_1    conda-forge
libcups                      2.3.3             h7a8fb5f_6            conda-forge
libdeflate                   1.25              h17f619e_0            conda-forge
libdrm                       2.4.127           hb03c661_0            conda-forge
libedit                      3.1.20250104      pl5321h7949ede_0      conda-forge
libegl                       1.7.0             ha4b6fd6_3            conda-forge
libevent                     2.1.12            hf998b51_1            conda-forge
libexpat                     2.8.1             hecca717_0            conda-forge
libffi                       3.5.2             h3435931_0            conda-forge
libflac                      1.5.0             he200343_1            conda-forge
libfreetype                  2.14.3            ha770c72_0            conda-forge
libfreetype6                 2.14.3            h73754d4_0            conda-forge
libgcc                       15.2.0            he0feb66_19           conda-forge
libgcc-ng                    15.2.0            h69a702a_19           conda-forge
libgd                        2.3.3             h5fbf134_12           conda-forge
libgl                        1.7.0             ha4b6fd6_3            conda-forge
libglib                      2.88.1            h0d30a3d_2            conda-forge
libglvnd                     1.7.0             ha4b6fd6_3            conda-forge
libglx                       1.7.0             ha4b6fd6_3            conda-forge
libgomp                      15.2.0            he0feb66_19           conda-forge
libiconv                     1.18              h3b78370_2            conda-forge
libjpeg-turbo                3.1.4.1           hb03c661_0            conda-forge
libllvm22                    22.1.6            hf7376ad_0            conda-forge
liblzma                      5.8.3             hb03c661_0            conda-forge
libnsl                       2.0.1             hb9d3cd8_1            conda-forge
libntlm                      1.8               hb9d3cd8_0            conda-forge
libogg                       1.3.5             hd0c01bc_1            conda-forge
libopus                      1.6.1             h280c20c_0            conda-forge
libpciaccess                 0.19              hb03c661_0            conda-forge
libpng                       1.6.58            h421ea60_0            conda-forge
libpq                        18.4              hd5a49e9_0            conda-forge
libsndfile                   1.2.2             hc7d488a_2            conda-forge
libsqlite                    3.53.1            h0c1763c_0            conda-forge
libstdcxx                    15.2.0            h934c35e_19           conda-forge
libsystemd0                  260.2             h6f4a2f1_1            conda-forge
libtiff                      4.7.1             h9d88235_1            conda-forge
libuuid                      2.42.1            h5347b49_0            conda-forge
libvorbis                    1.3.7             h54a6638_2            conda-forge
libwebp-base                 1.6.0             hd42ef1d_0            conda-forge
libxcb                       1.17.0            h8a09558_0            conda-forge
libxcrypt                    4.4.36            hd590300_1            conda-forge
libxkbcommon                 1.13.2            hca5e8e5_0            conda-forge
libxml2                      2.15.3            h49c6c72_0            conda-forge
libxml2-16                   2.15.3            hca6bf5a_0            conda-forge
libzlib                      1.3.2             h25fd6f3_2            conda-forge
markdown                     3.10.2            pypi_0                pypi
markdown-it-py               4.2.0             pypi_0                pypi
markupsafe                   3.0.3             pypi_0                pypi
matplotlib                   3.10.9            pypi_0                pypi
matplotlib-inline            0.2.2             pypi_0                pypi
mccabe                       0.7.0             pypi_0                pypi
mdurl                        0.1.2             pypi_0                pypi
mistune                      3.2.1             pypi_0                pypi
mpg123                       1.32.9            hc50e24c_0            conda-forge
mpmath                       1.3.0             pypi_0                pypi
msgpack                      1.1.2             pypi_0                pypi
multidict                    6.7.1             pypi_0                pypi
mypy-extensions              1.1.0             pypi_0                pypi
nbclient                     0.10.4            pypi_0                pypi
nbconvert                    7.17.1            pypi_0                pypi
nbformat                     5.10.4            pypi_0                pypi
ncurses                      6.6               hdb14827_0            conda-forge
ndindex                      1.10.1            pypi_0                pypi
nest-asyncio                 1.6.0             pypi_0                pypi
networkx                     3.6.1             pypi_0                pypi
ninja                        1.13.0            pypi_0                pypi
notebook                     7.5.6             pypi_0                pypi
notebook-shim                0.2.4             pypi_0                pypi
nspr                         4.38              h29cc59b_0            conda-forge
nss                          3.118             h445c969_0            conda-forge
numexpr                      2.14.1            pypi_0                pypi
numpy                        2.4.4             pypi_0                pypi
nvidia-cublas-cu12           12.1.3.1          pypi_0                pypi
nvidia-cuda-cupti-cu12       12.1.105          pypi_0                pypi
nvidia-cuda-nvrtc-cu12       12.1.105          pypi_0                pypi
nvidia-cuda-runtime-cu12     12.1.105          pypi_0                pypi
nvidia-cudnn-cu12            9.1.0.70          pypi_0                pypi
nvidia-cufft-cu12            11.0.2.54         pypi_0                pypi
nvidia-curand-cu12           10.3.2.106        pypi_0                pypi
nvidia-cusolver-cu12         11.4.5.107        pypi_0                pypi
nvidia-cusparse-cu12         12.1.0.106        pypi_0                pypi
nvidia-nccl-cu12             2.21.5            pypi_0                pypi
nvidia-nvjitlink-cu12        12.9.86           pypi_0                pypi
nvidia-nvtx-cu12             12.1.105          pypi_0                pypi
omegaconf                    2.3.0             pypi_0                pypi
openldap                     2.6.13            hbde042b_0            conda-forge
openssl                      3.6.2             h35e630c_0            conda-forge
osqp                         1.1.1             pypi_0                pypi
overrides                    7.7.0             pypi_0                pypi
packaging                    26.2              pyhc364b38_0          conda-forge
pandas                       3.0.3             pypi_0                pypi
pandocfilters                1.5.1             pypi_0                pypi
pango                        1.56.4            hda50119_1            conda-forge
parso                        0.8.7             pypi_0                pypi
pathspec                     1.1.1             pypi_0                pypi
pcre2                        10.47             haa7fec5_0            conda-forge
pexpect                      4.9.0             pypi_0                pypi
pillow                       12.2.0            pypi_0                pypi
pip                          26.1.1            pyh8b19718_0          conda-forge
pixman                       0.46.4            h54a6638_1            conda-forge
platformdirs                 4.9.6             pypi_0                pypi
pluggy                       1.6.0             pypi_0                pypi
prometheus-client            0.25.0            pypi_0                pypi
prompt-toolkit               3.0.52            pypi_0                pypi
propcache                    0.5.2             pypi_0                pypi
protobuf                     7.35.0            pypi_0                pypi
psutil                       7.2.2             pypi_0                pypi
pthread-stubs                0.4               hb9d3cd8_1002         conda-forge
ptyprocess                   0.7.0             pypi_0                pypi
pulseaudio-client            17.0              h9a6aba3_3            conda-forge
pure-eval                    0.2.3             pypi_0                pypi
py-cpuinfo                   9.0.0             pypi_0                pypi
pycodestyle                  2.14.0            pypi_0                pypi
pycparser                    3.0               pypi_0                pypi
pydantic                     2.13.4            pypi_0                pypi
pydantic-core                2.46.4            pypi_0                pypi
pyflakes                     3.4.0             pypi_0                pypi
pyg-lib                      0.4.0+pt25cu121   pypi_0                pypi
pygments                     2.20.0            pypi_0                pypi
pylint                       4.0.5             pypi_0                pypi
pyparsing                    3.3.2             pypi_0                pypi
pytest                       8.1.1             pypi_0                pypi
pytest-mock                  3.15.1            pypi_0                pypi
pytest-order                 1.4.0             pypi_0                pypi
python                       3.11.15           hd63d673_0_cpython    conda-forge
python-dateutil              2.9.0.post0       pypi_0                pypi
python-json-logger           4.1.0             pypi_0                pypi
pytokens                     0.4.1             pypi_0                pypi
pyyaml                       6.0.3             pypi_0                pypi
pyzmq                        27.1.0            pypi_0                pypi
qdldl                        0.1.9.post1       pypi_0                pypi
qt-main                      5.15.15           h0c412b5_8            conda-forge
readline                     8.3               h853b02a_0            conda-forge
referencing                  0.37.0            pypi_0                pypi
requests                     2.34.2            pypi_0                pypi
rfc3339-validator            0.1.4             pypi_0                pypi
rfc3986-validator            0.1.1             pypi_0                pypi
rfc3987-syntax               1.1.0             pypi_0                pypi
rich                         15.0.0            pypi_0                pypi
rpds-py                      0.30.0            pypi_0                pypi
scikit-learn                 1.8.0             pypi_0                pypi
scipy                        1.17.1            pypi_0                pypi
scs                          3.2.11            pypi_0                pypi
seaborn                      0.13.2            pypi_0                pypi
send2trash                   2.1.0             pypi_0                pypi
sentry-sdk                   2.60.0            pypi_0                pypi
setuptools                   82.0.1            pyh332efcf_0          conda-forge
six                          1.17.0            pypi_0                pypi
smmap                        5.0.3             pypi_0                pypi
soupsieve                    2.8.4             pypi_0                pypi
sparsediffpy                 0.3.0             pypi_0                pypi
stack-data                   0.6.3             pypi_0                pypi
sympy                        1.13.1            pypi_0                pypi
tables                       3.11.1            pypi_0                pypi
tensorboard                  2.20.0            pypi_0                pypi
tensorboard-data-server      0.7.2             pypi_0                pypi
terminado                    0.18.1            pypi_0                pypi
threadpoolctl                3.6.0             pypi_0                pypi
tinycss2                     1.4.0             pypi_0                pypi
tk                           8.6.13            noxft_h366c992_103    conda-forge
tomlkit                      0.15.0            pypi_0                pypi
torch                        2.5.1+cu121       pypi_0                pypi
torch-cluster                1.6.3+pt25cu121   pypi_0                pypi
torch-geometric              2.6.1             pypi_0                pypi
torch-scatter                2.1.2+pt25cu121   pypi_0                pypi
torch-sparse                 0.6.18+pt25cu121  pypi_0                pypi
torch-spline-conv            1.2.2+pt25cu121   pypi_0                pypi
torch-tm-flowpipe            0.1.0             pypi_0                pypi
torchaudio                   2.5.1+cu121       pypi_0                pypi
torchvision                  0.20.1+cu121      pypi_0                pypi
tornado                      6.5.5             pypi_0                pypi
tqdm                         4.67.3            pypi_0                pypi
traitlets                    5.15.0            pypi_0                pypi
triton                       3.1.0             pypi_0                pypi
typing-extensions            4.15.0            pypi_0                pypi
typing-inspection            0.4.2             pypi_0                pypi
tzdata                       2026.2            pypi_0                pypi
uri-template                 1.3.0             pypi_0                pypi
urllib3                      2.7.0             pypi_0                pypi
wandb                        0.27.0            pypi_0                pypi
wcwidth                      0.7.0             pypi_0                pypi
webcolors                    25.10.0           pypi_0                pypi
webencodings                 0.5.1             pypi_0                pypi
websocket-client             1.9.0             pypi_0                pypi
werkzeug                     3.1.8             pypi_0                pypi
wheel                        0.47.0            pyhd8ed1ab_0          conda-forge
widgetsnbextension           4.0.15            pypi_0                pypi
xcb-util                     0.4.1             h4f16b4b_2            conda-forge
xcb-util-image               0.4.0             hb711507_2            conda-forge
xcb-util-keysyms             0.4.1             hb711507_0            conda-forge
xcb-util-renderutil          0.3.10            hb711507_0            conda-forge
xcb-util-wm                  0.4.2             hb711507_0            conda-forge
xkeyboard-config             2.47              hb03c661_0            conda-forge
xorg-libice                  1.1.2             hb9d3cd8_0            conda-forge
xorg-libsm                   1.2.6             he73a12e_0            conda-forge
xorg-libx11                  1.8.13            he1eb515_0            conda-forge
xorg-libxau                  1.0.12            hb03c661_1            conda-forge
xorg-libxdamage              1.1.6             hb9d3cd8_0            conda-forge
xorg-libxdmcp                1.1.5             hb03c661_1            conda-forge
xorg-libxext                 1.3.7             hb03c661_0            conda-forge
xorg-libxfixes               6.0.2             hb03c661_0            conda-forge
xorg-libxrender              0.9.12            hb9d3cd8_0            conda-forge
xorg-libxshmfence            1.3.3             hb9d3cd8_0            conda-forge
xorg-libxxf86vm              1.1.7             hb03c661_0            conda-forge
yarl                         1.24.2            pypi_0                pypi
zstd                         1.5.7             hb78ec9c_6            conda-forge
Linux-7.0.0-29-generic-x86_64-with-glibc2.43
3.11.15 | packaged by conda-forge | (main, Mar  5 2026, 16:45:40) [GCC 14.3.0]
2.5.1+cu121
12.1
torch.float32
c++ (Ubuntu 15.2.0-16ubuntu1) 15.2.0
Copyright (C) 2025 Free Software Foundation, Inc.
This is free software; see the source for copying conditions.  There is NO
warranty; not even for MERCHANTABILITY or FITNESS FOR A PARTICULAR PURPOSE.

4.2.2
6.3.0
b85a3211748cb77b736fe4ad42ee02d8d2b81148
## HEAD (no branch)
