Step 0
AIRPLANE_PICARD	0	old_lo=-0.01	old_hi=0.01	base_lo=-0.0062845298313669619	base_hi=0.0062619291291340301	diff_lo=-7.2783353418278399e-18	diff_hi=8.4697249214116373e-18	new_lo=-0.0062845298313669697	new_hi=0.0062619291291340388	subset=1
AIRPLANE_PICARD	1	old_lo=-0.01	old_hi=0.01	base_lo=-0.0063178788943163769	base_hi=0.0063290889366834618	diff_lo=-8.8728654053701108e-18	diff_hi=8.7569951290333988e-18	new_lo=-0.0063178788943163864	new_hi=0.0063290889366834713	subset=1
AIRPLANE_PICARD	2	old_lo=-0.01	old_hi=0.01	base_lo=-0.0031640632612535777	base_hi=0.0031076395155649962	diff_lo=-4.5935651116213491e-18	diff_hi=6.6752436911343753e-18	new_lo=-0.0031640632612535825	new_hi=0.0031076395155650032	subset=1
AIRPLANE_PICARD	3	old_lo=-0.01	old_hi=0.01	base_lo=-0.00089640722615372671	base_hi=0.00089631738541913041	diff_lo=-3.0843383402867632e-19	diff_hi=8.5664808580077095e-19	new_lo=-0.00089640722615372704	new_hi=0.00089631738541913128	subset=1
AIRPLANE_PICARD	4	old_lo=-0.01	old_hi=0.01	base_lo=-0.00079849375237881306	base_hi=0.00080499329599659144	diff_lo=-7.9800055452494715e-19	diff_hi=9.5416938239445458e-18	new_lo=-0.00079849375237881393	new_hi=0.00080499329599660109	subset=1
AIRPLANE_PICARD	5	old_lo=-0.01	old_hi=0.01	base_lo=-0.00081569582375437652	base_hi=0.00082255163846059671	diff_lo=-1.8580294421088894e-17	diff_hi=7.4595971760738081e-19	new_lo=-0.00081569582375439517	new_hi=0.00082255163846059747	subset=1
AIRPLANE_PICARD	6	old_lo=-0.01	old_hi=0.01	base_lo=-0.00048652204995428954	base_hi=0.00048535395058988258	diff_lo=-6.3490879220751165e-20	diff_hi=6.6266436782314051e-20	new_lo=-0.00048652204995428965	new_hi=0.00048535395058988269	subset=1
AIRPLANE_PICARD	7	old_lo=-0.01	old_hi=0.01	base_lo=-0.0004676550219760452	base_hi=0.00046797386613806508	diff_lo=-1.3045120539345592e-19	diff_hi=1.2628786905111159e-19	new_lo=-0.00046765502197604537	new_hi=0.00046797386613806524	subset=1
AIRPLANE_PICARD	8	old_lo=-0.01	old_hi=0.01	base_lo=-0.00040089426072343259	base_hi=0.00039976327273748063	diff_lo=-1.0130785099704555e-19	diff_hi=1.1796119636642294e-19	new_lo=-0.0004008942607234327	new_hi=0.00039976327273748079	subset=1
AIRPLANE_PICARD	9	old_lo=-0.01	old_hi=0.01	base_lo=-0.0001	base_hi=0.0001	diff_lo=0	diff_hi=0	new_lo=-0.0001	new_hi=0.0001	subset=1
AIRPLANE_PICARD	10	old_lo=-0.01	old_hi=0.01	base_lo=-0.0001	base_hi=0.0001	diff_lo=0	diff_hi=0	new_lo=-0.0001	new_hi=0.0001	subset=1
AIRPLANE_PICARD	11	old_lo=-0.01	old_hi=0.01	base_lo=-0.0001	base_hi=0.0001	diff_lo=0	diff_hi=0	new_lo=-0.0001	new_hi=0.0001	subset=1
AIRPLANE_PICARD	12	old_lo=-0.01	old_hi=0.01	base_lo=-0	base_hi=0	diff_lo=0	diff_hi=0	new_lo=-0	new_hi=0	subset=1
AIRPLANE_PICARD	13	old_lo=-0.01	old_hi=0.01	base_lo=-0	base_hi=0	diff_lo=0	diff_hi=0	new_lo=-0	new_hi=0	subset=1
AIRPLANE_PICARD	14	old_lo=-0.01	old_hi=0.01	base_lo=-0	base_hi=0	diff_lo=0	diff_hi=0	new_lo=-0	new_hi=0	subset=1
AIRPLANE_PICARD	15	old_lo=-0.01	old_hi=0.01	base_lo=-0	base_hi=0	diff_lo=0	diff_hi=0	new_lo=-0	new_hi=0	subset=1
AIRPLANE_PICARD	16	old_lo=-0.01	old_hi=0.01	base_lo=-0	base_hi=0	diff_lo=0	diff_hi=0	new_lo=-0	new_hi=0	subset=1
AIRPLANE_PICARD	17	old_lo=-0.01	old_hi=0.01	base_lo=-0	base_hi=0	diff_lo=0	diff_hi=0	new_lo=-0	new_hi=0	subset=1
AIRPLANE_PICARD	18	old_lo=-0.01	old_hi=0.01	base_lo=-0	base_hi=0	diff_lo=0	diff_hi=0	new_lo=-0	new_hi=0	subset=1
PERIOD 0 FLOWPIPES 1 STATUS 3 BOX_SAFE 0
DIAGNOSTIC_COMPLETED_CALLS 0/1
FLOWPIPE_SEGMENTS 1
UNKNOWN
time cost: 0.809000
