{
  "schema": "live-range-solver-run-v1",
  "run_id": "block3-van_der_pol-Q",
  "plant": "van_der_pol",
  "route": "Q",
  "scope": "FIXED_PARTITION",
  "execution": "ONLINE_LIVE_SOLVE",
  "request_source": "CURRENT_WORKER_CALL",
  "previous_answers_loaded": false,
  "ids": [
    0,
    1,
    2,
    3,
    4,
    5,
    6,
    7,
    8,
    9,
    10,
    11,
    12,
    13,
    14,
    15,
    16,
    17,
    18,
    19,
    20,
    21,
    22,
    23,
    24,
    25,
    26,
    27,
    28,
    29,
    30,
    31
  ],
  "steps": 20,
  "original": false,
  "diagnostic": false,
  "audit_steps": [],
  "task_steps": null,
  "max_group": 32,
  "max_wait_s": 0.02,
  "delays": null,
  "select_newest": false,
  "start_ns": 2465696309333176,
  "end_ns": 2466034328696667,
  "wall_s": 338.019363491,
  "initial_state_s": 0.122974483,
  "cpu_start_ns": 1777754036,
  "cpu_end_ns": 339541496243,
  "cpu_s": 337.763742207,
  "successful_tasks": 32,
  "accepted_lane_steps": 640,
  "successful_lane_steps": 640,
  "task_statuses": {
    "0": "FINISHED",
    "1": "FINISHED",
    "2": "FINISHED",
    "3": "FINISHED",
    "4": "FINISHED",
    "5": "FINISHED",
    "6": "FINISHED",
    "7": "FINISHED",
    "8": "FINISHED",
    "9": "FINISHED",
    "10": "FINISHED",
    "11": "FINISHED",
    "12": "FINISHED",
    "13": "FINISHED",
    "14": "FINISHED",
    "15": "FINISHED",
    "16": "FINISHED",
    "17": "FINISHED",
    "18": "FINISHED",
    "19": "FINISHED",
    "20": "FINISHED",
    "21": "FINISHED",
    "22": "FINISHED",
    "23": "FINISHED",
    "24": "FINISHED",
    "25": "FINISHED",
    "26": "FINISHED",
    "27": "FINISHED",
    "28": "FINISHED",
    "29": "FINISHED",
    "30": "FINISHED",
    "31": "FINISHED"
  },
  "counts": {
    "submitted": 70704,
    "groups": 21601,
    "flush_timeout": 21231,
    "external_table_fallback_requests": 0,
    "returned": 70704,
    "status_ok": 70704,
    "flush_all_waiting": 370
  },
  "startup": {
    "wall_s": 4.607e-06
  },
  "packet_mode": false,
  "packet_limits": null,
  "peak_rss_kib": 724924,
  "rss_scope": "process lifetime high-water mark",
  "affinity": [
    2
  ],
  "torch_threads": 1,
  "torch_interop_threads": 1,
  "peak_gpu_allocated_bytes": 0,
  "gpu_memory_scope": "process lifetime Torch allocator high-water mark",
  "torch_version": "2.5.1+cu121",
  "python": "3.11.15 | packaged by conda-forge | (main, Mar  5 2026, 16:45:40) [GCC 14.3.0]",
  "imported_core": "/srv/local/shengenli/live_gpu_packets_20260910T023603Z/repo/src/torch_tm_flowpipe/__init__.py",
  "source_sha": "1d870939fcdb72bd999730cf09de0b14d1cd71c4",
  "checkpoint": null,
  "partition_sha256": "717897f2b615832ce61be0d60c1aa59833ea896bcf1cfbebfb3771ba539cd6d0",
  "throughput": 1.893382655331343,
  "cold_startup_outside_timing": null,
  "serialization_s": 2.933181663043797,
  "files": {
    "run.json.gz": "99ab5929665231ae83bb2930834df27dda4b23f3fe69df0067cf810623743032"
  }
}
