Step 0
AIRPLANE_PICARD	0	old_lo=-0.01	old_hi=0.01	base_lo=-0.0045217863418908748	base_hi=0.0045331271911254779	diff_lo=-4.0152036788014115e-18	diff_hi=5.1216068423324696e-18	new_lo=-0.0045217863418908792	new_hi=0.0045331271911254831	subset=1
AIRPLANE_PICARD	1	old_lo=-0.01	old_hi=0.01	base_lo=-0.0041288649773139228	base_hi=0.0041099705867315948	diff_lo=-5.2126832942682055e-18	diff_hi=4.4325804600860696e-18	new_lo=-0.0041288649773139289	new_hi=0.0041099705867316001	subset=1
AIRPLANE_PICARD	2	old_lo=-0.01	old_hi=0.01	base_lo=-0.0026204168256390588	base_hi=0.0025870719084368303	diff_lo=-2.2667677919881649e-18	diff_hi=4.0847620424999715e-18	new_lo=-0.0026204168256390614	new_hi=0.0025870719084368347	subset=1
AIRPLANE_PICARD	3	old_lo=-0.01	old_hi=0.01	base_lo=-0.00060038037298746347	base_hi=0.00060032853197605329	diff_lo=-2.8628488468740445e-19	diff_hi=2.4981128277090651e-18	new_lo=-0.0006003803729874638	new_hi=0.00060032853197605589	subset=1
AIRPLANE_PICARD	4	old_lo=-0.01	old_hi=0.01	base_lo=-0.00064910395364403412	base_hi=0.00065564332171692602	diff_lo=-7.980283101005628e-19	diff_hi=9.5410346290236719e-18	new_lo=-0.00064910395364403499	new_hi=0.00065564332171693567	subset=1
AIRPLANE_PICARD	5	old_lo=-0.01	old_hi=0.01	base_lo=-0.00067728174997490407	base_hi=0.00068411167588418092	diff_lo=-8.1543105601156201e-19	diff_hi=5.1869897266243483e-18	new_lo=-0.00067728174997490494	new_hi=0.00068411167588418613	subset=1
AIRPLANE_PICARD	6	old_lo=-0.01	old_hi=0.01	base_lo=-0.00039916069148799774	base_hi=0.00039861841375918099	diff_lo=-4.8290364762504381e-20	diff_hi=5.1065922324067268e-20	new_lo=-0.0003991606914879978	new_hi=0.00039861841375918105	subset=1
AIRPLANE_PICARD	7	old_lo=-0.01	old_hi=0.01	base_lo=-0.00037756386797667884	base_hi=0.00037755534720046132	diff_lo=-5.8633653488016098e-20	diff_hi=6.2450045135165075e-20	new_lo=-0.00037756386797667895	new_hi=0.00037755534720046143	subset=1
AIRPLANE_PICARD	8	old_lo=-0.01	old_hi=0.01	base_lo=-0.00033187909081492219	base_hi=0.00033142772592409441	diff_lo=-5.759281940243002e-20	diff_hi=6.8695049648681591e-20	new_lo=-0.0003318790908149223	new_hi=0.00033142772592409451	subset=1
AIRPLANE_PICARD	9	old_lo=-0.01	old_hi=0.01	base_lo=-0.0001	base_hi=0.0001	diff_lo=0	diff_hi=0	new_lo=-0.0001	new_hi=0.0001	subset=1
AIRPLANE_PICARD	10	old_lo=-0.01	old_hi=0.01	base_lo=-0.0001	base_hi=0.0001	diff_lo=0	diff_hi=0	new_lo=-0.0001	new_hi=0.0001	subset=1
AIRPLANE_PICARD	11	old_lo=-0.01	old_hi=0.01	base_lo=-0.0001	base_hi=0.0001	diff_lo=0	diff_hi=0	new_lo=-0.0001	new_hi=0.0001	subset=1
AIRPLANE_PICARD	12	old_lo=-0.01	old_hi=0.01	base_lo=-0	base_hi=0	diff_lo=0	diff_hi=0	new_lo=-0	new_hi=0	subset=1
AIRPLANE_PICARD	13	old_lo=-0.01	old_hi=0.01	base_lo=-0	base_hi=0	diff_lo=0	diff_hi=0	new_lo=-0	new_hi=0	subset=1
AIRPLANE_PICARD	14	old_lo=-0.01	old_hi=0.01	base_lo=-0	base_hi=0	diff_lo=0	diff_hi=0	new_lo=-0	new_hi=0	subset=1
AIRPLANE_PICARD	15	old_lo=-0.01	old_hi=0.01	base_lo=-0	base_hi=0	diff_lo=0	diff_hi=0	new_lo=-0	new_hi=0	subset=1
AIRPLANE_PICARD	16	old_lo=-0.01	old_hi=0.01	base_lo=-0	base_hi=0	diff_lo=0	diff_hi=0	new_lo=-0	new_hi=0	subset=1
AIRPLANE_PICARD	17	old_lo=-0.01	old_hi=0.01	base_lo=-0	base_hi=0	diff_lo=0	diff_hi=0	new_lo=-0	new_hi=0	subset=1
AIRPLANE_PICARD	18	old_lo=-0.01	old_hi=0.01	base_lo=-0	base_hi=0	diff_lo=0	diff_hi=0	new_lo=-0	new_hi=0	subset=1
PERIOD 0 FLOWPIPES 1 STATUS 3 BOX_SAFE 0
DIAGNOSTIC_COMPLETED_CALLS 0/1
FLOWPIPE_SEGMENTS 1
UNKNOWN
time cost: 0.798000
