Step 0
AIRPLANE_PICARD	0	old_lo=-0.01	old_hi=0.01	base_lo=-0.0059003043100974402	base_hi=0.0059047597365520319	diff_lo=-1.0493328428395914e-17	diff_hi=9.4815266749037779e-18	new_lo=-0.0059003043100974515	new_hi=0.0059047597365520415	subset=1
AIRPLANE_PICARD	1	old_lo=-0.01	old_hi=0.01	base_lo=-0.0059988346999084044	base_hi=0.0060315818702757389	diff_lo=-1.1822737233657693e-17	diff_hi=9.6009450389900225e-18	new_lo=-0.0059988346999084166	new_hi=0.0060315818702757493	subset=1
AIRPLANE_PICARD	2	old_lo=-0.01	old_hi=0.01	base_lo=-0.0031787372065652511	base_hi=0.0031435093296475767	diff_lo=-7.4829957045589475e-18	diff_hi=4.2370181437452969e-18	new_lo=-0.0031787372065652589	new_hi=0.003143509329647581	subset=1
AIRPLANE_PICARD	3	old_lo=-0.01	old_hi=0.01	base_lo=-0.00080571715143229689	base_hi=0.00080558876790466779	diff_lo=-3.1774582964771989e-19	diff_hi=9.2282292918355355e-18	new_lo=-0.00080571715143229721	new_hi=0.00080558876790467711	subset=1
AIRPLANE_PICARD	4	old_lo=-0.01	old_hi=0.01	base_lo=-0.00083234794359515524	base_hi=0.0008373459325046143	diff_lo=-1.1180778525243801e-18	diff_hi=5.5231097473296162e-18	new_lo=-0.00083234794359515643	new_hi=0.00083734593250461983	subset=1
AIRPLANE_PICARD	5	old_lo=-0.01	old_hi=0.01	base_lo=-0.00091243756827535461	base_hi=0.00091743441245086313	diff_lo=-1.818450945378914e-17	diff_hi=5.5505600116134735e-19	new_lo=-0.00091243756827537282	new_hi=0.00091743441245086379	subset=1
AIRPLANE_PICARD	6	old_lo=-0.01	old_hi=0.01	base_lo=-0.0012562395263434262	base_hi=0.0012288869595499009	diff_lo=-2.4702462297909747e-19	diff_hi=2.0261570199409117e-19	new_lo=-0.0012562395263434267	new_hi=0.0012288869595499011	subset=1
AIRPLANE_PICARD	7	old_lo=-0.01	old_hi=0.01	base_lo=-0.00092889099878344379	base_hi=0.00092062671349348642	diff_lo=-1.0269562977782701e-19	diff_hi=1.1934897514720438e-19	new_lo=-0.0009288909987834439	new_hi=0.00092062671349348664	subset=1
AIRPLANE_PICARD	8	old_lo=-0.01	old_hi=0.01	base_lo=-0.00087835398983912235	base_hi=0.00084931107446861796	diff_lo=-2.1371793224034269e-19	diff_hi=1.5820678100908484e-19	new_lo=-0.00087835398983912257	new_hi=0.00084931107446861818	subset=1
AIRPLANE_PICARD	9	old_lo=-0.01	old_hi=0.01	base_lo=-0.0001	base_hi=0.0001	diff_lo=0	diff_hi=0	new_lo=-0.0001	new_hi=0.0001	subset=1
AIRPLANE_PICARD	10	old_lo=-0.01	old_hi=0.01	base_lo=-0.0001	base_hi=0.0001	diff_lo=0	diff_hi=0	new_lo=-0.0001	new_hi=0.0001	subset=1
AIRPLANE_PICARD	11	old_lo=-0.01	old_hi=0.01	base_lo=-0.0001	base_hi=0.0001	diff_lo=0	diff_hi=0	new_lo=-0.0001	new_hi=0.0001	subset=1
AIRPLANE_PICARD	12	old_lo=-0.01	old_hi=0.01	base_lo=-0	base_hi=0	diff_lo=0	diff_hi=0	new_lo=-0	new_hi=0	subset=1
AIRPLANE_PICARD	13	old_lo=-0.01	old_hi=0.01	base_lo=-0	base_hi=0	diff_lo=0	diff_hi=0	new_lo=-0	new_hi=0	subset=1
AIRPLANE_PICARD	14	old_lo=-0.01	old_hi=0.01	base_lo=-0	base_hi=0	diff_lo=0	diff_hi=0	new_lo=-0	new_hi=0	subset=1
AIRPLANE_PICARD	15	old_lo=-0.01	old_hi=0.01	base_lo=-0	base_hi=0	diff_lo=0	diff_hi=0	new_lo=-0	new_hi=0	subset=1
AIRPLANE_PICARD	16	old_lo=-0.01	old_hi=0.01	base_lo=-0	base_hi=0	diff_lo=0	diff_hi=0	new_lo=-0	new_hi=0	subset=1
AIRPLANE_PICARD	17	old_lo=-0.01	old_hi=0.01	base_lo=-0	base_hi=0	diff_lo=0	diff_hi=0	new_lo=-0	new_hi=0	subset=1
AIRPLANE_PICARD	18	old_lo=-0.01	old_hi=0.01	base_lo=-0	base_hi=0	diff_lo=0	diff_hi=0	new_lo=-0	new_hi=0	subset=1
PERIOD 0 FLOWPIPES 1 STATUS 3 BOX_SAFE 0
DIAGNOSTIC_COMPLETED_CALLS 0/1
FLOWPIPE_SEGMENTS 1
UNKNOWN
time cost: 0.796000
