TRACE_CONFIG route=generated-stock h=0.01 order=4 effective_rhs_order=4 x0_lower=0.10000000000000001 x0_upper=0.10000000000000001 candidate=0.0001 cutoff=1.0000000000000001e-15 preconditioning=diagonal_scaling symbolic_remainder=disabled precision_bits=53
TRACE_TERM stage=initial_tmv_pre state=0 coefficient_lower=0.10000000000000001 coefficient_upper=0.10000000000000001 exponents=0,0
TRACE_REMAINDER stage=initial_tmv_pre state=0 lower=0 upper=0
TRACE_BOX stage=initial_tmv_pre scope=domain state=0 lower=0.10000000000000001 upper=0.10000000000000001
TRACE_TERM stage=initial_tmv_right state=0 coefficient_lower=1 coefficient_upper=1 exponents=0,1
TRACE_REMAINDER stage=initial_tmv_right state=0 lower=0 upper=0
TRACE_BOX stage=initial_tmv_right scope=domain state=0 lower=-1 upper=1
TRACE_STATUS advanced=1
TRACE_DOMAIN stage=accepted index=0 lower=0 upper=0.01
TRACE_DOMAIN stage=accepted index=1 lower=-1 upper=1
TRACE_TERM stage=initial_time_evaluated state=0 coefficient_lower=0.10000000000000001 coefficient_upper=0.10000000000000001 exponents=0,0
TRACE_REMAINDER stage=initial_time_evaluated state=0 lower=0 upper=0
TRACE_BOX stage=initial_time_evaluated scope=domain state=0 lower=0.10000000000000001 upper=0.10000000000000001
TRACE_REMAINDER stage=normalization_map state=0 lower=0 upper=0
TRACE_BOX stage=normalization_map scope=domain state=0 lower=0 upper=0
TRACE_TERM stage=normalized_initial state=0 coefficient_lower=0.10000000000000001 coefficient_upper=0.10000000000000001 exponents=0,0
TRACE_REMAINDER stage=normalized_initial state=0 lower=0 upper=0
TRACE_BOX stage=normalized_initial scope=domain state=0 lower=0.10000000000000001 upper=0.10000000000000001
TRACE_TERM stage=polynomial_picard_order_1 state=0 coefficient_lower=0.10000000000000001 coefficient_upper=0.10000000000000001 exponents=0,0
TRACE_TERM stage=polynomial_picard_order_1 state=0 coefficient_lower=1.2 coefficient_upper=1.2 exponents=1,0
TRACE_REMAINDER stage=polynomial_picard_order_1 state=0 lower=0 upper=0
TRACE_BOX stage=polynomial_picard_order_1 scope=domain state=0 lower=0.10000000000000001 upper=0.11200000000000002
TRACE_BOX stage=polynomial_picard_order_1 scope=endpoint_lower_corner state=0 lower=0.112 upper=0.11200000000000002
TRACE_BOX stage=polynomial_picard_order_1 scope=endpoint_upper_corner state=0 lower=0.112 upper=0.11200000000000002
TRACE_TERM stage=polynomial_picard_order_2 state=0 coefficient_lower=0.10000000000000001 coefficient_upper=0.10000000000000001 exponents=0,0
TRACE_TERM stage=polynomial_picard_order_2 state=0 coefficient_lower=1.2 coefficient_upper=1.2 exponents=1,0
TRACE_TERM stage=polynomial_picard_order_2 state=0 coefficient_lower=1.2 coefficient_upper=1.2 exponents=2,0
TRACE_REMAINDER stage=polynomial_picard_order_2 state=0 lower=0 upper=0
TRACE_BOX stage=polynomial_picard_order_2 scope=domain state=0 lower=0.10000000000000001 upper=0.11212000000000001
TRACE_BOX stage=polynomial_picard_order_2 scope=endpoint_lower_corner state=0 lower=0.11212 upper=0.11212000000000001
TRACE_BOX stage=polynomial_picard_order_2 scope=endpoint_upper_corner state=0 lower=0.11212 upper=0.11212000000000001
TRACE_TERM stage=polynomial_picard_order_3 state=0 coefficient_lower=0.10000000000000001 coefficient_upper=0.10000000000000001 exponents=0,0
TRACE_TERM stage=polynomial_picard_order_3 state=0 coefficient_lower=1.2 coefficient_upper=1.2 exponents=1,0
TRACE_TERM stage=polynomial_picard_order_3 state=0 coefficient_lower=1.2 coefficient_upper=1.2 exponents=2,0
TRACE_TERM stage=polynomial_picard_order_3 state=0 coefficient_lower=0.79999999999999993 coefficient_upper=0.79999999999999993 exponents=3,0
TRACE_REMAINDER stage=polynomial_picard_order_3 state=0 lower=0 upper=0
TRACE_BOX stage=polynomial_picard_order_3 scope=domain state=0 lower=0.10000000000000001 upper=0.11212080000000001
TRACE_BOX stage=polynomial_picard_order_3 scope=endpoint_lower_corner state=0 lower=0.11212079999999999 upper=0.11212080000000001
TRACE_BOX stage=polynomial_picard_order_3 scope=endpoint_upper_corner state=0 lower=0.11212079999999999 upper=0.11212080000000001
TRACE_TERM stage=polynomial_picard_order_4 state=0 coefficient_lower=0.10000000000000001 coefficient_upper=0.10000000000000001 exponents=0,0
TRACE_TERM stage=polynomial_picard_order_4 state=0 coefficient_lower=1.2 coefficient_upper=1.2 exponents=1,0
TRACE_TERM stage=polynomial_picard_order_4 state=0 coefficient_lower=1.2 coefficient_upper=1.2 exponents=2,0
TRACE_TERM stage=polynomial_picard_order_4 state=0 coefficient_lower=0.79999999999999993 coefficient_upper=0.79999999999999993 exponents=3,0
TRACE_TERM stage=polynomial_picard_order_4 state=0 coefficient_lower=0.39999999999999997 coefficient_upper=0.39999999999999997 exponents=4,0
TRACE_REMAINDER stage=polynomial_picard_order_4 state=0 lower=0 upper=0
TRACE_BOX stage=polynomial_picard_order_4 scope=domain state=0 lower=0.10000000000000001 upper=0.11212080400000002
TRACE_BOX stage=polynomial_picard_order_4 scope=endpoint_lower_corner state=0 lower=0.11212080399999999 upper=0.11212080400000002
TRACE_BOX stage=polynomial_picard_order_4 scope=endpoint_upper_corner state=0 lower=0.11212080399999999 upper=0.11212080400000002
TRACE_TERM stage=candidate_remainder_seed state=0 coefficient_lower=0.10000000000000001 coefficient_upper=0.10000000000000001 exponents=0,0
TRACE_TERM stage=candidate_remainder_seed state=0 coefficient_lower=1.2 coefficient_upper=1.2 exponents=1,0
TRACE_TERM stage=candidate_remainder_seed state=0 coefficient_lower=1.2 coefficient_upper=1.2 exponents=2,0
TRACE_TERM stage=candidate_remainder_seed state=0 coefficient_lower=0.79999999999999993 coefficient_upper=0.79999999999999993 exponents=3,0
TRACE_TERM stage=candidate_remainder_seed state=0 coefficient_lower=0.39999999999999997 coefficient_upper=0.39999999999999997 exponents=4,0
TRACE_REMAINDER stage=candidate_remainder_seed state=0 lower=-0.0001 upper=0.0001
TRACE_BOX stage=candidate_remainder_seed scope=domain state=0 lower=0.099900000000000003 upper=0.11222080400000002
TRACE_BOX stage=candidate_remainder_seed scope=endpoint_lower_corner state=0 lower=0.11202080399999999 upper=0.11222080400000002
TRACE_BOX stage=candidate_remainder_seed scope=endpoint_upper_corner state=0 lower=0.11202080399999999 upper=0.11222080400000002
TRACE_TERM stage=picard_ctrunc_raw state=0 coefficient_lower=0.10000000000000001 coefficient_upper=0.10000000000000001 exponents=0,0
TRACE_TERM stage=picard_ctrunc_raw state=0 coefficient_lower=1.2 coefficient_upper=1.2000000000000002 exponents=1,0
TRACE_TERM stage=picard_ctrunc_raw state=0 coefficient_lower=1.2 coefficient_upper=1.2 exponents=2,0
TRACE_TERM stage=picard_ctrunc_raw state=0 coefficient_lower=0.79999999999999993 coefficient_upper=0.80000000000000004 exponents=3,0
TRACE_TERM stage=picard_ctrunc_raw state=0 coefficient_lower=0.39999999999999997 coefficient_upper=0.39999999999999997 exponents=4,0
TRACE_REMAINDER stage=picard_ctrunc_raw state=0 lower=-2.0000000000000003e-06 upper=2.0000800000000004e-06
TRACE_BOX stage=picard_ctrunc_raw scope=domain state=0 lower=0.099998000000000004 upper=0.11212280408000003
TRACE_BOX stage=picard_ctrunc_raw scope=endpoint_lower_corner state=0 lower=0.11211880399999999 upper=0.11212280408000003
TRACE_BOX stage=picard_ctrunc_raw scope=endpoint_upper_corner state=0 lower=0.11211880399999999 upper=0.11212280408000003
TRACE_INTERVAL stage=roundoff_polynomial_difference state=0 lower=-0 upper=2.2205570715527758e-18
TRACE_CHECK name=candidate_contains_picard_image value=1
TRACE_TERM stage=validated_picard_image state=0 coefficient_lower=0.10000000000000001 coefficient_upper=0.10000000000000001 exponents=0,0
TRACE_TERM stage=validated_picard_image state=0 coefficient_lower=1.2 coefficient_upper=1.2000000000000002 exponents=1,0
TRACE_TERM stage=validated_picard_image state=0 coefficient_lower=1.2 coefficient_upper=1.2 exponents=2,0
TRACE_TERM stage=validated_picard_image state=0 coefficient_lower=0.79999999999999993 coefficient_upper=0.80000000000000004 exponents=3,0
TRACE_TERM stage=validated_picard_image state=0 coefficient_lower=0.39999999999999997 coefficient_upper=0.39999999999999997 exponents=4,0
TRACE_REMAINDER stage=validated_picard_image state=0 lower=-2.0000000000000003e-06 upper=2.0000800000022213e-06
TRACE_BOX stage=validated_picard_image scope=domain state=0 lower=0.099998000000000004 upper=0.11212280408000003
TRACE_BOX stage=validated_picard_image scope=endpoint_lower_corner state=0 lower=0.11211880399999999 upper=0.11212280408000003
TRACE_BOX stage=validated_picard_image scope=endpoint_upper_corner state=0 lower=0.11211880399999999 upper=0.11212280408000003
TRACE_INTERVAL stage=refinement_0_raw state=0 lower=-4.0000000000000014e-08 upper=4.0001600000044431e-08
TRACE_INTERVAL stage=refinement_0_with_roundoff state=0 lower=-4.0000000000000014e-08 upper=4.0001600002264994e-08
TRACE_CHECK name=refinement_0_state_0_subset value=1
TRACE_TERM stage=refinement_0_accepted_tmv state=0 coefficient_lower=0.10000000000000001 coefficient_upper=0.10000000000000001 exponents=0,0
TRACE_TERM stage=refinement_0_accepted_tmv state=0 coefficient_lower=1.2 coefficient_upper=1.2 exponents=1,0
TRACE_TERM stage=refinement_0_accepted_tmv state=0 coefficient_lower=1.2 coefficient_upper=1.2 exponents=2,0
TRACE_TERM stage=refinement_0_accepted_tmv state=0 coefficient_lower=0.79999999999999993 coefficient_upper=0.79999999999999993 exponents=3,0
TRACE_TERM stage=refinement_0_accepted_tmv state=0 coefficient_lower=0.39999999999999997 coefficient_upper=0.39999999999999997 exponents=4,0
TRACE_REMAINDER stage=refinement_0_accepted_tmv state=0 lower=-4.0000000000000014e-08 upper=4.0001600002264994e-08
TRACE_BOX stage=refinement_0_accepted_tmv scope=domain state=0 lower=0.099999959999999999 upper=0.11212084400160002
TRACE_BOX stage=refinement_0_accepted_tmv scope=endpoint_lower_corner state=0 lower=0.11212076399999998 upper=0.11212084400160002
TRACE_BOX stage=refinement_0_accepted_tmv scope=endpoint_upper_corner state=0 lower=0.11212076399999998 upper=0.11212084400160002
TRACE_INTERVAL stage=refinement_1_raw state=0 lower=-8.0000000000000034e-10 upper=8.0003200004529992e-10
TRACE_INTERVAL stage=refinement_1_with_roundoff state=0 lower=-8.0000000000000034e-10 upper=8.0003200226585707e-10
TRACE_CHECK name=refinement_1_state_0_subset value=1
TRACE_TERM stage=refinement_1_accepted_tmv state=0 coefficient_lower=0.10000000000000001 coefficient_upper=0.10000000000000001 exponents=0,0
TRACE_TERM stage=refinement_1_accepted_tmv state=0 coefficient_lower=1.2 coefficient_upper=1.2 exponents=1,0
TRACE_TERM stage=refinement_1_accepted_tmv state=0 coefficient_lower=1.2 coefficient_upper=1.2 exponents=2,0
TRACE_TERM stage=refinement_1_accepted_tmv state=0 coefficient_lower=0.79999999999999993 coefficient_upper=0.79999999999999993 exponents=3,0
TRACE_TERM stage=refinement_1_accepted_tmv state=0 coefficient_lower=0.39999999999999997 coefficient_upper=0.39999999999999997 exponents=4,0
TRACE_REMAINDER stage=refinement_1_accepted_tmv state=0 lower=-8.0000000000000034e-10 upper=8.0003200226585707e-10
TRACE_BOX stage=refinement_1_accepted_tmv scope=domain state=0 lower=0.099999999199999995 upper=0.11212080480003203
TRACE_BOX stage=refinement_1_accepted_tmv scope=endpoint_lower_corner state=0 lower=0.11212080319999998 upper=0.11212080480003203
TRACE_BOX stage=refinement_1_accepted_tmv scope=endpoint_upper_corner state=0 lower=0.11212080319999998 upper=0.11212080480003203
TRACE_INTERVAL stage=refinement_2_raw state=0 lower=-1.6000000000000009e-11 upper=1.6000640045317142e-11
TRACE_INTERVAL stage=refinement_2_with_roundoff state=0 lower=-1.6000000000000009e-11 upper=1.6000642265874217e-11
TRACE_CHECK name=refinement_2_state_0_subset value=1
TRACE_TERM stage=refinement_2_accepted_tmv state=0 coefficient_lower=0.10000000000000001 coefficient_upper=0.10000000000000001 exponents=0,0
TRACE_TERM stage=refinement_2_accepted_tmv state=0 coefficient_lower=1.2 coefficient_upper=1.2 exponents=1,0
TRACE_TERM stage=refinement_2_accepted_tmv state=0 coefficient_lower=1.2 coefficient_upper=1.2 exponents=2,0
TRACE_TERM stage=refinement_2_accepted_tmv state=0 coefficient_lower=0.79999999999999993 coefficient_upper=0.79999999999999993 exponents=3,0
TRACE_TERM stage=refinement_2_accepted_tmv state=0 coefficient_lower=0.39999999999999997 coefficient_upper=0.39999999999999997 exponents=4,0
TRACE_REMAINDER stage=refinement_2_accepted_tmv state=0 lower=-1.6000000000000009e-11 upper=1.6000642265874217e-11
TRACE_BOX stage=refinement_2_accepted_tmv scope=domain state=0 lower=0.099999999983999999 upper=0.11212080401600066
TRACE_BOX stage=refinement_2_accepted_tmv scope=endpoint_lower_corner state=0 lower=0.11212080398399998 upper=0.11212080401600066
TRACE_BOX stage=refinement_2_accepted_tmv scope=endpoint_upper_corner state=0 lower=0.11212080398399998 upper=0.11212080401600066
TRACE_INTERVAL stage=refinement_3_raw state=0 lower=-3.200000000000002e-13 upper=3.2001284531748438e-13
TRACE_INTERVAL stage=refinement_3_with_roundoff state=0 lower=-3.200000000000002e-13 upper=3.2001506587455597e-13
TRACE_CHECK name=refinement_3_state_0_subset value=1
TRACE_TERM stage=refinement_3_accepted_tmv state=0 coefficient_lower=0.10000000000000001 coefficient_upper=0.10000000000000001 exponents=0,0
TRACE_TERM stage=refinement_3_accepted_tmv state=0 coefficient_lower=1.2 coefficient_upper=1.2 exponents=1,0
TRACE_TERM stage=refinement_3_accepted_tmv state=0 coefficient_lower=1.2 coefficient_upper=1.2 exponents=2,0
TRACE_TERM stage=refinement_3_accepted_tmv state=0 coefficient_lower=0.79999999999999993 coefficient_upper=0.79999999999999993 exponents=3,0
TRACE_TERM stage=refinement_3_accepted_tmv state=0 coefficient_lower=0.39999999999999997 coefficient_upper=0.39999999999999997 exponents=4,0
TRACE_REMAINDER stage=refinement_3_accepted_tmv state=0 lower=-3.200000000000002e-13 upper=3.2001506587455597e-13
TRACE_BOX stage=refinement_3_accepted_tmv scope=domain state=0 lower=0.099999999999679998 upper=0.11212080400032004
TRACE_BOX stage=refinement_3_accepted_tmv scope=endpoint_lower_corner state=0 lower=0.11212080399967998 upper=0.11212080400032004
TRACE_BOX stage=refinement_3_accepted_tmv scope=endpoint_upper_corner state=0 lower=0.11212080399967998 upper=0.11212080400032004
TRACE_INTERVAL stage=refinement_4_raw state=0 lower=-6.4000000000000046e-15 upper=6.4003013174911202e-15
TRACE_INTERVAL stage=refinement_4_with_roundoff state=0 lower=-6.4000000000000046e-15 upper=6.4025218745626731e-15
TRACE_CHECK name=refinement_4_state_0_subset value=1
TRACE_TERM stage=refinement_4_accepted_tmv state=0 coefficient_lower=0.10000000000000001 coefficient_upper=0.10000000000000001 exponents=0,0
TRACE_TERM stage=refinement_4_accepted_tmv state=0 coefficient_lower=1.2 coefficient_upper=1.2 exponents=1,0
TRACE_TERM stage=refinement_4_accepted_tmv state=0 coefficient_lower=1.2 coefficient_upper=1.2 exponents=2,0
TRACE_TERM stage=refinement_4_accepted_tmv state=0 coefficient_lower=0.79999999999999993 coefficient_upper=0.79999999999999993 exponents=3,0
TRACE_TERM stage=refinement_4_accepted_tmv state=0 coefficient_lower=0.39999999999999997 coefficient_upper=0.39999999999999997 exponents=4,0
TRACE_REMAINDER stage=refinement_4_accepted_tmv state=0 lower=-6.4000000000000046e-15 upper=6.4025218745626731e-15
TRACE_BOX stage=refinement_4_accepted_tmv scope=domain state=0 lower=0.099999999999993594 upper=0.11212080400000643
TRACE_BOX stage=refinement_4_accepted_tmv scope=endpoint_lower_corner state=0 lower=0.11212080399999358 upper=0.11212080400000643
TRACE_BOX stage=refinement_4_accepted_tmv scope=endpoint_upper_corner state=0 lower=0.11212080399999358 upper=0.11212080400000643
TRACE_INTERVAL stage=refinement_5_raw state=0 lower=-1.2800000000000011e-16 upper=1.2805043749125348e-16
TRACE_INTERVAL stage=refinement_5_with_roundoff state=0 lower=-1.2800000000000011e-16 upper=1.3027099456280627e-16
TRACE_CHECK name=refinement_5_state_0_subset value=1
TRACE_TERM stage=refinement_5_accepted_tmv state=0 coefficient_lower=0.10000000000000001 coefficient_upper=0.10000000000000001 exponents=0,0
TRACE_TERM stage=refinement_5_accepted_tmv state=0 coefficient_lower=1.2 coefficient_upper=1.2 exponents=1,0
TRACE_TERM stage=refinement_5_accepted_tmv state=0 coefficient_lower=1.2 coefficient_upper=1.2 exponents=2,0
TRACE_TERM stage=refinement_5_accepted_tmv state=0 coefficient_lower=0.79999999999999993 coefficient_upper=0.79999999999999993 exponents=3,0
TRACE_TERM stage=refinement_5_accepted_tmv state=0 coefficient_lower=0.39999999999999997 coefficient_upper=0.39999999999999997 exponents=4,0
TRACE_REMAINDER stage=refinement_5_accepted_tmv state=0 lower=-1.2800000000000011e-16 upper=1.3027099456280627e-16
TRACE_BOX stage=refinement_5_accepted_tmv scope=domain state=0 lower=0.099999999999999867 upper=0.11212080400000016
TRACE_BOX stage=refinement_5_accepted_tmv scope=endpoint_lower_corner state=0 lower=0.11212080399999985 upper=0.11212080400000016
TRACE_BOX stage=refinement_5_accepted_tmv scope=endpoint_upper_corner state=0 lower=0.11212080399999985 upper=0.11212080400000016
TRACE_INTERVAL stage=refinement_6_raw state=0 lower=-2.5600000000000026e-18 upper=2.6054198912561258e-18
TRACE_INTERVAL stage=refinement_6_with_roundoff state=0 lower=-2.5600000000000026e-18 upper=4.8259769628089015e-18
TRACE_CHECK name=refinement_6_state_0_subset value=1
TRACE_TERM stage=refinement_6_accepted_tmv state=0 coefficient_lower=0.10000000000000001 coefficient_upper=0.10000000000000001 exponents=0,0
TRACE_TERM stage=refinement_6_accepted_tmv state=0 coefficient_lower=1.2 coefficient_upper=1.2 exponents=1,0
TRACE_TERM stage=refinement_6_accepted_tmv state=0 coefficient_lower=1.2 coefficient_upper=1.2 exponents=2,0
TRACE_TERM stage=refinement_6_accepted_tmv state=0 coefficient_lower=0.79999999999999993 coefficient_upper=0.79999999999999993 exponents=3,0
TRACE_TERM stage=refinement_6_accepted_tmv state=0 coefficient_lower=0.39999999999999997 coefficient_upper=0.39999999999999997 exponents=4,0
TRACE_REMAINDER stage=refinement_6_accepted_tmv state=0 lower=-2.5600000000000026e-18 upper=4.8259769628089015e-18
TRACE_BOX stage=refinement_6_accepted_tmv scope=domain state=0 lower=0.099999999999999992 upper=0.11212080400000003
TRACE_BOX stage=refinement_6_accepted_tmv scope=endpoint_lower_corner state=0 lower=0.11212080399999998 upper=0.11212080400000003
TRACE_BOX stage=refinement_6_accepted_tmv scope=endpoint_upper_corner state=0 lower=0.11212080399999998 upper=0.11212080400000003
TRACE_INTERVAL stage=refinement_7_raw state=0 lower=-5.1200000000000057e-20 upper=9.6519539256178036e-20
TRACE_INTERVAL stage=refinement_7_with_roundoff state=0 lower=-5.1200000000000057e-20 upper=2.3170766108089541e-18
TRACE_CHECK name=refinement_7_state_0_subset value=1
TRACE_TERM stage=refinement_7_accepted_tmv state=0 coefficient_lower=0.10000000000000001 coefficient_upper=0.10000000000000001 exponents=0,0
TRACE_TERM stage=refinement_7_accepted_tmv state=0 coefficient_lower=1.2 coefficient_upper=1.2 exponents=1,0
TRACE_TERM stage=refinement_7_accepted_tmv state=0 coefficient_lower=1.2 coefficient_upper=1.2 exponents=2,0
TRACE_TERM stage=refinement_7_accepted_tmv state=0 coefficient_lower=0.79999999999999993 coefficient_upper=0.79999999999999993 exponents=3,0
TRACE_TERM stage=refinement_7_accepted_tmv state=0 coefficient_lower=0.39999999999999997 coefficient_upper=0.39999999999999997 exponents=4,0
TRACE_REMAINDER stage=refinement_7_accepted_tmv state=0 lower=-5.1200000000000057e-20 upper=2.3170766108089541e-18
TRACE_BOX stage=refinement_7_accepted_tmv scope=domain state=0 lower=0.099999999999999992 upper=0.11212080400000003
TRACE_BOX stage=refinement_7_accepted_tmv scope=endpoint_lower_corner state=0 lower=0.11212080399999998 upper=0.11212080400000003
TRACE_BOX stage=refinement_7_accepted_tmv scope=endpoint_upper_corner state=0 lower=0.11212080399999998 upper=0.11212080400000003
TRACE_INTERVAL stage=refinement_8_raw state=0 lower=-1.0240000000000012e-21 upper=4.6341532216179088e-20
TRACE_INTERVAL stage=refinement_8_with_roundoff state=0 lower=-1.0240000000000012e-21 upper=2.266898603768955e-18
TRACE_CHECK name=refinement_8_state_0_subset value=1
TRACE_TERM stage=refinement_8_accepted_tmv state=0 coefficient_lower=0.10000000000000001 coefficient_upper=0.10000000000000001 exponents=0,0
TRACE_TERM stage=refinement_8_accepted_tmv state=0 coefficient_lower=1.2 coefficient_upper=1.2 exponents=1,0
TRACE_TERM stage=refinement_8_accepted_tmv state=0 coefficient_lower=1.2 coefficient_upper=1.2 exponents=2,0
TRACE_TERM stage=refinement_8_accepted_tmv state=0 coefficient_lower=0.79999999999999993 coefficient_upper=0.79999999999999993 exponents=3,0
TRACE_TERM stage=refinement_8_accepted_tmv state=0 coefficient_lower=0.39999999999999997 coefficient_upper=0.39999999999999997 exponents=4,0
TRACE_REMAINDER stage=refinement_8_accepted_tmv state=0 lower=-1.0240000000000012e-21 upper=2.266898603768955e-18
TRACE_BOX stage=refinement_8_accepted_tmv scope=domain state=0 lower=0.099999999999999992 upper=0.11212080400000003
TRACE_BOX stage=refinement_8_accepted_tmv scope=endpoint_lower_corner state=0 lower=0.11212080399999998 upper=0.11212080400000003
TRACE_BOX stage=refinement_8_accepted_tmv scope=endpoint_upper_corner state=0 lower=0.11212080399999998 upper=0.11212080400000003
TRACE_INTERVAL stage=refinement_9_raw state=0 lower=-2.0480000000000027e-23 upper=4.5337972075379103e-20
TRACE_INTERVAL stage=refinement_9_with_roundoff state=0 lower=-2.0480000000000027e-23 upper=2.2658950436281551e-18
TRACE_CHECK name=refinement_9_state_0_subset value=1
TRACE_TERM stage=refinement_9_accepted_tmv state=0 coefficient_lower=0.10000000000000001 coefficient_upper=0.10000000000000001 exponents=0,0
TRACE_TERM stage=refinement_9_accepted_tmv state=0 coefficient_lower=1.2 coefficient_upper=1.2 exponents=1,0
TRACE_TERM stage=refinement_9_accepted_tmv state=0 coefficient_lower=1.2 coefficient_upper=1.2 exponents=2,0
TRACE_TERM stage=refinement_9_accepted_tmv state=0 coefficient_lower=0.79999999999999993 coefficient_upper=0.79999999999999993 exponents=3,0
TRACE_TERM stage=refinement_9_accepted_tmv state=0 coefficient_lower=0.39999999999999997 coefficient_upper=0.39999999999999997 exponents=4,0
TRACE_REMAINDER stage=refinement_9_accepted_tmv state=0 lower=-2.0480000000000027e-23 upper=2.2658950436281551e-18
TRACE_BOX stage=refinement_9_accepted_tmv scope=domain state=0 lower=0.099999999999999992 upper=0.11212080400000003
TRACE_BOX stage=refinement_9_accepted_tmv scope=endpoint_lower_corner state=0 lower=0.11212080399999998 upper=0.11212080400000003
TRACE_BOX stage=refinement_9_accepted_tmv scope=endpoint_upper_corner state=0 lower=0.11212080399999998 upper=0.11212080400000003
TRACE_TERM stage=accepted_mirror_tmv_pre state=0 coefficient_lower=0.10000000000000001 coefficient_upper=0.10000000000000001 exponents=0,0
TRACE_TERM stage=accepted_mirror_tmv_pre state=0 coefficient_lower=1.2 coefficient_upper=1.2 exponents=1,0
TRACE_TERM stage=accepted_mirror_tmv_pre state=0 coefficient_lower=1.2 coefficient_upper=1.2 exponents=2,0
TRACE_TERM stage=accepted_mirror_tmv_pre state=0 coefficient_lower=0.79999999999999993 coefficient_upper=0.79999999999999993 exponents=3,0
TRACE_TERM stage=accepted_mirror_tmv_pre state=0 coefficient_lower=0.39999999999999997 coefficient_upper=0.39999999999999997 exponents=4,0
TRACE_REMAINDER stage=accepted_mirror_tmv_pre state=0 lower=-2.0480000000000027e-23 upper=2.2658950436281551e-18
TRACE_BOX stage=accepted_mirror_tmv_pre scope=domain state=0 lower=0.099999999999999992 upper=0.11212080400000003
TRACE_BOX stage=accepted_mirror_tmv_pre scope=endpoint_lower_corner state=0 lower=0.11212080399999998 upper=0.11212080400000003
TRACE_BOX stage=accepted_mirror_tmv_pre scope=endpoint_upper_corner state=0 lower=0.11212080399999998 upper=0.11212080400000003
TRACE_TERM stage=accepted_native_tmv_pre state=0 coefficient_lower=0.10000000000000001 coefficient_upper=0.10000000000000001 exponents=0,0
TRACE_TERM stage=accepted_native_tmv_pre state=0 coefficient_lower=1.2 coefficient_upper=1.2 exponents=1,0
TRACE_TERM stage=accepted_native_tmv_pre state=0 coefficient_lower=1.2 coefficient_upper=1.2 exponents=2,0
TRACE_TERM stage=accepted_native_tmv_pre state=0 coefficient_lower=0.79999999999999993 coefficient_upper=0.79999999999999993 exponents=3,0
TRACE_TERM stage=accepted_native_tmv_pre state=0 coefficient_lower=0.39999999999999997 coefficient_upper=0.39999999999999997 exponents=4,0
TRACE_REMAINDER stage=accepted_native_tmv_pre state=0 lower=-2.0480000000000027e-23 upper=2.2658950436281551e-18
TRACE_BOX stage=accepted_native_tmv_pre scope=domain state=0 lower=0.099999999999999992 upper=0.11212080400000003
TRACE_BOX stage=accepted_native_tmv_pre scope=endpoint_lower_corner state=0 lower=0.11212080399999998 upper=0.11212080400000003
TRACE_BOX stage=accepted_native_tmv_pre scope=endpoint_upper_corner state=0 lower=0.11212080399999998 upper=0.11212080400000003
TRACE_REMAINDER stage=accepted_native_tmv_right state=0 lower=0 upper=0
TRACE_BOX stage=accepted_native_tmv_right scope=domain state=0 lower=0 upper=0
TRACE_TERM stage=composed_flowpipe state=0 coefficient_lower=0.10000000000000001 coefficient_upper=0.10000000000000001 exponents=0,0
TRACE_TERM stage=composed_flowpipe state=0 coefficient_lower=1.2 coefficient_upper=1.2 exponents=1,0
TRACE_TERM stage=composed_flowpipe state=0 coefficient_lower=1.2 coefficient_upper=1.2 exponents=2,0
TRACE_TERM stage=composed_flowpipe state=0 coefficient_lower=0.79999999999999993 coefficient_upper=0.79999999999999993 exponents=3,0
TRACE_TERM stage=composed_flowpipe state=0 coefficient_lower=0.39999999999999997 coefficient_upper=0.39999999999999997 exponents=4,0
TRACE_REMAINDER stage=composed_flowpipe state=0 lower=-2.0480000000000027e-23 upper=2.2658950436281551e-18
TRACE_BOX stage=composed_flowpipe scope=domain state=0 lower=0.099999999999999992 upper=0.11212080400000003
TRACE_BOX stage=composed_flowpipe scope=endpoint_lower_corner state=0 lower=0.11212080399999998 upper=0.11212080400000003
TRACE_BOX stage=composed_flowpipe scope=endpoint_upper_corner state=0 lower=0.11212080399999998 upper=0.11212080400000003
TRACE_BOX stage=endpoint_raw scope=full_initial_interval state=0 lower=0.11212080399999998 upper=0.11212080400000003
TRACE_TERM stage=endpoint_collapsed state=0 coefficient_lower=0.11212080399999999 coefficient_upper=0.11212080399999999 exponents=0,0
TRACE_REMAINDER stage=endpoint_collapsed state=0 lower=-2.0480000000000027e-23 upper=2.2658950436281551e-18
TRACE_BOX stage=endpoint_collapsed scope=domain state=0 lower=0.11212080399999998 upper=0.112120804
TRACE_UNAVAILABLE stage=endpoint_tightened reason=no_distinct_stock_field
TRACE_UNAVAILABLE stage=repaired_hull reason=prohibited_not_computed
