Step 0
AIRPLANE_PICARD	0	old_lo=-0.01	old_hi=0.01	base_lo=-0.0056423565890689016	base_hi=0.0056108783670328084	diff_lo=-1.0822356899531387e-17	diff_hi=7.3917330589701273e-18	new_lo=-0.0056423565890689129	new_hi=0.0056108783670328162	subset=1
AIRPLANE_PICARD	1	old_lo=-0.01	old_hi=0.01	base_lo=-0.0056546984568737911	base_hi=0.0056662669541979469	diff_lo=-6.983074997875731e-18	diff_hi=1.0310246869223639e-17	new_lo=-0.0056546984568737989	new_hi=0.0056662669541979573	subset=1
AIRPLANE_PICARD	2	old_lo=-0.01	old_hi=0.01	base_lo=-0.0027979185105651049	base_hi=0.0027546994994343313	diff_lo=-3.1232516572998771e-18	diff_hi=2.494245550839956e-18	new_lo=-0.0027979185105651084	new_hi=0.0027546994994343339	subset=1
AIRPLANE_PICARD	3	old_lo=-0.01	old_hi=0.01	base_lo=-0.00079421903524525873	base_hi=0.00079406570580301417	diff_lo=-2.7888802378583936e-19	diff_hi=9.196809980238643e-18	new_lo=-0.00079421903524525906	new_hi=0.00079406570580302339	subset=1
AIRPLANE_PICARD	4	old_lo=-0.01	old_hi=0.01	base_lo=-0.00077309154879921609	base_hi=0.00077504129949628874	diff_lo=-1.5963896871085129e-18	diff_hi=5.2086113200289233e-19	new_lo=-0.00077309154879921771	new_hi=0.00077504129949628928	subset=1
AIRPLANE_PICARD	5	old_lo=-0.01	old_hi=0.01	base_lo=-0.00080335518140835119	base_hi=0.00081014534058415914	diff_lo=-1.8590101680260328e-17	diff_hi=7.5864314830198528e-19	new_lo=-0.00080335518140836983	new_hi=0.0008101453405841599	subset=1
AIRPLANE_PICARD	6	old_lo=-0.01	old_hi=0.01	base_lo=-0.001176424980995168	base_hi=0.0011600832266101533	diff_lo=-2.1996293675385923e-19	diff_hi=1.8665624601510452e-19	new_lo=-0.0011764249809951685	new_hi=0.0011600832266101535	subset=1
AIRPLANE_PICARD	7	old_lo=-0.01	old_hi=0.01	base_lo=-0.00085527032689899972	base_hi=0.00085072193489411398	diff_lo=-1.7347234759768074e-19	diff_hi=1.512678871051776e-19	new_lo=-0.00085527032689899994	new_hi=0.00085072193489411419	subset=1
AIRPLANE_PICARD	8	old_lo=-0.01	old_hi=0.01	base_lo=-0.0007841259009836824	base_hi=0.00076627185519245527	diff_lo=-1.7486012637846223e-19	diff_hi=1.5820678100908488e-19	new_lo=-0.00078412590098368262	new_hi=0.00076627185519245549	subset=1
AIRPLANE_PICARD	9	old_lo=-0.01	old_hi=0.01	base_lo=-0.0001	base_hi=0.0001	diff_lo=0	diff_hi=0	new_lo=-0.0001	new_hi=0.0001	subset=1
AIRPLANE_PICARD	10	old_lo=-0.01	old_hi=0.01	base_lo=-0.0001	base_hi=0.0001	diff_lo=0	diff_hi=0	new_lo=-0.0001	new_hi=0.0001	subset=1
AIRPLANE_PICARD	11	old_lo=-0.01	old_hi=0.01	base_lo=-0.0001	base_hi=0.0001	diff_lo=0	diff_hi=0	new_lo=-0.0001	new_hi=0.0001	subset=1
AIRPLANE_PICARD	12	old_lo=-0.01	old_hi=0.01	base_lo=-0	base_hi=0	diff_lo=0	diff_hi=0	new_lo=-0	new_hi=0	subset=1
AIRPLANE_PICARD	13	old_lo=-0.01	old_hi=0.01	base_lo=-0	base_hi=0	diff_lo=0	diff_hi=0	new_lo=-0	new_hi=0	subset=1
AIRPLANE_PICARD	14	old_lo=-0.01	old_hi=0.01	base_lo=-0	base_hi=0	diff_lo=0	diff_hi=0	new_lo=-0	new_hi=0	subset=1
AIRPLANE_PICARD	15	old_lo=-0.01	old_hi=0.01	base_lo=-0	base_hi=0	diff_lo=0	diff_hi=0	new_lo=-0	new_hi=0	subset=1
AIRPLANE_PICARD	16	old_lo=-0.01	old_hi=0.01	base_lo=-0	base_hi=0	diff_lo=0	diff_hi=0	new_lo=-0	new_hi=0	subset=1
AIRPLANE_PICARD	17	old_lo=-0.01	old_hi=0.01	base_lo=-0	base_hi=0	diff_lo=0	diff_hi=0	new_lo=-0	new_hi=0	subset=1
AIRPLANE_PICARD	18	old_lo=-0.01	old_hi=0.01	base_lo=-0	base_hi=0	diff_lo=0	diff_hi=0	new_lo=-0	new_hi=0	subset=1
PERIOD 0 FLOWPIPES 1 STATUS 3 BOX_SAFE 0
DIAGNOSTIC_COMPLETED_CALLS 0/1
FLOWPIPE_SEGMENTS 1
UNKNOWN
time cost: 0.792000
