Step 0
AIRPLANE_PICARD	0	old_lo=-0.01	old_hi=0.01	base_lo=-0.0051880405201123123	base_hi=0.0051570406181883363	diff_lo=-6.6485613311092202e-18	diff_hi=5.5869059378821411e-18	new_lo=-0.0051880405201123192	new_hi=0.0051570406181883424	subset=1
AIRPLANE_PICARD	1	old_lo=-0.01	old_hi=0.01	base_lo=-0.0051998245510539304	base_hi=0.0052045852078912505	diff_lo=-4.4347234218200572e-18	diff_hi=6.1562329308391913e-18	new_lo=-0.0051998245510539356	new_hi=0.0052045852078912574	subset=1
AIRPLANE_PICARD	2	old_lo=-0.01	old_hi=0.01	base_lo=-0.0026099470223493889	base_hi=0.0025639026943271317	diff_lo=-2.6527599561454475e-18	diff_hi=2.195146842076669e-18	new_lo=-0.0026099470223493919	new_hi=0.0025639026943271343	subset=1
AIRPLANE_PICARD	3	old_lo=-0.01	old_hi=0.01	base_lo=-0.00072361298209726928	base_hi=0.00072346306481843321	diff_lo=-9.1597840423673924e-18	diff_hi=3.1313840409552546e-19	new_lo=-0.0007236129820972785	new_hi=0.00072346306481843353	subset=1
AIRPLANE_PICARD	4	old_lo=-0.01	old_hi=0.01	base_lo=-0.00075845004672599171	base_hi=0.00076039424395389122	diff_lo=-1.5963896871085129e-18	diff_hi=5.2108317660781739e-19	new_lo=-0.00075845004672599333	new_hi=0.00076039424395389177	subset=1
AIRPLANE_PICARD	5	old_lo=-0.01	old_hi=0.01	base_lo=-0.00074038303857306038	base_hi=0.00074717556333066173	diff_lo=-1.8578999450014074e-17	diff_hi=7.461531392749522e-19	new_lo=-0.00074038303857307903	new_hi=0.00074717556333066249	subset=1
AIRPLANE_PICARD	6	old_lo=-0.01	old_hi=0.01	base_lo=-0.0011505489324020535	base_hi=0.0011343431449574752	diff_lo=-2.2551405187698503e-19	diff_hi=1.8665624601510449e-19	new_lo=-0.0011505489324020539	new_hi=0.0011343431449574754	subset=1
AIRPLANE_PICARD	7	old_lo=-0.01	old_hi=0.01	base_lo=-0.00083567885144712544	base_hi=0.00083104502999594061	diff_lo=-1.4710455076283329e-19	diff_hi=1.2767564783189305e-19	new_lo=-0.00083567885144712566	new_hi=0.00083104502999594083	subset=1
AIRPLANE_PICARD	8	old_lo=-0.01	old_hi=0.01	base_lo=-0.00076769532607490773	base_hi=0.00074992324287693416	diff_lo=-1.7902346272080659e-19	diff_hi=1.5126788710517765e-19	new_lo=-0.00076769532607490795	new_hi=0.00074992324287693438	subset=1
AIRPLANE_PICARD	9	old_lo=-0.01	old_hi=0.01	base_lo=-0.0001	base_hi=0.0001	diff_lo=0	diff_hi=0	new_lo=-0.0001	new_hi=0.0001	subset=1
AIRPLANE_PICARD	10	old_lo=-0.01	old_hi=0.01	base_lo=-0.0001	base_hi=0.0001	diff_lo=0	diff_hi=0	new_lo=-0.0001	new_hi=0.0001	subset=1
AIRPLANE_PICARD	11	old_lo=-0.01	old_hi=0.01	base_lo=-0.0001	base_hi=0.0001	diff_lo=0	diff_hi=0	new_lo=-0.0001	new_hi=0.0001	subset=1
AIRPLANE_PICARD	12	old_lo=-0.01	old_hi=0.01	base_lo=-0	base_hi=0	diff_lo=0	diff_hi=0	new_lo=-0	new_hi=0	subset=1
AIRPLANE_PICARD	13	old_lo=-0.01	old_hi=0.01	base_lo=-0	base_hi=0	diff_lo=0	diff_hi=0	new_lo=-0	new_hi=0	subset=1
AIRPLANE_PICARD	14	old_lo=-0.01	old_hi=0.01	base_lo=-0	base_hi=0	diff_lo=0	diff_hi=0	new_lo=-0	new_hi=0	subset=1
AIRPLANE_PICARD	15	old_lo=-0.01	old_hi=0.01	base_lo=-0	base_hi=0	diff_lo=0	diff_hi=0	new_lo=-0	new_hi=0	subset=1
AIRPLANE_PICARD	16	old_lo=-0.01	old_hi=0.01	base_lo=-0	base_hi=0	diff_lo=0	diff_hi=0	new_lo=-0	new_hi=0	subset=1
AIRPLANE_PICARD	17	old_lo=-0.01	old_hi=0.01	base_lo=-0	base_hi=0	diff_lo=0	diff_hi=0	new_lo=-0	new_hi=0	subset=1
AIRPLANE_PICARD	18	old_lo=-0.01	old_hi=0.01	base_lo=-0	base_hi=0	diff_lo=0	diff_hi=0	new_lo=-0	new_hi=0	subset=1
PERIOD 0 FLOWPIPES 1 STATUS 3 BOX_SAFE 0
DIAGNOSTIC_COMPLETED_CALLS 0/1
FLOWPIPE_SEGMENTS 1
UNKNOWN
time cost: 0.819000
