{"accepted_steps": 1, "time": 0.025, "solve_seconds": 0.7773215319029987, "export_seconds": 0.018946447409689426, "queue_size": 1, "status": "RUNNING"}
{"accepted_steps": 20, "time": 0.3500681974606643, "solve_seconds": 14.065401319880038, "export_seconds": 0.3572091944515705, "queue_size": 20, "status": "RUNNING"}
{"accepted_steps": 40, "time": 1.0518533515391766, "solve_seconds": 28.56909719016403, "export_seconds": 0.7385289017111063, "queue_size": 40, "status": "RUNNING"}
{"accepted_steps": 60, "time": 2.5133965255142248, "solve_seconds": 43.619153996463865, "export_seconds": 1.156742190476507, "queue_size": 60, "status": "RUNNING"}
{"accepted_steps": 80, "time": 3.207859282786534, "solve_seconds": 59.18013200024143, "export_seconds": 1.61171660060063, "queue_size": 80, "status": "RUNNING"}
{"accepted_steps": 100, "time": 3.707063545179727, "solve_seconds": 74.81351802917197, "export_seconds": 2.148707849904895, "queue_size": 0, "status": "RUNNING"}
{"accepted_steps": 120, "time": 4.8103860743342794, "solve_seconds": 89.40236970689148, "export_seconds": 2.5105974725447595, "queue_size": 20, "status": "RUNNING"}
{"accepted_steps": 140, "time": 6.122135135506551, "solve_seconds": 104.37521986290812, "export_seconds": 2.895113023929298, "queue_size": 40, "status": "RUNNING"}
{"accepted_steps": 160, "time": 6.6434960019662475, "solve_seconds": 119.76222910778597, "export_seconds": 3.3134357556700706, "queue_size": 60, "status": "RUNNING"}
{"accepted_steps": 180, "time": 7.102817346063402, "solve_seconds": 135.01402935758233, "export_seconds": 3.767939802724868, "queue_size": 80, "status": "RUNNING"}
{"accepted_steps": 200, "time": 8.25950710933186, "solve_seconds": 150.22559733130038, "export_seconds": 4.253196509089321, "queue_size": 0, "status": "RUNNING"}
{"accepted_steps": 220, "time": 9.385874844611173, "solve_seconds": 165.23025573277846, "export_seconds": 4.601198424119502, "queue_size": 20, "status": "RUNNING"}
{"accepted_steps": 240, "time": 9.909649400013882, "solve_seconds": 180.49851517006755, "export_seconds": 4.985613025724888, "queue_size": 40, "status": "RUNNING"}
{
  "plant": "van_der_pol",
  "completed": true,
  "accepted_steps": 246,
  "rejected_attempts": 35,
  "accepted_horizon_exact": "5764607523034236731/576460752303423488",
  "solve_seconds": 185.0711364019662,
  "export_seconds": 5.107969021424651,
  "failure": null
}
