{"accepted_steps": 1, "time": 0.02, "solve_seconds": 1.2565100081264973, "export_seconds": 0.11997750913724303, "queue_size": 1, "status": "RUNNING"}
{"accepted_steps": 20, "time": 0.4, "solve_seconds": 42.61012215632945, "export_seconds": 1.4057981106452644, "queue_size": 20, "status": "RUNNING"}
{"accepted_steps": 40, "time": 0.8, "solve_seconds": 97.02468447946012, "export_seconds": 2.769622604828328, "queue_size": 40, "status": "RUNNING"}
{"accepted_steps": 60, "time": 1.2, "solve_seconds": 147.0846878006123, "export_seconds": 4.275362379383296, "queue_size": 60, "status": "RUNNING"}
{"accepted_steps": 80, "time": 1.6, "solve_seconds": 191.6944890357554, "export_seconds": 5.7190997479483485, "queue_size": 80, "status": "RUNNING"}
{"accepted_steps": 100, "time": 2.0, "solve_seconds": 235.18100710213184, "export_seconds": 7.468615278135985, "queue_size": 100, "status": "RUNNING"}
{"accepted_steps": 120, "time": 2.4, "solve_seconds": 280.18843624694273, "export_seconds": 9.364828866906464, "queue_size": 120, "status": "RUNNING"}
{"accepted_steps": 140, "time": 2.8000000000000003, "solve_seconds": 322.2630805405788, "export_seconds": 11.247633047401905, "queue_size": 140, "status": "RUNNING"}
{"accepted_steps": 160, "time": 3.2, "solve_seconds": 355.7035365886986, "export_seconds": 12.884672170970589, "queue_size": 160, "status": "RUNNING"}
{"accepted_steps": 180, "time": 3.6, "solve_seconds": 382.31769860954955, "export_seconds": 14.103282887954265, "queue_size": 180, "status": "RUNNING"}
{"accepted_steps": 200, "time": 4.0, "solve_seconds": 408.91320778336376, "export_seconds": 15.384995543397963, "queue_size": 200, "status": "RUNNING"}
{"accepted_steps": 220, "time": 4.4, "solve_seconds": 435.7140424833633, "export_seconds": 16.945500010158867, "queue_size": 220, "status": "RUNNING"}
{"accepted_steps": 240, "time": 4.8, "solve_seconds": 461.67213133955374, "export_seconds": 18.29531826497987, "queue_size": 240, "status": "RUNNING"}
{"accepted_steps": 260, "time": 5.2, "solve_seconds": 487.66053692484275, "export_seconds": 19.730275625362992, "queue_size": 260, "status": "RUNNING"}
{"accepted_steps": 280, "time": 5.6000000000000005, "solve_seconds": 514.6438028602861, "export_seconds": 21.158207427244633, "queue_size": 280, "status": "RUNNING"}
{"accepted_steps": 300, "time": 6.0, "solve_seconds": 543.8828065940179, "export_seconds": 22.79852657718584, "queue_size": 300, "status": "RUNNING"}
{"accepted_steps": 320, "time": 6.4, "solve_seconds": 581.0909489355981, "export_seconds": 24.922111412510276, "queue_size": 320, "status": "RUNNING"}
{"accepted_steps": 340, "time": 6.8, "solve_seconds": 613.3196394098923, "export_seconds": 26.599828965961933, "queue_size": 340, "status": "RUNNING"}
{"accepted_steps": 360, "time": 7.2, "solve_seconds": 658.2143050106242, "export_seconds": 28.596765317954123, "queue_size": 360, "status": "RUNNING"}
{"accepted_steps": 380, "time": 7.6000000000000005, "solve_seconds": 701.3191073983908, "export_seconds": 30.530518734827638, "queue_size": 380, "status": "RUNNING"}
{"accepted_steps": 400, "time": 8.0, "solve_seconds": 743.3589121149853, "export_seconds": 32.438265836797655, "queue_size": 400, "status": "RUNNING"}
{"accepted_steps": 420, "time": 8.4, "solve_seconds": 780.4859195752069, "export_seconds": 34.575253914576024, "queue_size": 420, "status": "RUNNING"}
{"accepted_steps": 440, "time": 8.8, "solve_seconds": 818.1697510294616, "export_seconds": 36.94059683615342, "queue_size": 440, "status": "RUNNING"}
{"accepted_steps": 460, "time": 9.200000000000001, "solve_seconds": 855.3423748668283, "export_seconds": 39.163066333625466, "queue_size": 460, "status": "RUNNING"}
{"accepted_steps": 480, "time": 9.6, "solve_seconds": 890.6187511351891, "export_seconds": 41.680141660850495, "queue_size": 480, "status": "RUNNING"}
{"accepted_steps": 500, "time": 10.0, "solve_seconds": 922.3606162932701, "export_seconds": 44.028068157378584, "queue_size": 500, "status": "RUNNING"}
{"accepted_steps": 520, "time": 10.4, "solve_seconds": 952.7591298879124, "export_seconds": 46.27876081643626, "queue_size": 520, "status": "RUNNING"}
{"accepted_steps": 540, "time": 10.8, "solve_seconds": 982.0732126901858, "export_seconds": 48.35255234828219, "queue_size": 540, "status": "RUNNING"}
{"accepted_steps": 560, "time": 11.200000000000001, "solve_seconds": 1013.3548260964453, "export_seconds": 50.81399686308578, "queue_size": 560, "status": "RUNNING"}
{"accepted_steps": 580, "time": 11.6, "solve_seconds": 1042.164548731409, "export_seconds": 53.0881360815838, "queue_size": 580, "status": "RUNNING"}
{"accepted_steps": 600, "time": 12.0, "solve_seconds": 1077.6924440371804, "export_seconds": 56.35950554301962, "queue_size": 600, "status": "RUNNING"}
{"accepted_steps": 620, "time": 12.4, "solve_seconds": 1109.9042056202888, "export_seconds": 58.743891646154225, "queue_size": 620, "status": "RUNNING"}
{"accepted_steps": 640, "time": 12.8, "solve_seconds": 1143.8999512940645, "export_seconds": 61.34944713115692, "queue_size": 640, "status": "RUNNING"}
{"accepted_steps": 660, "time": 13.200000000000001, "solve_seconds": 1178.117927942425, "export_seconds": 64.0349704110995, "queue_size": 660, "status": "RUNNING"}
{"accepted_steps": 680, "time": 13.6, "solve_seconds": 1212.262989835348, "export_seconds": 66.78579865349457, "queue_size": 680, "status": "RUNNING"}
{"accepted_steps": 700, "time": 14.0, "solve_seconds": 1256.4513642904349, "export_seconds": 70.00782586354762, "queue_size": 700, "status": "RUNNING"}
{"accepted_steps": 720, "time": 14.4, "solve_seconds": 1303.688502988778, "export_seconds": 72.84511840669438, "queue_size": 720, "status": "RUNNING"}
{"accepted_steps": 740, "time": 14.8, "solve_seconds": 1347.6679289727472, "export_seconds": 75.83385780034587, "queue_size": 740, "status": "RUNNING"}
{"accepted_steps": 760, "time": 15.200000000000001, "solve_seconds": 1394.941376669798, "export_seconds": 79.22101481817663, "queue_size": 760, "status": "RUNNING"}
{"accepted_steps": 780, "time": 15.6, "solve_seconds": 1438.5015230230056, "export_seconds": 82.4265285236761, "queue_size": 780, "status": "RUNNING"}
{"accepted_steps": 800, "time": 16.0, "solve_seconds": 1479.748849874828, "export_seconds": 85.47421273821965, "queue_size": 800, "status": "RUNNING"}
{"accepted_steps": 820, "time": 16.4, "solve_seconds": 1526.0603968407959, "export_seconds": 89.24799997080117, "queue_size": 820, "status": "RUNNING"}
{"accepted_steps": 840, "time": 16.8, "solve_seconds": 1570.6670966451056, "export_seconds": 93.23613129742444, "queue_size": 840, "status": "RUNNING"}
{"accepted_steps": 860, "time": 17.2, "solve_seconds": 1604.5629971711896, "export_seconds": 96.3417587634176, "queue_size": 860, "status": "RUNNING"}
{"accepted_steps": 880, "time": 17.6, "solve_seconds": 1638.5000288868323, "export_seconds": 99.4459937568754, "queue_size": 880, "status": "RUNNING"}
{"accepted_steps": 900, "time": 18.0, "solve_seconds": 1670.2868058350869, "export_seconds": 102.47432306502014, "queue_size": 900, "status": "RUNNING"}
{"accepted_steps": 920, "time": 18.400000000000002, "solve_seconds": 1702.0428719101474, "export_seconds": 105.40701198484749, "queue_size": 920, "status": "RUNNING"}
{"accepted_steps": 940, "time": 18.8, "solve_seconds": 1735.227808019612, "export_seconds": 108.72037317743525, "queue_size": 940, "status": "RUNNING"}
{"accepted_steps": 960, "time": 19.2, "solve_seconds": 1767.3039074158296, "export_seconds": 111.9894431908615, "queue_size": 960, "status": "RUNNING"}
{"accepted_steps": 980, "time": 19.6, "solve_seconds": 1801.3331615719944, "export_seconds": 115.92059744521976, "queue_size": 980, "status": "RUNNING"}
{"accepted_steps": 1000, "time": 20.0, "solve_seconds": 1833.6753757684492, "export_seconds": 118.9042263594456, "queue_size": 0, "status": "RUNNING"}
{
  "plant": "brusselator",
  "completed": true,
  "accepted_steps": 1000,
  "rejected_attempts": 0,
  "accepted_horizon_exact": "720575940379279375/36028797018963968",
  "solve_seconds": 1833.6753757684492,
  "export_seconds": 118.9042263594456,
  "failure": null
}
