{"accepted_steps": 1, "time": 0.01, "solve_seconds": 0.4108008616603911, "export_seconds": 0.018972971010953188, "queue_size": 1, "status": "RUNNING"}
{"accepted_steps": 20, "time": 0.2, "solve_seconds": 12.23022001888603, "export_seconds": 0.34519704105332494, "queue_size": 20, "status": "RUNNING"}
{"accepted_steps": 40, "time": 0.4, "solve_seconds": 25.578499811701477, "export_seconds": 0.7139061102643609, "queue_size": 40, "status": "RUNNING"}
{"accepted_steps": 60, "time": 0.6, "solve_seconds": 39.29312967136502, "export_seconds": 1.1185363470576704, "queue_size": 60, "status": "RUNNING"}
{"accepted_steps": 80, "time": 0.8, "solve_seconds": 53.049279692117125, "export_seconds": 1.5608832440339029, "queue_size": 80, "status": "RUNNING"}
{"accepted_steps": 100, "time": 1.0, "solve_seconds": 66.84535869443789, "export_seconds": 2.086624883580953, "queue_size": 0, "status": "RUNNING"}
{"accepted_steps": 120, "time": 1.2, "solve_seconds": 80.03185847681016, "export_seconds": 2.4318326860666275, "queue_size": 20, "status": "RUNNING"}
{"accepted_steps": 140, "time": 1.4000000000000001, "solve_seconds": 93.45930237928405, "export_seconds": 2.802759571466595, "queue_size": 40, "status": "RUNNING"}
{"accepted_steps": 160, "time": 1.6, "solve_seconds": 107.10469252988696, "export_seconds": 3.260380337946117, "queue_size": 60, "status": "RUNNING"}
{"accepted_steps": 180, "time": 1.8, "solve_seconds": 120.9306101850234, "export_seconds": 3.703556750435382, "queue_size": 80, "status": "RUNNING"}
{"accepted_steps": 200, "time": 2.0, "solve_seconds": 134.85859807720408, "export_seconds": 4.223218518309295, "queue_size": 0, "status": "RUNNING"}
{"accepted_steps": 220, "time": 2.2, "solve_seconds": 148.19215798238292, "export_seconds": 4.556961972266436, "queue_size": 20, "status": "RUNNING"}
{"accepted_steps": 240, "time": 2.4, "solve_seconds": 161.79187264339998, "export_seconds": 4.927908790297806, "queue_size": 40, "status": "RUNNING"}
{"accepted_steps": 260, "time": 2.6, "solve_seconds": 175.47868495294824, "export_seconds": 5.337519894354045, "queue_size": 60, "status": "RUNNING"}
{"accepted_steps": 280, "time": 2.8000000000000003, "solve_seconds": 189.36328180041164, "export_seconds": 5.780526441987604, "queue_size": 80, "status": "RUNNING"}
{"accepted_steps": 300, "time": 3.0, "solve_seconds": 203.42718992568552, "export_seconds": 6.301728567574173, "queue_size": 0, "status": "RUNNING"}
{"accepted_steps": 320, "time": 3.2, "solve_seconds": 217.10090319346637, "export_seconds": 6.635956949554384, "queue_size": 20, "status": "RUNNING"}
{"accepted_steps": 340, "time": 3.4, "solve_seconds": 230.94566783728078, "export_seconds": 7.0096268630586565, "queue_size": 40, "status": "RUNNING"}
{"accepted_steps": 360, "time": 3.6, "solve_seconds": 244.97272106073797, "export_seconds": 7.419985415413976, "queue_size": 60, "status": "RUNNING"}
{"accepted_steps": 380, "time": 3.8000000000000003, "solve_seconds": 259.2157534593716, "export_seconds": 7.86046590982005, "queue_size": 80, "status": "RUNNING"}
{"accepted_steps": 400, "time": 4.0, "solve_seconds": 273.2128140758723, "export_seconds": 8.382499386090785, "queue_size": 0, "status": "RUNNING"}
{"accepted_steps": 420, "time": 4.2, "solve_seconds": 286.6296345004812, "export_seconds": 8.716998691204935, "queue_size": 20, "status": "RUNNING"}
{"accepted_steps": 440, "time": 4.4, "solve_seconds": 300.0572959599085, "export_seconds": 9.089485326781869, "queue_size": 40, "status": "RUNNING"}
{"accepted_steps": 460, "time": 4.6000000000000005, "solve_seconds": 313.5809631552547, "export_seconds": 9.49535760609433, "queue_size": 60, "status": "RUNNING"}
{"accepted_steps": 480, "time": 4.8, "solve_seconds": 327.0224022450857, "export_seconds": 9.989407298155129, "queue_size": 80, "status": "RUNNING"}
{"accepted_steps": 500, "time": 5.0, "solve_seconds": 340.8542154286988, "export_seconds": 10.457638188265264, "queue_size": 0, "status": "RUNNING"}
{"accepted_steps": 520, "time": 5.2, "solve_seconds": 354.1975152255036, "export_seconds": 10.79148579062894, "queue_size": 20, "status": "RUNNING"}
{"accepted_steps": 540, "time": 5.4, "solve_seconds": 367.54255089350045, "export_seconds": 11.1637028506957, "queue_size": 40, "status": "RUNNING"}
{"accepted_steps": 560, "time": 5.6000000000000005, "solve_seconds": 381.10918003646657, "export_seconds": 11.62558915745467, "queue_size": 60, "status": "RUNNING"}
{"accepted_steps": 580, "time": 5.8, "solve_seconds": 394.85016582440585, "export_seconds": 12.069157214369625, "queue_size": 80, "status": "RUNNING"}
{"accepted_steps": 600, "time": 6.0, "solve_seconds": 408.83466274896637, "export_seconds": 12.539699443150312, "queue_size": 0, "status": "RUNNING"}
{"accepted_steps": 620, "time": 6.2, "solve_seconds": 422.2031094697304, "export_seconds": 12.87394629465416, "queue_size": 20, "status": "RUNNING"}
{"accepted_steps": 640, "time": 6.4, "solve_seconds": 435.95627077203244, "export_seconds": 13.247098940890282, "queue_size": 40, "status": "RUNNING"}
{"accepted_steps": 660, "time": 6.6000000000000005, "solve_seconds": 449.9186054957099, "export_seconds": 13.65787982661277, "queue_size": 60, "status": "RUNNING"}
{"accepted_steps": 680, "time": 6.8, "solve_seconds": 464.1295973896049, "export_seconds": 14.150669537018985, "queue_size": 80, "status": "RUNNING"}
{"accepted_steps": 700, "time": 7.0, "solve_seconds": 478.58581749815494, "export_seconds": 14.621633521746844, "queue_size": 0, "status": "RUNNING"}
{"accepted_steps": 720, "time": 7.2, "solve_seconds": 492.4022505013272, "export_seconds": 14.95751386275515, "queue_size": 20, "status": "RUNNING"}
{"accepted_steps": 740, "time": 7.4, "solve_seconds": 506.1300798249431, "export_seconds": 15.331224742345512, "queue_size": 40, "status": "RUNNING"}
{"accepted_steps": 760, "time": 7.6000000000000005, "solve_seconds": 519.9283568952233, "export_seconds": 15.741171422414482, "queue_size": 60, "status": "RUNNING"}
{"accepted_steps": 780, "time": 7.8, "solve_seconds": 533.7708470569924, "export_seconds": 16.18591902498156, "queue_size": 80, "status": "RUNNING"}
{"accepted_steps": 800, "time": 8.0, "solve_seconds": 547.6385729759932, "export_seconds": 16.65776133025065, "queue_size": 0, "status": "RUNNING"}
{"accepted_steps": 820, "time": 8.2, "solve_seconds": 560.8260641228408, "export_seconds": 16.9933230727911, "queue_size": 20, "status": "RUNNING"}
{"accepted_steps": 840, "time": 8.4, "solve_seconds": 574.2941464502364, "export_seconds": 17.366378999780864, "queue_size": 40, "status": "RUNNING"}
{"accepted_steps": 860, "time": 8.6, "solve_seconds": 587.9273841469549, "export_seconds": 17.773373248055577, "queue_size": 60, "status": "RUNNING"}
{"accepted_steps": 880, "time": 8.8, "solve_seconds": 601.7470434084535, "export_seconds": 18.217248525936157, "queue_size": 80, "status": "RUNNING"}
{"accepted_steps": 900, "time": 9.0, "solve_seconds": 615.7147231646813, "export_seconds": 18.737930670846254, "queue_size": 0, "status": "RUNNING"}
{"accepted_steps": 920, "time": 9.200000000000001, "solve_seconds": 629.0533910165541, "export_seconds": 19.072753485757858, "queue_size": 20, "status": "RUNNING"}
{"accepted_steps": 940, "time": 9.4, "solve_seconds": 642.6454212507233, "export_seconds": 19.445478945039213, "queue_size": 40, "status": "RUNNING"}
{"accepted_steps": 960, "time": 9.6, "solve_seconds": 656.4694811496884, "export_seconds": 19.85403709532693, "queue_size": 60, "status": "RUNNING"}
{"accepted_steps": 980, "time": 9.8, "solve_seconds": 670.6942535592243, "export_seconds": 20.319238245487213, "queue_size": 80, "status": "RUNNING"}
{"accepted_steps": 1000, "time": 10.0, "solve_seconds": 685.0358790573664, "export_seconds": 20.824074159376323, "queue_size": 0, "status": "RUNNING"}
{
  "plant": "van_der_pol",
  "completed": true,
  "accepted_steps": 1000,
  "rejected_attempts": 0,
  "accepted_horizon_exact": "720575940379279375/72057594037927936",
  "solve_seconds": 685.0358790573664,
  "export_seconds": 20.824074159376323,
  "failure": null
}
