Step 0
AIRPLANE_PICARD	0	old_lo=-0.01	old_hi=0.01	base_lo=-0.0059127417286395541	base_hi=0.0059334167122339961	diff_lo=-5.1486847193101503e-18	diff_hi=9.4230503030109155e-18	new_lo=-0.0059127417286395593	new_hi=0.0059334167122340057	subset=1
AIRPLANE_PICARD	1	old_lo=-0.01	old_hi=0.01	base_lo=-0.0055399094745641822	base_hi=0.0055528315188234654	diff_lo=-6.4401863471748854e-18	diff_hi=6.5522448577937179e-18	new_lo=-0.0055399094745641891	new_hi=0.0055528315188234723	subset=1
AIRPLANE_PICARD	2	old_lo=-0.01	old_hi=0.01	base_lo=-0.0032841391062351215	base_hi=0.0032817801787306689	diff_lo=-3.3312056816707076e-18	diff_hi=5.5141759214283388e-18	new_lo=-0.003284139106235125	new_hi=0.0032817801787306746	subset=1
AIRPLANE_PICARD	3	old_lo=-0.01	old_hi=0.01	base_lo=-0.00088020140286611368	base_hi=0.00088008382716297021	diff_lo=-2.9808100432404679e-19	diff_hi=2.5091456690162779e-18	new_lo=-0.000880201402866114	new_hi=0.00088008382716297281	subset=1
AIRPLANE_PICARD	4	old_lo=-0.01	old_hi=0.01	base_lo=-0.00092650902480482297	base_hi=0.00092894260666293851	diff_lo=-2.8932273243853513e-18	diff_hi=6.9007299874357403e-19	new_lo=-0.00092650902480482589	new_hi=0.00092894260666293927	subset=1
AIRPLANE_PICARD	5	old_lo=-0.01	old_hi=0.01	base_lo=-0.00086763094974491508	base_hi=0.00087672698253997438	diff_lo=-3.016961680479825e-19	diff_hi=4.6045042778608564e-18	new_lo=-0.0008676309497449154	new_hi=0.00087672698253997905	subset=1
AIRPLANE_PICARD	6	old_lo=-0.01	old_hi=0.01	base_lo=-0.0004429970343391281	base_hi=0.00044267012555133229	diff_lo=-6.5138866522929131e-20	diff_hi=6.7220534694101299e-20	new_lo=-0.00044299703433912821	new_hi=0.00044267012555133239	subset=1
AIRPLANE_PICARD	7	old_lo=-0.01	old_hi=0.01	base_lo=-0.00039779729306394266	base_hi=0.00039782146563147031	diff_lo=-8.2225892761300676e-20	diff_hi=8.0144224590128508e-20	new_lo=-0.00039779729306394277	new_hi=0.00039782146563147042	subset=1
AIRPLANE_PICARD	8	old_lo=-0.01	old_hi=0.01	base_lo=-0.0003520350753042638	base_hi=0.00035180038632799259	diff_lo=-6.3664351568348838e-20	diff_hi=6.5052130349130288e-20	new_lo=-0.00035203507530426391	new_hi=0.00035180038632799269	subset=1
AIRPLANE_PICARD	9	old_lo=-0.01	old_hi=0.01	base_lo=-0.0001	base_hi=0.0001	diff_lo=0	diff_hi=0	new_lo=-0.0001	new_hi=0.0001	subset=1
AIRPLANE_PICARD	10	old_lo=-0.01	old_hi=0.01	base_lo=-0.0001	base_hi=0.0001	diff_lo=0	diff_hi=0	new_lo=-0.0001	new_hi=0.0001	subset=1
AIRPLANE_PICARD	11	old_lo=-0.01	old_hi=0.01	base_lo=-0.0001	base_hi=0.0001	diff_lo=0	diff_hi=0	new_lo=-0.0001	new_hi=0.0001	subset=1
AIRPLANE_PICARD	12	old_lo=-0.01	old_hi=0.01	base_lo=-0	base_hi=0	diff_lo=0	diff_hi=0	new_lo=-0	new_hi=0	subset=1
AIRPLANE_PICARD	13	old_lo=-0.01	old_hi=0.01	base_lo=-0	base_hi=0	diff_lo=0	diff_hi=0	new_lo=-0	new_hi=0	subset=1
AIRPLANE_PICARD	14	old_lo=-0.01	old_hi=0.01	base_lo=-0	base_hi=0	diff_lo=0	diff_hi=0	new_lo=-0	new_hi=0	subset=1
AIRPLANE_PICARD	15	old_lo=-0.01	old_hi=0.01	base_lo=-0	base_hi=0	diff_lo=0	diff_hi=0	new_lo=-0	new_hi=0	subset=1
AIRPLANE_PICARD	16	old_lo=-0.01	old_hi=0.01	base_lo=-0	base_hi=0	diff_lo=0	diff_hi=0	new_lo=-0	new_hi=0	subset=1
AIRPLANE_PICARD	17	old_lo=-0.01	old_hi=0.01	base_lo=-0	base_hi=0	diff_lo=0	diff_hi=0	new_lo=-0	new_hi=0	subset=1
AIRPLANE_PICARD	18	old_lo=-0.01	old_hi=0.01	base_lo=-0	base_hi=0	diff_lo=0	diff_hi=0	new_lo=-0	new_hi=0	subset=1
PERIOD 0 FLOWPIPES 1 STATUS 2 BOX_SAFE 1
DIAGNOSTIC_COMPLETED_CALLS 1/1
FLOWPIPE_SEGMENTS 1
ONE_STEP_NUMERIC_ACCEPTED_ONLY
time cost: 0.444000
