{
  "accepted_after_shrink_diagnostic": {
    "accumulated_before_x0_add_hi": [
      [
        1.8308413459806946e-06,
        2.3805992244349012e-05
      ]
    ],
    "accumulated_before_x0_add_lo": [
      [
        -1.8308413459806946e-06,
        -2.780338775833387e-05
      ]
    ],
    "adaptive_attempt_index": 2,
    "attempt": 1,
    "candidate_remainder_hi": [
      [
        0.0001,
        0.0001
      ]
    ],
    "candidate_remainder_lo": [
      [
        -0.0001,
        -0.0001
      ]
    ],
    "finite": true,
    "finite_residual": true,
    "h": 0.01830840345980694,
    "h_max": 0.1,
    "h_min": 0.002,
    "h_try": 0.01830840345980694,
    "lane": "L2",
    "mode": "flowstar_style",
    "order": 4,
    "ordinary_residual_hi": [
      [
        2.2474541452825296e-06,
        2.0325481896177367e-05
      ]
    ],
    "ordinary_residual_lo": [
      [
        -2.1545487821206395e-06,
        -2.0533958919129182e-05
      ]
    ],
    "ordinary_residual_width_sum": 4.526144374270972e-05,
    "phase": "remainder_validation",
    "picard_image_remainder_hi": [
      [
        1.8308433459806953e-06,
        2.380599424434902e-05
      ]
    ],
    "picard_image_remainder_lo": [
      [
        -1.8308433459806953e-06,
        -2.780338975833388e-05
      ]
    ],
    "poly_diff_range_hi": [
      [
        1.0000000000000002e-12,
        1.0000000000000002e-12
      ]
    ],
    "poly_diff_range_lo": [
      [
        -1.0000000000000002e-12,
        -1.0000000000000002e-12
      ]
    ],
    "polynomial_range_width_sum": 0.4222274099986857,
    "range_method": "adaptive_subdivision",
    "raw_ctrunc_residual_width_sum": 5.5271070694644284e-05,
    "raw_remainder_ledger_intervals": {
      "cutoff": {
        "hi": [
          [
            0.0,
            2.2250738585072024e-308
          ]
        ],
        "lo": [
          [
            0.0,
            -2.2250738585072024e-308
          ]
        ],
        "width": [
          [
            0.0,
            4.450147717014405e-308
          ]
        ]
      },
      "initial_remainder": {
        "hi": [
          [
            0.0001,
            0.00020000000000000006
          ]
        ],
        "lo": [
          [
            -0.0001,
            -0.00020000000000000006
          ]
        ],
        "width": [
          [
            0.0002,
            0.00040000000000000013
          ]
        ]
      },
      "poly_times_remainder": {
        "hi": [
          [
            0.0,
            0.000326726412278158
          ]
        ],
        "lo": [
          [
            0.0,
            -0.000326726412278158
          ]
        ],
        "width": [
          [
            0.0,
            0.000653452824556316
          ]
        ]
      },
      "polynomial_truncation": {
        "hi": [
          [
            0.0,
            0.00048318392488711745
          ]
        ],
        "lo": [
          [
            0.0,
            -0.0006908638787547668
          ]
        ],
        "width": [
          [
            0.0,
            0.0011740478036418843
          ]
        ]
      },
      "remainder_times_poly": {
        "hi": [
          [
            0.0,
            0.000290326395650665
          ]
        ],
        "lo": [
          [
            0.0,
            -0.0003009830937341523
          ]
        ],
        "width": [
          [
            0.0,
            0.0005913094893848173
          ]
        ]
      },
      "remainder_times_remainder": {
        "hi": [
          [
            0.0,
            4.001150046552728e-08
          ]
        ],
        "lo": [
          [
            0.0,
            -4.001150046552728e-08
          ]
        ],
        "width": [
          [
            0.0,
            8.002300093105455e-08
          ]
        ]
      }
    },
    "raw_remainder_ledger_widths": {
      "cutoff": [
        [
          0.0,
          4.450147717014405e-308
        ]
      ],
      "initial_remainder": [
        [
          0.0002,
          0.00040000000000000013
        ]
      ],
      "poly_times_remainder": [
        [
          0.0,
          0.000653452824556316
        ]
      ],
      "polynomial_truncation": [
        [
          0.0,
          0.0011740478036418843
        ]
      ],
      "remainder_times_poly": [
        [
          0.0,
          0.0005913094893848173
        ]
      ],
      "remainder_times_remainder": [
        [
          0.0,
          8.002300093105455e-08
        ]
      ]
    },
    "raw_rhs_remainder_hi": [
      [
        0.0001,
        0.0013002767443164069
      ]
    ],
    "raw_rhs_remainder_lo": [
      [
        -0.0001,
        -0.0015186133962675436
      ]
    ],
    "rejection_reason": "",
    "remainder_ledger_intervals": {
      "initial_remainder": {
        "hi": [
          [
            1.8308403459806946e-06,
            3.66168069196139e-06
          ]
        ],
        "lo": [
          [
            -1.8308403459806946e-06,
            -3.66168069196139e-06
          ]
        ],
        "width": [
          [
            3.661680691961389e-06,
            7.32336138392278e-06
          ]
        ]
      },
      "integration_overflow": {
        "hi": [
          [
            4.1661279930183353e-07,
            4.756710550365899e-06
          ]
        ],
        "lo": [
          [
            -3.2370743613994323e-07,
            -5.2608159606367926e-06
          ]
        ],
        "width": [
          [
            7.403202354417768e-07,
            1.0017526511002691e-05
          ]
        ]
      },
      "poly_times_remainder": {
        "hi": [
          [
            5e-324,
            5.981909894767616e-06
          ]
        ],
        "lo": [
          [
            -5e-324,
            -5.981909894767616e-06
          ]
        ],
        "width": [
          [
            1e-323,
            1.1963819789535232e-05
          ]
        ]
      },
      "polynomial_truncation": {
        "hi": [
          [
            5e-324,
            9.192371970911182e-07
          ]
        ],
        "lo": [
          [
            -5e-324,
            -6.298392202566689e-07
          ]
        ],
        "width": [
          [
            1e-323,
            1.549076417347787e-06
          ]
        ]
      },
      "remainder_times_poly": {
        "hi": [
          [
            5e-324,
            5.0052771802659116e-06
          ]
        ],
        "lo": [
          [
            -5e-324,
            -4.999046769781279e-06
          ]
        ],
        "width": [
          [
            1e-323,
            1.0004323950047192e-05
          ]
        ]
      },
      "remainder_times_remainder": {
        "hi": [
          [
            5e-324,
            6.653817254107727e-10
          ]
        ],
        "lo": [
          [
            -5e-324,
            -6.653817254107727e-10
          ]
        ],
        "width": [
          [
            1e-323,
            1.3307634508215454e-09
          ]
        ]
      }
    },
    "remainder_ledger_widths": {
      "initial_remainder": [
        [
          3.661680691961389e-06,
          7.32336138392278e-06
        ]
      ],
      "integration_overflow": [
        [
          7.403202354417768e-07,
          1.0017526511002691e-05
        ]
      ],
      "poly_times_remainder": [
        [
          1e-323,
          1.1963819789535232e-05
        ]
      ],
      "polynomial_truncation": [
        [
          1e-323,
          1.549076417347787e-06
        ]
      ],
      "remainder_times_poly": [
        [
          1e-323,
          1.0004323950047192e-05
        ]
      ],
      "remainder_times_remainder": [
        [
          1e-323,
          1.3307634508215454e-09
        ]
      ]
    },
    "segment_index": 164,
    "step_grow_factor": 1.1,
    "step_policy_mode": "flowstar_compat",
    "step_shrink_factor": 0.5,
    "subdivision_depth": 1,
    "subset_margin": [
      [
        9.816915665401931e-05,
        7.219661024166613e-05
      ]
    ],
    "subset_result": true,
    "t_before": 4.738198114669049,
    "target_subset_result": true,
    "tmp_remainder_ledger_intervals": {
      "cutoff": {
        "hi": [
          [
            2.225073858507202e-308,
            2.225073858507202e-308
          ]
        ],
        "lo": [
          [
            -2.225073858507202e-308,
            -2.225073858507202e-308
          ]
        ],
        "width": [
          [
            4.450147717014404e-308,
            4.450147717014404e-308
          ]
        ]
      },
      "initial_remainder": {
        "hi": [
          [
            1.8308403459806946e-06,
            3.66168069196139e-06
          ]
        ],
        "lo": [
          [
            -1.8308403459806946e-06,
            -3.66168069196139e-06
          ]
        ],
        "width": [
          [
            3.661680691961389e-06,
            7.32336138392278e-06
          ]
        ]
      },
      "integration_overflow": {
        "hi": [
          [
            4.1661279930183353e-07,
            4.756710550365899e-06
          ]
        ],
        "lo": [
          [
            -3.2370743613994323e-07,
            -5.2608159606367926e-06
          ]
        ],
        "width": [
          [
            7.403202354417768e-07,
            1.0017526511002691e-05
          ]
        ]
      },
      "poly_times_remainder": {
        "hi": [
          [
            5e-324,
            5.981909894767616e-06
          ]
        ],
        "lo": [
          [
            -5e-324,
            -5.981909894767616e-06
          ]
        ],
        "width": [
          [
            1e-323,
            1.1963819789535232e-05
          ]
        ]
      },
      "polynomial_truncation": {
        "hi": [
          [
            5e-324,
            9.192371970911182e-07
          ]
        ],
        "lo": [
          [
            -5e-324,
            -6.298392202566689e-07
          ]
        ],
        "width": [
          [
            1e-323,
            1.549076417347787e-06
          ]
        ]
      },
      "remainder_times_poly": {
        "hi": [
          [
            5e-324,
            5.0052771802659116e-06
          ]
        ],
        "lo": [
          [
            -5e-324,
            -4.999046769781279e-06
          ]
        ],
        "width": [
          [
            1e-323,
            1.0004323950047192e-05
          ]
        ]
      },
      "remainder_times_remainder": {
        "hi": [
          [
            5e-324,
            6.653817254107727e-10
          ]
        ],
        "lo": [
          [
            -5e-324,
            -6.653817254107727e-10
          ]
        ],
        "width": [
          [
            1e-323,
            1.3307634508215454e-09
          ]
        ]
      }
    },
    "tmp_remainder_ledger_widths": {
      "cutoff": [
        [
          4.450147717014404e-308,
          4.450147717014404e-308
        ]
      ],
      "initial_remainder": [
        [
          3.661680691961389e-06,
          7.32336138392278e-06
        ]
      ],
      "integration_overflow": [
        [
          7.403202354417768e-07,
          1.0017526511002691e-05
        ]
      ],
      "poly_times_remainder": [
        [
          1e-323,
          1.1963819789535232e-05
        ]
      ],
      "polynomial_truncation": [
        [
          1e-323,
          1.549076417347787e-06
        ]
      ],
      "remainder_times_poly": [
        [
          1e-323,
          1.0004323950047192e-05
        ]
      ],
      "remainder_times_remainder": [
        [
          1e-323,
          1.3307634508215454e-09
        ]
      ]
    },
    "validated_remainder_decomposition_contains_image": true,
    "validated_remainder_decomposition_hi": [
      [
        1.8308433459806953e-06,
        2.380599424434902e-05
      ]
    ],
    "validated_remainder_decomposition_lo": [
      [
        -1.8308433459806953e-06,
        -2.780338975833388e-05
      ]
    ],
    "validated_remainder_decomposition_semantics": "additive outward split of the unchanged raw-compat image: base ledger + time-scaled raw RHS ledger + polynomial difference + rounding padding",
    "validated_remainder_ledger_intervals": {
      "composition_overflow": {
        "hi": [
          [
            0.0,
            0.0
          ]
        ],
        "lo": [
          [
            0.0,
            0.0
          ]
        ],
        "width": [
          [
            0.0,
            0.0
          ]
        ]
      },
      "cutoff": {
        "hi": [
          [
            5e-324,
            4.07375499294196e-310
          ]
        ],
        "lo": [
          [
            -5e-324,
            -4.07375499294196e-310
          ]
        ],
        "width": [
          [
            1e-323,
            8.1475099858839e-310
          ]
        ]
      },
      "initial_remainder": {
        "hi": [
          [
            1.8308403459806946e-06,
            3.66168069196139e-06
          ]
        ],
        "lo": [
          [
            -1.8308403459806946e-06,
            -3.66168069196139e-06
          ]
        ],
        "width": [
          [
            3.661680691961389e-06,
            7.32336138392278e-06
          ]
        ]
      },
      "integration_overflow": {
        "hi": [
          [
            0.0,
            0.0
          ]
        ],
        "lo": [
          [
            0.0,
            0.0
          ]
        ],
        "width": [
          [
            0.0,
            0.0
          ]
        ]
      },
      "picard_residual": {
        "hi": [
          [
            1.0000000000000002e-12,
            1.0000000000000002e-12
          ]
        ],
        "lo": [
          [
            -1.0000000000000002e-12,
            -1.0000000000000002e-12
          ]
        ],
        "width": [
          [
            2.0000000000000004e-12,
            2.0000000000000004e-12
          ]
        ]
      },
      "poly_times_remainder": {
        "hi": [
          [
            5e-324,
            5.981838976963738e-06
          ]
        ],
        "lo": [
          [
            -5e-324,
            -5.981838976963738e-06
          ]
        ],
        "width": [
          [
            1e-323,
            1.1963677953927476e-05
          ]
        ]
      },
      "polynomial_truncation": {
        "hi": [
          [
            5e-324,
            8.846326242126399e-06
          ]
        ],
        "lo": [
          [
            -5e-324,
            -1.2648614628049416e-05
          ]
        ],
        "width": [
          [
            1e-323,
            2.1494940870175814e-05
          ]
        ]
      },
      "remainder_times_poly": {
        "hi": [
          [
            5e-324,
            5.3154127866039146e-06
          ]
        ],
        "lo": [
          [
            -5e-324,
            -5.510519914665751e-06
          ]
        ],
        "width": [
          [
            1e-323,
            1.0825932701269665e-05
          ]
        ]
      },
      "remainder_times_remainder": {
        "hi": [
          [
            5e-324,
            7.325466935551267e-10
          ]
        ],
        "lo": [
          [
            -5e-324,
            -7.325466935551267e-10
          ]
        ],
        "width": [
          [
            1e-323,
            1.4650933871102534e-09
          ]
        ]
      },
      "reset_or_reconditioning": {
        "hi": [
          [
            0.0,
            0.0
          ]
        ],
        "lo": [
          [
            0.0,
            0.0
          ]
        ],
        "width": [
          [
            0.0,
            0.0
          ]
        ]
      },
      "roundoff_safeguard": {
        "hi": [
          [
            1.9999999983611423e-12,
            1.999999995396527e-12
          ]
        ],
        "lo": [
          [
            -1.9999999983611423e-12,
            -1.9999999920083952e-12
          ]
        ],
        "width": [
          [
            3.999999996722285e-12,
            3.999999987404922e-12
          ]
        ]
      }
    },
    "validation_message": "",
    "validation_mode": "flowstar_raw_remainder_compat",
    "validation_status": "validated"
  },
  "accepted_boundary_index": 164,
  "active_columns": 16,
  "all_attempt_diagnostics": [
    {
      "accumulated_before_x0_add_hi": [
        [
          3.661681691961389e-06,
          8.009028970526782e-05
        ]
      ],
      "accumulated_before_x0_add_lo": [
        [
          -3.661681691961389e-06,
          -0.00010377387352868672
        ]
      ],
      "adaptive_attempt_index": 1,
      "attempt": 1,
      "candidate_remainder_hi": [
        [
          0.0001,
          0.0001
        ]
      ],
      "candidate_remainder_lo": [
        [
          -0.0001,
          -0.0001
        ]
      ],
      "finite": true,
      "finite_residual": true,
      "h": 0.03661680691961388,
      "h_max": 0.1,
      "h_min": 0.002,
      "h_try": 0.03661680691961388,
      "lane": "L2",
      "mode": "flowstar_style",
      "order": 4,
      "ordinary_residual_hi": [
        [
          6.375585287103057e-06,
          5.8949504247332075e-05
        ]
      ],
      "ordinary_residual_lo": [
        [
          -5.634093016110416e-06,
          -6.0551877327697914e-05
        ]
      ],
      "ordinary_residual_width_sum": 0.00013151105987824346,
      "phase": "remainder_validation",
      "picard_image_remainder_hi": [
        [
          3.66168369196139e-06,
          8.009029170526785e-05
        ]
      ],
      "picard_image_remainder_lo": [
        [
          -3.66168369196139e-06,
          -0.00010377387552868675
        ]
      ],
      "poly_diff_range_hi": [
        [
          1.0000000000000002e-12,
          1.0000000000000002e-12
        ]
      ],
      "poly_diff_range_lo": [
        [
          -1.0000000000000002e-12,
          -1.0000000000000002e-12
        ]
      ],
      "polynomial_range_width_sum": 0.4586179150532188,
      "range_method": "adaptive_subdivision",
      "raw_ctrunc_residual_width_sum": 0.0001911875346178774,
      "raw_remainder_ledger_intervals": {
        "cutoff": {
          "hi": [
            [
              0.0,
              2.2250738585072024e-308
            ]
          ],
          "lo": [
            [
              0.0,
              -2.2250738585072024e-308
            ]
          ],
          "width": [
            [
              0.0,
              4.450147717014405e-308
            ]
          ]
        },
        "initial_remainder": {
          "hi": [
            [
              0.0001,
              0.00020000000000000006
            ]
          ],
          "lo": [
            [
              -0.0001,
              -0.00020000000000000006
            ]
          ],
          "width": [
            [
              0.0002,
              0.00040000000000000013
            ]
          ]
        },
        "poly_times_remainder": {
          "hi": [
            [
              0.0,
              0.0003275490626485896
            ]
          ],
          "lo": [
            [
              0.0,
              -0.0003275490626485896
            ]
          ],
          "width": [
            [
              0.0,
              0.0006550981252971792
            ]
          ]
        },
        "polynomial_truncation": {
          "hi": [
            [
              0.0,
              0.0013002415651395445
            ]
          ],
          "lo": [
            [
              0.0,
              -0.0018999416271290545
            ]
          ],
          "width": [
            [
              0.0,
              0.003200183192268599
            ]
          ]
        },
        "remainder_times_poly": {
          "hi": [
            [
              0.0,
              0.00035941122096679626
            ]
          ],
          "lo": [
            [
              0.0,
              -0.0004065066011744241
            ]
          ],
          "width": [
            [
              0.0,
              0.0007659178221412204
            ]
          ]
        },
        "remainder_times_remainder": {
          "hi": [
            [
              0.0,
              5.300612885785257e-08
            ]
          ],
          "lo": [
            [
              0.0,
              -5.300612885785257e-08
            ]
          ],
          "width": [
            [
              0.0,
              1.0601225771570514e-07
            ]
          ]
        }
      },
      "raw_remainder_ledger_widths": {
        "cutoff": [
          [
            0.0,
            4.450147717014405e-308
          ]
        ],
        "initial_remainder": [
          [
            0.0002,
            0.00040000000000000013
          ]
        ],
        "poly_times_remainder": [
          [
            0.0,
            0.0006550981252971792
          ]
        ],
        "polynomial_truncation": [
          [
            0.0,
            0.003200183192268599
          ]
        ],
        "remainder_times_poly": [
          [
            0.0,
            0.0007659178221412204
          ]
        ],
        "remainder_times_remainder": [
          [
            0.0,
            1.0601225771570514e-07
          ]
        ]
      },
      "raw_rhs_remainder_hi": [
        [
          0.0001,
          0.0021872548548837896
        ]
      ],
      "raw_rhs_remainder_lo": [
        [
          -0.0001,
          -0.002834050297080928
        ]
      ],
      "rejection_reason": "Flowstar raw remainder compat residual not subset of target remainder",
      "remainder_ledger_intervals": {
        "initial_remainder": {
          "hi": [
            [
              3.661680691961389e-06,
              7.32336138392278e-06
            ]
          ],
          "lo": [
            [
              -3.661680691961389e-06,
              -7.32336138392278e-06
            ]
          ],
          "width": [
            [
              7.323361383922778e-06,
              1.464672276784556e-05
            ]
          ]
        },
        "integration_overflow": {
          "hi": [
            [
              2.7139035951416633e-06,
              2.2570725312392502e-05
            ]
          ],
          "lo": [
            [
              -1.972411324149023e-06,
              -2.6593403494879745e-05
            ]
          ],
          "width": [
            [
              4.686314919290686e-06,
              4.916412880727225e-05
            ]
          ]
        },
        "poly_times_remainder": {
          "hi": [
            [
              5e-324,
              1.1994416647163335e-05
            ]
          ],
          "lo": [
            [
              -5e-324,
              -1.1994416647163335e-05
            ]
          ],
          "width": [
            [
              1e-323,
              2.398883329432667e-05
            ]
          ]
        },
        "polynomial_truncation": {
          "hi": [
            [
              5e-324,
              6.616639943248634e-06
            ]
          ],
          "lo": [
            [
              -5e-324,
              -4.27055658510036e-06
            ]
          ],
          "width": [
            [
              1e-323,
              1.0887196528348993e-05
            ]
          ]
        },
        "remainder_times_poly": {
          "hi": [
            [
              5e-324,
              1.0442998253539036e-05
            ]
          ],
          "lo": [
            [
              -5e-324,
              -1.036877650956592e-05
            ]
          ],
          "width": [
            [
              1e-323,
              2.0811774763104957e-05
            ]
          ]
        },
        "remainder_times_remainder": {
          "hi": [
            [
              5e-324,
              1.3617070657406247e-09
            ]
          ],
          "lo": [
            [
              -5e-324,
              -1.3617070657406247e-09
            ]
          ],
          "width": [
            [
              1e-323,
              2.7234141314812495e-09
            ]
          ]
        }
      },
      "remainder_ledger_widths": {
        "initial_remainder": [
          [
            7.323361383922778e-06,
            1.464672276784556e-05
          ]
        ],
        "integration_overflow": [
          [
            4.686314919290686e-06,
            4.916412880727225e-05
          ]
        ],
        "poly_times_remainder": [
          [
            1e-323,
            2.398883329432667e-05
          ]
        ],
        "polynomial_truncation": [
          [
            1e-323,
            1.0887196528348993e-05
          ]
        ],
        "remainder_times_poly": [
          [
            1e-323,
            2.0811774763104957e-05
          ]
        ],
        "remainder_times_remainder": [
          [
            1e-323,
            2.7234141314812495e-09
          ]
        ]
      },
      "segment_index": 164,
      "step_grow_factor": 1.1,
      "step_policy_mode": "flowstar_compat",
      "step_shrink_factor": 0.5,
      "subdivision_depth": 1,
      "subset_margin": [
        [
          9.633831630803861e-05,
          -3.773875528686747e-06
        ]
      ],
      "subset_result": false,
      "t_before": 4.738198114669049,
      "target_subset_result": false,
      "tmp_remainder_ledger_intervals": {
        "cutoff": {
          "hi": [
            [
              2.225073858507202e-308,
              2.225073858507202e-308
            ]
          ],
          "lo": [
            [
              -2.225073858507202e-308,
              -2.225073858507202e-308
            ]
          ],
          "width": [
            [
              4.450147717014404e-308,
              4.450147717014404e-308
            ]
          ]
        },
        "initial_remainder": {
          "hi": [
            [
              3.661680691961389e-06,
              7.32336138392278e-06
            ]
          ],
          "lo": [
            [
              -3.661680691961389e-06,
              -7.32336138392278e-06
            ]
          ],
          "width": [
            [
              7.323361383922778e-06,
              1.464672276784556e-05
            ]
          ]
        },
        "integration_overflow": {
          "hi": [
            [
              2.7139035951416633e-06,
              2.2570725312392502e-05
            ]
          ],
          "lo": [
            [
              -1.972411324149023e-06,
              -2.6593403494879745e-05
            ]
          ],
          "width": [
            [
              4.686314919290686e-06,
              4.916412880727225e-05
            ]
          ]
        },
        "poly_times_remainder": {
          "hi": [
            [
              5e-324,
              1.1994416647163335e-05
            ]
          ],
          "lo": [
            [
              -5e-324,
              -1.1994416647163335e-05
            ]
          ],
          "width": [
            [
              1e-323,
              2.398883329432667e-05
            ]
          ]
        },
        "polynomial_truncation": {
          "hi": [
            [
              5e-324,
              6.616639943248634e-06
            ]
          ],
          "lo": [
            [
              -5e-324,
              -4.27055658510036e-06
            ]
          ],
          "width": [
            [
              1e-323,
              1.0887196528348993e-05
            ]
          ]
        },
        "remainder_times_poly": {
          "hi": [
            [
              5e-324,
              1.0442998253539036e-05
            ]
          ],
          "lo": [
            [
              -5e-324,
              -1.036877650956592e-05
            ]
          ],
          "width": [
            [
              1e-323,
              2.0811774763104957e-05
            ]
          ]
        },
        "remainder_times_remainder": {
          "hi": [
            [
              5e-324,
              1.3617070657406247e-09
            ]
          ],
          "lo": [
            [
              -5e-324,
              -1.3617070657406247e-09
            ]
          ],
          "width": [
            [
              1e-323,
              2.7234141314812495e-09
            ]
          ]
        }
      },
      "tmp_remainder_ledger_widths": {
        "cutoff": [
          [
            4.450147717014404e-308,
            4.450147717014404e-308
          ]
        ],
        "initial_remainder": [
          [
            7.323361383922778e-06,
            1.464672276784556e-05
          ]
        ],
        "integration_overflow": [
          [
            4.686314919290686e-06,
            4.916412880727225e-05
          ]
        ],
        "poly_times_remainder": [
          [
            1e-323,
            2.398883329432667e-05
          ]
        ],
        "polynomial_truncation": [
          [
            1e-323,
            1.0887196528348993e-05
          ]
        ],
        "remainder_times_poly": [
          [
            1e-323,
            2.0811774763104957e-05
          ]
        ],
        "remainder_times_remainder": [
          [
            1e-323,
            2.7234141314812495e-09
          ]
        ]
      },
      "validated_remainder_decomposition_contains_image": true,
      "validated_remainder_decomposition_hi": [
        [
          3.66168369196139e-06,
          8.009029170526785e-05
        ]
      ],
      "validated_remainder_decomposition_lo": [
        [
          -3.66168369196139e-06,
          -0.00010377387552868675
        ]
      ],
      "validated_remainder_decomposition_semantics": "additive outward split of the unchanged raw-compat image: base ledger + time-scaled raw RHS ledger + polynomial difference + rounding padding",
      "validated_remainder_ledger_intervals": {
        "composition_overflow": {
          "hi": [
            [
              0.0,
              0.0
            ]
          ],
          "lo": [
            [
              0.0,
              0.0
            ]
          ],
          "width": [
            [
              0.0,
              0.0
            ]
          ]
        },
        "cutoff": {
          "hi": [
            [
              5e-324,
              8.1475099858839e-310
            ]
          ],
          "lo": [
            [
              -5e-324,
              -8.1475099858839e-310
            ]
          ],
          "width": [
            [
              1e-323,
              1.629501997176784e-309
            ]
          ]
        },
        "initial_remainder": {
          "hi": [
            [
              3.661680691961389e-06,
              7.32336138392278e-06
            ]
          ],
          "lo": [
            [
              -3.661680691961389e-06,
              -7.32336138392278e-06
            ]
          ],
          "width": [
            [
              7.323361383922778e-06,
              1.464672276784556e-05
            ]
          ]
        },
        "integration_overflow": {
          "hi": [
            [
              0.0,
              0.0
            ]
          ],
          "lo": [
            [
              0.0,
              0.0
            ]
          ],
          "width": [
            [
              0.0,
              0.0
            ]
          ]
        },
        "picard_residual": {
          "hi": [
            [
              1.0000000000000002e-12,
              1.0000000000000002e-12
            ]
          ],
          "lo": [
            [
              -1.0000000000000002e-12,
              -1.0000000000000002e-12
            ]
          ],
          "width": [
            [
              2.0000000000000004e-12,
              2.0000000000000004e-12
            ]
          ]
        },
        "poly_times_remainder": {
          "hi": [
            [
              5e-324,
              1.1993800783703918e-05
            ]
          ],
          "lo": [
            [
              -5e-324,
              -1.1993800783703918e-05
            ]
          ],
          "width": [
            [
              1e-323,
              2.3987601567407835e-05
            ]
          ]
        },
        "polynomial_truncation": {
          "hi": [
            [
              5e-324,
              4.761069433957126e-05
            ]
          ],
          "lo": [
            [
              -5e-324,
              -6.956979571912163e-05
            ]
          ],
          "width": [
            [
              1e-323,
              0.00011718049005869288
            ]
          ]
        },
        "remainder_times_poly": {
          "hi": [
            [
              5e-324,
              1.316049128288386e-05
            ]
          ],
          "lo": [
            [
              -5e-324,
              -1.4884973726752373e-05
            ]
          ],
          "width": [
            [
              1e-323,
              2.8045465009636232e-05
            ]
          ]
        },
        "remainder_times_remainder": {
          "hi": [
            [
              5e-324,
              1.9409151859441612e-09
            ]
          ],
          "lo": [
            [
              -5e-324,
              -1.9409151859441612e-09
            ]
          ],
          "width": [
            [
              1e-323,
              3.8818303718883225e-09
            ]
          ]
        },
        "reset_or_reconditioning": {
          "hi": [
            [
              0.0,
              0.0
            ]
          ],
          "lo": [
            [
              0.0,
              0.0
            ]
          ],
          "width": [
            [
              0.0,
              0.0
            ]
          ]
        },
        "roundoff_safeguard": {
          "hi": [
            [
              1.99999999624356e-12,
              1.999999978455868e-12
            ]
          ],
          "lo": [
            [
              -1.99999999624356e-12,
              -1.999999964903341e-12
            ]
          ],
          "width": [
            [
              3.99999999248712e-12,
              3.999999943359209e-12
            ]
          ]
        }
      },
      "validation_message": "Flowstar raw remainder compat residual not subset of target remainder",
      "validation_mode": "flowstar_raw_remainder_compat",
      "validation_status": "failed"
    },
    {
      "accumulated_before_x0_add_hi": [
        [
          1.8308413459806946e-06,
          2.3805992244349012e-05
        ]
      ],
      "accumulated_before_x0_add_lo": [
        [
          -1.8308413459806946e-06,
          -2.780338775833387e-05
        ]
      ],
      "adaptive_attempt_index": 2,
      "attempt": 1,
      "candidate_remainder_hi": [
        [
          0.0001,
          0.0001
        ]
      ],
      "candidate_remainder_lo": [
        [
          -0.0001,
          -0.0001
        ]
      ],
      "finite": true,
      "finite_residual": true,
      "h": 0.01830840345980694,
      "h_max": 0.1,
      "h_min": 0.002,
      "h_try": 0.01830840345980694,
      "lane": "L2",
      "mode": "flowstar_style",
      "order": 4,
      "ordinary_residual_hi": [
        [
          2.2474541452825296e-06,
          2.0325481896177367e-05
        ]
      ],
      "ordinary_residual_lo": [
        [
          -2.1545487821206395e-06,
          -2.0533958919129182e-05
        ]
      ],
      "ordinary_residual_width_sum": 4.526144374270972e-05,
      "phase": "remainder_validation",
      "picard_image_remainder_hi": [
        [
          1.8308433459806953e-06,
          2.380599424434902e-05
        ]
      ],
      "picard_image_remainder_lo": [
        [
          -1.8308433459806953e-06,
          -2.780338975833388e-05
        ]
      ],
      "poly_diff_range_hi": [
        [
          1.0000000000000002e-12,
          1.0000000000000002e-12
        ]
      ],
      "poly_diff_range_lo": [
        [
          -1.0000000000000002e-12,
          -1.0000000000000002e-12
        ]
      ],
      "polynomial_range_width_sum": 0.4222274099986857,
      "range_method": "adaptive_subdivision",
      "raw_ctrunc_residual_width_sum": 5.5271070694644284e-05,
      "raw_remainder_ledger_intervals": {
        "cutoff": {
          "hi": [
            [
              0.0,
              2.2250738585072024e-308
            ]
          ],
          "lo": [
            [
              0.0,
              -2.2250738585072024e-308
            ]
          ],
          "width": [
            [
              0.0,
              4.450147717014405e-308
            ]
          ]
        },
        "initial_remainder": {
          "hi": [
            [
              0.0001,
              0.00020000000000000006
            ]
          ],
          "lo": [
            [
              -0.0001,
              -0.00020000000000000006
            ]
          ],
          "width": [
            [
              0.0002,
              0.00040000000000000013
            ]
          ]
        },
        "poly_times_remainder": {
          "hi": [
            [
              0.0,
              0.000326726412278158
            ]
          ],
          "lo": [
            [
              0.0,
              -0.000326726412278158
            ]
          ],
          "width": [
            [
              0.0,
              0.000653452824556316
            ]
          ]
        },
        "polynomial_truncation": {
          "hi": [
            [
              0.0,
              0.00048318392488711745
            ]
          ],
          "lo": [
            [
              0.0,
              -0.0006908638787547668
            ]
          ],
          "width": [
            [
              0.0,
              0.0011740478036418843
            ]
          ]
        },
        "remainder_times_poly": {
          "hi": [
            [
              0.0,
              0.000290326395650665
            ]
          ],
          "lo": [
            [
              0.0,
              -0.0003009830937341523
            ]
          ],
          "width": [
            [
              0.0,
              0.0005913094893848173
            ]
          ]
        },
        "remainder_times_remainder": {
          "hi": [
            [
              0.0,
              4.001150046552728e-08
            ]
          ],
          "lo": [
            [
              0.0,
              -4.001150046552728e-08
            ]
          ],
          "width": [
            [
              0.0,
              8.002300093105455e-08
            ]
          ]
        }
      },
      "raw_remainder_ledger_widths": {
        "cutoff": [
          [
            0.0,
            4.450147717014405e-308
          ]
        ],
        "initial_remainder": [
          [
            0.0002,
            0.00040000000000000013
          ]
        ],
        "poly_times_remainder": [
          [
            0.0,
            0.000653452824556316
          ]
        ],
        "polynomial_truncation": [
          [
            0.0,
            0.0011740478036418843
          ]
        ],
        "remainder_times_poly": [
          [
            0.0,
            0.0005913094893848173
          ]
        ],
        "remainder_times_remainder": [
          [
            0.0,
            8.002300093105455e-08
          ]
        ]
      },
      "raw_rhs_remainder_hi": [
        [
          0.0001,
          0.0013002767443164069
        ]
      ],
      "raw_rhs_remainder_lo": [
        [
          -0.0001,
          -0.0015186133962675436
        ]
      ],
      "rejection_reason": "",
      "remainder_ledger_intervals": {
        "initial_remainder": {
          "hi": [
            [
              1.8308403459806946e-06,
              3.66168069196139e-06
            ]
          ],
          "lo": [
            [
              -1.8308403459806946e-06,
              -3.66168069196139e-06
            ]
          ],
          "width": [
            [
              3.661680691961389e-06,
              7.32336138392278e-06
            ]
          ]
        },
        "integration_overflow": {
          "hi": [
            [
              4.1661279930183353e-07,
              4.756710550365899e-06
            ]
          ],
          "lo": [
            [
              -3.2370743613994323e-07,
              -5.2608159606367926e-06
            ]
          ],
          "width": [
            [
              7.403202354417768e-07,
              1.0017526511002691e-05
            ]
          ]
        },
        "poly_times_remainder": {
          "hi": [
            [
              5e-324,
              5.981909894767616e-06
            ]
          ],
          "lo": [
            [
              -5e-324,
              -5.981909894767616e-06
            ]
          ],
          "width": [
            [
              1e-323,
              1.1963819789535232e-05
            ]
          ]
        },
        "polynomial_truncation": {
          "hi": [
            [
              5e-324,
              9.192371970911182e-07
            ]
          ],
          "lo": [
            [
              -5e-324,
              -6.298392202566689e-07
            ]
          ],
          "width": [
            [
              1e-323,
              1.549076417347787e-06
            ]
          ]
        },
        "remainder_times_poly": {
          "hi": [
            [
              5e-324,
              5.0052771802659116e-06
            ]
          ],
          "lo": [
            [
              -5e-324,
              -4.999046769781279e-06
            ]
          ],
          "width": [
            [
              1e-323,
              1.0004323950047192e-05
            ]
          ]
        },
        "remainder_times_remainder": {
          "hi": [
            [
              5e-324,
              6.653817254107727e-10
            ]
          ],
          "lo": [
            [
              -5e-324,
              -6.653817254107727e-10
            ]
          ],
          "width": [
            [
              1e-323,
              1.3307634508215454e-09
            ]
          ]
        }
      },
      "remainder_ledger_widths": {
        "initial_remainder": [
          [
            3.661680691961389e-06,
            7.32336138392278e-06
          ]
        ],
        "integration_overflow": [
          [
            7.403202354417768e-07,
            1.0017526511002691e-05
          ]
        ],
        "poly_times_remainder": [
          [
            1e-323,
            1.1963819789535232e-05
          ]
        ],
        "polynomial_truncation": [
          [
            1e-323,
            1.549076417347787e-06
          ]
        ],
        "remainder_times_poly": [
          [
            1e-323,
            1.0004323950047192e-05
          ]
        ],
        "remainder_times_remainder": [
          [
            1e-323,
            1.3307634508215454e-09
          ]
        ]
      },
      "segment_index": 164,
      "step_grow_factor": 1.1,
      "step_policy_mode": "flowstar_compat",
      "step_shrink_factor": 0.5,
      "subdivision_depth": 1,
      "subset_margin": [
        [
          9.816915665401931e-05,
          7.219661024166613e-05
        ]
      ],
      "subset_result": true,
      "t_before": 4.738198114669049,
      "target_subset_result": true,
      "tmp_remainder_ledger_intervals": {
        "cutoff": {
          "hi": [
            [
              2.225073858507202e-308,
              2.225073858507202e-308
            ]
          ],
          "lo": [
            [
              -2.225073858507202e-308,
              -2.225073858507202e-308
            ]
          ],
          "width": [
            [
              4.450147717014404e-308,
              4.450147717014404e-308
            ]
          ]
        },
        "initial_remainder": {
          "hi": [
            [
              1.8308403459806946e-06,
              3.66168069196139e-06
            ]
          ],
          "lo": [
            [
              -1.8308403459806946e-06,
              -3.66168069196139e-06
            ]
          ],
          "width": [
            [
              3.661680691961389e-06,
              7.32336138392278e-06
            ]
          ]
        },
        "integration_overflow": {
          "hi": [
            [
              4.1661279930183353e-07,
              4.756710550365899e-06
            ]
          ],
          "lo": [
            [
              -3.2370743613994323e-07,
              -5.2608159606367926e-06
            ]
          ],
          "width": [
            [
              7.403202354417768e-07,
              1.0017526511002691e-05
            ]
          ]
        },
        "poly_times_remainder": {
          "hi": [
            [
              5e-324,
              5.981909894767616e-06
            ]
          ],
          "lo": [
            [
              -5e-324,
              -5.981909894767616e-06
            ]
          ],
          "width": [
            [
              1e-323,
              1.1963819789535232e-05
            ]
          ]
        },
        "polynomial_truncation": {
          "hi": [
            [
              5e-324,
              9.192371970911182e-07
            ]
          ],
          "lo": [
            [
              -5e-324,
              -6.298392202566689e-07
            ]
          ],
          "width": [
            [
              1e-323,
              1.549076417347787e-06
            ]
          ]
        },
        "remainder_times_poly": {
          "hi": [
            [
              5e-324,
              5.0052771802659116e-06
            ]
          ],
          "lo": [
            [
              -5e-324,
              -4.999046769781279e-06
            ]
          ],
          "width": [
            [
              1e-323,
              1.0004323950047192e-05
            ]
          ]
        },
        "remainder_times_remainder": {
          "hi": [
            [
              5e-324,
              6.653817254107727e-10
            ]
          ],
          "lo": [
            [
              -5e-324,
              -6.653817254107727e-10
            ]
          ],
          "width": [
            [
              1e-323,
              1.3307634508215454e-09
            ]
          ]
        }
      },
      "tmp_remainder_ledger_widths": {
        "cutoff": [
          [
            4.450147717014404e-308,
            4.450147717014404e-308
          ]
        ],
        "initial_remainder": [
          [
            3.661680691961389e-06,
            7.32336138392278e-06
          ]
        ],
        "integration_overflow": [
          [
            7.403202354417768e-07,
            1.0017526511002691e-05
          ]
        ],
        "poly_times_remainder": [
          [
            1e-323,
            1.1963819789535232e-05
          ]
        ],
        "polynomial_truncation": [
          [
            1e-323,
            1.549076417347787e-06
          ]
        ],
        "remainder_times_poly": [
          [
            1e-323,
            1.0004323950047192e-05
          ]
        ],
        "remainder_times_remainder": [
          [
            1e-323,
            1.3307634508215454e-09
          ]
        ]
      },
      "validated_remainder_decomposition_contains_image": true,
      "validated_remainder_decomposition_hi": [
        [
          1.8308433459806953e-06,
          2.380599424434902e-05
        ]
      ],
      "validated_remainder_decomposition_lo": [
        [
          -1.8308433459806953e-06,
          -2.780338975833388e-05
        ]
      ],
      "validated_remainder_decomposition_semantics": "additive outward split of the unchanged raw-compat image: base ledger + time-scaled raw RHS ledger + polynomial difference + rounding padding",
      "validated_remainder_ledger_intervals": {
        "composition_overflow": {
          "hi": [
            [
              0.0,
              0.0
            ]
          ],
          "lo": [
            [
              0.0,
              0.0
            ]
          ],
          "width": [
            [
              0.0,
              0.0
            ]
          ]
        },
        "cutoff": {
          "hi": [
            [
              5e-324,
              4.07375499294196e-310
            ]
          ],
          "lo": [
            [
              -5e-324,
              -4.07375499294196e-310
            ]
          ],
          "width": [
            [
              1e-323,
              8.1475099858839e-310
            ]
          ]
        },
        "initial_remainder": {
          "hi": [
            [
              1.8308403459806946e-06,
              3.66168069196139e-06
            ]
          ],
          "lo": [
            [
              -1.8308403459806946e-06,
              -3.66168069196139e-06
            ]
          ],
          "width": [
            [
              3.661680691961389e-06,
              7.32336138392278e-06
            ]
          ]
        },
        "integration_overflow": {
          "hi": [
            [
              0.0,
              0.0
            ]
          ],
          "lo": [
            [
              0.0,
              0.0
            ]
          ],
          "width": [
            [
              0.0,
              0.0
            ]
          ]
        },
        "picard_residual": {
          "hi": [
            [
              1.0000000000000002e-12,
              1.0000000000000002e-12
            ]
          ],
          "lo": [
            [
              -1.0000000000000002e-12,
              -1.0000000000000002e-12
            ]
          ],
          "width": [
            [
              2.0000000000000004e-12,
              2.0000000000000004e-12
            ]
          ]
        },
        "poly_times_remainder": {
          "hi": [
            [
              5e-324,
              5.981838976963738e-06
            ]
          ],
          "lo": [
            [
              -5e-324,
              -5.981838976963738e-06
            ]
          ],
          "width": [
            [
              1e-323,
              1.1963677953927476e-05
            ]
          ]
        },
        "polynomial_truncation": {
          "hi": [
            [
              5e-324,
              8.846326242126399e-06
            ]
          ],
          "lo": [
            [
              -5e-324,
              -1.2648614628049416e-05
            ]
          ],
          "width": [
            [
              1e-323,
              2.1494940870175814e-05
            ]
          ]
        },
        "remainder_times_poly": {
          "hi": [
            [
              5e-324,
              5.3154127866039146e-06
            ]
          ],
          "lo": [
            [
              -5e-324,
              -5.510519914665751e-06
            ]
          ],
          "width": [
            [
              1e-323,
              1.0825932701269665e-05
            ]
          ]
        },
        "remainder_times_remainder": {
          "hi": [
            [
              5e-324,
              7.325466935551267e-10
            ]
          ],
          "lo": [
            [
              -5e-324,
              -7.325466935551267e-10
            ]
          ],
          "width": [
            [
              1e-323,
              1.4650933871102534e-09
            ]
          ]
        },
        "reset_or_reconditioning": {
          "hi": [
            [
              0.0,
              0.0
            ]
          ],
          "lo": [
            [
              0.0,
              0.0
            ]
          ],
          "width": [
            [
              0.0,
              0.0
            ]
          ]
        },
        "roundoff_safeguard": {
          "hi": [
            [
              1.9999999983611423e-12,
              1.999999995396527e-12
            ]
          ],
          "lo": [
            [
              -1.9999999983611423e-12,
              -1.9999999920083952e-12
            ]
          ],
          "width": [
            [
              3.999999996722285e-12,
              3.999999987404922e-12
            ]
          ]
        }
      },
      "validation_message": "",
      "validation_mode": "flowstar_raw_remainder_compat",
      "validation_status": "validated"
    }
  ],
  "checkpoint_full_sha256": "9162f267fcdcf44ca7bb9acfa73975eb8f4f4b80c03ca217aac2f07450cd585b",
  "event_count": 312,
  "first_failed_diagnostic": {
    "accumulated_before_x0_add_hi": [
      [
        3.661681691961389e-06,
        8.009028970526782e-05
      ]
    ],
    "accumulated_before_x0_add_lo": [
      [
        -3.661681691961389e-06,
        -0.00010377387352868672
      ]
    ],
    "adaptive_attempt_index": 1,
    "attempt": 1,
    "candidate_remainder_hi": [
      [
        0.0001,
        0.0001
      ]
    ],
    "candidate_remainder_lo": [
      [
        -0.0001,
        -0.0001
      ]
    ],
    "finite": true,
    "finite_residual": true,
    "h": 0.03661680691961388,
    "h_max": 0.1,
    "h_min": 0.002,
    "h_try": 0.03661680691961388,
    "lane": "L2",
    "mode": "flowstar_style",
    "order": 4,
    "ordinary_residual_hi": [
      [
        6.375585287103057e-06,
        5.8949504247332075e-05
      ]
    ],
    "ordinary_residual_lo": [
      [
        -5.634093016110416e-06,
        -6.0551877327697914e-05
      ]
    ],
    "ordinary_residual_width_sum": 0.00013151105987824346,
    "phase": "remainder_validation",
    "picard_image_remainder_hi": [
      [
        3.66168369196139e-06,
        8.009029170526785e-05
      ]
    ],
    "picard_image_remainder_lo": [
      [
        -3.66168369196139e-06,
        -0.00010377387552868675
      ]
    ],
    "poly_diff_range_hi": [
      [
        1.0000000000000002e-12,
        1.0000000000000002e-12
      ]
    ],
    "poly_diff_range_lo": [
      [
        -1.0000000000000002e-12,
        -1.0000000000000002e-12
      ]
    ],
    "polynomial_range_width_sum": 0.4586179150532188,
    "range_method": "adaptive_subdivision",
    "raw_ctrunc_residual_width_sum": 0.0001911875346178774,
    "raw_remainder_ledger_intervals": {
      "cutoff": {
        "hi": [
          [
            0.0,
            2.2250738585072024e-308
          ]
        ],
        "lo": [
          [
            0.0,
            -2.2250738585072024e-308
          ]
        ],
        "width": [
          [
            0.0,
            4.450147717014405e-308
          ]
        ]
      },
      "initial_remainder": {
        "hi": [
          [
            0.0001,
            0.00020000000000000006
          ]
        ],
        "lo": [
          [
            -0.0001,
            -0.00020000000000000006
          ]
        ],
        "width": [
          [
            0.0002,
            0.00040000000000000013
          ]
        ]
      },
      "poly_times_remainder": {
        "hi": [
          [
            0.0,
            0.0003275490626485896
          ]
        ],
        "lo": [
          [
            0.0,
            -0.0003275490626485896
          ]
        ],
        "width": [
          [
            0.0,
            0.0006550981252971792
          ]
        ]
      },
      "polynomial_truncation": {
        "hi": [
          [
            0.0,
            0.0013002415651395445
          ]
        ],
        "lo": [
          [
            0.0,
            -0.0018999416271290545
          ]
        ],
        "width": [
          [
            0.0,
            0.003200183192268599
          ]
        ]
      },
      "remainder_times_poly": {
        "hi": [
          [
            0.0,
            0.00035941122096679626
          ]
        ],
        "lo": [
          [
            0.0,
            -0.0004065066011744241
          ]
        ],
        "width": [
          [
            0.0,
            0.0007659178221412204
          ]
        ]
      },
      "remainder_times_remainder": {
        "hi": [
          [
            0.0,
            5.300612885785257e-08
          ]
        ],
        "lo": [
          [
            0.0,
            -5.300612885785257e-08
          ]
        ],
        "width": [
          [
            0.0,
            1.0601225771570514e-07
          ]
        ]
      }
    },
    "raw_remainder_ledger_widths": {
      "cutoff": [
        [
          0.0,
          4.450147717014405e-308
        ]
      ],
      "initial_remainder": [
        [
          0.0002,
          0.00040000000000000013
        ]
      ],
      "poly_times_remainder": [
        [
          0.0,
          0.0006550981252971792
        ]
      ],
      "polynomial_truncation": [
        [
          0.0,
          0.003200183192268599
        ]
      ],
      "remainder_times_poly": [
        [
          0.0,
          0.0007659178221412204
        ]
      ],
      "remainder_times_remainder": [
        [
          0.0,
          1.0601225771570514e-07
        ]
      ]
    },
    "raw_rhs_remainder_hi": [
      [
        0.0001,
        0.0021872548548837896
      ]
    ],
    "raw_rhs_remainder_lo": [
      [
        -0.0001,
        -0.002834050297080928
      ]
    ],
    "rejection_reason": "Flowstar raw remainder compat residual not subset of target remainder",
    "remainder_ledger_intervals": {
      "initial_remainder": {
        "hi": [
          [
            3.661680691961389e-06,
            7.32336138392278e-06
          ]
        ],
        "lo": [
          [
            -3.661680691961389e-06,
            -7.32336138392278e-06
          ]
        ],
        "width": [
          [
            7.323361383922778e-06,
            1.464672276784556e-05
          ]
        ]
      },
      "integration_overflow": {
        "hi": [
          [
            2.7139035951416633e-06,
            2.2570725312392502e-05
          ]
        ],
        "lo": [
          [
            -1.972411324149023e-06,
            -2.6593403494879745e-05
          ]
        ],
        "width": [
          [
            4.686314919290686e-06,
            4.916412880727225e-05
          ]
        ]
      },
      "poly_times_remainder": {
        "hi": [
          [
            5e-324,
            1.1994416647163335e-05
          ]
        ],
        "lo": [
          [
            -5e-324,
            -1.1994416647163335e-05
          ]
        ],
        "width": [
          [
            1e-323,
            2.398883329432667e-05
          ]
        ]
      },
      "polynomial_truncation": {
        "hi": [
          [
            5e-324,
            6.616639943248634e-06
          ]
        ],
        "lo": [
          [
            -5e-324,
            -4.27055658510036e-06
          ]
        ],
        "width": [
          [
            1e-323,
            1.0887196528348993e-05
          ]
        ]
      },
      "remainder_times_poly": {
        "hi": [
          [
            5e-324,
            1.0442998253539036e-05
          ]
        ],
        "lo": [
          [
            -5e-324,
            -1.036877650956592e-05
          ]
        ],
        "width": [
          [
            1e-323,
            2.0811774763104957e-05
          ]
        ]
      },
      "remainder_times_remainder": {
        "hi": [
          [
            5e-324,
            1.3617070657406247e-09
          ]
        ],
        "lo": [
          [
            -5e-324,
            -1.3617070657406247e-09
          ]
        ],
        "width": [
          [
            1e-323,
            2.7234141314812495e-09
          ]
        ]
      }
    },
    "remainder_ledger_widths": {
      "initial_remainder": [
        [
          7.323361383922778e-06,
          1.464672276784556e-05
        ]
      ],
      "integration_overflow": [
        [
          4.686314919290686e-06,
          4.916412880727225e-05
        ]
      ],
      "poly_times_remainder": [
        [
          1e-323,
          2.398883329432667e-05
        ]
      ],
      "polynomial_truncation": [
        [
          1e-323,
          1.0887196528348993e-05
        ]
      ],
      "remainder_times_poly": [
        [
          1e-323,
          2.0811774763104957e-05
        ]
      ],
      "remainder_times_remainder": [
        [
          1e-323,
          2.7234141314812495e-09
        ]
      ]
    },
    "segment_index": 164,
    "step_grow_factor": 1.1,
    "step_policy_mode": "flowstar_compat",
    "step_shrink_factor": 0.5,
    "subdivision_depth": 1,
    "subset_margin": [
      [
        9.633831630803861e-05,
        -3.773875528686747e-06
      ]
    ],
    "subset_result": false,
    "t_before": 4.738198114669049,
    "target_subset_result": false,
    "tmp_remainder_ledger_intervals": {
      "cutoff": {
        "hi": [
          [
            2.225073858507202e-308,
            2.225073858507202e-308
          ]
        ],
        "lo": [
          [
            -2.225073858507202e-308,
            -2.225073858507202e-308
          ]
        ],
        "width": [
          [
            4.450147717014404e-308,
            4.450147717014404e-308
          ]
        ]
      },
      "initial_remainder": {
        "hi": [
          [
            3.661680691961389e-06,
            7.32336138392278e-06
          ]
        ],
        "lo": [
          [
            -3.661680691961389e-06,
            -7.32336138392278e-06
          ]
        ],
        "width": [
          [
            7.323361383922778e-06,
            1.464672276784556e-05
          ]
        ]
      },
      "integration_overflow": {
        "hi": [
          [
            2.7139035951416633e-06,
            2.2570725312392502e-05
          ]
        ],
        "lo": [
          [
            -1.972411324149023e-06,
            -2.6593403494879745e-05
          ]
        ],
        "width": [
          [
            4.686314919290686e-06,
            4.916412880727225e-05
          ]
        ]
      },
      "poly_times_remainder": {
        "hi": [
          [
            5e-324,
            1.1994416647163335e-05
          ]
        ],
        "lo": [
          [
            -5e-324,
            -1.1994416647163335e-05
          ]
        ],
        "width": [
          [
            1e-323,
            2.398883329432667e-05
          ]
        ]
      },
      "polynomial_truncation": {
        "hi": [
          [
            5e-324,
            6.616639943248634e-06
          ]
        ],
        "lo": [
          [
            -5e-324,
            -4.27055658510036e-06
          ]
        ],
        "width": [
          [
            1e-323,
            1.0887196528348993e-05
          ]
        ]
      },
      "remainder_times_poly": {
        "hi": [
          [
            5e-324,
            1.0442998253539036e-05
          ]
        ],
        "lo": [
          [
            -5e-324,
            -1.036877650956592e-05
          ]
        ],
        "width": [
          [
            1e-323,
            2.0811774763104957e-05
          ]
        ]
      },
      "remainder_times_remainder": {
        "hi": [
          [
            5e-324,
            1.3617070657406247e-09
          ]
        ],
        "lo": [
          [
            -5e-324,
            -1.3617070657406247e-09
          ]
        ],
        "width": [
          [
            1e-323,
            2.7234141314812495e-09
          ]
        ]
      }
    },
    "tmp_remainder_ledger_widths": {
      "cutoff": [
        [
          4.450147717014404e-308,
          4.450147717014404e-308
        ]
      ],
      "initial_remainder": [
        [
          7.323361383922778e-06,
          1.464672276784556e-05
        ]
      ],
      "integration_overflow": [
        [
          4.686314919290686e-06,
          4.916412880727225e-05
        ]
      ],
      "poly_times_remainder": [
        [
          1e-323,
          2.398883329432667e-05
        ]
      ],
      "polynomial_truncation": [
        [
          1e-323,
          1.0887196528348993e-05
        ]
      ],
      "remainder_times_poly": [
        [
          1e-323,
          2.0811774763104957e-05
        ]
      ],
      "remainder_times_remainder": [
        [
          1e-323,
          2.7234141314812495e-09
        ]
      ]
    },
    "validated_remainder_decomposition_contains_image": true,
    "validated_remainder_decomposition_hi": [
      [
        3.66168369196139e-06,
        8.009029170526785e-05
      ]
    ],
    "validated_remainder_decomposition_lo": [
      [
        -3.66168369196139e-06,
        -0.00010377387552868675
      ]
    ],
    "validated_remainder_decomposition_semantics": "additive outward split of the unchanged raw-compat image: base ledger + time-scaled raw RHS ledger + polynomial difference + rounding padding",
    "validated_remainder_ledger_intervals": {
      "composition_overflow": {
        "hi": [
          [
            0.0,
            0.0
          ]
        ],
        "lo": [
          [
            0.0,
            0.0
          ]
        ],
        "width": [
          [
            0.0,
            0.0
          ]
        ]
      },
      "cutoff": {
        "hi": [
          [
            5e-324,
            8.1475099858839e-310
          ]
        ],
        "lo": [
          [
            -5e-324,
            -8.1475099858839e-310
          ]
        ],
        "width": [
          [
            1e-323,
            1.629501997176784e-309
          ]
        ]
      },
      "initial_remainder": {
        "hi": [
          [
            3.661680691961389e-06,
            7.32336138392278e-06
          ]
        ],
        "lo": [
          [
            -3.661680691961389e-06,
            -7.32336138392278e-06
          ]
        ],
        "width": [
          [
            7.323361383922778e-06,
            1.464672276784556e-05
          ]
        ]
      },
      "integration_overflow": {
        "hi": [
          [
            0.0,
            0.0
          ]
        ],
        "lo": [
          [
            0.0,
            0.0
          ]
        ],
        "width": [
          [
            0.0,
            0.0
          ]
        ]
      },
      "picard_residual": {
        "hi": [
          [
            1.0000000000000002e-12,
            1.0000000000000002e-12
          ]
        ],
        "lo": [
          [
            -1.0000000000000002e-12,
            -1.0000000000000002e-12
          ]
        ],
        "width": [
          [
            2.0000000000000004e-12,
            2.0000000000000004e-12
          ]
        ]
      },
      "poly_times_remainder": {
        "hi": [
          [
            5e-324,
            1.1993800783703918e-05
          ]
        ],
        "lo": [
          [
            -5e-324,
            -1.1993800783703918e-05
          ]
        ],
        "width": [
          [
            1e-323,
            2.3987601567407835e-05
          ]
        ]
      },
      "polynomial_truncation": {
        "hi": [
          [
            5e-324,
            4.761069433957126e-05
          ]
        ],
        "lo": [
          [
            -5e-324,
            -6.956979571912163e-05
          ]
        ],
        "width": [
          [
            1e-323,
            0.00011718049005869288
          ]
        ]
      },
      "remainder_times_poly": {
        "hi": [
          [
            5e-324,
            1.316049128288386e-05
          ]
        ],
        "lo": [
          [
            -5e-324,
            -1.4884973726752373e-05
          ]
        ],
        "width": [
          [
            1e-323,
            2.8045465009636232e-05
          ]
        ]
      },
      "remainder_times_remainder": {
        "hi": [
          [
            5e-324,
            1.9409151859441612e-09
          ]
        ],
        "lo": [
          [
            -5e-324,
            -1.9409151859441612e-09
          ]
        ],
        "width": [
          [
            1e-323,
            3.8818303718883225e-09
          ]
        ]
      },
      "reset_or_reconditioning": {
        "hi": [
          [
            0.0,
            0.0
          ]
        ],
        "lo": [
          [
            0.0,
            0.0
          ]
        ],
        "width": [
          [
            0.0,
            0.0
          ]
        ]
      },
      "roundoff_safeguard": {
        "hi": [
          [
            1.99999999624356e-12,
            1.999999978455868e-12
          ]
        ],
        "lo": [
          [
            -1.99999999624356e-12,
            -1.999999964903341e-12
          ]
        ],
        "width": [
          [
            3.99999999248712e-12,
            3.999999943359209e-12
          ]
        ]
      }
    },
    "validation_message": "Flowstar raw remainder compat residual not subset of target remainder",
    "validation_mode": "flowstar_raw_remainder_compat",
    "validation_status": "failed"
  },
  "frozen_proposed_step_decision": "rejected",
  "historical_h_accepted": {
    "decimal": "0.03661680691961388",
    "hex": "0x1.2bf70286849cfp-5",
    "value": 0.03661680691961388
  },
  "historical_rejections": 0,
  "off_schedule_poststate_published": false,
  "runtime_s": 1.2173474691808224,
  "s1_rejections": 1,
  "s1_returned_h": {
    "hex": "0x1.2bf70286849cfp-6",
    "value": 0.01830840345980694
  },
  "s1_returned_status": "validated",
  "schema": "torch_tm_flowpipe_s1_prefix_divergence_replay_v1",
  "t_before": {
    "decimal": "4.738198114669049",
    "hex": "0x1.2f3ea34e1e3c3p+2",
    "value": 4.738198114669049
  }
}
