Step 0
Step 1
Step 2
Step 3
Step 4
Step 5
Step 6
Step 7
Step 8
Step 9
Step 10
Step 11
Step 12
Step 13
Step 14
Step 15
Step 16
Step 17
Step 18
Step 19
Step 20
Step 21
Step 22
Step 23
Step 24
Step 25
Step 26
Step 27
Step 28
Step 29
Step 30
Step 31
Step 32
Step 33
Step 34
Step 35
Step 36
Step 37
Step 38
Step 39
Unknown.
HULL sx -52.6102308075 201.8474832
HULL sy -51.8385837101 205.104650851
HULL vx -6.40329904261 5.43394914927
HULL vy -6.33619485451 5.53832962479
HULL t 40 40
HULL Fx -2.28053163971 2.19939370207
HULL Fy -2.15473246904 2.07827973374
time cost: 8.551701
