Step 0
Step 1
FALSIFIED
HULL x1 -0.480432953498 0.480308996759
HULL x2 -0.480419700657 0.480322860624
HULL x3 -0.276932026065 0.543910765712
HULL x4 -0.402207303802 0.401327338037
HULL x5 -0.40750402956 0.405384010767
HULL x6 -1.98463778079 -0.506866479131
HULL x7 -0.00178433919448 0.00340732975128
HULL x8 -0.00175543757399 0.00265678423347
HULL x9 -5.53257833681e-06 5.91306058884e-06
HULL x10 -0.0425214193394 0.0384712915545
HULL x11 -0.0393992749404 0.0388550713107
HULL x12 -2.22507385851e-308 2.22507385851e-308
HULL t 0.2 0.2
HULL u1 3.12563286471 11.8338263687
HULL u2 -0.0380465195214 0.0270399852429
HULL u3 -0.0326254891715 0.0273181301911
time cost: 38.407367
{"status": "completed_40_one_round", "observed_advance_calls": 40, "wall_s": 43.914977909997106}
