Step 0
AIRPLANE_PICARD	0	old_lo=-0.01	old_hi=0.01	base_lo=-0.0055826141953497117	base_hi=0.0056295116841182354	diff_lo=-9.933831535136063e-18	diff_hi=1.4129105293155459e-17	new_lo=-0.0055826141953497221	new_hi=0.0056295116841182501	subset=1
AIRPLANE_PICARD	1	old_lo=-0.01	old_hi=0.01	base_lo=-0.0051710241845068401	base_hi=0.0051618600191088455	diff_lo=-1.2568876495144839e-17	diff_hi=1.0003613678163029e-17	new_lo=-0.0051710241845068531	new_hi=0.0051618600191088559	subset=1
AIRPLANE_PICARD	2	old_lo=-0.01	old_hi=0.01	base_lo=-0.003028285926824156	base_hi=0.0029984994778126058	diff_lo=-7.3025474556232046e-18	diff_hi=4.0565421392339385e-18	new_lo=-0.0030282859268241633	new_hi=0.0029984994778126102	subset=1
AIRPLANE_PICARD	3	old_lo=-0.01	old_hi=0.01	base_lo=-0.00066345561769913801	base_hi=0.00066339743799250601	diff_lo=-2.9425073488909002e-19	diff_hi=1.8087073505590475e-17	new_lo=-0.00066345561769913834	new_hi=0.00066339743799252412	subset=1
AIRPLANE_PICARD	4	old_lo=-0.01	old_hi=0.01	base_lo=-0.00077494537587141361	base_hi=0.00077991274597705997	diff_lo=-9.9872610181961412e-18	diff_hi=1.0695055951970292e-18	new_lo=-0.0007749453758714237	new_hi=0.00077991274597706106	subset=1
AIRPLANE_PICARD	5	old_lo=-0.01	old_hi=0.01	base_lo=-0.00081951934040252789	base_hi=0.00082460908094362454	diff_lo=-2.625177852877415e-18	diff_hi=5.4539706084710837e-19	new_lo=-0.0008195193404025306	new_hi=0.00082460908094362519	subset=1
AIRPLANE_PICARD	6	old_lo=-0.01	old_hi=0.01	base_lo=-0.0010146567944867089	base_hi=0.0010007219444891653	diff_lo=-1.6167622796103848e-19	diff_hi=1.4502288259166111e-19	new_lo=-0.0010146567944867091	new_hi=0.0010007219444891655	subset=1
AIRPLANE_PICARD	7	old_lo=-0.01	old_hi=0.01	base_lo=-0.0007227664258511367	base_hi=0.00071965925913753835	diff_lo=-7.84095011141517e-20	diff_hi=8.1185058675714586e-20	new_lo=-0.00072276642585113681	new_hi=0.00071965925913753846	subset=1
AIRPLANE_PICARD	8	old_lo=-0.01	old_hi=0.01	base_lo=-0.00069811506646710094	base_hi=0.00068542432420619825	diff_lo=-1.0616507672978063e-19	diff_hi=8.951173136040327e-20	new_lo=-0.00069811506646710105	new_hi=0.00068542432420619836	subset=1
AIRPLANE_PICARD	9	old_lo=-0.01	old_hi=0.01	base_lo=-0.0001	base_hi=0.0001	diff_lo=0	diff_hi=0	new_lo=-0.0001	new_hi=0.0001	subset=1
AIRPLANE_PICARD	10	old_lo=-0.01	old_hi=0.01	base_lo=-0.0001	base_hi=0.0001	diff_lo=0	diff_hi=0	new_lo=-0.0001	new_hi=0.0001	subset=1
AIRPLANE_PICARD	11	old_lo=-0.01	old_hi=0.01	base_lo=-0.0001	base_hi=0.0001	diff_lo=0	diff_hi=0	new_lo=-0.0001	new_hi=0.0001	subset=1
AIRPLANE_PICARD	12	old_lo=-0.01	old_hi=0.01	base_lo=-0	base_hi=0	diff_lo=0	diff_hi=0	new_lo=-0	new_hi=0	subset=1
AIRPLANE_PICARD	13	old_lo=-0.01	old_hi=0.01	base_lo=-0	base_hi=0	diff_lo=0	diff_hi=0	new_lo=-0	new_hi=0	subset=1
AIRPLANE_PICARD	14	old_lo=-0.01	old_hi=0.01	base_lo=-0	base_hi=0	diff_lo=0	diff_hi=0	new_lo=-0	new_hi=0	subset=1
AIRPLANE_PICARD	15	old_lo=-0.01	old_hi=0.01	base_lo=-0	base_hi=0	diff_lo=0	diff_hi=0	new_lo=-0	new_hi=0	subset=1
AIRPLANE_PICARD	16	old_lo=-0.01	old_hi=0.01	base_lo=-0	base_hi=0	diff_lo=0	diff_hi=0	new_lo=-0	new_hi=0	subset=1
AIRPLANE_PICARD	17	old_lo=-0.01	old_hi=0.01	base_lo=-0	base_hi=0	diff_lo=0	diff_hi=0	new_lo=-0	new_hi=0	subset=1
AIRPLANE_PICARD	18	old_lo=-0.01	old_hi=0.01	base_lo=-0	base_hi=0	diff_lo=0	diff_hi=0	new_lo=-0	new_hi=0	subset=1
PERIOD 0 FLOWPIPES 1 STATUS 3 BOX_SAFE 0
DIAGNOSTIC_COMPLETED_CALLS 0/1
FLOWPIPE_SEGMENTS 1
UNKNOWN
time cost: 0.788000
