INITIAL_MARGIN -0.50790823365411986 -0.0073558285335368345
Step 0
PERIOD 0 FLOWPIPES 10 STATUS 2 RADIAL_SAFE 0
Step 1
PERIOD 1 FLOWPIPES 10 STATUS 2 RADIAL_SAFE 0
Step 2
PERIOD 2 FLOWPIPES 10 STATUS 2 RADIAL_SAFE 0
Step 3
PERIOD 3 FLOWPIPES 10 STATUS 2 RADIAL_SAFE 0
Step 4
PERIOD 4 FLOWPIPES 10 STATUS 2 RADIAL_SAFE 0
Step 5
PERIOD 5 FLOWPIPES 10 STATUS 2 RADIAL_SAFE 0
Step 6
PERIOD 6 FLOWPIPES 10 STATUS 2 RADIAL_SAFE 0
Step 7
PERIOD 7 FLOWPIPES 10 STATUS 2 RADIAL_SAFE 0
Step 8
PERIOD 8 FLOWPIPES 10 STATUS 2 RADIAL_SAFE 0
Step 9
PERIOD 9 FLOWPIPES 10 STATUS 2 RADIAL_SAFE 0
Step 10
PERIOD 10 FLOWPIPES 10 STATUS 2 RADIAL_SAFE 0
Step 11
PERIOD 11 FLOWPIPES 10 STATUS 2 RADIAL_SAFE 0
Step 12
PERIOD 12 FLOWPIPES 10 STATUS 2 RADIAL_SAFE 0
Step 13
PERIOD 13 FLOWPIPES 10 STATUS 2 RADIAL_SAFE 0
Step 14
PERIOD 14 FLOWPIPES 10 STATUS 2 RADIAL_SAFE 0
Step 15
PERIOD 15 FLOWPIPES 10 STATUS 2 RADIAL_SAFE 0
Step 16
PERIOD 16 FLOWPIPES 10 STATUS 2 RADIAL_SAFE 0
Step 17
PERIOD 17 FLOWPIPES 10 STATUS 2 RADIAL_SAFE 0
Step 18
PERIOD 18 FLOWPIPES 10 STATUS 2 RADIAL_SAFE 0
Step 19
PERIOD 19 FLOWPIPES 10 STATUS 2 RADIAL_SAFE 0
Step 20
PERIOD 20 FLOWPIPES 10 STATUS 2 RADIAL_SAFE 0
Step 21
PERIOD 21 FLOWPIPES 10 STATUS 2 RADIAL_SAFE 0
Step 22
PERIOD 22 FLOWPIPES 10 STATUS 2 RADIAL_SAFE 0
Step 23
PERIOD 23 FLOWPIPES 10 STATUS 2 RADIAL_SAFE 0
Step 24
PERIOD 24 FLOWPIPES 10 STATUS 2 RADIAL_SAFE 0
Step 25
PERIOD 25 FLOWPIPES 10 STATUS 2 RADIAL_SAFE 0
Step 26
PERIOD 26 FLOWPIPES 10 STATUS 2 RADIAL_SAFE 0
Step 27
PERIOD 27 FLOWPIPES 10 STATUS 2 RADIAL_SAFE 0
Step 28
PERIOD 28 FLOWPIPES 10 STATUS 2 RADIAL_SAFE 0
Step 29
PERIOD 29 FLOWPIPES 10 STATUS 2 RADIAL_SAFE 0
Step 30
PERIOD 30 FLOWPIPES 10 STATUS 2 RADIAL_SAFE 0
Step 31
PERIOD 31 FLOWPIPES 10 STATUS 2 RADIAL_SAFE 0
Step 32
PERIOD 32 FLOWPIPES 10 STATUS 2 RADIAL_SAFE 0
Step 33
PERIOD 33 FLOWPIPES 10 STATUS 2 RADIAL_SAFE 0
Step 34
PERIOD 34 FLOWPIPES 10 STATUS 2 RADIAL_SAFE 0
Step 35
PERIOD 35 FLOWPIPES 10 STATUS 2 RADIAL_SAFE 0
Step 36
PERIOD 36 FLOWPIPES 10 STATUS 2 RADIAL_SAFE 0
Step 37
PERIOD 37 FLOWPIPES 10 STATUS 2 RADIAL_SAFE 0
Step 38
PERIOD 38 FLOWPIPES 10 STATUS 2 RADIAL_SAFE 0
Step 39
PERIOD 39 FLOWPIPES 10 STATUS 2 RADIAL_SAFE 0
COMPLETED_PERIODS 40/40
FLOWPIPE_SEGMENTS 400
UNKNOWN
