Step 0
AIRPLANE_PICARD	0	old_lo=-0.01	old_hi=0.01	base_lo=-0.0051024649461374489	base_hi=0.0051274113249019405	diff_lo=-7.3285474910811477e-18	diff_hi=9.5711841230361614e-18	new_lo=-0.0051024649461374567	new_hi=0.005127411324901951	subset=1
AIRPLANE_PICARD	1	old_lo=-0.01	old_hi=0.01	base_lo=-0.0047079562707047348	base_hi=0.0046931110749204204	diff_lo=-1.0320425070098351e-17	diff_hi=7.6933644640083404e-18	new_lo=-0.0047079562707047452	new_hi=0.0046931110749204282	subset=1
AIRPLANE_PICARD	2	old_lo=-0.01	old_hi=0.01	base_lo=-0.0028462727070338442	base_hi=0.0028217086114192226	diff_lo=-5.0404264095860231e-18	diff_hi=7.1221015196520983e-18	new_lo=-0.0028462727070338494	new_hi=0.0028217086114192299	subset=1
AIRPLANE_PICARD	3	old_lo=-0.01	old_hi=0.01	base_lo=-0.00067267083983409343	base_hi=0.00067262433943726804	diff_lo=-2.918637553861459e-19	diff_hi=2.5036361872565754e-18	new_lo=-0.00067267083983409376	new_hi=0.00067262433943727064	subset=1
AIRPLANE_PICARD	4	old_lo=-0.01	old_hi=0.01	base_lo=-0.00073656838985362426	base_hi=0.00074310730130093853	diff_lo=-8.1468165546994024e-19	diff_hi=9.5576879743930505e-18	new_lo=-0.00073656838985362513	new_hi=0.00074310730130094818	subset=1
AIRPLANE_PICARD	5	old_lo=-0.01	old_hi=0.01	base_lo=-0.0007613095211028224	base_hi=0.00076814114107221377	diff_lo=-8.2653328625781361e-19	diff_hi=5.1981474680218315e-18	new_lo=-0.00076130952110282327	new_hi=0.00076814114107221897	subset=1
AIRPLANE_PICARD	6	old_lo=-0.01	old_hi=0.01	base_lo=-0.00038577744090069542	base_hi=0.00038527000437846114	diff_lo=-4.6729113634125259e-20	diff_hi=4.6729113634125259e-20	new_lo=-0.00038577744090069547	new_hi=0.00038527000437846119	subset=1
AIRPLANE_PICARD	7	old_lo=-0.01	old_hi=0.01	base_lo=-0.00036286562339359573	base_hi=0.00036280874233626592	diff_lo=-5.7245874707234649e-20	diff_hi=6.0281640790194064e-20	new_lo=-0.00036286562339359583	new_hi=0.00036280874233626603	subset=1
AIRPLANE_PICARD	8	old_lo=-0.01	old_hi=0.01	base_lo=-0.00032052175896690109	base_hi=0.0003201611443417771	diff_lo=-4.6989322155521775e-20	diff_hi=5.1152658497866117e-20	new_lo=-0.00032052175896690114	new_hi=0.00032016114434177715	subset=1
AIRPLANE_PICARD	9	old_lo=-0.01	old_hi=0.01	base_lo=-0.0001	base_hi=0.0001	diff_lo=0	diff_hi=0	new_lo=-0.0001	new_hi=0.0001	subset=1
AIRPLANE_PICARD	10	old_lo=-0.01	old_hi=0.01	base_lo=-0.0001	base_hi=0.0001	diff_lo=0	diff_hi=0	new_lo=-0.0001	new_hi=0.0001	subset=1
AIRPLANE_PICARD	11	old_lo=-0.01	old_hi=0.01	base_lo=-0.0001	base_hi=0.0001	diff_lo=0	diff_hi=0	new_lo=-0.0001	new_hi=0.0001	subset=1
AIRPLANE_PICARD	12	old_lo=-0.01	old_hi=0.01	base_lo=-0	base_hi=0	diff_lo=0	diff_hi=0	new_lo=-0	new_hi=0	subset=1
AIRPLANE_PICARD	13	old_lo=-0.01	old_hi=0.01	base_lo=-0	base_hi=0	diff_lo=0	diff_hi=0	new_lo=-0	new_hi=0	subset=1
AIRPLANE_PICARD	14	old_lo=-0.01	old_hi=0.01	base_lo=-0	base_hi=0	diff_lo=0	diff_hi=0	new_lo=-0	new_hi=0	subset=1
AIRPLANE_PICARD	15	old_lo=-0.01	old_hi=0.01	base_lo=-0	base_hi=0	diff_lo=0	diff_hi=0	new_lo=-0	new_hi=0	subset=1
AIRPLANE_PICARD	16	old_lo=-0.01	old_hi=0.01	base_lo=-0	base_hi=0	diff_lo=0	diff_hi=0	new_lo=-0	new_hi=0	subset=1
AIRPLANE_PICARD	17	old_lo=-0.01	old_hi=0.01	base_lo=-0	base_hi=0	diff_lo=0	diff_hi=0	new_lo=-0	new_hi=0	subset=1
AIRPLANE_PICARD	18	old_lo=-0.01	old_hi=0.01	base_lo=-0	base_hi=0	diff_lo=0	diff_hi=0	new_lo=-0	new_hi=0	subset=1
PERIOD 0 FLOWPIPES 1 STATUS 3 BOX_SAFE 0
DIAGNOSTIC_COMPLETED_CALLS 0/1
FLOWPIPE_SEGMENTS 1
UNKNOWN
time cost: 0.812000
