In file included from /srv/local/shengenli/miniforge3/envs/py11/include/python3.11/Python.h:12,
                 from /tmp/tmp5tt_mbv5/cuda_utils.c:5:
/srv/local/shengenli/miniforge3/envs/py11/include/python3.11/pyconfig.h:1793:9: warning: ‘_POSIX_C_SOURCE’ redefined
 1793 | #define _POSIX_C_SOURCE 200809L
      |         ^~~~~~~~~~~~~~~
In file included from /usr/include/x86_64-linux-gnu/bits/libc-header-start.h:33,
                 from /usr/include/stdlib.h:26,
                 from /srv/local/shengenli/native_envs/crownreach28/lib/python3.11/site-packages/triton/backends/nvidia/include/cuda.h:56,
                 from /tmp/tmp5tt_mbv5/cuda_utils.c:1:
/usr/include/features.h:319:10: note: this is the location of the previous definition
  319 | # define _POSIX_C_SOURCE        202405L
      |          ^~~~~~~~~~~~~~~
In file included from /srv/local/shengenli/miniforge3/envs/py11/include/python3.11/Python.h:12,
                 from /tmp/tmpoashxf74/__triton_launcher.c:4:
/srv/local/shengenli/miniforge3/envs/py11/include/python3.11/pyconfig.h:1793:9: warning: ‘_POSIX_C_SOURCE’ redefined
 1793 | #define _POSIX_C_SOURCE 200809L
      |         ^~~~~~~~~~~~~~~
In file included from /usr/include/x86_64-linux-gnu/bits/libc-header-start.h:33,
                 from /usr/include/stdlib.h:26,
                 from /srv/local/shengenli/native_envs/crownreach28/lib/python3.11/site-packages/triton/backends/nvidia/include/cuda.h:56,
                 from /tmp/tmpoashxf74/__triton_launcher.c:2:
/usr/include/features.h:319:10: note: this is the location of the previous definition
  319 | # define _POSIX_C_SOURCE        202405L
      |          ^~~~~~~~~~~~~~~
In file included from /srv/local/shengenli/miniforge3/envs/py11/include/python3.11/Python.h:12,
                 from /tmp/tmpcvs9e3e2/__triton_launcher.c:4:
/srv/local/shengenli/miniforge3/envs/py11/include/python3.11/pyconfig.h:1793:9: warning: ‘_POSIX_C_SOURCE’ redefined
 1793 | #define _POSIX_C_SOURCE 200809L
      |         ^~~~~~~~~~~~~~~
In file included from /usr/include/x86_64-linux-gnu/bits/libc-header-start.h:33,
                 from /usr/include/stdlib.h:26,
                 from /srv/local/shengenli/native_envs/crownreach28/lib/python3.11/site-packages/triton/backends/nvidia/include/cuda.h:56,
                 from /tmp/tmpcvs9e3e2/__triton_launcher.c:2:
/usr/include/features.h:319:10: note: this is the location of the previous definition
  319 | # define _POSIX_C_SOURCE        202405L
      |          ^~~~~~~~~~~~~~~
In file included from /srv/local/shengenli/miniforge3/envs/py11/include/python3.11/Python.h:12,
                 from /tmp/tmpx934eqn5/__triton_launcher.c:4:
/srv/local/shengenli/miniforge3/envs/py11/include/python3.11/pyconfig.h:1793:9: warning: ‘_POSIX_C_SOURCE’ redefined
 1793 | #define _POSIX_C_SOURCE 200809L
      |         ^~~~~~~~~~~~~~~
In file included from /usr/include/x86_64-linux-gnu/bits/libc-header-start.h:33,
                 from /usr/include/stdlib.h:26,
                 from /srv/local/shengenli/native_envs/crownreach28/lib/python3.11/site-packages/triton/backends/nvidia/include/cuda.h:56,
                 from /tmp/tmpx934eqn5/__triton_launcher.c:2:
/usr/include/features.h:319:10: note: this is the location of the previous definition
  319 | # define _POSIX_C_SOURCE        202405L
      |          ^~~~~~~~~~~~~~~
In file included from /srv/local/shengenli/miniforge3/envs/py11/include/python3.11/Python.h:12,
                 from /tmp/tmpb8fqqpf9/__triton_launcher.c:4:
/srv/local/shengenli/miniforge3/envs/py11/include/python3.11/pyconfig.h:1793:9: warning: ‘_POSIX_C_SOURCE’ redefined
 1793 | #define _POSIX_C_SOURCE 200809L
      |         ^~~~~~~~~~~~~~~
In file included from /usr/include/x86_64-linux-gnu/bits/libc-header-start.h:33,
                 from /usr/include/stdlib.h:26,
                 from /srv/local/shengenli/native_envs/crownreach28/lib/python3.11/site-packages/triton/backends/nvidia/include/cuda.h:56,
                 from /tmp/tmpb8fqqpf9/__triton_launcher.c:2:
/usr/include/features.h:319:10: note: this is the location of the previous definition
  319 | # define _POSIX_C_SOURCE        202405L
      |          ^~~~~~~~~~~~~~~
skipping cudagraphs due to skipping cudagraphs due to cpu device (arg18_1)
In file included from /srv/local/shengenli/miniforge3/envs/py11/include/python3.11/Python.h:12,
                 from /tmp/tmpx9fu8iic/__triton_launcher.c:4:
/srv/local/shengenli/miniforge3/envs/py11/include/python3.11/pyconfig.h:1793:9: warning: ‘_POSIX_C_SOURCE’ redefined
 1793 | #define _POSIX_C_SOURCE 200809L
      |         ^~~~~~~~~~~~~~~
In file included from /usr/include/x86_64-linux-gnu/bits/libc-header-start.h:33,
                 from /usr/include/stdlib.h:26,
                 from /srv/local/shengenli/native_envs/crownreach28/lib/python3.11/site-packages/triton/backends/nvidia/include/cuda.h:56,
                 from /tmp/tmpx9fu8iic/__triton_launcher.c:2:
/usr/include/features.h:319:10: note: this is the location of the previous definition
  319 | # define _POSIX_C_SOURCE        202405L
      |          ^~~~~~~~~~~~~~~
In file included from /srv/local/shengenli/miniforge3/envs/py11/include/python3.11/Python.h:12,
                 from /tmp/tmp65tvnk2a/__triton_launcher.c:4:
/srv/local/shengenli/miniforge3/envs/py11/include/python3.11/pyconfig.h:1793:9: warning: ‘_POSIX_C_SOURCE’ redefined
 1793 | #define _POSIX_C_SOURCE 200809L
      |         ^~~~~~~~~~~~~~~
In file included from /usr/include/x86_64-linux-gnu/bits/libc-header-start.h:33,
                 from /usr/include/stdlib.h:26,
                 from /srv/local/shengenli/native_envs/crownreach28/lib/python3.11/site-packages/triton/backends/nvidia/include/cuda.h:56,
                 from /tmp/tmp65tvnk2a/__triton_launcher.c:2:
/usr/include/features.h:319:10: note: this is the location of the previous definition
  319 | # define _POSIX_C_SOURCE        202405L
      |          ^~~~~~~~~~~~~~~
In file included from /srv/local/shengenli/miniforge3/envs/py11/include/python3.11/Python.h:12,
                 from /tmp/tmpnjahqh9d/__triton_launcher.c:4:
/srv/local/shengenli/miniforge3/envs/py11/include/python3.11/pyconfig.h:1793:9: warning: ‘_POSIX_C_SOURCE’ redefined
 1793 | #define _POSIX_C_SOURCE 200809L
      |         ^~~~~~~~~~~~~~~
In file included from /usr/include/x86_64-linux-gnu/bits/libc-header-start.h:33,
                 from /usr/include/stdlib.h:26,
                 from /srv/local/shengenli/native_envs/crownreach28/lib/python3.11/site-packages/triton/backends/nvidia/include/cuda.h:56,
                 from /tmp/tmpnjahqh9d/__triton_launcher.c:2:
/usr/include/features.h:319:10: note: this is the location of the previous definition
  319 | # define _POSIX_C_SOURCE        202405L
      |          ^~~~~~~~~~~~~~~
In file included from /srv/local/shengenli/miniforge3/envs/py11/include/python3.11/Python.h:12,
                 from /tmp/tmp7hmz2390/__triton_launcher.c:4:
/srv/local/shengenli/miniforge3/envs/py11/include/python3.11/pyconfig.h:1793:9: warning: ‘_POSIX_C_SOURCE’ redefined
 1793 | #define _POSIX_C_SOURCE 200809L
      |         ^~~~~~~~~~~~~~~
In file included from /usr/include/x86_64-linux-gnu/bits/libc-header-start.h:33,
                 from /usr/include/stdlib.h:26,
                 from /srv/local/shengenli/native_envs/crownreach28/lib/python3.11/site-packages/triton/backends/nvidia/include/cuda.h:56,
                 from /tmp/tmp7hmz2390/__triton_launcher.c:2:
/usr/include/features.h:319:10: note: this is the location of the previous definition
  319 | # define _POSIX_C_SOURCE        202405L
      |          ^~~~~~~~~~~~~~~
skipping cudagraphs due to skipping cudagraphs due to cpu device (arg17_1)
