Step 0
AIRPLANE_PICARD	0	old_lo=-0.01	old_hi=0.01	base_lo=-0.0051461291976891413	base_hi=0.0051343542776189181	diff_lo=-8.195976305043962e-18	diff_hi=6.4192725209485069e-18	new_lo=-0.0051461291976891499	new_hi=0.0051343542776189251	subset=1
AIRPLANE_PICARD	1	old_lo=-0.01	old_hi=0.01	base_lo=-0.0051628204037825129	base_hi=0.0051845631493834228	diff_lo=-6.1215662168952708e-18	diff_hi=8.2747420027118456e-18	new_lo=-0.0051628204037825198	new_hi=0.0051845631493834315	subset=1
AIRPLANE_PICARD	2	old_lo=-0.01	old_hi=0.01	base_lo=-0.0025799074671832463	base_hi=0.0025416980564011591	diff_lo=-4.181428351716462e-18	diff_hi=3.3289574800458421e-18	new_lo=-0.0025799074671832506	new_hi=0.0025416980564011626	subset=1
AIRPLANE_PICARD	3	old_lo=-0.01	old_hi=0.01	base_lo=-0.00067329736273751071	base_hi=0.00067316112304620986	diff_lo=-2.7799984536613921e-19	diff_hi=9.1947005564918546e-18	new_lo=-0.00067329736273751104	new_hi=0.00067316112304621908	subset=1
AIRPLANE_PICARD	4	old_lo=-0.01	old_hi=0.01	base_lo=-0.00077458244602478525	base_hi=0.00077651081434468284	diff_lo=-2.7177149419799215e-18	diff_hi=5.3496096441563195e-19	new_lo=-0.00077458244602478807	new_hi=0.00077651081434468338	subset=1
AIRPLANE_PICARD	5	old_lo=-0.01	old_hi=0.01	base_lo=-0.00076356255874559023	base_hi=0.00077036775649915118	diff_lo=-8.4074414097301576e-19	diff_hi=1.8531925993769967e-17	new_lo=-0.0007635625587455911	new_hi=0.00077036775649916972	subset=1
AIRPLANE_PICARD	6	old_lo=-0.01	old_hi=0.01	base_lo=-0.001085655440874637	base_hi=0.0010705370494185648	diff_lo=-1.8596235662471377e-19	diff_hi=1.5265566588595906e-19	new_lo=-0.0010856554408746372	new_hi=0.001070537049418565	subset=1
AIRPLANE_PICARD	7	old_lo=-0.01	old_hi=0.01	base_lo=-0.00078294369925867736	base_hi=0.0007786325047980287	diff_lo=-1.2212453270876725e-19	diff_hi=1.0824674490095278e-19	new_lo=-0.00078294369925867757	new_hi=0.00077863250479802881	subset=1
AIRPLANE_PICARD	8	old_lo=-0.01	old_hi=0.01	base_lo=-0.00072513193943873173	base_hi=0.00070837075748959313	diff_lo=-1.623701173514292e-19	diff_hi=1.2906342661267451e-19	new_lo=-0.00072513193943873195	new_hi=0.00070837075748959334	subset=1
AIRPLANE_PICARD	9	old_lo=-0.01	old_hi=0.01	base_lo=-0.0001	base_hi=0.0001	diff_lo=0	diff_hi=0	new_lo=-0.0001	new_hi=0.0001	subset=1
AIRPLANE_PICARD	10	old_lo=-0.01	old_hi=0.01	base_lo=-0.0001	base_hi=0.0001	diff_lo=0	diff_hi=0	new_lo=-0.0001	new_hi=0.0001	subset=1
AIRPLANE_PICARD	11	old_lo=-0.01	old_hi=0.01	base_lo=-0.0001	base_hi=0.0001	diff_lo=0	diff_hi=0	new_lo=-0.0001	new_hi=0.0001	subset=1
AIRPLANE_PICARD	12	old_lo=-0.01	old_hi=0.01	base_lo=-0	base_hi=0	diff_lo=0	diff_hi=0	new_lo=-0	new_hi=0	subset=1
AIRPLANE_PICARD	13	old_lo=-0.01	old_hi=0.01	base_lo=-0	base_hi=0	diff_lo=0	diff_hi=0	new_lo=-0	new_hi=0	subset=1
AIRPLANE_PICARD	14	old_lo=-0.01	old_hi=0.01	base_lo=-0	base_hi=0	diff_lo=0	diff_hi=0	new_lo=-0	new_hi=0	subset=1
AIRPLANE_PICARD	15	old_lo=-0.01	old_hi=0.01	base_lo=-0	base_hi=0	diff_lo=0	diff_hi=0	new_lo=-0	new_hi=0	subset=1
AIRPLANE_PICARD	16	old_lo=-0.01	old_hi=0.01	base_lo=-0	base_hi=0	diff_lo=0	diff_hi=0	new_lo=-0	new_hi=0	subset=1
AIRPLANE_PICARD	17	old_lo=-0.01	old_hi=0.01	base_lo=-0	base_hi=0	diff_lo=0	diff_hi=0	new_lo=-0	new_hi=0	subset=1
AIRPLANE_PICARD	18	old_lo=-0.01	old_hi=0.01	base_lo=-0	base_hi=0	diff_lo=0	diff_hi=0	new_lo=-0	new_hi=0	subset=1
PERIOD 0 FLOWPIPES 1 STATUS 3 BOX_SAFE 0
DIAGNOSTIC_COMPLETED_CALLS 0/1
FLOWPIPE_SEGMENTS 1
UNKNOWN
time cost: 0.808000
