./00_START_STATE.md: OK
./BRANCH_AUDIT.md: OK
./CANONICAL_BASE_DECISION.md: OK
./FINAL_ACCEPTANCE.md: OK
./MIGRATION_MAP.csv: OK
./ORDER2_OPEN_GATES.md: OK
./REPOSITORY_MAP.md: OK
./RESULTS_STATUS.md: OK
./WITHDRAWN_RESULTS.md: OK
./active_path_and_latest_scan.txt: OK
./artifact_registry.csv: OK
./baseline_install.log: OK
./baseline_install_exit_code.txt: OK
./baseline_test_command.txt: OK
./baseline_test_end_utc.txt: OK
./baseline_test_exit_code.txt: OK
./baseline_test_start_utc.txt: OK
./baseline_tests.log: OK
./benchmark_definition_inventory.csv: OK
./branch_cherry_evidence.txt: OK
./branch_diff_evidence.txt: OK
./branch_feature_matrix.csv: OK
./branch_inventory.csv: OK
./branch_pairwise_relationships.csv: OK
./candidate_preselection_test_exit_code.txt: OK
./candidate_preselection_tests.log: OK
./claim_registry.csv: OK
./commit_patch_ids.csv: OK
./consolidated_cli_help.log: OK
./duplicate_files.csv: OK
./duplicate_symbols.csv: OK
./entrypoint_inventory.csv: OK
./environment.json: OK
./environment_versions.txt: OK
./external_backends.json: OK
./final_compileall.log: OK
./final_diffreach_tests.log: OK
./final_external_and_original_worktree_verification.txt: OK
./final_flowstar_tests.log: OK
./final_install.log: OK
./final_integration_tests.log: OK
./final_test_command.txt: OK
./final_tests.log: OK
./final_unit_tests.log: OK
./frozen_artifact_verification.txt: OK
./git_state/DiffReach_diff_stat.txt: OK
./git_state/DiffReach_head.txt: OK
./git_state/DiffReach_log10.txt: OK
./git_state/DiffReach_patch_sha256.txt: OK
./git_state/DiffReach_remotes.txt: OK
./git_state/DiffReach_status.txt: OK
./git_state/flowstar_diff_stat.txt: OK
./git_state/flowstar_head.txt: OK
./git_state/flowstar_log10.txt: OK
./git_state/flowstar_patch_sha256.txt: OK
./git_state/flowstar_remotes.txt: OK
./git_state/flowstar_status.txt: OK
./git_state/main_branch.txt: OK
./git_state/main_branches.txt: OK
./git_state/main_diff_stat.txt: OK
./git_state/main_diff_stat_after_baseline.txt: OK
./git_state/main_diff_stat_postfetch.txt: OK
./git_state/main_fetch.log: OK
./git_state/main_fsck.txt: OK
./git_state/main_graph.txt: OK
./git_state/main_head.txt: OK
./git_state/main_log15.txt: OK
./git_state/main_remotes.txt: OK
./git_state/main_remotes_prefetch.txt: OK
./git_state/main_status.txt: OK
./git_state/main_status_after_baseline.txt: OK
./git_state/main_status_prefetch.txt: OK
./git_state/main_submodules.txt: OK
./git_state/main_tags.txt: OK
./git_state/main_worktree_patch_sha256.txt: OK
./git_state/main_worktrees.txt: OK
./git_state/worktree_states.txt: OK
./hardcoded_path_inventory.csv: OK
./invalid_backend_rejection.log: OK
./markdown_links_inventory.txt: OK
./order2_cli_help.log: OK
./order2_smoke/attempt_aligned_trace_diff.csv: OK
./order2_smoke/attempt_alignment_warnings.csv: OK
./order2_smoke/diagnostic_manifest.json: OK
./order2_smoke/flowstar_accepted_step_trace_plan.md: OK
./order2_smoke/flowstar_probe_compile.json: OK
./order2_smoke/flowstar_probe_compile.stderr.txt: OK
./order2_smoke/flowstar_probe_compile.stdout.txt: OK
./order2_smoke/flowstar_probe_run.json: OK
./order2_smoke/flowstar_probe_run.stderr.txt: OK
./order2_smoke/flowstar_probe_run.stdout.txt: OK
./order2_smoke/flowstar_trace.csv: OK
./order2_smoke/flowstar_trace_metadata.csv: OK
./order2_smoke/order2_failure_manifest.json: OK
./order2_smoke/torch_noqueue_trace.csv: OK
./order2_smoke/torch_v2_trace.csv: OK
./order2_smoke/trace_divergence_report.md: OK
./order2_smoke_command.txt: OK
./output_safety_rejection.log: OK
./patch_equivalence.csv: OK
./py11_python_version.txt: OK
./py11_relevant_environment.txt: OK
./py11_torch_version.txt: OK
./readme_example.log: OK
./relevant_environment.txt: OK
./relevant_term_scan.csv: OK
./repository_map_inventory.csv: OK
./required_delivery_paths_check.txt: OK
./schema_field_inventory.csv: OK
./structured_file_validation.txt: OK
./technical_debt_inventory.csv: OK
./test_entrypoint_import_scan.txt: OK
