Step 0
AIRPLANE_PICARD	0	old_lo=-0.01	old_hi=0.01	base_lo=-0.0049485662621826486	base_hi=0.0049571440913314651	diff_lo=-9.3408660436130354e-18	diff_hi=1.0429208422794539e-17	new_lo=-0.0049485662621826581	new_hi=0.0049571440913314764	subset=1
AIRPLANE_PICARD	1	old_lo=-0.01	old_hi=0.01	base_lo=-0.0045015572972619154	base_hi=0.0045238427156037327	diff_lo=-4.6503125424498216e-18	diff_hi=1.0005416634095725e-17	new_lo=-0.0045015572972619206	new_hi=0.0045238427156037431	subset=1
AIRPLANE_PICARD	2	old_lo=-0.01	old_hi=0.01	base_lo=-0.0027917668006302988	base_hi=0.0027618976881292616	diff_lo=-4.7156954267417042e-18	diff_hi=3.8830512879191818e-18	new_lo=-0.0027917668006303036	new_hi=0.0027618976881292655	subset=1
AIRPLANE_PICARD	3	old_lo=-0.01	old_hi=0.01	base_lo=-0.0006816898940977627	base_hi=0.00068157085330498401	diff_lo=-2.888800310074658e-19	diff_hi=9.2054697198307186e-18	new_lo=-0.00068168989409776303	new_hi=0.00068157085330499323	subset=1
AIRPLANE_PICARD	4	old_lo=-0.01	old_hi=0.01	base_lo=-0.00075435654212277871	base_hi=0.00075626627725505833	diff_lo=-1.0520473381347989e-18	diff_hi=5.3185233994668139e-19	new_lo=-0.0007543565421227798	new_hi=0.00075626627725505888	subset=1
AIRPLANE_PICARD	5	old_lo=-0.01	old_hi=0.01	base_lo=-0.00080095223858244672	base_hi=0.00080777352566870065	diff_lo=-9.7306329660540354e-18	diff_hi=7.7945983001370698e-19	new_lo=-0.00080095223858245648	new_hi=0.00080777352566870151	subset=1
AIRPLANE_PICARD	6	old_lo=-0.01	old_hi=0.01	base_lo=-0.0010140590766084779	base_hi=0.0010052542786015604	diff_lo=-1.3114509478384669e-19	diff_hi=1.2004286453759509e-19	new_lo=-0.0010140590766084781	new_hi=0.0010052542786015606	subset=1
AIRPLANE_PICARD	7	old_lo=-0.01	old_hi=0.01	base_lo=-0.00071185972821142304	base_hi=0.00070853973556068799	diff_lo=-1.117161918529064e-19	diff_hi=1.0338951916821772e-19	new_lo=-0.00071185972821142325	new_hi=0.0007085397355606881	subset=1
AIRPLANE_PICARD	8	old_lo=-0.01	old_hi=0.01	base_lo=-0.00066008472434255189	base_hi=0.00065190808579818733	diff_lo=-1.0408340855860846e-19	diff_hi=9.2981178312356887e-20	new_lo=-0.00066008472434255199	new_hi=0.00065190808579818744	subset=1
AIRPLANE_PICARD	9	old_lo=-0.01	old_hi=0.01	base_lo=-0.0001	base_hi=0.0001	diff_lo=0	diff_hi=0	new_lo=-0.0001	new_hi=0.0001	subset=1
AIRPLANE_PICARD	10	old_lo=-0.01	old_hi=0.01	base_lo=-0.0001	base_hi=0.0001	diff_lo=0	diff_hi=0	new_lo=-0.0001	new_hi=0.0001	subset=1
AIRPLANE_PICARD	11	old_lo=-0.01	old_hi=0.01	base_lo=-0.0001	base_hi=0.0001	diff_lo=0	diff_hi=0	new_lo=-0.0001	new_hi=0.0001	subset=1
AIRPLANE_PICARD	12	old_lo=-0.01	old_hi=0.01	base_lo=-0	base_hi=0	diff_lo=0	diff_hi=0	new_lo=-0	new_hi=0	subset=1
AIRPLANE_PICARD	13	old_lo=-0.01	old_hi=0.01	base_lo=-0	base_hi=0	diff_lo=0	diff_hi=0	new_lo=-0	new_hi=0	subset=1
AIRPLANE_PICARD	14	old_lo=-0.01	old_hi=0.01	base_lo=-0	base_hi=0	diff_lo=0	diff_hi=0	new_lo=-0	new_hi=0	subset=1
AIRPLANE_PICARD	15	old_lo=-0.01	old_hi=0.01	base_lo=-0	base_hi=0	diff_lo=0	diff_hi=0	new_lo=-0	new_hi=0	subset=1
AIRPLANE_PICARD	16	old_lo=-0.01	old_hi=0.01	base_lo=-0	base_hi=0	diff_lo=0	diff_hi=0	new_lo=-0	new_hi=0	subset=1
AIRPLANE_PICARD	17	old_lo=-0.01	old_hi=0.01	base_lo=-0	base_hi=0	diff_lo=0	diff_hi=0	new_lo=-0	new_hi=0	subset=1
AIRPLANE_PICARD	18	old_lo=-0.01	old_hi=0.01	base_lo=-0	base_hi=0	diff_lo=0	diff_hi=0	new_lo=-0	new_hi=0	subset=1
PERIOD 0 FLOWPIPES 1 STATUS 3 BOX_SAFE 0
DIAGNOSTIC_COMPLETED_CALLS 0/1
FLOWPIPE_SEGMENTS 1
UNKNOWN
time cost: 0.805000
