Step 0
Constructing input.
Calling CROWN.
RPC_COVERS_ALL_SOURCE_BOXES
Unpacking output from CROWN.
Flow* started.
BOX 0 status=2 accepted=1 seconds=0.00193964
BOX 1 status=2 accepted=1 seconds=0.00192635
BOX 2 status=2 accepted=1 seconds=0.00189603
BOX 3 status=2 accepted=1 seconds=0.00195364
BOX 4 status=2 accepted=1 seconds=0.00196225
BOX 5 status=2 accepted=1 seconds=0.00197357
BOX 6 status=2 accepted=1 seconds=0.00189281
BOX 7 status=2 accepted=1 seconds=0.00181338
BOX 8 status=2 accepted=1 seconds=0.00181303
BOX 9 status=2 accepted=1 seconds=0.0019199
BOX 10 status=2 accepted=1 seconds=0.00181379
BOX 11 status=2 accepted=1 seconds=0.00185071
BOX 12 status=2 accepted=1 seconds=0.00181961
BOX 13 status=2 accepted=1 seconds=0.00180911
BOX 14 status=2 accepted=1 seconds=0.00188397
BOX 15 status=2 accepted=1 seconds=0.00181386
BOX 16 status=2 accepted=1 seconds=0.00179762
BOX 17 status=2 accepted=1 seconds=0.00191826
BOX 18 status=2 accepted=1 seconds=0.00180147
BOX 19 status=2 accepted=1 seconds=0.00190602
BOX 20 status=2 accepted=1 seconds=0.00181877
BOX 21 status=2 accepted=1 seconds=0.00181888
BOX 22 status=2 accepted=1 seconds=0.00182868
BOX 23 status=2 accepted=1 seconds=0.00181081
BOX 24 status=2 accepted=1 seconds=0.00178603
BOX 25 status=2 accepted=1 seconds=0.0018031
BOX 26 status=2 accepted=1 seconds=0.00185047
BOX 27 status=2 accepted=1 seconds=0.00180117
BOX 28 status=2 accepted=1 seconds=0.00183658
BOX 29 status=2 accepted=1 seconds=0.0017983
BOX 30 status=2 accepted=1 seconds=0.00180659
BOX 31 status=2 accepted=1 seconds=0.00179524
BOX 32 status=2 accepted=1 seconds=0.00185647
BOX 33 status=2 accepted=1 seconds=0.00185699
BOX 34 status=2 accepted=1 seconds=0.0018247
BOX 35 status=2 accepted=1 seconds=0.00185515
BOX 36 status=2 accepted=1 seconds=0.0018261
BOX 37 status=2 accepted=1 seconds=0.00186258
BOX 38 status=2 accepted=1 seconds=0.0017876
BOX 39 status=2 accepted=1 seconds=0.00180957
BOX 40 status=2 accepted=1 seconds=0.00183234
BOX 41 status=2 accepted=1 seconds=0.00181172
BOX 42 status=2 accepted=1 seconds=0.00180651
BOX 43 status=2 accepted=1 seconds=0.00193625
BOX 44 status=2 accepted=1 seconds=0.00181853
BOX 45 status=2 accepted=1 seconds=0.00181589
BOX 46 status=2 accepted=1 seconds=0.00183781
BOX 47 status=2 accepted=1 seconds=0.00183114
BOX 48 status=2 accepted=1 seconds=0.0018879
BOX 49 status=2 accepted=1 seconds=0.00183493
BOX 50 status=2 accepted=1 seconds=0.00183311
BOX 51 status=2 accepted=1 seconds=0.00185856
BOX 52 status=2 accepted=1 seconds=0.00183893
BOX 53 status=2 accepted=1 seconds=0.00199223
BOX 54 status=2 accepted=1 seconds=0.00195457
BOX 55 status=2 accepted=1 seconds=0.00187505
BOX 56 status=2 accepted=1 seconds=0.00182915
BOX 57 status=2 accepted=1 seconds=0.00184319
BOX 58 status=2 accepted=1 seconds=0.00185211
BOX 59 status=2 accepted=1 seconds=0.00188517
BOX 60 status=2 accepted=1 seconds=0.00197083
BOX 61 status=2 accepted=1 seconds=0.00195073
BOX 62 status=2 accepted=1 seconds=0.00184845
BOX 63 status=2 accepted=1 seconds=0.0018521
BOX 64 status=2 accepted=1 seconds=0.00183888
BOX 65 status=2 accepted=1 seconds=0.0018557
BOX 66 status=2 accepted=1 seconds=0.00184225
BOX 67 status=2 accepted=1 seconds=0.00184312
BOX 68 status=2 accepted=1 seconds=0.0018381
BOX 69 status=2 accepted=1 seconds=0.00188846
BOX 70 status=2 accepted=1 seconds=0.00184895
BOX 71 status=2 accepted=1 seconds=0.00196384
BOX 72 status=2 accepted=1 seconds=0.00185196
BOX 73 status=2 accepted=1 seconds=0.00184603
BOX 74 status=2 accepted=1 seconds=0.00185668
BOX 75 status=2 accepted=1 seconds=0.00184093
BOX 76 status=2 accepted=1 seconds=0.00184102
BOX 77 status=2 accepted=1 seconds=0.00183809
BOX 78 status=2 accepted=1 seconds=0.00186153
BOX 79 status=2 accepted=1 seconds=0.0018462
BOX 80 status=2 accepted=1 seconds=0.00182243
BOX 81 status=2 accepted=1 seconds=0.00184163
BOX 82 status=2 accepted=1 seconds=0.00183086
BOX 83 status=2 accepted=1 seconds=0.00183569
BOX 84 status=2 accepted=1 seconds=0.00182961
BOX 85 status=2 accepted=1 seconds=0.00183746
BOX 86 status=2 accepted=1 seconds=0.00184813
BOX 87 status=2 accepted=1 seconds=0.00183508
BOX 88 status=2 accepted=1 seconds=0.00188401
BOX 89 status=2 accepted=1 seconds=0.001844
BOX 90 status=2 accepted=1 seconds=0.00184507
BOX 91 status=2 accepted=1 seconds=0.00182899
BOX 92 status=2 accepted=1 seconds=0.00185097
BOX 93 status=2 accepted=1 seconds=0.00184528
BOX 94 status=2 accepted=1 seconds=0.00186225
BOX 95 status=2 accepted=1 seconds=0.00185584
BOX 96 status=2 accepted=1 seconds=0.00183319
BOX 97 status=2 accepted=1 seconds=0.00184907
BOX 98 status=2 accepted=1 seconds=0.00184993
BOX 99 status=2 accepted=1 seconds=0.00183978
BOX 100 status=2 accepted=1 seconds=0.00185385
BOX 101 status=2 accepted=1 seconds=0.00184686
BOX 102 status=2 accepted=1 seconds=0.0018618
BOX 103 status=2 accepted=1 seconds=0.00183052
BOX 104 status=2 accepted=1 seconds=0.00191039
BOX 105 status=2 accepted=1 seconds=0.00184957
BOX 106 status=2 accepted=1 seconds=0.00184276
BOX 107 status=2 accepted=1 seconds=0.00182981
BOX 108 status=2 accepted=1 seconds=0.00185342
BOX 109 status=2 accepted=1 seconds=0.00183967
BOX 110 status=2 accepted=1 seconds=0.00185422
BOX 111 status=2 accepted=1 seconds=0.0018454
BOX 112 status=2 accepted=1 seconds=0.00183659
BOX 113 status=2 accepted=1 seconds=0.00183942
BOX 114 status=2 accepted=1 seconds=0.00188133
BOX 115 status=2 accepted=1 seconds=0.00184775
BOX 116 status=2 accepted=1 seconds=0.00183666
BOX 117 status=2 accepted=1 seconds=0.00184142
BOX 118 status=2 accepted=1 seconds=0.00184005
BOX 119 status=2 accepted=1 seconds=0.00186471
BOX 120 status=2 accepted=1 seconds=0.00185031
BOX 121 status=2 accepted=1 seconds=0.00183923
BOX 122 status=2 accepted=1 seconds=0.00184281
BOX 123 status=2 accepted=1 seconds=0.00185229
BOX 124 status=2 accepted=1 seconds=0.00185105
BOX 125 status=2 accepted=1 seconds=0.00183472
BOX 126 status=2 accepted=1 seconds=0.00184634
BOX 127 status=2 accepted=1 seconds=0.00186725
BOX 128 status=2 accepted=1 seconds=0.00193197
BOX 129 status=2 accepted=1 seconds=0.00183326
BOX 130 status=2 accepted=1 seconds=0.00184985
BOX 131 status=2 accepted=1 seconds=0.00197117
BOX 132 status=2 accepted=1 seconds=0.00185962
BOX 133 status=2 accepted=1 seconds=0.00185011
BOX 134 status=2 accepted=1 seconds=0.00184489
BOX 135 status=2 accepted=1 seconds=0.00184919
BOX 136 status=2 accepted=1 seconds=0.00190477
BOX 137 status=2 accepted=1 seconds=0.00185851
BOX 138 status=2 accepted=1 seconds=0.00184171
BOX 139 status=2 accepted=1 seconds=0.00189878
BOX 140 status=2 accepted=1 seconds=0.00194025
BOX 141 status=2 accepted=1 seconds=0.00183067
BOX 142 status=2 accepted=1 seconds=0.00184702
BOX 143 status=2 accepted=1 seconds=0.00184483
BOX 144 status=2 accepted=1 seconds=0.00184745
BOX 145 status=2 accepted=1 seconds=0.00183676
BOX 146 status=2 accepted=1 seconds=0.00184564
BOX 147 status=2 accepted=1 seconds=0.00182855
BOX 148 status=2 accepted=1 seconds=0.00184058
BOX 149 status=2 accepted=1 seconds=0.00184082
BOX 150 status=2 accepted=1 seconds=0.0018473
BOX 151 status=2 accepted=1 seconds=0.00183683
BOX 152 status=2 accepted=1 seconds=0.00186907
BOX 153 status=2 accepted=1 seconds=0.00183173
BOX 154 status=2 accepted=1 seconds=0.0018277
BOX 155 status=2 accepted=1 seconds=0.00183732
BOX 156 status=2 accepted=1 seconds=0.00185119
BOX 157 status=2 accepted=1 seconds=0.00185463
BOX 158 status=2 accepted=1 seconds=0.00184044
BOX 159 status=2 accepted=1 seconds=0.00194474
BOX 160 status=2 accepted=1 seconds=0.00184139
BOX 161 status=2 accepted=1 seconds=0.00183661
BOX 162 status=2 accepted=1 seconds=0.00185554
BOX 163 status=2 accepted=1 seconds=0.0018595
BOX 164 status=2 accepted=1 seconds=0.00185339
BOX 165 status=2 accepted=1 seconds=0.00188142
BOX 166 status=2 accepted=1 seconds=0.0018597
BOX 167 status=2 accepted=1 seconds=0.00185031
BOX 168 status=2 accepted=1 seconds=0.00184393
BOX 169 status=2 accepted=1 seconds=0.00186568
BOX 170 status=2 accepted=1 seconds=0.00194801
BOX 171 status=2 accepted=1 seconds=0.00184793
BOX 172 status=2 accepted=1 seconds=0.00190686
BOX 173 status=2 accepted=1 seconds=0.00184774
BOX 174 status=2 accepted=1 seconds=0.00183577
BOX 175 status=2 accepted=1 seconds=0.00204422
BOX 176 status=2 accepted=1 seconds=0.00184494
BOX 177 status=2 accepted=1 seconds=0.00186154
BOX 178 status=2 accepted=1 seconds=0.00183272
BOX 179 status=2 accepted=1 seconds=0.00184436
BOX 180 status=2 accepted=1 seconds=0.00183452
BOX 181 status=2 accepted=1 seconds=0.00185835
BOX 182 status=2 accepted=1 seconds=0.00184442
BOX 183 status=2 accepted=1 seconds=0.00185274
BOX 184 status=2 accepted=1 seconds=0.00183668
BOX 185 status=2 accepted=1 seconds=0.00186552
BOX 186 status=2 accepted=1 seconds=0.00182929
BOX 187 status=2 accepted=1 seconds=0.00184807
BOX 188 status=2 accepted=1 seconds=0.00197924
BOX 189 status=2 accepted=1 seconds=0.00185023
BOX 190 status=2 accepted=1 seconds=0.00186491
BOX 191 status=2 accepted=1 seconds=0.00185587
BOX 192 status=2 accepted=1 seconds=0.00183667
BOX 193 status=2 accepted=1 seconds=0.00186182
BOX 194 status=2 accepted=1 seconds=0.00183946
BOX 195 status=2 accepted=1 seconds=0.00185715
BOX 196 status=2 accepted=1 seconds=0.0018346
BOX 197 status=2 accepted=1 seconds=0.0018741
BOX 198 status=2 accepted=1 seconds=0.00183384
BOX 199 status=2 accepted=1 seconds=0.00181995
BOX 200 status=2 accepted=1 seconds=0.00184263
BOX 201 status=2 accepted=1 seconds=0.00189047
BOX 202 status=2 accepted=1 seconds=0.00183723
BOX 203 status=2 accepted=1 seconds=0.00189552
BOX 204 status=2 accepted=1 seconds=0.00184672
BOX 205 status=2 accepted=1 seconds=0.00182938
BOX 206 status=2 accepted=1 seconds=0.00183085
BOX 207 status=2 accepted=1 seconds=0.00184186
BOX 208 status=2 accepted=1 seconds=0.00184453
BOX 209 status=2 accepted=1 seconds=0.00185372
BOX 210 status=2 accepted=1 seconds=0.00182426
BOX 211 status=2 accepted=1 seconds=0.00191334
BOX 212 status=2 accepted=1 seconds=0.00185927
BOX 213 status=2 accepted=1 seconds=0.00184974
BOX 214 status=2 accepted=1 seconds=0.00187781
BOX 215 status=2 accepted=1 seconds=0.00185352
BOX 216 status=2 accepted=1 seconds=0.00184519
BOX 217 status=2 accepted=1 seconds=0.001861
BOX 218 status=2 accepted=1 seconds=0.00185305
BOX 219 status=2 accepted=1 seconds=0.00184697
BOX 220 status=2 accepted=1 seconds=0.00189172
BOX 221 status=2 accepted=1 seconds=0.00183575
BOX 222 status=2 accepted=1 seconds=0.0018466
BOX 223 status=2 accepted=1 seconds=0.00187534
BOX 224 status=2 accepted=1 seconds=0.00208261
BOX 225 status=2 accepted=1 seconds=0.00197395
BOX 226 status=2 accepted=1 seconds=0.00200756
BOX 227 status=2 accepted=1 seconds=0.00195465
BOX 228 status=2 accepted=1 seconds=0.00199258
BOX 229 status=2 accepted=1 seconds=0.00200212
BOX 230 status=2 accepted=1 seconds=0.00186744
BOX 231 status=2 accepted=1 seconds=0.00191408
BOX 232 status=2 accepted=1 seconds=0.001834
BOX 233 status=2 accepted=1 seconds=0.00195347
BOX 234 status=2 accepted=1 seconds=0.00202261
BOX 235 status=2 accepted=1 seconds=0.00200101
BOX 236 status=2 accepted=1 seconds=0.00203033
BOX 237 status=2 accepted=1 seconds=0.00201181
BOX 238 status=2 accepted=1 seconds=0.00203716
BOX 239 status=2 accepted=1 seconds=0.00198294
BOX 240 status=2 accepted=1 seconds=0.00200965
BOX 241 status=2 accepted=1 seconds=0.00200479
BOX 242 status=2 accepted=1 seconds=0.00202388
BOX 243 status=2 accepted=1 seconds=0.00201975
BOX 244 status=2 accepted=1 seconds=0.00198399
BOX 245 status=2 accepted=1 seconds=0.00196616
BOX 246 status=2 accepted=1 seconds=0.00193975
BOX 247 status=2 accepted=1 seconds=0.00191787
BOX 248 status=2 accepted=1 seconds=0.00191901
BOX 249 status=2 accepted=1 seconds=0.00185356
BOX 250 status=2 accepted=1 seconds=0.00184002
BOX 251 status=2 accepted=1 seconds=0.00189297
BOX 252 status=2 accepted=1 seconds=0.0018457
BOX 253 status=2 accepted=1 seconds=0.00183483
BOX 254 status=2 accepted=1 seconds=0.00184239
BOX 255 status=2 accepted=1 seconds=0.00193549
BOX 256 status=2 accepted=1 seconds=0.00187936
BOX 257 status=2 accepted=1 seconds=0.00183862
BOX 258 status=2 accepted=1 seconds=0.00184431
BOX 259 status=2 accepted=1 seconds=0.00186454
BOX 260 status=2 accepted=1 seconds=0.00184353
BOX 261 status=2 accepted=1 seconds=0.00194642
BOX 262 status=2 accepted=1 seconds=0.00184955
BOX 263 status=2 accepted=1 seconds=0.00183527
BOX 264 status=2 accepted=1 seconds=0.00187931
BOX 265 status=2 accepted=1 seconds=0.00182995
BOX 266 status=2 accepted=1 seconds=0.0018873
BOX 267 status=2 accepted=1 seconds=0.0018437
BOX 268 status=2 accepted=1 seconds=0.00184753
BOX 269 status=2 accepted=1 seconds=0.00191807
BOX 270 status=2 accepted=1 seconds=0.00182983
BOX 271 status=2 accepted=1 seconds=0.00185269
BOX 272 status=2 accepted=1 seconds=0.00184428
BOX 273 status=2 accepted=1 seconds=0.00183692
BOX 274 status=2 accepted=1 seconds=0.00187832
BOX 275 status=2 accepted=1 seconds=0.00184592
BOX 276 status=2 accepted=1 seconds=0.00186765
BOX 277 status=2 accepted=1 seconds=0.00193184
BOX 278 status=2 accepted=1 seconds=0.00185349
BOX 279 status=2 accepted=1 seconds=0.0018487
BOX 280 status=2 accepted=1 seconds=0.00182423
BOX 281 status=2 accepted=1 seconds=0.00183732
BOX 282 status=2 accepted=1 seconds=0.00187015
BOX 283 status=2 accepted=1 seconds=0.00182761
BOX 284 status=2 accepted=1 seconds=0.00185575
BOX 285 status=2 accepted=1 seconds=0.00184342
BOX 286 status=2 accepted=1 seconds=0.00193541
BOX 287 status=2 accepted=1 seconds=0.00192454
BOX 288 status=2 accepted=1 seconds=0.00185465
BOX 289 status=2 accepted=1 seconds=0.00186315
BOX 290 status=2 accepted=1 seconds=0.00195488
BOX 291 status=2 accepted=1 seconds=0.00184559
BOX 292 status=2 accepted=1 seconds=0.00187223
BOX 293 status=2 accepted=1 seconds=0.00185106
BOX 294 status=2 accepted=1 seconds=0.00184671
BOX 295 status=2 accepted=1 seconds=0.00187645
BOX 296 status=2 accepted=1 seconds=0.00185651
BOX 297 status=2 accepted=1 seconds=0.00198745
BOX 298 status=2 accepted=1 seconds=0.00183325
BOX 299 status=2 accepted=1 seconds=0.00184768
BOX 300 status=2 accepted=1 seconds=0.00185697
BOX 301 status=2 accepted=1 seconds=0.00186462
BOX 302 status=2 accepted=1 seconds=0.00184815
BOX 303 status=2 accepted=1 seconds=0.00190713
BOX 304 status=2 accepted=1 seconds=0.00186128
BOX 305 status=2 accepted=1 seconds=0.00187392
BOX 306 status=2 accepted=1 seconds=0.0018508
BOX 307 status=2 accepted=1 seconds=0.00184319
BOX 308 status=2 accepted=1 seconds=0.00184111
BOX 309 status=2 accepted=1 seconds=0.00183986
BOX 310 status=2 accepted=1 seconds=0.00186098
BOX 311 status=2 accepted=1 seconds=0.00184939
BOX 312 status=2 accepted=1 seconds=0.00183281
BOX 313 status=2 accepted=1 seconds=0.00188084
BOX 314 status=2 accepted=1 seconds=0.00185159
BOX 315 status=2 accepted=1 seconds=0.00184121
BOX 316 status=2 accepted=1 seconds=0.00184477
BOX 317 status=2 accepted=1 seconds=0.00189491
BOX 318 status=2 accepted=1 seconds=0.00187617
BOX 319 status=2 accepted=1 seconds=0.00183915
BOX 320 status=2 accepted=1 seconds=0.00183545
BOX 321 status=2 accepted=1 seconds=0.00188055
BOX 322 status=2 accepted=1 seconds=0.00184336
BOX 323 status=2 accepted=1 seconds=0.00185382
BOX 324 status=2 accepted=1 seconds=0.00184844
BOX 325 status=2 accepted=1 seconds=0.00184958
BOX 326 status=2 accepted=1 seconds=0.00189941
BOX 327 status=2 accepted=1 seconds=0.00195101
BOX 328 status=2 accepted=1 seconds=0.0019488
BOX 329 status=2 accepted=1 seconds=0.00194013
BOX 330 status=2 accepted=1 seconds=0.00182338
BOX 331 status=2 accepted=1 seconds=0.00191734
BOX 332 status=2 accepted=1 seconds=0.00184444
BOX 333 status=2 accepted=1 seconds=0.00183729
BOX 334 status=2 accepted=1 seconds=0.00183988
BOX 335 status=2 accepted=1 seconds=0.00184208
BOX 336 status=2 accepted=1 seconds=0.00184149
BOX 337 status=2 accepted=1 seconds=0.00192702
BOX 338 status=2 accepted=1 seconds=0.00184613
BOX 339 status=2 accepted=1 seconds=0.00185226
BOX 340 status=2 accepted=1 seconds=0.00183446
BOX 341 status=2 accepted=1 seconds=0.00183524
BOX 342 status=2 accepted=1 seconds=0.00185812
BOX 343 status=2 accepted=1 seconds=0.00183747
BOX 344 status=2 accepted=1 seconds=0.00183235
BOX 345 status=2 accepted=1 seconds=0.00184236
BOX 346 status=2 accepted=1 seconds=0.00183764
BOX 347 status=2 accepted=1 seconds=0.00183536
BOX 348 status=2 accepted=1 seconds=0.00182595
BOX 349 status=2 accepted=1 seconds=0.0019678
BOX 350 status=2 accepted=1 seconds=0.00184963
BOX 351 status=2 accepted=1 seconds=0.00185089
BOX 352 status=2 accepted=1 seconds=0.00184178
BOX 353 status=2 accepted=1 seconds=0.00191963
BOX 354 status=2 accepted=1 seconds=0.00184115
BOX 355 status=2 accepted=1 seconds=0.0018288
BOX 356 status=2 accepted=1 seconds=0.00184837
BOX 357 status=2 accepted=1 seconds=0.00184357
BOX 358 status=2 accepted=1 seconds=0.00185611
BOX 359 status=2 accepted=1 seconds=0.00184895
BOX 360 status=2 accepted=1 seconds=0.00184655
BOX 361 status=2 accepted=1 seconds=0.00183168
BOX 362 status=2 accepted=1 seconds=0.00198191
BOX 363 status=2 accepted=1 seconds=0.00194999
BOX 364 status=2 accepted=1 seconds=0.00190884
BOX 365 status=2 accepted=1 seconds=0.00194312
BOX 366 status=2 accepted=1 seconds=0.00203307
BOX 367 status=2 accepted=1 seconds=0.00200573
BOX 368 status=2 accepted=1 seconds=0.00202074
BOX 369 status=2 accepted=1 seconds=0.00207769
BOX 370 status=2 accepted=1 seconds=0.0019841
BOX 371 status=2 accepted=1 seconds=0.00196691
BOX 372 status=2 accepted=1 seconds=0.0019744
BOX 373 status=2 accepted=1 seconds=0.0020338
BOX 374 status=2 accepted=1 seconds=0.00198116
BOX 375 status=2 accepted=1 seconds=0.00203501
BOX 376 status=2 accepted=1 seconds=0.00204312
BOX 377 status=2 accepted=1 seconds=0.00200716
BOX 378 status=2 accepted=1 seconds=0.00200478
BOX 379 status=2 accepted=1 seconds=0.00204056
BOX 380 status=2 accepted=1 seconds=0.0020124
BOX 381 status=2 accepted=1 seconds=0.00208262
BOX 382 status=2 accepted=1 seconds=0.00202658
BOX 383 status=2 accepted=1 seconds=0.00202373
BOX 384 status=2 accepted=1 seconds=0.00209879
BOX 385 status=2 accepted=1 seconds=0.00200621
BOX 386 status=2 accepted=1 seconds=0.00199777
BOX 387 status=2 accepted=1 seconds=0.0020097
BOX 388 status=2 accepted=1 seconds=0.00199673
BOX 389 status=2 accepted=1 seconds=0.00199762
BOX 390 status=2 accepted=1 seconds=0.00201882
BOX 391 status=2 accepted=1 seconds=0.00198573
BOX 392 status=2 accepted=1 seconds=0.00194405
BOX 393 status=2 accepted=1 seconds=0.0020414
BOX 394 status=2 accepted=1 seconds=0.00196616
BOX 395 status=2 accepted=1 seconds=0.00194905
BOX 396 status=2 accepted=1 seconds=0.00200291
BOX 397 status=2 accepted=1 seconds=0.00199542
BOX 398 status=2 accepted=1 seconds=0.00198599
BOX 399 status=2 accepted=1 seconds=0.00200073
BOX 400 status=2 accepted=1 seconds=0.00203998
BOX 401 status=2 accepted=1 seconds=0.00199657
BOX 402 status=2 accepted=1 seconds=0.0019823
BOX 403 status=2 accepted=1 seconds=0.00185315
BOX 404 status=2 accepted=1 seconds=0.00184923
BOX 405 status=2 accepted=1 seconds=0.00183721
BOX 406 status=2 accepted=1 seconds=0.00184029
BOX 407 status=2 accepted=1 seconds=0.00182645
BOX 408 status=2 accepted=1 seconds=0.00185725
BOX 409 status=2 accepted=1 seconds=0.00184332
BOX 410 status=2 accepted=1 seconds=0.0018332
BOX 411 status=2 accepted=1 seconds=0.00183105
BOX 412 status=2 accepted=1 seconds=0.00183721
BOX 413 status=2 accepted=1 seconds=0.00182899
BOX 414 status=2 accepted=1 seconds=0.00183655
BOX 415 status=2 accepted=1 seconds=0.00182979
BOX 416 status=2 accepted=1 seconds=0.0018698
BOX 417 status=2 accepted=1 seconds=0.00183329
BOX 418 status=2 accepted=1 seconds=0.00276198
BOX 419 status=2 accepted=1 seconds=0.00183307
BOX 420 status=2 accepted=1 seconds=0.00184628
BOX 421 status=2 accepted=1 seconds=0.00184733
BOX 422 status=2 accepted=1 seconds=0.00183737
BOX 423 status=2 accepted=1 seconds=0.00184955
BOX 424 status=2 accepted=1 seconds=0.00185218
BOX 425 status=2 accepted=1 seconds=0.00186148
BOX 426 status=2 accepted=1 seconds=0.00183536
BOX 427 status=2 accepted=1 seconds=0.00183697
BOX 428 status=2 accepted=1 seconds=0.00182701
BOX 429 status=2 accepted=1 seconds=0.00183432
BOX 430 status=2 accepted=1 seconds=0.00183861
BOX 431 status=2 accepted=1 seconds=0.00184189
BOX 432 status=2 accepted=1 seconds=0.00229114
BOX 433 status=2 accepted=1 seconds=0.0018372
BOX 434 status=2 accepted=1 seconds=0.00183545
BOX 435 status=2 accepted=1 seconds=0.0018304
BOX 436 status=2 accepted=1 seconds=0.00182967
BOX 437 status=2 accepted=1 seconds=0.00196061
BOX 438 status=2 accepted=1 seconds=0.00197557
BOX 439 status=2 accepted=1 seconds=0.00187566
BOX 440 status=2 accepted=1 seconds=0.00183719
BOX 441 status=2 accepted=1 seconds=0.00184931
BOX 442 status=2 accepted=1 seconds=0.00183173
BOX 443 status=2 accepted=1 seconds=0.00184375
BOX 444 status=2 accepted=1 seconds=0.00202547
BOX 445 status=2 accepted=1 seconds=0.00184671
BOX 446 status=2 accepted=1 seconds=0.00187202
BOX 447 status=2 accepted=1 seconds=0.00184361
BOX 448 status=2 accepted=1 seconds=0.00182894
BOX 449 status=2 accepted=1 seconds=0.00184666
BOX 450 status=2 accepted=1 seconds=0.00183362
BOX 451 status=2 accepted=1 seconds=0.00184519
BOX 452 status=2 accepted=1 seconds=0.0020053
BOX 453 status=2 accepted=1 seconds=0.00182735
BOX 454 status=2 accepted=1 seconds=0.00185006
BOX 455 status=2 accepted=1 seconds=0.0018456
BOX 456 status=2 accepted=1 seconds=0.00185368
BOX 457 status=2 accepted=1 seconds=0.00184829
BOX 458 status=2 accepted=1 seconds=0.00184195
BOX 459 status=2 accepted=1 seconds=0.00185377
BOX 460 status=2 accepted=1 seconds=0.00182849
BOX 461 status=2 accepted=1 seconds=0.00184749
BOX 462 status=2 accepted=1 seconds=0.00184132
BOX 463 status=2 accepted=1 seconds=0.00184305
BOX 464 status=2 accepted=1 seconds=0.00193074
BOX 465 status=2 accepted=1 seconds=0.00185585
BOX 466 status=2 accepted=1 seconds=0.00184373
BOX 467 status=2 accepted=1 seconds=0.00187065
BOX 468 status=2 accepted=1 seconds=0.00187862
BOX 469 status=2 accepted=1 seconds=0.00194057
BOX 470 status=2 accepted=1 seconds=0.001849
BOX 471 status=2 accepted=1 seconds=0.00184227
BOX 472 status=2 accepted=1 seconds=0.00183549
BOX 473 status=2 accepted=1 seconds=0.0018272
BOX 474 status=2 accepted=1 seconds=0.00184028
BOX 475 status=2 accepted=1 seconds=0.00183986
BOX 476 status=2 accepted=1 seconds=0.00183278
BOX 477 status=2 accepted=1 seconds=0.00184421
BOX 478 status=2 accepted=1 seconds=0.00185897
BOX 479 status=2 accepted=1 seconds=0.00184193
BOX 480 status=2 accepted=1 seconds=0.00184902
BOX 481 status=2 accepted=1 seconds=0.00184831
BOX 482 status=2 accepted=1 seconds=0.00185001
BOX 483 status=2 accepted=1 seconds=0.00184103
BOX 484 status=2 accepted=1 seconds=0.00185889
BOX 485 status=2 accepted=1 seconds=0.00184014
BOX 486 status=2 accepted=1 seconds=0.0018462
BOX 487 status=2 accepted=1 seconds=0.00184473
BOX 488 status=2 accepted=1 seconds=0.00183899
BOX 489 status=2 accepted=1 seconds=0.00182869
BOX 490 status=2 accepted=1 seconds=0.00183184
BOX 491 status=2 accepted=1 seconds=0.00183636
BOX 492 status=2 accepted=1 seconds=0.00185235
BOX 493 status=2 accepted=1 seconds=0.00187748
BOX 494 status=2 accepted=1 seconds=0.00184558
BOX 495 status=2 accepted=1 seconds=0.00187975
BOX 496 status=2 accepted=1 seconds=0.00183821
BOX 497 status=2 accepted=1 seconds=0.00198357
BOX 498 status=2 accepted=1 seconds=0.00191584
BOX 499 status=2 accepted=1 seconds=0.00185669
BOX 500 status=2 accepted=1 seconds=0.001843
BOX 501 status=2 accepted=1 seconds=0.00192882
BOX 502 status=2 accepted=1 seconds=0.0018328
BOX 503 status=2 accepted=1 seconds=0.00184068
BOX 504 status=2 accepted=1 seconds=0.00185248
BOX 505 status=2 accepted=1 seconds=0.00184026
BOX 506 status=2 accepted=1 seconds=0.00186043
BOX 507 status=2 accepted=1 seconds=0.00186017
BOX 508 status=2 accepted=1 seconds=0.00184344
BOX 509 status=2 accepted=1 seconds=0.00190537
BOX 510 status=2 accepted=1 seconds=0.00183731
BOX 511 status=2 accepted=1 seconds=0.0018396
BOX 512 status=2 accepted=1 seconds=0.0018574
BOX 513 status=2 accepted=1 seconds=0.00183044
BOX 514 status=2 accepted=1 seconds=0.00184822
BOX 515 status=2 accepted=1 seconds=0.00186666
BOX 516 status=2 accepted=1 seconds=0.00186164
BOX 517 status=2 accepted=1 seconds=0.00183932
BOX 518 status=2 accepted=1 seconds=0.00184496
BOX 519 status=2 accepted=1 seconds=0.00195195
BOX 520 status=2 accepted=1 seconds=0.0018549
BOX 521 status=2 accepted=1 seconds=0.00185129
BOX 522 status=2 accepted=1 seconds=0.00183479
BOX 523 status=2 accepted=1 seconds=0.00184676
BOX 524 status=2 accepted=1 seconds=0.0019304
BOX 525 status=2 accepted=1 seconds=0.00184458
BOX 526 status=2 accepted=1 seconds=0.00183782
BOX 527 status=2 accepted=1 seconds=0.00183872
BOX 528 status=2 accepted=1 seconds=0.00184237
BOX 529 status=2 accepted=1 seconds=0.00183718
BOX 530 status=2 accepted=1 seconds=0.00184922
BOX 531 status=2 accepted=1 seconds=0.00183634
BOX 532 status=2 accepted=1 seconds=0.00185949
BOX 533 status=2 accepted=1 seconds=0.00182587
BOX 534 status=2 accepted=1 seconds=0.00184141
BOX 535 status=2 accepted=1 seconds=0.00184341
BOX 536 status=2 accepted=1 seconds=0.00184398
BOX 537 status=2 accepted=1 seconds=0.00196211
BOX 538 status=2 accepted=1 seconds=0.00184329
BOX 539 status=2 accepted=1 seconds=0.0018387
BOX 540 status=2 accepted=1 seconds=0.00184899
BOX 541 status=2 accepted=1 seconds=0.00183313
BOX 542 status=2 accepted=1 seconds=0.00182595
BOX 543 status=2 accepted=1 seconds=0.00184176
BOX 544 status=2 accepted=1 seconds=0.00189509
BOX 545 status=2 accepted=1 seconds=0.00184764
BOX 546 status=2 accepted=1 seconds=0.00229734
BOX 547 status=2 accepted=1 seconds=0.00192935
BOX 548 status=2 accepted=1 seconds=0.00184252
BOX 549 status=2 accepted=1 seconds=0.0019292
BOX 550 status=2 accepted=1 seconds=0.00184131
BOX 551 status=2 accepted=1 seconds=0.00183302
BOX 552 status=2 accepted=1 seconds=0.0018434
BOX 553 status=2 accepted=1 seconds=0.00185436
BOX 554 status=2 accepted=1 seconds=0.00185309
BOX 555 status=2 accepted=1 seconds=0.00197779
BOX 556 status=2 accepted=1 seconds=0.00184932
BOX 557 status=2 accepted=1 seconds=0.00187926
BOX 558 status=2 accepted=1 seconds=0.00190436
BOX 559 status=2 accepted=1 seconds=0.00185344
BOX 560 status=2 accepted=1 seconds=0.00182836
BOX 561 status=2 accepted=1 seconds=0.00192085
BOX 562 status=2 accepted=1 seconds=0.00187612
BOX 563 status=2 accepted=1 seconds=0.00184366
BOX 564 status=2 accepted=1 seconds=0.00185357
BOX 565 status=2 accepted=1 seconds=0.00184997
BOX 566 status=2 accepted=1 seconds=0.00185951
BOX 567 status=2 accepted=1 seconds=0.00184303
BOX 568 status=2 accepted=1 seconds=0.00194397
BOX 569 status=2 accepted=1 seconds=0.0019726
BOX 570 status=2 accepted=1 seconds=0.0018347
BOX 571 status=2 accepted=1 seconds=0.00184372
BOX 572 status=2 accepted=1 seconds=0.00185512
BOX 573 status=2 accepted=1 seconds=0.00185812
BOX 574 status=2 accepted=1 seconds=0.00183911
BOX 575 status=2 accepted=1 seconds=0.00185186
BOX 576 status=2 accepted=1 seconds=0.00185712
BOX 577 status=2 accepted=1 seconds=0.00185105
BOX 578 status=2 accepted=1 seconds=0.0018391
BOX 579 status=2 accepted=1 seconds=0.00185989
BOX 580 status=2 accepted=1 seconds=0.00182769
BOX 581 status=2 accepted=1 seconds=0.00191461
BOX 582 status=2 accepted=1 seconds=0.00184637
BOX 583 status=2 accepted=1 seconds=0.0019013
BOX 584 status=2 accepted=1 seconds=0.00195142
BOX 585 status=2 accepted=1 seconds=0.00200153
BOX 586 status=2 accepted=1 seconds=0.00192709
BOX 587 status=2 accepted=1 seconds=0.00184467
BOX 588 status=2 accepted=1 seconds=0.00184999
BOX 589 status=2 accepted=1 seconds=0.00184958
BOX 590 status=2 accepted=1 seconds=0.00189628
BOX 591 status=2 accepted=1 seconds=0.00201212
BOX 592 status=2 accepted=1 seconds=0.00198358
BOX 593 status=2 accepted=1 seconds=0.00185235
BOX 594 status=2 accepted=1 seconds=0.00183957
BOX 595 status=2 accepted=1 seconds=0.00186264
BOX 596 status=2 accepted=1 seconds=0.00184826
BOX 597 status=2 accepted=1 seconds=0.00183498
BOX 598 status=2 accepted=1 seconds=0.00184241
BOX 599 status=2 accepted=1 seconds=0.00185027
BOX 600 status=2 accepted=1 seconds=0.00184173
BOX 601 status=2 accepted=1 seconds=0.0018348
BOX 602 status=2 accepted=1 seconds=0.00184325
BOX 603 status=2 accepted=1 seconds=0.00184851
BOX 604 status=2 accepted=1 seconds=0.00185034
BOX 605 status=2 accepted=1 seconds=0.00202403
BOX 606 status=2 accepted=1 seconds=0.001875
BOX 607 status=2 accepted=1 seconds=0.00184622
BOX 608 status=2 accepted=1 seconds=0.00184303
BOX 609 status=2 accepted=1 seconds=0.00183465
BOX 610 status=2 accepted=1 seconds=0.00185347
BOX 611 status=2 accepted=1 seconds=0.00187715
BOX 612 status=2 accepted=1 seconds=0.00183436
BOX 613 status=2 accepted=1 seconds=0.00184827
BOX 614 status=2 accepted=1 seconds=0.00188773
BOX 615 status=2 accepted=1 seconds=0.00184952
BOX 616 status=2 accepted=1 seconds=0.00185718
BOX 617 status=2 accepted=1 seconds=0.00189413
BOX 618 status=2 accepted=1 seconds=0.00185511
BOX 619 status=2 accepted=1 seconds=0.00187772
BOX 620 status=2 accepted=1 seconds=0.00188707
BOX 621 status=2 accepted=1 seconds=0.00183171
BOX 622 status=2 accepted=1 seconds=0.00193028
BOX 623 status=2 accepted=1 seconds=0.00183732
BOX 624 status=2 accepted=1 seconds=0.00184433
BOX 625 status=2 accepted=1 seconds=0.00183575
BOX 626 status=2 accepted=1 seconds=0.00184334
BOX 627 status=2 accepted=1 seconds=0.00184917
BOX 628 status=2 accepted=1 seconds=0.00186823
BOX 629 status=2 accepted=1 seconds=0.00183361
BOX 630 status=2 accepted=1 seconds=0.00184529
BOX 631 status=2 accepted=1 seconds=0.00191577
BOX 632 status=2 accepted=1 seconds=0.00183867
BOX 633 status=2 accepted=1 seconds=0.00183226
BOX 634 status=2 accepted=1 seconds=0.00189523
BOX 635 status=2 accepted=1 seconds=0.00184732
BOX 636 status=2 accepted=1 seconds=0.00183491
BOX 637 status=2 accepted=1 seconds=0.00189808
BOX 638 status=2 accepted=1 seconds=0.0018381
BOX 639 status=2 accepted=1 seconds=0.00185232
BOX 640 status=2 accepted=1 seconds=0.00184412
BOX 641 status=2 accepted=1 seconds=0.00184477
BOX 642 status=2 accepted=1 seconds=0.00184515
BOX 643 status=2 accepted=1 seconds=0.00182805
BOX 644 status=2 accepted=1 seconds=0.00184726
BOX 645 status=2 accepted=1 seconds=0.00195551
BOX 646 status=2 accepted=1 seconds=0.00188104
BOX 647 status=2 accepted=1 seconds=0.00185761
BOX 648 status=2 accepted=1 seconds=0.00185373
BOX 649 status=2 accepted=1 seconds=0.00184952
BOX 650 status=2 accepted=1 seconds=0.00185589
BOX 651 status=2 accepted=1 seconds=0.00183191
BOX 652 status=2 accepted=1 seconds=0.00183725
BOX 653 status=2 accepted=1 seconds=0.00190859
BOX 654 status=2 accepted=1 seconds=0.00184082
BOX 655 status=2 accepted=1 seconds=0.00184278
BOX 656 status=2 accepted=1 seconds=0.00188204
BOX 657 status=2 accepted=1 seconds=0.00184818
BOX 658 status=2 accepted=1 seconds=0.00184455
BOX 659 status=2 accepted=1 seconds=0.00183716
BOX 660 status=2 accepted=1 seconds=0.00184003
BOX 661 status=2 accepted=1 seconds=0.00188895
BOX 662 status=2 accepted=1 seconds=0.00184198
BOX 663 status=2 accepted=1 seconds=0.00182486
BOX 664 status=2 accepted=1 seconds=0.00186632
BOX 665 status=2 accepted=1 seconds=0.00184956
BOX 666 status=2 accepted=1 seconds=0.00183852
BOX 667 status=2 accepted=1 seconds=0.00184426
BOX 668 status=2 accepted=1 seconds=0.00184857
BOX 669 status=2 accepted=1 seconds=0.00185128
BOX 670 status=2 accepted=1 seconds=0.00182734
BOX 671 status=2 accepted=1 seconds=0.001896
BOX 672 status=2 accepted=1 seconds=0.00187268
BOX 673 status=2 accepted=1 seconds=0.00184929
BOX 674 status=2 accepted=1 seconds=0.00291958
BOX 675 status=2 accepted=1 seconds=0.0018598
BOX 676 status=2 accepted=1 seconds=0.0019299
BOX 677 status=2 accepted=1 seconds=0.00185338
BOX 678 status=2 accepted=1 seconds=0.00184347
BOX 679 status=2 accepted=1 seconds=0.00184055
BOX 680 status=2 accepted=1 seconds=0.00184968
BOX 681 status=2 accepted=1 seconds=0.00197338
BOX 682 status=2 accepted=1 seconds=0.00185175
BOX 683 status=2 accepted=1 seconds=0.00183974
BOX 684 status=2 accepted=1 seconds=0.00185971
BOX 685 status=2 accepted=1 seconds=0.00184234
BOX 686 status=2 accepted=1 seconds=0.0018855
BOX 687 status=2 accepted=1 seconds=0.00182017
BOX 688 status=2 accepted=1 seconds=0.00185285
BOX 689 status=2 accepted=1 seconds=0.00184305
BOX 690 status=2 accepted=1 seconds=0.00183787
BOX 691 status=2 accepted=1 seconds=0.00184147
BOX 692 status=2 accepted=1 seconds=0.0018455
BOX 693 status=2 accepted=1 seconds=0.00194666
BOX 694 status=2 accepted=1 seconds=0.00190013
BOX 695 status=2 accepted=1 seconds=0.00183407
BOX 696 status=2 accepted=1 seconds=0.00183386
BOX 697 status=2 accepted=1 seconds=0.00187075
BOX 698 status=2 accepted=1 seconds=0.00182775
BOX 699 status=2 accepted=1 seconds=0.00184442
BOX 700 status=2 accepted=1 seconds=0.00184352
BOX 701 status=2 accepted=1 seconds=0.00183878
BOX 702 status=2 accepted=1 seconds=0.00184247
BOX 703 status=2 accepted=1 seconds=0.00183999
BOX 704 status=2 accepted=1 seconds=0.00185072
BOX 705 status=2 accepted=1 seconds=0.0018727
BOX 706 status=2 accepted=1 seconds=0.00185916
BOX 707 status=2 accepted=1 seconds=0.00197386
BOX 708 status=2 accepted=1 seconds=0.00184239
BOX 709 status=2 accepted=1 seconds=0.00185531
BOX 710 status=2 accepted=1 seconds=0.00184037
BOX 711 status=2 accepted=1 seconds=0.00185867
BOX 712 status=2 accepted=1 seconds=0.00184097
BOX 713 status=2 accepted=1 seconds=0.00185078
BOX 714 status=2 accepted=1 seconds=0.00185193
BOX 715 status=2 accepted=1 seconds=0.00185068
BOX 716 status=2 accepted=1 seconds=0.00184098
BOX 717 status=2 accepted=1 seconds=0.00184091
BOX 718 status=2 accepted=1 seconds=0.00183706
BOX 719 status=2 accepted=1 seconds=0.00186327
BOX 720 status=2 accepted=1 seconds=0.00186652
BOX 721 status=2 accepted=1 seconds=0.00194335
BOX 722 status=2 accepted=1 seconds=0.00189117
BOX 723 status=2 accepted=1 seconds=0.00185264
BOX 724 status=2 accepted=1 seconds=0.00184752
BOX 725 status=2 accepted=1 seconds=0.00185296
BOX 726 status=2 accepted=1 seconds=0.00184298
BOX 727 status=2 accepted=1 seconds=0.00184705
BOX 728 status=2 accepted=1 seconds=0.00192907
BOX 729 status=2 accepted=1 seconds=0.00185868
BOX 730 status=2 accepted=1 seconds=0.00185662
BOX 731 status=2 accepted=1 seconds=0.00184724
BOX 732 status=2 accepted=1 seconds=0.00183759
BOX 733 status=2 accepted=1 seconds=0.00183704
BOX 734 status=2 accepted=1 seconds=0.00184542
BOX 735 status=2 accepted=1 seconds=0.00183334
BOX 736 status=2 accepted=1 seconds=0.00183513
BOX 737 status=2 accepted=1 seconds=0.00184328
BOX 738 status=2 accepted=1 seconds=0.00185416
BOX 739 status=2 accepted=1 seconds=0.00184393
BOX 740 status=2 accepted=1 seconds=0.00184876
BOX 741 status=2 accepted=1 seconds=0.00184648
BOX 742 status=2 accepted=1 seconds=0.00185085
BOX 743 status=2 accepted=1 seconds=0.0018464
BOX 744 status=2 accepted=1 seconds=0.00187071
BOX 745 status=2 accepted=1 seconds=0.00184976
BOX 746 status=2 accepted=1 seconds=0.00195104
BOX 747 status=2 accepted=1 seconds=0.00185811
BOX 748 status=2 accepted=1 seconds=0.00187926
BOX 749 status=2 accepted=1 seconds=0.00185023
BOX 750 status=2 accepted=1 seconds=0.00190524
BOX 751 status=2 accepted=1 seconds=0.0018435
BOX 752 status=2 accepted=1 seconds=0.00186037
BOX 753 status=2 accepted=1 seconds=0.00183828
BOX 754 status=2 accepted=1 seconds=0.00188748
BOX 755 status=2 accepted=1 seconds=0.00186148
BOX 756 status=2 accepted=1 seconds=0.00185276
BOX 757 status=2 accepted=1 seconds=0.00183743
BOX 758 status=2 accepted=1 seconds=0.00194918
BOX 759 status=2 accepted=1 seconds=0.00189703
BOX 760 status=2 accepted=1 seconds=0.00184282
BOX 761 status=2 accepted=1 seconds=0.00185128
BOX 762 status=2 accepted=1 seconds=0.0018391
BOX 763 status=2 accepted=1 seconds=0.00186469
BOX 764 status=2 accepted=1 seconds=0.00185569
BOX 765 status=2 accepted=1 seconds=0.00182606
BOX 766 status=2 accepted=1 seconds=0.00183701
BOX 767 status=2 accepted=1 seconds=0.00184124
BOX 768 status=2 accepted=1 seconds=0.00186373
BOX 769 status=2 accepted=1 seconds=0.00185107
BOX 770 status=2 accepted=1 seconds=0.00183664
BOX 771 status=2 accepted=1 seconds=0.00184472
BOX 772 status=2 accepted=1 seconds=0.00185287
BOX 773 status=2 accepted=1 seconds=0.00185291
BOX 774 status=2 accepted=1 seconds=0.00184709
BOX 775 status=2 accepted=1 seconds=0.00185754
BOX 776 status=2 accepted=1 seconds=0.00185667
BOX 777 status=2 accepted=1 seconds=0.00184906
BOX 778 status=2 accepted=1 seconds=0.00184403
BOX 779 status=2 accepted=1 seconds=0.00184623
BOX 780 status=2 accepted=1 seconds=0.00186667
BOX 781 status=2 accepted=1 seconds=0.00182213
BOX 782 status=2 accepted=1 seconds=0.00184845
BOX 783 status=2 accepted=1 seconds=0.00184304
BOX 784 status=2 accepted=1 seconds=0.00184615
BOX 785 status=2 accepted=1 seconds=0.00194506
BOX 786 status=2 accepted=1 seconds=0.00184906
BOX 787 status=2 accepted=1 seconds=0.00184498
BOX 788 status=2 accepted=1 seconds=0.00190244
BOX 789 status=2 accepted=1 seconds=0.00183418
BOX 790 status=2 accepted=1 seconds=0.00184502
BOX 791 status=2 accepted=1 seconds=0.00188576
BOX 792 status=2 accepted=1 seconds=0.00185246
BOX 793 status=2 accepted=1 seconds=0.00185481
BOX 794 status=2 accepted=1 seconds=0.00197905
BOX 795 status=2 accepted=1 seconds=0.00184763
BOX 796 status=2 accepted=1 seconds=0.00190569
BOX 797 status=2 accepted=1 seconds=0.00183655
BOX 798 status=2 accepted=1 seconds=0.00184669
BOX 799 status=2 accepted=1 seconds=0.00183125
BOX 800 status=2 accepted=1 seconds=0.00183745
BOX 801 status=2 accepted=1 seconds=0.00183731
BOX 802 status=2 accepted=1 seconds=0.00184871
BOX 803 status=2 accepted=1 seconds=0.00186065
BOX 804 status=2 accepted=1 seconds=0.0018473
BOX 805 status=2 accepted=1 seconds=0.00186442
BOX 806 status=2 accepted=1 seconds=0.00187032
BOX 807 status=2 accepted=1 seconds=0.00189752
BOX 808 status=2 accepted=1 seconds=0.00197162
BOX 809 status=2 accepted=1 seconds=0.00185824
BOX 810 status=2 accepted=1 seconds=0.00184119
BOX 811 status=2 accepted=1 seconds=0.00183446
BOX 812 status=2 accepted=1 seconds=0.00183309
BOX 813 status=2 accepted=1 seconds=0.00185719
BOX 814 status=2 accepted=1 seconds=0.00186264
BOX 815 status=2 accepted=1 seconds=0.00184619
BOX 816 status=2 accepted=1 seconds=0.0018537
BOX 817 status=2 accepted=1 seconds=0.00185161
BOX 818 status=2 accepted=1 seconds=0.00184551
BOX 819 status=2 accepted=1 seconds=0.00184035
BOX 820 status=2 accepted=1 seconds=0.00184449
BOX 821 status=2 accepted=1 seconds=0.00192209
BOX 822 status=2 accepted=1 seconds=0.00185618
BOX 823 status=2 accepted=1 seconds=0.00185799
BOX 824 status=2 accepted=1 seconds=0.00194967
BOX 825 status=2 accepted=1 seconds=0.00187408
BOX 826 status=2 accepted=1 seconds=0.00184428
BOX 827 status=2 accepted=1 seconds=0.001845
BOX 828 status=2 accepted=1 seconds=0.00184035
BOX 829 status=2 accepted=1 seconds=0.00189012
BOX 830 status=2 accepted=1 seconds=0.00184345
BOX 831 status=2 accepted=1 seconds=0.00183658
BOX 832 status=2 accepted=1 seconds=0.00183585
BOX 833 status=2 accepted=1 seconds=0.00183373
BOX 834 status=2 accepted=1 seconds=0.00184169
BOX 835 status=2 accepted=1 seconds=0.00196208
BOX 836 status=2 accepted=1 seconds=0.00191751
BOX 837 status=2 accepted=1 seconds=0.00182975
BOX 838 status=2 accepted=1 seconds=0.00196415
BOX 839 status=2 accepted=1 seconds=0.00183063
BOX 840 status=2 accepted=1 seconds=0.00188272
BOX 841 status=2 accepted=1 seconds=0.00184117
BOX 842 status=2 accepted=1 seconds=0.00184252
BOX 843 status=2 accepted=1 seconds=0.00183886
BOX 844 status=2 accepted=1 seconds=0.00183906
BOX 845 status=2 accepted=1 seconds=0.00184847
BOX 846 status=2 accepted=1 seconds=0.0018501
BOX 847 status=2 accepted=1 seconds=0.00190654
BOX 848 status=2 accepted=1 seconds=0.00183767
BOX 849 status=2 accepted=1 seconds=0.00185057
BOX 850 status=2 accepted=1 seconds=0.00187424
BOX 851 status=2 accepted=1 seconds=0.00184963
BOX 852 status=2 accepted=1 seconds=0.0018827
BOX 853 status=2 accepted=1 seconds=0.00183211
BOX 854 status=2 accepted=1 seconds=0.00185387
BOX 855 status=2 accepted=1 seconds=0.00184296
BOX 856 status=2 accepted=1 seconds=0.0018714
BOX 857 status=2 accepted=1 seconds=0.00183651
BOX 858 status=2 accepted=1 seconds=0.0018486
BOX 859 status=2 accepted=1 seconds=0.00184346
BOX 860 status=2 accepted=1 seconds=0.00184947
BOX 861 status=2 accepted=1 seconds=0.00182931
BOX 862 status=2 accepted=1 seconds=0.00186434
BOX 863 status=2 accepted=1 seconds=0.00184551
BOX 864 status=2 accepted=1 seconds=0.00185088
BOX 865 status=2 accepted=1 seconds=0.00184862
BOX 866 status=2 accepted=1 seconds=0.00183881
BOX 867 status=2 accepted=1 seconds=0.00183707
BOX 868 status=2 accepted=1 seconds=0.00184687
BOX 869 status=2 accepted=1 seconds=0.00185057
BOX 870 status=2 accepted=1 seconds=0.0018635
BOX 871 status=2 accepted=1 seconds=0.00183172
BOX 872 status=2 accepted=1 seconds=0.00184766
BOX 873 status=2 accepted=1 seconds=0.00193342
BOX 874 status=2 accepted=1 seconds=0.00184937
BOX 875 status=2 accepted=1 seconds=0.0018499
BOX 876 status=2 accepted=1 seconds=0.00187662
BOX 877 status=2 accepted=1 seconds=0.00184776
BOX 878 status=2 accepted=1 seconds=0.00198715
BOX 879 status=2 accepted=1 seconds=0.00184767
BOX 880 status=2 accepted=1 seconds=0.00184203
BOX 881 status=2 accepted=1 seconds=0.00184878
BOX 882 status=2 accepted=1 seconds=0.00185885
BOX 883 status=2 accepted=1 seconds=0.00188299
BOX 884 status=2 accepted=1 seconds=0.00184714
BOX 885 status=2 accepted=1 seconds=0.00184447
BOX 886 status=2 accepted=1 seconds=0.00185782
BOX 887 status=2 accepted=1 seconds=0.00193729
BOX 888 status=2 accepted=1 seconds=0.00184046
BOX 889 status=2 accepted=1 seconds=0.00196696
BOX 890 status=2 accepted=1 seconds=0.00196484
BOX 891 status=2 accepted=1 seconds=0.00183696
BOX 892 status=2 accepted=1 seconds=0.00185435
BOX 893 status=2 accepted=1 seconds=0.0018448
BOX 894 status=2 accepted=1 seconds=0.00184404
BOX 895 status=2 accepted=1 seconds=0.00184324
BOX 896 status=2 accepted=1 seconds=0.00185514
BOX 897 status=2 accepted=1 seconds=0.00185444
BOX 898 status=2 accepted=1 seconds=0.00185057
BOX 899 status=2 accepted=1 seconds=0.00184195
BOX 900 status=2 accepted=1 seconds=0.00184624
BOX 901 status=2 accepted=1 seconds=0.00190108
BOX 902 status=2 accepted=1 seconds=0.00185561
BOX 903 status=2 accepted=1 seconds=0.00185146
BOX 904 status=2 accepted=1 seconds=0.00187225
BOX 905 status=2 accepted=1 seconds=0.00183629
BOX 906 status=2 accepted=1 seconds=0.0018464
BOX 907 status=2 accepted=1 seconds=0.00203002
BOX 908 status=2 accepted=1 seconds=0.00190295
BOX 909 status=2 accepted=1 seconds=0.00196037
BOX 910 status=2 accepted=1 seconds=0.00185612
BOX 911 status=2 accepted=1 seconds=0.00186797
BOX 912 status=2 accepted=1 seconds=0.00190884
BOX 913 status=2 accepted=1 seconds=0.00194045
BOX 914 status=2 accepted=1 seconds=0.00195913
BOX 915 status=2 accepted=1 seconds=0.00186793
BOX 916 status=2 accepted=1 seconds=0.00190792
BOX 917 status=2 accepted=1 seconds=0.00195346
BOX 918 status=2 accepted=1 seconds=0.00187894
BOX 919 status=2 accepted=1 seconds=0.00194862
BOX 920 status=2 accepted=1 seconds=0.00200803
BOX 921 status=2 accepted=1 seconds=0.00200179
BOX 922 status=2 accepted=1 seconds=0.00200086
BOX 923 status=2 accepted=1 seconds=0.00199421
BOX 924 status=2 accepted=1 seconds=0.00206515
BOX 925 status=2 accepted=1 seconds=0.00201737
BOX 926 status=2 accepted=1 seconds=0.0020845
BOX 927 status=2 accepted=1 seconds=0.00200217
BOX 928 status=2 accepted=1 seconds=0.00206417
BOX 929 status=2 accepted=1 seconds=0.00200399
BOX 930 status=2 accepted=1 seconds=0.00200091
BOX 931 status=2 accepted=1 seconds=0.00201139
BOX 932 status=2 accepted=1 seconds=0.0020066
BOX 933 status=2 accepted=1 seconds=0.00203426
BOX 934 status=2 accepted=1 seconds=0.00195349
BOX 935 status=2 accepted=1 seconds=0.00195908
BOX 936 status=2 accepted=1 seconds=0.00199383
BOX 937 status=2 accepted=1 seconds=0.00197775
BOX 938 status=2 accepted=1 seconds=0.00204506
BOX 939 status=2 accepted=1 seconds=0.00196631
BOX 940 status=2 accepted=1 seconds=0.00201334
BOX 941 status=2 accepted=1 seconds=0.0020181
BOX 942 status=2 accepted=1 seconds=0.00200264
BOX 943 status=2 accepted=1 seconds=0.00201634
BOX 944 status=2 accepted=1 seconds=0.00200253
BOX 945 status=2 accepted=1 seconds=0.00204079
BOX 946 status=2 accepted=1 seconds=0.00203801
BOX 947 status=2 accepted=1 seconds=0.00201415
BOX 948 status=2 accepted=1 seconds=0.00198748
BOX 949 status=2 accepted=1 seconds=0.00194323
BOX 950 status=2 accepted=1 seconds=0.00202663
BOX 951 status=2 accepted=1 seconds=0.00182723
BOX 952 status=2 accepted=1 seconds=0.00201645
BOX 953 status=2 accepted=1 seconds=0.00185167
BOX 954 status=2 accepted=1 seconds=0.00185
BOX 955 status=2 accepted=1 seconds=0.00187251
BOX 956 status=2 accepted=1 seconds=0.00182866
BOX 957 status=2 accepted=1 seconds=0.00183681
BOX 958 status=2 accepted=1 seconds=0.00185461
BOX 959 status=2 accepted=1 seconds=0.00185503
BOX 960 status=2 accepted=1 seconds=0.00183705
BOX 961 status=2 accepted=1 seconds=0.00186584
BOX 962 status=2 accepted=1 seconds=0.00185624
BOX 963 status=2 accepted=1 seconds=0.00185171
BOX 964 status=2 accepted=1 seconds=0.00183286
BOX 965 status=2 accepted=1 seconds=0.00182972
BOX 966 status=2 accepted=1 seconds=0.00183637
BOX 967 status=2 accepted=1 seconds=0.00185627
BOX 968 status=2 accepted=1 seconds=0.00183186
BOX 969 status=2 accepted=1 seconds=0.00182208
BOX 970 status=2 accepted=1 seconds=0.00185088
BOX 971 status=2 accepted=1 seconds=0.00191249
BOX 972 status=2 accepted=1 seconds=0.00186258
BOX 973 status=2 accepted=1 seconds=0.00184092
BOX 974 status=2 accepted=1 seconds=0.0018931
BOX 975 status=2 accepted=1 seconds=0.00184285
BOX 976 status=2 accepted=1 seconds=0.00193183
BOX 977 status=2 accepted=1 seconds=0.00184624
BOX 978 status=2 accepted=1 seconds=0.00186189
BOX 979 status=2 accepted=1 seconds=0.00184633
BOX 980 status=2 accepted=1 seconds=0.00191029
BOX 981 status=2 accepted=1 seconds=0.00199472
BOX 982 status=2 accepted=1 seconds=0.00183765
BOX 983 status=2 accepted=1 seconds=0.00183529
BOX 984 status=2 accepted=1 seconds=0.00219516
BOX 985 status=2 accepted=1 seconds=0.00183502
BOX 986 status=2 accepted=1 seconds=0.00188432
BOX 987 status=2 accepted=1 seconds=0.00198881
BOX 988 status=2 accepted=1 seconds=0.00184965
BOX 989 status=2 accepted=1 seconds=0.00184508
BOX 990 status=2 accepted=1 seconds=0.0018398
BOX 991 status=2 accepted=1 seconds=0.00184416
BOX 992 status=2 accepted=1 seconds=0.0018695
BOX 993 status=2 accepted=1 seconds=0.00183895
BOX 994 status=2 accepted=1 seconds=0.00185176
BOX 995 status=2 accepted=1 seconds=0.00184061
BOX 996 status=2 accepted=1 seconds=0.00184268
BOX 997 status=2 accepted=1 seconds=0.00184508
BOX 998 status=2 accepted=1 seconds=0.00183545
BOX 999 status=2 accepted=1 seconds=0.00183702
BOX 1000 status=2 accepted=1 seconds=0.00187982
BOX 1001 status=2 accepted=1 seconds=0.00189222
BOX 1002 status=2 accepted=1 seconds=0.00184837
BOX 1003 status=2 accepted=1 seconds=0.0018553
BOX 1004 status=2 accepted=1 seconds=0.0018414
BOX 1005 status=2 accepted=1 seconds=0.00182944
BOX 1006 status=2 accepted=1 seconds=0.00185259
BOX 1007 status=2 accepted=1 seconds=0.00184752
BOX 1008 status=2 accepted=1 seconds=0.00185975
BOX 1009 status=2 accepted=1 seconds=0.00184856
BOX 1010 status=2 accepted=1 seconds=0.00184764
BOX 1011 status=2 accepted=1 seconds=0.00185763
BOX 1012 status=2 accepted=1 seconds=0.00195277
BOX 1013 status=2 accepted=1 seconds=0.00188129
BOX 1014 status=2 accepted=1 seconds=0.0018463
BOX 1015 status=2 accepted=1 seconds=0.00184149
BOX 1016 status=2 accepted=1 seconds=0.00185988
BOX 1017 status=2 accepted=1 seconds=0.00197654
BOX 1018 status=2 accepted=1 seconds=0.00184671
BOX 1019 status=2 accepted=1 seconds=0.00185219
BOX 1020 status=2 accepted=1 seconds=0.00195964
BOX 1021 status=2 accepted=1 seconds=0.00183881
BOX 1022 status=2 accepted=1 seconds=0.00191195
BOX 1023 status=2 accepted=1 seconds=0.00196493
Flow* finished. GATE_PREFIX_ONLY T=0.005
PROPERTY_NOT_CHECKED_FIRST_PERIOD_ONLY
time cost: 4.618000
