Step 0
AIRPLANE_PICARD	0	old_lo=-0.01	old_hi=0.01	base_lo=-0.0060593687197638205	base_hi=0.0060761493482272035	diff_lo=-5.7266899555763543e-18	diff_hi=6.7744675609956159e-18	new_lo=-0.0060593687197638265	new_hi=0.0060761493482272104	subset=1
AIRPLANE_PICARD	1	old_lo=-0.01	old_hi=0.01	base_lo=-0.0056519075703632829	base_hi=0.005663813892827386	diff_lo=-5.7766375594995756e-18	diff_hi=5.8713612675435511e-18	new_lo=-0.005651907570363289	new_hi=0.0056638138928273921	subset=1
AIRPLANE_PICARD	2	old_lo=-0.01	old_hi=0.01	base_lo=-0.0033659543765867804	base_hi=0.0033660269925453183	diff_lo=-3.1868685930932161e-18	diff_hi=6.3662709363458299e-18	new_lo=-0.0033659543765867839	new_hi=0.0033660269925453248	subset=1
AIRPLANE_PICARD	3	old_lo=-0.01	old_hi=0.01	base_lo=-0.00091861390857810412	base_hi=0.00091852043829962536	diff_lo=-2.5184854202109375e-18	diff_hi=2.8869961976596422e-19	new_lo=-0.00091861390857810672	new_hi=0.00091852043829962569	subset=1
AIRPLANE_PICARD	4	old_lo=-0.01	old_hi=0.01	base_lo=-0.00091263502825537478	base_hi=0.00091504697177726313	diff_lo=-2.8713559308002354e-18	diff_hi=6.6786853825107084e-19	new_lo=-0.00091263502825537771	new_hi=0.00091504697177726389	subset=1
AIRPLANE_PICARD	5	old_lo=-0.01	old_hi=0.01	base_lo=-0.00085230770954722388	base_hi=0.0008614007445391466	diff_lo=-2.9058006001392308e-19	diff_hi=4.5930412251316018e-18	new_lo=-0.00085230770954722421	new_hi=0.00086140074453915126	subset=1
AIRPLANE_PICARD	6	old_lo=-0.01	old_hi=0.01	base_lo=-0.00045754404197452802	base_hi=0.00045723834266217376	diff_lo=-7.3769115815913746e-20	diff_hi=7.3075226425523016e-20	new_lo=-0.00045754404197452812	new_hi=0.00045723834266217387	subset=1
AIRPLANE_PICARD	7	old_lo=-0.01	old_hi=0.01	base_lo=-0.00041132992006087768	base_hi=0.00041135398496768818	diff_lo=-8.7777007884426462e-20	diff_hi=8.5001450322863563e-20	new_lo=-0.00041132992006087779	new_hi=0.00041135398496768829	subset=1
AIRPLANE_PICARD	8	old_lo=-0.01	old_hi=0.01	base_lo=-0.00036291712169864642	base_hi=0.00036268905332864301	diff_lo=-6.8955258170078095e-20	diff_hi=7.0343036950859544e-20	new_lo=-0.00036291712169864653	new_hi=0.00036268905332864312	subset=1
AIRPLANE_PICARD	9	old_lo=-0.01	old_hi=0.01	base_lo=-0.0001	base_hi=0.0001	diff_lo=0	diff_hi=0	new_lo=-0.0001	new_hi=0.0001	subset=1
AIRPLANE_PICARD	10	old_lo=-0.01	old_hi=0.01	base_lo=-0.0001	base_hi=0.0001	diff_lo=0	diff_hi=0	new_lo=-0.0001	new_hi=0.0001	subset=1
AIRPLANE_PICARD	11	old_lo=-0.01	old_hi=0.01	base_lo=-0.0001	base_hi=0.0001	diff_lo=0	diff_hi=0	new_lo=-0.0001	new_hi=0.0001	subset=1
AIRPLANE_PICARD	12	old_lo=-0.01	old_hi=0.01	base_lo=-0	base_hi=0	diff_lo=0	diff_hi=0	new_lo=-0	new_hi=0	subset=1
AIRPLANE_PICARD	13	old_lo=-0.01	old_hi=0.01	base_lo=-0	base_hi=0	diff_lo=0	diff_hi=0	new_lo=-0	new_hi=0	subset=1
AIRPLANE_PICARD	14	old_lo=-0.01	old_hi=0.01	base_lo=-0	base_hi=0	diff_lo=0	diff_hi=0	new_lo=-0	new_hi=0	subset=1
AIRPLANE_PICARD	15	old_lo=-0.01	old_hi=0.01	base_lo=-0	base_hi=0	diff_lo=0	diff_hi=0	new_lo=-0	new_hi=0	subset=1
AIRPLANE_PICARD	16	old_lo=-0.01	old_hi=0.01	base_lo=-0	base_hi=0	diff_lo=0	diff_hi=0	new_lo=-0	new_hi=0	subset=1
AIRPLANE_PICARD	17	old_lo=-0.01	old_hi=0.01	base_lo=-0	base_hi=0	diff_lo=0	diff_hi=0	new_lo=-0	new_hi=0	subset=1
AIRPLANE_PICARD	18	old_lo=-0.01	old_hi=0.01	base_lo=-0	base_hi=0	diff_lo=0	diff_hi=0	new_lo=-0	new_hi=0	subset=1
PERIOD 0 FLOWPIPES 1 STATUS 2 BOX_SAFE 1
DIAGNOSTIC_COMPLETED_CALLS 1/1
FLOWPIPE_SEGMENTS 1
ONE_STEP_NUMERIC_ACCEPTED_ONLY
time cost: 0.461000
