{
  "schema": "live-range-solver-run-v1",
  "run_id": "formal-b8-rep1-brusselator-Q",
  "plant": "brusselator",
  "route": "Q",
  "scope": "FIXED_PARTITION",
  "execution": "ONLINE_LIVE_SOLVE",
  "request_source": "CURRENT_WORKER_CALL",
  "previous_answers_loaded": false,
  "ids": [
    0,
    4,
    8,
    12,
    16,
    20,
    24,
    28
  ],
  "steps": 20,
  "original": false,
  "diagnostic": false,
  "audit_steps": [],
  "task_steps": null,
  "max_group": 32,
  "max_wait_s": 0.02,
  "delays": null,
  "select_newest": false,
  "start_ns": 2377060566222397,
  "end_ns": 2377196693852844,
  "wall_s": 136.127630447,
  "cpu_start_ns": 1688819780,
  "cpu_end_ns": 137712902669,
  "cpu_s": 136.024082889,
  "successful_tasks": 8,
  "accepted_lane_steps": 160,
  "successful_lane_steps": 160,
  "task_statuses": {
    "0": "FINISHED",
    "4": "FINISHED",
    "8": "FINISHED",
    "12": "FINISHED",
    "16": "FINISHED",
    "20": "FINISHED",
    "24": "FINISHED",
    "28": "FINISHED"
  },
  "counts": {
    "submitted": 26685,
    "groups": 15535,
    "flush_timeout": 6189,
    "external_table_fallback_requests": 0,
    "returned": 26685,
    "status_ok": 26685,
    "flush_all_waiting": 9346
  },
  "startup": {
    "wall_s": 3.892e-06
  },
  "peak_rss_kib": 490660,
  "rss_scope": "process lifetime high-water mark",
  "affinity": [
    2
  ],
  "torch_threads": 1,
  "torch_interop_threads": 1,
  "peak_gpu_allocated_bytes": 0,
  "gpu_memory_scope": "process lifetime Torch allocator high-water mark",
  "torch_version": "2.5.1+cu121",
  "python": "3.11.15 | packaged by conda-forge | (main, Mar  5 2026, 16:45:40) [GCC 14.3.0]",
  "imported_core": "/srv/local/shengenli/live_range_solver_20260909T053007Z/repo/src/torch_tm_flowpipe/__init__.py",
  "source_sha": "ef4e2f0c17518a4c4989071a596cd8631235c5ea",
  "checkpoint": null,
  "partition_sha256": "717897f2b615832ce61be0d60c1aa59833ea896bcf1cfbebfb3771ba539cd6d0",
  "throughput": 1.1753675537773685,
  "cold_startup_outside_timing": null,
  "serialization_s": 0.6205567461438477,
  "files": {
    "run.json.gz": "4e21eccd8574aa1ed7d0ef67da87bd44a587d1e42b4a18559a2da80133145225"
  }
}
