{
  "schema": "live-range-solver-run-v1",
  "run_id": "formal-b32-rep2-brusselator-S",
  "plant": "brusselator",
  "route": "S",
  "scope": "FIXED_PARTITION",
  "execution": "SERIAL_LIVE_SOLVE",
  "request_source": "CURRENT_WORKER_CALL",
  "previous_answers_loaded": false,
  "ids": [
    0,
    1,
    2,
    3,
    4,
    5,
    6,
    7,
    8,
    9,
    10,
    11,
    12,
    13,
    14,
    15,
    16,
    17,
    18,
    19,
    20,
    21,
    22,
    23,
    24,
    25,
    26,
    27,
    28,
    29,
    30,
    31
  ],
  "steps": 20,
  "original": false,
  "diagnostic": false,
  "audit_steps": [],
  "task_steps": null,
  "max_group": 32,
  "max_wait_s": 0.02,
  "delays": null,
  "select_newest": false,
  "start_ns": 2384974358464310,
  "end_ns": 2385647108504059,
  "wall_s": 672.750039749,
  "cpu_start_ns": 1987729431,
  "cpu_end_ns": 674264823389,
  "cpu_s": 672.277093958,
  "successful_tasks": 32,
  "accepted_lane_steps": 640,
  "successful_lane_steps": 640,
  "task_statuses": {
    "0": "FINISHED",
    "1": "FINISHED",
    "2": "FINISHED",
    "3": "FINISHED",
    "4": "FINISHED",
    "5": "FINISHED",
    "6": "FINISHED",
    "7": "FINISHED",
    "8": "FINISHED",
    "9": "FINISHED",
    "10": "FINISHED",
    "11": "FINISHED",
    "12": "FINISHED",
    "13": "FINISHED",
    "14": "FINISHED",
    "15": "FINISHED",
    "16": "FINISHED",
    "17": "FINISHED",
    "18": "FINISHED",
    "19": "FINISHED",
    "20": "FINISHED",
    "21": "FINISHED",
    "22": "FINISHED",
    "23": "FINISHED",
    "24": "FINISHED",
    "25": "FINISHED",
    "26": "FINISHED",
    "27": "FINISHED",
    "28": "FINISHED",
    "29": "FINISHED",
    "30": "FINISHED",
    "31": "FINISHED"
  },
  "counts": {
    "submitted": 106919,
    "returned": 106919,
    "status_ok": 106919
  },
  "startup": {},
  "peak_rss_kib": 595704,
  "rss_scope": "process lifetime high-water mark",
  "affinity": [
    2
  ],
  "torch_threads": 1,
  "torch_interop_threads": 1,
  "peak_gpu_allocated_bytes": 0,
  "gpu_memory_scope": "process lifetime Torch allocator high-water mark",
  "torch_version": "2.5.1+cu121",
  "python": "3.11.15 | packaged by conda-forge | (main, Mar  5 2026, 16:45:40) [GCC 14.3.0]",
  "imported_core": "/srv/local/shengenli/live_range_solver_20260909T053007Z/repo/src/torch_tm_flowpipe/__init__.py",
  "source_sha": "ef4e2f0c17518a4c4989071a596cd8631235c5ea",
  "checkpoint": null,
  "partition_sha256": "717897f2b615832ce61be0d60c1aa59833ea896bcf1cfbebfb3771ba539cd6d0",
  "throughput": 0.9513191559806984,
  "cold_startup_outside_timing": null,
  "serialization_s": 4.508690630085766,
  "files": {
    "run.json.gz": "c8f852b95ef625d475817df6c03d5df94b22b2469bdb66b1f6b021d7fc297486"
  }
}
