{
  "schema": "live-range-solver-run-v1",
  "run_id": "formal-b1-rep0-brusselator-Q",
  "plant": "brusselator",
  "route": "Q",
  "scope": "FIXED_PARTITION",
  "execution": "ONLINE_LIVE_SOLVE",
  "request_source": "CURRENT_WORKER_CALL",
  "previous_answers_loaded": false,
  "ids": [
    0
  ],
  "steps": 2,
  "original": false,
  "diagnostic": false,
  "audit_steps": [],
  "task_steps": null,
  "max_group": 32,
  "max_wait_s": 0.02,
  "delays": null,
  "select_newest": false,
  "start_ns": 2375947421273573,
  "end_ns": 2375949053291765,
  "wall_s": 1.632018192,
  "cpu_start_ns": 1718265087,
  "cpu_end_ns": 3349119577,
  "cpu_s": 1.63085449,
  "successful_tasks": 1,
  "accepted_lane_steps": 2,
  "successful_lane_steps": 2,
  "task_statuses": {
    "0": "FINISHED"
  },
  "counts": {
    "submitted": 294,
    "groups": 294,
    "flush_all_waiting": 294,
    "external_table_fallback_requests": 0,
    "returned": 294,
    "status_ok": 294
  },
  "startup": {
    "wall_s": 4.161e-06
  },
  "peak_rss_kib": 448876,
  "rss_scope": "process lifetime high-water mark",
  "affinity": [
    2
  ],
  "torch_threads": 1,
  "torch_interop_threads": 1,
  "peak_gpu_allocated_bytes": 0,
  "gpu_memory_scope": "process lifetime Torch allocator high-water mark",
  "torch_version": "2.5.1+cu121",
  "python": "3.11.15 | packaged by conda-forge | (main, Mar  5 2026, 16:45:40) [GCC 14.3.0]",
  "imported_core": "/srv/local/shengenli/live_range_solver_20260909T053007Z/repo/src/torch_tm_flowpipe/__init__.py",
  "source_sha": "ef4e2f0c17518a4c4989071a596cd8631235c5ea",
  "checkpoint": null,
  "partition_sha256": "717897f2b615832ce61be0d60c1aa59833ea896bcf1cfbebfb3771ba539cd6d0",
  "throughput": 1.225476535619402,
  "cold_startup_outside_timing": null,
  "serialization_s": 0.011363983619958162,
  "files": {
    "run.json.gz": "3fc7fae61f2436c116e6e52b9f841a6a0451fd799481c40a67456892bc9a8c07"
  }
}
