{
  "schema": "live-range-solver-run-v1",
  "run_id": "formal-b8-rep2-brusselator-S",
  "plant": "brusselator",
  "route": "S",
  "scope": "FIXED_PARTITION",
  "execution": "SERIAL_LIVE_SOLVE",
  "request_source": "CURRENT_WORKER_CALL",
  "previous_answers_loaded": false,
  "ids": [
    0,
    4,
    8,
    12,
    16,
    20,
    24,
    28
  ],
  "steps": 20,
  "original": false,
  "diagnostic": false,
  "audit_steps": [],
  "task_steps": null,
  "max_group": 32,
  "max_wait_s": 0.02,
  "delays": null,
  "select_newest": false,
  "start_ns": 2377756990274757,
  "end_ns": 2377898545666326,
  "wall_s": 141.555391569,
  "cpu_start_ns": 1825683192,
  "cpu_end_ns": 143278617865,
  "cpu_s": 141.452934673,
  "successful_tasks": 8,
  "accepted_lane_steps": 160,
  "successful_lane_steps": 160,
  "task_statuses": {
    "0": "FINISHED",
    "4": "FINISHED",
    "8": "FINISHED",
    "12": "FINISHED",
    "16": "FINISHED",
    "20": "FINISHED",
    "24": "FINISHED",
    "28": "FINISHED"
  },
  "counts": {
    "submitted": 26685,
    "returned": 26685,
    "status_ok": 26685
  },
  "startup": {},
  "peak_rss_kib": 484984,
  "rss_scope": "process lifetime high-water mark",
  "affinity": [
    2
  ],
  "torch_threads": 1,
  "torch_interop_threads": 1,
  "peak_gpu_allocated_bytes": 0,
  "gpu_memory_scope": "process lifetime Torch allocator high-water mark",
  "torch_version": "2.5.1+cu121",
  "python": "3.11.15 | packaged by conda-forge | (main, Mar  5 2026, 16:45:40) [GCC 14.3.0]",
  "imported_core": "/srv/local/shengenli/live_range_solver_20260909T053007Z/repo/src/torch_tm_flowpipe/__init__.py",
  "source_sha": "ef4e2f0c17518a4c4989071a596cd8631235c5ea",
  "checkpoint": null,
  "partition_sha256": "717897f2b615832ce61be0d60c1aa59833ea896bcf1cfbebfb3771ba539cd6d0",
  "throughput": 1.1302995825631221,
  "cold_startup_outside_timing": null,
  "serialization_s": 0.962596267927438,
  "files": {
    "run.json.gz": "737b2a2ff018cbb42fe6fefb23516b45b6c5c75ad52472b7fbb825fc826b55a7"
  }
}
