{
  "schema": "live-range-solver-run-v1",
  "run_id": "formal-b32-rep0-van_der_pol-G",
  "plant": "van_der_pol",
  "route": "G",
  "scope": "FIXED_PARTITION",
  "execution": "ONLINE_LIVE_SOLVE",
  "request_source": "CURRENT_WORKER_CALL",
  "previous_answers_loaded": false,
  "ids": [
    0,
    1,
    2,
    3,
    4,
    5,
    6,
    7,
    8,
    9,
    10,
    11,
    12,
    13,
    14,
    15,
    16,
    17,
    18,
    19,
    20,
    21,
    22,
    23,
    24,
    25,
    26,
    27,
    28,
    29,
    30,
    31
  ],
  "steps": 20,
  "original": false,
  "diagnostic": false,
  "audit_steps": [],
  "task_steps": null,
  "max_group": 32,
  "max_wait_s": 0.02,
  "delays": null,
  "select_newest": false,
  "start_ns": 2378939172064603,
  "end_ns": 2379243608331543,
  "wall_s": 304.43626694,
  "cpu_start_ns": 2026597127,
  "cpu_end_ns": 306217257063,
  "cpu_s": 304.190659936,
  "successful_tasks": 32,
  "accepted_lane_steps": 640,
  "successful_lane_steps": 640,
  "task_statuses": {
    "0": "FINISHED",
    "1": "FINISHED",
    "2": "FINISHED",
    "3": "FINISHED",
    "4": "FINISHED",
    "5": "FINISHED",
    "6": "FINISHED",
    "7": "FINISHED",
    "8": "FINISHED",
    "9": "FINISHED",
    "10": "FINISHED",
    "11": "FINISHED",
    "12": "FINISHED",
    "13": "FINISHED",
    "14": "FINISHED",
    "15": "FINISHED",
    "16": "FINISHED",
    "17": "FINISHED",
    "18": "FINISHED",
    "19": "FINISHED",
    "20": "FINISHED",
    "21": "FINISHED",
    "22": "FINISHED",
    "23": "FINISHED",
    "24": "FINISHED",
    "25": "FINISHED",
    "26": "FINISHED",
    "27": "FINISHED",
    "28": "FINISHED",
    "29": "FINISHED",
    "30": "FINISHED",
    "31": "FINISHED"
  },
  "counts": {
    "submitted": 70704,
    "groups": 27579,
    "flush_timeout": 26722,
    "external_table_fallback_requests": 0,
    "gpu_completed_requests": 70704,
    "returned": 70704,
    "status_ok": 70704,
    "flush_all_waiting": 857
  },
  "startup": {
    "reused": true,
    "build": {
      "nvrtc_path": "/srv/local/shengenli/miniforge3/envs/py11/lib/python3.11/site-packages/nvidia/cuda_nvrtc/lib/libnvrtc.so.12",
      "nvrtc_version": [
        12,
        1
      ],
      "flags": [
        "--std=c++14",
        "--gpu-architecture=compute_70",
        "--fmad=false",
        "--ftz=false",
        "--prec-div=true",
        "--prec-sqrt=true"
      ],
      "source_sha256": "30c64bbb8d4fc8569b553c8fcf7fdc677e4c4ee946b3714a8d6c75ba55d5d779",
      "ptx_sha256": "1bd68940987154f246f36a6cb1eccdb5eaf9f855f00e9ebe3ee095e6c0c3cc90",
      "compile_and_load_s": 0.1450270088389516,
      "compiler_log": "",
      "device": "cuda:0",
      "device_name": "Tesla V100-SXM2-16GB",
      "capability": [
        7,
        0
      ]
    },
    "stream": 131115770509680,
    "wall_s": 0.000118935
  },
  "peak_rss_kib": 841608,
  "rss_scope": "process lifetime high-water mark",
  "affinity": [
    2
  ],
  "torch_threads": 1,
  "torch_interop_threads": 1,
  "peak_gpu_allocated_bytes": 13312,
  "gpu_memory_scope": "process lifetime Torch allocator high-water mark",
  "torch_version": "2.5.1+cu121",
  "python": "3.11.15 | packaged by conda-forge | (main, Mar  5 2026, 16:45:40) [GCC 14.3.0]",
  "imported_core": "/srv/local/shengenli/live_range_solver_20260909T053007Z/repo/src/torch_tm_flowpipe/__init__.py",
  "source_sha": "ef4e2f0c17518a4c4989071a596cd8631235c5ea",
  "checkpoint": null,
  "partition_sha256": "717897f2b615832ce61be0d60c1aa59833ea896bcf1cfbebfb3771ba539cd6d0",
  "throughput": 2.1022462482307827,
  "cold_startup_outside_timing": {
    "reused": false,
    "build": {
      "nvrtc_path": "/srv/local/shengenli/miniforge3/envs/py11/lib/python3.11/site-packages/nvidia/cuda_nvrtc/lib/libnvrtc.so.12",
      "nvrtc_version": [
        12,
        1
      ],
      "flags": [
        "--std=c++14",
        "--gpu-architecture=compute_70",
        "--fmad=false",
        "--ftz=false",
        "--prec-div=true",
        "--prec-sqrt=true"
      ],
      "source_sha256": "30c64bbb8d4fc8569b553c8fcf7fdc677e4c4ee946b3714a8d6c75ba55d5d779",
      "ptx_sha256": "1bd68940987154f246f36a6cb1eccdb5eaf9f855f00e9ebe3ee095e6c0c3cc90",
      "compile_and_load_s": 0.1450270088389516,
      "compiler_log": "",
      "device": "cuda:0",
      "device_name": "Tesla V100-SXM2-16GB",
      "capability": [
        7,
        0
      ]
    },
    "primitive_bounds": [
      [
        "0x1.0000000000000p-1",
        "0x1.0000000000001p-1",
        "0x0.0p+0",
        "0x0.0000000000001p-1022"
      ],
      [
        "0x1.fffffffffffffp-2",
        "0x1.0000000000000p-1",
        "-0x0.0000000000001p-1022",
        "-0x0.0p+0"
      ],
      [
        "0x1.67e9c127b6e74p-531",
        "0x1.67e9c127b6e74p-531",
        "0x0.00000000007e8p-1022",
        "0x0.00000000007e9p-1022"
      ],
      [
        "-0x0.0p+0",
        "0x0.0p+0",
        "-0x0.00000000007e9p-1022",
        "-0x0.00000000007e8p-1022"
      ],
      [
        "0x1.0000000000000p+0",
        "0x1.0000000000001p+0",
        "0x0.0000000000001p-1022",
        "0x0.0000000000001p-1022"
      ],
      [
        "-0x0.0p+0",
        "0x0.0p+0",
        "-0x1.3e9e4e4c2f345p+199",
        "-0x1.3e9e4e4c2f344p+199"
      ]
    ],
    "pow3_bounds": [
      "0x1.a6c505176d241p+28",
      "0x1.a6c505176d243p+28"
    ],
    "stream": 131115770509712,
    "wall_s": 0.400571735
  },
  "serialization_s": 1.6647040187381208,
  "files": {
    "run.json.gz": "92d2ca7447b84f8eeb191b71ac06a2ca3d1dbda58f61ee8c5eac72b51ae6dbb0"
  }
}
