{
  "schema": "live-range-solver-run-v1",
  "run_id": "formal-b8-rep2-van_der_pol-Q",
  "plant": "van_der_pol",
  "route": "Q",
  "scope": "FIXED_PARTITION",
  "execution": "ONLINE_LIVE_SOLVE",
  "request_source": "CURRENT_WORKER_CALL",
  "previous_answers_loaded": false,
  "ids": [
    0,
    4,
    8,
    12,
    16,
    20,
    24,
    28
  ],
  "steps": 20,
  "original": false,
  "diagnostic": false,
  "audit_steps": [],
  "task_steps": null,
  "max_group": 32,
  "max_wait_s": 0.02,
  "delays": null,
  "select_newest": false,
  "start_ns": 2377342765207851,
  "end_ns": 2377436873149903,
  "wall_s": 94.107942052,
  "cpu_start_ns": 1647451075,
  "cpu_end_ns": 95682403351,
  "cpu_s": 94.034952276,
  "successful_tasks": 8,
  "accepted_lane_steps": 160,
  "successful_lane_steps": 160,
  "task_statuses": {
    "0": "FINISHED",
    "4": "FINISHED",
    "8": "FINISHED",
    "12": "FINISHED",
    "16": "FINISHED",
    "20": "FINISHED",
    "24": "FINISHED",
    "28": "FINISHED"
  },
  "counts": {
    "submitted": 17675,
    "groups": 12118,
    "flush_timeout": 7329,
    "external_table_fallback_requests": 0,
    "returned": 17675,
    "status_ok": 17675,
    "flush_all_waiting": 4789
  },
  "startup": {
    "wall_s": 3.392e-06
  },
  "peak_rss_kib": 485984,
  "rss_scope": "process lifetime high-water mark",
  "affinity": [
    2
  ],
  "torch_threads": 1,
  "torch_interop_threads": 1,
  "peak_gpu_allocated_bytes": 0,
  "gpu_memory_scope": "process lifetime Torch allocator high-water mark",
  "torch_version": "2.5.1+cu121",
  "python": "3.11.15 | packaged by conda-forge | (main, Mar  5 2026, 16:45:40) [GCC 14.3.0]",
  "imported_core": "/srv/local/shengenli/live_range_solver_20260909T053007Z/repo/src/torch_tm_flowpipe/__init__.py",
  "source_sha": "ef4e2f0c17518a4c4989071a596cd8631235c5ea",
  "checkpoint": null,
  "partition_sha256": "717897f2b615832ce61be0d60c1aa59833ea896bcf1cfbebfb3771ba539cd6d0",
  "throughput": 1.7001753147634542,
  "cold_startup_outside_timing": null,
  "serialization_s": 0.48633334692567587,
  "files": {
    "run.json.gz": "67e7bcb53dbd867671ad8f8ee1aebb8c6d5981740f1c036d45b94134a108c97d"
  }
}
