{
  "schema": "live-range-solver-run-v1",
  "run_id": "legacy-b8-van_der_pol-L",
  "plant": "van_der_pol",
  "route": "L",
  "scope": "FIXED_PARTITION",
  "execution": "SERIAL_LIVE_SOLVE",
  "request_source": "CURRENT_WORKER_CALL",
  "previous_answers_loaded": false,
  "ids": [
    0,
    4,
    8,
    12,
    16,
    20,
    24,
    28
  ],
  "steps": 20,
  "original": false,
  "diagnostic": false,
  "audit_steps": [],
  "task_steps": null,
  "max_group": 32,
  "max_wait_s": 0.02,
  "delays": null,
  "select_newest": false,
  "start_ns": 2378016472227666,
  "end_ns": 2378094798602018,
  "wall_s": 78.326374352,
  "cpu_start_ns": 1750515025,
  "cpu_end_ns": 80020108641,
  "cpu_s": 78.269593616,
  "successful_tasks": 8,
  "accepted_lane_steps": 160,
  "successful_lane_steps": 160,
  "task_statuses": {
    "0": "FINISHED",
    "4": "FINISHED",
    "8": "FINISHED",
    "12": "FINISHED",
    "16": "FINISHED",
    "20": "FINISHED",
    "24": "FINISHED",
    "28": "FINISHED"
  },
  "counts": {},
  "startup": {},
  "peak_rss_kib": 452544,
  "rss_scope": "process lifetime high-water mark",
  "affinity": [
    2
  ],
  "torch_threads": 1,
  "torch_interop_threads": 1,
  "peak_gpu_allocated_bytes": 0,
  "gpu_memory_scope": "process lifetime Torch allocator high-water mark",
  "torch_version": "2.5.1+cu121",
  "python": "3.11.15 | packaged by conda-forge | (main, Mar  5 2026, 16:45:40) [GCC 14.3.0]",
  "imported_core": "/srv/local/shengenli/live_range_solver_20260909T053007Z/repo/src/torch_tm_flowpipe/__init__.py",
  "source_sha": "ef4e2f0c17518a4c4989071a596cd8631235c5ea",
  "checkpoint": null,
  "partition_sha256": "717897f2b615832ce61be0d60c1aa59833ea896bcf1cfbebfb3771ba539cd6d0",
  "throughput": 2.0427346640731434,
  "cold_startup_outside_timing": null,
  "serialization_s": 0.0032515302300453186,
  "files": {
    "run.json.gz": "225ae517b2a00e406fd2ae6f173f22b2da55d4967c0d98856df0a24f7d1d5799"
  }
}
