/srv/local/shengenli/flowstar_acceleration_20260921T153643Z/nncs_env/lib/python3.11/site-packages/onnx2pytorch/convert/layer.py:29: UserWarning: The given NumPy array is not writable, and PyTorch does not support non-writable tensors. This means writing to this tensor will result in undefined behavior. You may want to copy the array to protect its data or make it writable before converting it to a tensor. This type of warning will be suppressed for the rest of this program. (Triggered internally at ../torch/csrc/utils/tensor_numpy.cpp:206.)
  layer.weight.data = torch.from_numpy(numpy_helper.to_array(weight))
/srv/local/shengenli/flowstar_acceleration_20260921T153643Z/nncs_env/lib/python3.11/site-packages/onnx2pytorch/convert/model.py:167: TracerWarning: Converting a tensor to a Python boolean might cause the trace to be incorrect. We can't record the data flow of Python values, so this value will be treated as a constant in the future. This means that the trace might not generalize to other inputs!
  if not self.experimental and inputs[0].shape[self.batch_dim] > 1:
Step 0
/srv/local/shengenli/auto_LiRPA/auto_LiRPA/operators/base.py:441: UserWarning: Constant operand of node [96mBoundSub(name=/26, inputs=[/0, /1], perturbed=True)[0m has batch dimension. Please check your model implementation. Constant operands [93mSHOULD NOT[0m have batch dimension.
  warnings.warn(f"Constant operand of node \033[96m{self}\033[0m has batch dimension. "
Step 1
Step 2
Step 3
Step 4
Step 5
Step 6
Step 7
Step 8
Step 9
Step 10
Step 11
Step 12
Step 13
Step 14
Step 15
Step 16
Step 17
Step 18
Step 19
Step 20
Step 21
Step 22
Step 23
Step 24
Step 25
Step 26
Step 27
Step 28
Step 29
Step 30
Step 31
Step 32
Step 33
Step 34
Step 35
Step 36
Step 37
Step 38
Step 39
Step 40
Step 41
Step 42
Step 43
Step 44
Step 45
Step 46
Step 47
Step 48
Step 49
HULL x_lead 229.037142468 250.04918343
HULL v_lead 22.8167364512 23.0184706402
HULL a_lead -2.02885444716 -2.02834034608
HULL x_ego 154.104791444 159.602767231
HULL v_ego 27.1928137261 29.1924066747
HULL a_ego -0.947635572185 -0.120545159866
HULL t 5 5
HULL u1 -1.00988050043 -0.0697523736065
time cost: 4.023787
/srv/local/shengenli/miniforge3/envs/py11/lib/python3.11/tempfile.py:934: ResourceWarning: Implicitly cleaning up <TemporaryDirectory '/tmp/tmp7pad6dhz'>
  _warnings.warn(warn_message, ResourceWarning)
