Step 0
AIRPLANE_PICARD	0	old_lo=-0.01	old_hi=0.01	base_lo=-0.007294748050074437	base_hi=0.0072737134631225874	diff_lo=-9.4397175261681007e-18	diff_hi=7.340704433200793e-18	new_lo=-0.0072947480500744465	new_hi=0.0072737134631225952	subset=1
AIRPLANE_PICARD	1	old_lo=-0.01	old_hi=0.01	base_lo=-0.0074211261211958694	base_hi=0.0074341728187777316	diff_lo=-8.6792332580169441e-18	diff_hi=9.7276931880034231e-18	new_lo=-0.007421126121195879	new_hi=0.007434172818777742	subset=1
AIRPLANE_PICARD	2	old_lo=-0.01	old_hi=0.01	base_lo=-0.0036798313656953734	base_hi=0.0036409795370476177	diff_lo=-3.1799482029063855e-18	diff_hi=6.5147540140309053e-18	new_lo=-0.0036798313656953769	new_hi=0.0036409795370476246	subset=1
AIRPLANE_PICARD	3	old_lo=-0.01	old_hi=0.01	base_lo=-0.0010988265323009601	base_hi=0.0010987013253060947	diff_lo=-3.1143143619516431e-19	diff_hi=2.5202062658991059e-18	new_lo=-0.0010988265323009605	new_hi=0.0010987013253060973	subset=1
AIRPLANE_PICARD	4	old_lo=-0.01	old_hi=0.01	base_lo=-0.0010759104993653477	base_hi=0.0010783569823531877	diff_lo=-1.7615076064458896e-18	diff_hi=6.6792404940230216e-19	new_lo=-0.0010759104993653497	new_hi=0.0010783569823531885	subset=1
AIRPLANE_PICARD	5	old_lo=-0.01	old_hi=0.01	base_lo=-0.00092224687612534138	base_hi=0.0009313286541750384	diff_lo=-2.9058006001392308e-19	diff_hi=1.7915710581739582e-17	new_lo=-0.0009222468761253417	new_hi=0.00093132865417505639	subset=1
AIRPLANE_PICARD	6	old_lo=-0.01	old_hi=0.01	base_lo=-0.00050933647771751029	base_hi=0.00050854734618671019	diff_lo=-8.0686325676371261e-20	diff_hi=8.2074104457152698e-20	new_lo=-0.0005093364777175104	new_hi=0.0005085473461867103	subset=1
AIRPLANE_PICARD	7	old_lo=-0.01	old_hi=0.01	base_lo=-0.00046173222495628306	base_hi=0.00046156426233299959	diff_lo=-1.5785983631388949e-19	diff_hi=1.5508427875232661e-19	new_lo=-0.00046173222495628322	new_hi=0.00046156426233299975	subset=1
AIRPLANE_PICARD	8	old_lo=-0.01	old_hi=0.01	base_lo=-0.00040137338088836957	base_hi=0.00040053353169933013	diff_lo=-9.1333191010178922e-20	diff_hi=8.5782075887053136e-20	new_lo=-0.00040137338088836968	new_hi=0.00040053353169933024	subset=1
AIRPLANE_PICARD	9	old_lo=-0.01	old_hi=0.01	base_lo=-0.0001	base_hi=0.0001	diff_lo=0	diff_hi=0	new_lo=-0.0001	new_hi=0.0001	subset=1
AIRPLANE_PICARD	10	old_lo=-0.01	old_hi=0.01	base_lo=-0.0001	base_hi=0.0001	diff_lo=0	diff_hi=0	new_lo=-0.0001	new_hi=0.0001	subset=1
AIRPLANE_PICARD	11	old_lo=-0.01	old_hi=0.01	base_lo=-0.0001	base_hi=0.0001	diff_lo=0	diff_hi=0	new_lo=-0.0001	new_hi=0.0001	subset=1
AIRPLANE_PICARD	12	old_lo=-0.01	old_hi=0.01	base_lo=-0	base_hi=0	diff_lo=0	diff_hi=0	new_lo=-0	new_hi=0	subset=1
AIRPLANE_PICARD	13	old_lo=-0.01	old_hi=0.01	base_lo=-0	base_hi=0	diff_lo=0	diff_hi=0	new_lo=-0	new_hi=0	subset=1
AIRPLANE_PICARD	14	old_lo=-0.01	old_hi=0.01	base_lo=-0	base_hi=0	diff_lo=0	diff_hi=0	new_lo=-0	new_hi=0	subset=1
AIRPLANE_PICARD	15	old_lo=-0.01	old_hi=0.01	base_lo=-0	base_hi=0	diff_lo=0	diff_hi=0	new_lo=-0	new_hi=0	subset=1
AIRPLANE_PICARD	16	old_lo=-0.01	old_hi=0.01	base_lo=-0	base_hi=0	diff_lo=0	diff_hi=0	new_lo=-0	new_hi=0	subset=1
AIRPLANE_PICARD	17	old_lo=-0.01	old_hi=0.01	base_lo=-0	base_hi=0	diff_lo=0	diff_hi=0	new_lo=-0	new_hi=0	subset=1
AIRPLANE_PICARD	18	old_lo=-0.01	old_hi=0.01	base_lo=-0	base_hi=0	diff_lo=0	diff_hi=0	new_lo=-0	new_hi=0	subset=1
PERIOD 0 FLOWPIPES 1 STATUS 3 BOX_SAFE 0
DIAGNOSTIC_COMPLETED_CALLS 0/1
FLOWPIPE_SEGMENTS 1
UNKNOWN
time cost: 0.787000
