Step 0
AIRPLANE_PICARD	0	old_lo=-0.01	old_hi=0.01	base_lo=-0.0069560386132726058	base_hi=0.0069304398063795361	diff_lo=-7.9006870490339145e-18	diff_hi=5.4970252886625133e-18	new_lo=-0.0069560386132726144	new_hi=0.0069304398063795422	subset=1
AIRPLANE_PICARD	1	old_lo=-0.01	old_hi=0.01	base_lo=-0.0070945440396008221	base_hi=0.00710328338680265	diff_lo=-8.445032289213423e-18	diff_hi=7.4433937023258749e-18	new_lo=-0.0070945440396008308	new_hi=0.0071032833868026578	subset=1
AIRPLANE_PICARD	2	old_lo=-0.01	old_hi=0.01	base_lo=-0.0035759162571237109	base_hi=0.0035305043163719094	diff_lo=-3.1466339950325685e-18	diff_hi=4.3283172185271146e-18	new_lo=-0.0035759162571237144	new_hi=0.0035305043163719138	subset=1
AIRPLANE_PICARD	3	old_lo=-0.01	old_hi=0.01	base_lo=-0.0010469574032261563	base_hi=0.0010467829544185344	diff_lo=-2.8645141814109824e-19	diff_hi=2.5037749651346537e-18	new_lo=-0.0010469574032261567	new_hi=0.001046782954418537	subset=1
AIRPLANE_PICARD	4	old_lo=-0.01	old_hi=0.01	base_lo=-0.0010185031251052185	base_hi=0.0010209710508910675	diff_lo=-1.7607859614798833e-18	diff_hi=6.6864569436830856e-19	new_lo=-0.0010185031251052205	new_hi=0.0010209710508910683	subset=1
AIRPLANE_PICARD	5	old_lo=-0.01	old_hi=0.01	base_lo=-0.00091569155151990922	base_hi=0.00092477411907114417	diff_lo=-3.1278452050642622e-19	diff_hi=1.7938296681396801e-17	new_lo=-0.00091569155151990955	new_hi=0.00092477411907116217	subset=1
AIRPLANE_PICARD	6	old_lo=-0.01	old_hi=0.01	base_lo=-0.00050516847252244734	base_hi=0.00050433637224558546	diff_lo=-8.504481840976299e-20	diff_hi=8.3657039628981541e-20	new_lo=-0.00050516847252244745	new_hi=0.00050433637224558557	subset=1
AIRPLANE_PICARD	7	old_lo=-0.01	old_hi=0.01	base_lo=-0.00045997479453923506	base_hi=0.00045981045586796225	diff_lo=-1.172673069760322e-19	diff_hi=1.1587952819525073e-19	new_lo=-0.00045997479453923522	new_hi=0.00045981045586796241	subset=1
AIRPLANE_PICARD	8	old_lo=-0.01	old_hi=0.01	base_lo=-0.00039999772993271656	base_hi=0.00039912693504070266	diff_lo=-8.656270145124271e-20	diff_hi=9.7664931697494268e-20	new_lo=-0.00039999772993271667	new_hi=0.00039912693504070277	subset=1
AIRPLANE_PICARD	9	old_lo=-0.01	old_hi=0.01	base_lo=-0.0001	base_hi=0.0001	diff_lo=0	diff_hi=0	new_lo=-0.0001	new_hi=0.0001	subset=1
AIRPLANE_PICARD	10	old_lo=-0.01	old_hi=0.01	base_lo=-0.0001	base_hi=0.0001	diff_lo=0	diff_hi=0	new_lo=-0.0001	new_hi=0.0001	subset=1
AIRPLANE_PICARD	11	old_lo=-0.01	old_hi=0.01	base_lo=-0.0001	base_hi=0.0001	diff_lo=0	diff_hi=0	new_lo=-0.0001	new_hi=0.0001	subset=1
AIRPLANE_PICARD	12	old_lo=-0.01	old_hi=0.01	base_lo=-0	base_hi=0	diff_lo=0	diff_hi=0	new_lo=-0	new_hi=0	subset=1
AIRPLANE_PICARD	13	old_lo=-0.01	old_hi=0.01	base_lo=-0	base_hi=0	diff_lo=0	diff_hi=0	new_lo=-0	new_hi=0	subset=1
AIRPLANE_PICARD	14	old_lo=-0.01	old_hi=0.01	base_lo=-0	base_hi=0	diff_lo=0	diff_hi=0	new_lo=-0	new_hi=0	subset=1
AIRPLANE_PICARD	15	old_lo=-0.01	old_hi=0.01	base_lo=-0	base_hi=0	diff_lo=0	diff_hi=0	new_lo=-0	new_hi=0	subset=1
AIRPLANE_PICARD	16	old_lo=-0.01	old_hi=0.01	base_lo=-0	base_hi=0	diff_lo=0	diff_hi=0	new_lo=-0	new_hi=0	subset=1
AIRPLANE_PICARD	17	old_lo=-0.01	old_hi=0.01	base_lo=-0	base_hi=0	diff_lo=0	diff_hi=0	new_lo=-0	new_hi=0	subset=1
AIRPLANE_PICARD	18	old_lo=-0.01	old_hi=0.01	base_lo=-0	base_hi=0	diff_lo=0	diff_hi=0	new_lo=-0	new_hi=0	subset=1
PERIOD 0 FLOWPIPES 1 STATUS 3 BOX_SAFE 0
DIAGNOSTIC_COMPLETED_CALLS 0/1
FLOWPIPE_SEGMENTS 1
UNKNOWN
time cost: 0.788000
