Step 0
AIRPLANE_PICARD	0	old_lo=-0.01	old_hi=0.01	base_lo=-0.0051373296061482422	base_hi=0.0051461773019611575	diff_lo=-8.8242607665378699e-18	diff_hi=1.2007816037791973e-17	new_lo=-0.0051373296061482518	new_hi=0.0051461773019611697	subset=1
AIRPLANE_PICARD	1	old_lo=-0.01	old_hi=0.01	base_lo=-0.0047156409895111138	base_hi=0.0047354841551284438	diff_lo=-5.7518735145182678e-18	diff_hi=1.113543632302873e-17	new_lo=-0.0047156409895111199	new_hi=0.0047354841551284551	subset=1
AIRPLANE_PICARD	2	old_lo=-0.01	old_hi=0.01	base_lo=-0.002862021820508486	base_hi=0.0028319743209914336	diff_lo=-5.3283951325274428e-18	diff_hi=4.2181952375486326e-18	new_lo=-0.0028620218205084916	new_hi=0.002831974320991438	subset=1
AIRPLANE_PICARD	3	old_lo=-0.01	old_hi=0.01	base_lo=-0.00073427997408982183	base_hi=0.00073415898143080192	diff_lo=-9.1858187722948537e-18	diff_hi=3.3478775307571605e-19	new_lo=-0.00073427997408983105	new_hi=0.00073415898143080235	subset=1
AIRPLANE_PICARD	4	old_lo=-0.01	old_hi=0.01	base_lo=-0.00075216135850964688	base_hi=0.00075406722328786268	diff_lo=-1.5961676425035878e-18	diff_hi=5.2122195448589548e-19	new_lo=-0.00075216135850964851	new_hi=0.00075406722328786322	subset=1
AIRPLANE_PICARD	5	old_lo=-0.01	old_hi=0.01	base_lo=-0.0007538298135958165	base_hi=0.00076065073979437634	diff_lo=-9.6980201647056719e-18	diff_hi=7.461531392749522e-19	new_lo=-0.00075382981359582626	new_hi=0.0007606507397943771	subset=1
AIRPLANE_PICARD	6	old_lo=-0.01	old_hi=0.01	base_lo=-0.0010081227734589982	base_hi=0.00099974888711130061	diff_lo=-1.408595462493168e-19	diff_hi=1.2420620087993943e-19	new_lo=-0.0010081227734589984	new_hi=0.00099974888711130082	subset=1
AIRPLANE_PICARD	7	old_lo=-0.01	old_hi=0.01	base_lo=-0.00071151505157769591	base_hi=0.00070829886534225488	diff_lo=-1.089406342913435e-19	diff_hi=1.0338951916821772e-19	new_lo=-0.00071151505157769613	new_hi=0.00070829886534225499	subset=1
AIRPLANE_PICARD	8	old_lo=-0.01	old_hi=0.01	base_lo=-0.00065712117381787794	base_hi=0.00064903862440978148	diff_lo=-7.5633943552588813e-20	diff_hi=6.4531713306337243e-20	new_lo=-0.00065712117381787805	new_hi=0.00064903862440978159	subset=1
AIRPLANE_PICARD	9	old_lo=-0.01	old_hi=0.01	base_lo=-0.0001	base_hi=0.0001	diff_lo=0	diff_hi=0	new_lo=-0.0001	new_hi=0.0001	subset=1
AIRPLANE_PICARD	10	old_lo=-0.01	old_hi=0.01	base_lo=-0.0001	base_hi=0.0001	diff_lo=0	diff_hi=0	new_lo=-0.0001	new_hi=0.0001	subset=1
AIRPLANE_PICARD	11	old_lo=-0.01	old_hi=0.01	base_lo=-0.0001	base_hi=0.0001	diff_lo=0	diff_hi=0	new_lo=-0.0001	new_hi=0.0001	subset=1
AIRPLANE_PICARD	12	old_lo=-0.01	old_hi=0.01	base_lo=-0	base_hi=0	diff_lo=0	diff_hi=0	new_lo=-0	new_hi=0	subset=1
AIRPLANE_PICARD	13	old_lo=-0.01	old_hi=0.01	base_lo=-0	base_hi=0	diff_lo=0	diff_hi=0	new_lo=-0	new_hi=0	subset=1
AIRPLANE_PICARD	14	old_lo=-0.01	old_hi=0.01	base_lo=-0	base_hi=0	diff_lo=0	diff_hi=0	new_lo=-0	new_hi=0	subset=1
AIRPLANE_PICARD	15	old_lo=-0.01	old_hi=0.01	base_lo=-0	base_hi=0	diff_lo=0	diff_hi=0	new_lo=-0	new_hi=0	subset=1
AIRPLANE_PICARD	16	old_lo=-0.01	old_hi=0.01	base_lo=-0	base_hi=0	diff_lo=0	diff_hi=0	new_lo=-0	new_hi=0	subset=1
AIRPLANE_PICARD	17	old_lo=-0.01	old_hi=0.01	base_lo=-0	base_hi=0	diff_lo=0	diff_hi=0	new_lo=-0	new_hi=0	subset=1
AIRPLANE_PICARD	18	old_lo=-0.01	old_hi=0.01	base_lo=-0	base_hi=0	diff_lo=0	diff_hi=0	new_lo=-0	new_hi=0	subset=1
PERIOD 0 FLOWPIPES 1 STATUS 3 BOX_SAFE 0
DIAGNOSTIC_COMPLETED_CALLS 0/1
FLOWPIPE_SEGMENTS 1
UNKNOWN
time cost: 0.804000
