/srv/local/shengenli/flowstar_acceleration_20260921T153643Z/nncs_env/lib/python3.11/site-packages/onnx2pytorch/convert/operations.py:173: UserWarning: The given NumPy array is not writable, and PyTorch does not support non-writable tensors. This means writing to this tensor will result in undefined behavior. You may want to copy the array to protect its data or make it writable before converting it to a tensor. This type of warning will be suppressed for the rest of this program. (Triggered internally at ../torch/csrc/utils/tensor_numpy.cpp:206.)
  weight = torch.from_numpy(numpy_helper.to_array(params[0]))
/srv/local/shengenli/flowstar_acceleration_20260921T153643Z/nncs_env/lib/python3.11/site-packages/onnx2pytorch/convert/model.py:167: TracerWarning: Converting a tensor to a Python boolean might cause the trace to be incorrect. We can't record the data flow of Python values, so this value will be treated as a constant in the future. This means that the trace might not generalize to other inputs!
  if not self.experimental and inputs[0].shape[self.batch_dim] > 1:
Step 0
/srv/local/shengenli/auto_LiRPA/auto_LiRPA/operators/s_shaped.py:217: UserWarning: torch.searchsorted(): input value tensor is non-contiguous, this will lower the performance due to extra data copy when converting non-contiguous tensor to contiguous, please use contiguous input value tensor if possible. This message will only appear once per program. (Triggered internally at ../aten/src/ATen/native/BucketizationUtils.h:32.)
  d_indices = torch.searchsorted(torch.flip(self.dfunc_values, [0]), k, right=False)
Step 1
Step 2
Step 3
Step 4
Step 5
Step 6
Step 7
Step 8
Step 9
Step 10
Step 11
Step 12
Step 13
Step 14
Step 15
Step 16
Step 17
Step 18
Step 19
Step 20
Step 21
Step 22
Step 23
Step 24
Step 25
Step 26
Step 27
Step 28
Step 29
VERIFIED
HULL x1 -0.0905869005419 -0.00524219292227
HULL x2 0.0884589312291 0.354262623286
HULL x3 -0.146670903029 0.0126828701873
HULL x4 -0.0984217546966 0.610416985952
HULL t 6 6
HULL u1 -0.385772420711 0.335088294864
HULL u2 0.0421347911572 0.637747858344
time cost: 25.865370
/srv/local/shengenli/miniforge3/envs/py11/lib/python3.11/tempfile.py:934: ResourceWarning: Implicitly cleaning up <TemporaryDirectory '/tmp/tmpe63ooxxk'>
  _warnings.warn(warn_message, ResourceWarning)
