Step 0
AIRPLANE_PICARD	0	old_lo=-0.01	old_hi=0.01	base_lo=-0.0053429564020674829	base_hi=0.0053343227549187463	diff_lo=-7.9265205510381637e-18	diff_hi=8.0076500985626472e-18	new_lo=-0.0053429564020674915	new_hi=0.005334322754918755	subset=1
AIRPLANE_PICARD	1	old_lo=-0.01	old_hi=0.01	base_lo=-0.0054357665861827845	base_hi=0.0054524478512199877	diff_lo=-5.9818261455291195e-18	diff_hi=6.7716873775047826e-18	new_lo=-0.0054357665861827905	new_hi=0.0054524478512199947	subset=1
AIRPLANE_PICARD	2	old_lo=-0.01	old_hi=0.01	base_lo=-0.0029600448567578194	base_hi=0.0029157561209132714	diff_lo=-5.275752057443132e-18	diff_hi=3.1052290368667954e-18	new_lo=-0.0029600448567578251	new_hi=0.0029157561209132749	subset=1
AIRPLANE_PICARD	3	old_lo=-0.01	old_hi=0.01	base_lo=-0.00075377687384553711	base_hi=0.00075366191050147931	diff_lo=-3.121947145245941e-19	diff_hi=9.2171270615892836e-18	new_lo=-0.00075377687384553744	new_hi=0.00075366191050148864	subset=1
AIRPLANE_PICARD	4	old_lo=-0.01	old_hi=0.01	base_lo=-0.00078402167782338692	base_hi=0.00078901868526067974	diff_lo=-1.105809888102272e-18	diff_hi=9.9528996155839922e-18	new_lo=-0.00078402167782338811	new_hi=0.00078901868526068972	subset=1
AIRPLANE_PICARD	5	old_lo=-0.01	old_hi=0.01	base_lo=-0.00080780239035498655	base_hi=0.00081280844280167373	diff_lo=-1.8146095737137105e-17	diff_hi=5.2408077877430532e-19	new_lo=-0.00080780239035500476	new_hi=0.00081280844280167428	subset=1
AIRPLANE_PICARD	6	old_lo=-0.01	old_hi=0.01	base_lo=-0.0012475917617208946	base_hi=0.0012212651784609646	diff_lo=-2.3731017151362732e-19	diff_hi=1.8179902028236944e-19	new_lo=-0.0012475917617208951	new_hi=0.0012212651784609648	subset=1
AIRPLANE_PICARD	7	old_lo=-0.01	old_hi=0.01	base_lo=-0.00092245815689740818	base_hi=0.00091504388075839898	diff_lo=-1.02695629777827e-19	diff_hi=1.1379786002407858e-19	new_lo=-0.00092245815689740828	new_hi=0.0009150438807583992	subset=1
AIRPLANE_PICARD	8	old_lo=-0.01	old_hi=0.01	base_lo=-0.0008729736362414305	base_hi=0.00084429455314150015	diff_lo=-2.1094237467877981e-19	diff_hi=1.4432899320127042e-19	new_lo=-0.00087297363624143072	new_hi=0.00084429455314150037	subset=1
AIRPLANE_PICARD	9	old_lo=-0.01	old_hi=0.01	base_lo=-0.0001	base_hi=0.0001	diff_lo=0	diff_hi=0	new_lo=-0.0001	new_hi=0.0001	subset=1
AIRPLANE_PICARD	10	old_lo=-0.01	old_hi=0.01	base_lo=-0.0001	base_hi=0.0001	diff_lo=0	diff_hi=0	new_lo=-0.0001	new_hi=0.0001	subset=1
AIRPLANE_PICARD	11	old_lo=-0.01	old_hi=0.01	base_lo=-0.0001	base_hi=0.0001	diff_lo=0	diff_hi=0	new_lo=-0.0001	new_hi=0.0001	subset=1
AIRPLANE_PICARD	12	old_lo=-0.01	old_hi=0.01	base_lo=-0	base_hi=0	diff_lo=0	diff_hi=0	new_lo=-0	new_hi=0	subset=1
AIRPLANE_PICARD	13	old_lo=-0.01	old_hi=0.01	base_lo=-0	base_hi=0	diff_lo=0	diff_hi=0	new_lo=-0	new_hi=0	subset=1
AIRPLANE_PICARD	14	old_lo=-0.01	old_hi=0.01	base_lo=-0	base_hi=0	diff_lo=0	diff_hi=0	new_lo=-0	new_hi=0	subset=1
AIRPLANE_PICARD	15	old_lo=-0.01	old_hi=0.01	base_lo=-0	base_hi=0	diff_lo=0	diff_hi=0	new_lo=-0	new_hi=0	subset=1
AIRPLANE_PICARD	16	old_lo=-0.01	old_hi=0.01	base_lo=-0	base_hi=0	diff_lo=0	diff_hi=0	new_lo=-0	new_hi=0	subset=1
AIRPLANE_PICARD	17	old_lo=-0.01	old_hi=0.01	base_lo=-0	base_hi=0	diff_lo=0	diff_hi=0	new_lo=-0	new_hi=0	subset=1
AIRPLANE_PICARD	18	old_lo=-0.01	old_hi=0.01	base_lo=-0	base_hi=0	diff_lo=0	diff_hi=0	new_lo=-0	new_hi=0	subset=1
PERIOD 0 FLOWPIPES 1 STATUS 3 BOX_SAFE 0
DIAGNOSTIC_COMPLETED_CALLS 0/1
FLOWPIPE_SEGMENTS 1
UNKNOWN
time cost: 0.817000
