Collecting onnx2pytorch@ git+https://github.com/Verified-Intelligence/onnx2pytorch.git
  Cloning https://github.com/Verified-Intelligence/onnx2pytorch.git to /tmp/pip-install-wit49yf3/onnx2pytorch_4ba257d9353f4b7b998b1fbdc571dcce
  Resolved https://github.com/Verified-Intelligence/onnx2pytorch.git to commit bae71f32f65534b7b13aa3a40d797919a94ace45
  Installing build dependencies: started
  Installing build dependencies: finished with status 'done'
  Getting requirements to build wheel: started
  Getting requirements to build wheel: finished with status 'done'
  Preparing metadata (pyproject.toml): started
  Preparing metadata (pyproject.toml): finished with status 'done'
Obtaining file:///srv/local/shengenli/auto_LiRPA_5a098e8
  Installing build dependencies: started
  Installing build dependencies: finished with status 'done'
  Checking if build backend supports build_editable: started
  Checking if build backend supports build_editable: finished with status 'done'
  Getting requirements to build editable: started
  Getting requirements to build editable: finished with status 'done'
  Preparing editable metadata (pyproject.toml): started
  Preparing editable metadata (pyproject.toml): finished with status 'done'
Collecting onnx
  Downloading onnx-1.22.0-cp311-cp311-manylinux_2_27_x86_64.manylinux_2_28_x86_64.whl.metadata (8.5 kB)
Collecting pyyaml
  Downloading pyyaml-6.0.3-cp311-cp311-manylinux2014_x86_64.manylinux_2_17_x86_64.manylinux_2_28_x86_64.whl.metadata (2.4 kB)
Requirement already satisfied: numpy>=1.23.2 in /srv/local/shengenli/native_envs/crownreach28/lib/python3.11/site-packages (from onnx) (2.3.3)
Collecting protobuf>=4.25.1 (from onnx)
  Using cached protobuf-7.35.1-cp310-abi3-manylinux2014_x86_64.whl.metadata (595 bytes)
Requirement already satisfied: typing_extensions>=4.15.0 in /srv/local/shengenli/native_envs/crownreach28/lib/python3.11/site-packages (from onnx) (4.15.0)
Collecting ml_dtypes>=0.5.4 (from onnx)
  Downloading ml_dtypes-0.5.4-cp311-cp311-manylinux_2_27_x86_64.manylinux_2_28_x86_64.whl.metadata (8.9 kB)
Requirement already satisfied: torch>=1.4.0 in /srv/local/shengenli/native_envs/crownreach28/lib/python3.11/site-packages (from onnx2pytorch@ git+https://github.com/Verified-Intelligence/onnx2pytorch.git) (2.8.0+cu128)
Requirement already satisfied: torchvision>=0.9.0 in /srv/local/shengenli/native_envs/crownreach28/lib/python3.11/site-packages (from onnx2pytorch@ git+https://github.com/Verified-Intelligence/onnx2pytorch.git) (0.23.0+cu128)
Collecting packaging>=20.0 (from auto-lirpa==0.7.2)
  Using cached packaging-26.2-py3-none-any.whl.metadata (3.5 kB)
Collecting tqdm>=4.67.3 (from auto-lirpa==0.7.2)
  Downloading tqdm-4.70.0-py3-none-any.whl.metadata (57 kB)
     ━━━━━━━━━━━━━━━━━━━━━━━━━━━━━━━━━━━━━━━━ 57.3/57.3 kB 4.4 MB/s eta 0:00:00
Collecting graphviz>=0.21 (from auto-lirpa==0.7.2)
  Downloading graphviz-0.21-py3-none-any.whl.metadata (12 kB)
Collecting appdirs>=1.4.4 (from auto-lirpa==0.7.2)
  Downloading appdirs-1.4.4-py2.py3-none-any.whl.metadata (9.0 kB)
Requirement already satisfied: filelock in /srv/local/shengenli/native_envs/crownreach28/lib/python3.11/site-packages (from torch>=1.4.0->onnx2pytorch@ git+https://github.com/Verified-Intelligence/onnx2pytorch.git) (3.29.0)
Requirement already satisfied: sympy>=1.13.3 in /srv/local/shengenli/native_envs/crownreach28/lib/python3.11/site-packages (from torch>=1.4.0->onnx2pytorch@ git+https://github.com/Verified-Intelligence/onnx2pytorch.git) (1.14.0)
Requirement already satisfied: networkx in /srv/local/shengenli/native_envs/crownreach28/lib/python3.11/site-packages (from torch>=1.4.0->onnx2pytorch@ git+https://github.com/Verified-Intelligence/onnx2pytorch.git) (3.6.1)
Requirement already satisfied: jinja2 in /srv/local/shengenli/native_envs/crownreach28/lib/python3.11/site-packages (from torch>=1.4.0->onnx2pytorch@ git+https://github.com/Verified-Intelligence/onnx2pytorch.git) (3.1.6)
Requirement already satisfied: fsspec in /srv/local/shengenli/native_envs/crownreach28/lib/python3.11/site-packages (from torch>=1.4.0->onnx2pytorch@ git+https://github.com/Verified-Intelligence/onnx2pytorch.git) (2026.4.0)
Requirement already satisfied: nvidia-cuda-nvrtc-cu12==12.8.93 in /srv/local/shengenli/native_envs/crownreach28/lib/python3.11/site-packages (from torch>=1.4.0->onnx2pytorch@ git+https://github.com/Verified-Intelligence/onnx2pytorch.git) (12.8.93)
Requirement already satisfied: nvidia-cuda-runtime-cu12==12.8.90 in /srv/local/shengenli/native_envs/crownreach28/lib/python3.11/site-packages (from torch>=1.4.0->onnx2pytorch@ git+https://github.com/Verified-Intelligence/onnx2pytorch.git) (12.8.90)
Requirement already satisfied: nvidia-cuda-cupti-cu12==12.8.90 in /srv/local/shengenli/native_envs/crownreach28/lib/python3.11/site-packages (from torch>=1.4.0->onnx2pytorch@ git+https://github.com/Verified-Intelligence/onnx2pytorch.git) (12.8.90)
Requirement already satisfied: nvidia-cudnn-cu12==9.10.2.21 in /srv/local/shengenli/native_envs/crownreach28/lib/python3.11/site-packages (from torch>=1.4.0->onnx2pytorch@ git+https://github.com/Verified-Intelligence/onnx2pytorch.git) (9.10.2.21)
Requirement already satisfied: nvidia-cublas-cu12==12.8.4.1 in /srv/local/shengenli/native_envs/crownreach28/lib/python3.11/site-packages (from torch>=1.4.0->onnx2pytorch@ git+https://github.com/Verified-Intelligence/onnx2pytorch.git) (12.8.4.1)
Requirement already satisfied: nvidia-cufft-cu12==11.3.3.83 in /srv/local/shengenli/native_envs/crownreach28/lib/python3.11/site-packages (from torch>=1.4.0->onnx2pytorch@ git+https://github.com/Verified-Intelligence/onnx2pytorch.git) (11.3.3.83)
Requirement already satisfied: nvidia-curand-cu12==10.3.9.90 in /srv/local/shengenli/native_envs/crownreach28/lib/python3.11/site-packages (from torch>=1.4.0->onnx2pytorch@ git+https://github.com/Verified-Intelligence/onnx2pytorch.git) (10.3.9.90)
Requirement already satisfied: nvidia-cusolver-cu12==11.7.3.90 in /srv/local/shengenli/native_envs/crownreach28/lib/python3.11/site-packages (from torch>=1.4.0->onnx2pytorch@ git+https://github.com/Verified-Intelligence/onnx2pytorch.git) (11.7.3.90)
Requirement already satisfied: nvidia-cusparse-cu12==12.5.8.93 in /srv/local/shengenli/native_envs/crownreach28/lib/python3.11/site-packages (from torch>=1.4.0->onnx2pytorch@ git+https://github.com/Verified-Intelligence/onnx2pytorch.git) (12.5.8.93)
Requirement already satisfied: nvidia-cusparselt-cu12==0.7.1 in /srv/local/shengenli/native_envs/crownreach28/lib/python3.11/site-packages (from torch>=1.4.0->onnx2pytorch@ git+https://github.com/Verified-Intelligence/onnx2pytorch.git) (0.7.1)
Requirement already satisfied: nvidia-nccl-cu12==2.27.3 in /srv/local/shengenli/native_envs/crownreach28/lib/python3.11/site-packages (from torch>=1.4.0->onnx2pytorch@ git+https://github.com/Verified-Intelligence/onnx2pytorch.git) (2.27.3)
Requirement already satisfied: nvidia-nvtx-cu12==12.8.90 in /srv/local/shengenli/native_envs/crownreach28/lib/python3.11/site-packages (from torch>=1.4.0->onnx2pytorch@ git+https://github.com/Verified-Intelligence/onnx2pytorch.git) (12.8.90)
Requirement already satisfied: nvidia-nvjitlink-cu12==12.8.93 in /srv/local/shengenli/native_envs/crownreach28/lib/python3.11/site-packages (from torch>=1.4.0->onnx2pytorch@ git+https://github.com/Verified-Intelligence/onnx2pytorch.git) (12.8.93)
Requirement already satisfied: nvidia-cufile-cu12==1.13.1.3 in /srv/local/shengenli/native_envs/crownreach28/lib/python3.11/site-packages (from torch>=1.4.0->onnx2pytorch@ git+https://github.com/Verified-Intelligence/onnx2pytorch.git) (1.13.1.3)
Requirement already satisfied: triton==3.4.0 in /srv/local/shengenli/native_envs/crownreach28/lib/python3.11/site-packages (from torch>=1.4.0->onnx2pytorch@ git+https://github.com/Verified-Intelligence/onnx2pytorch.git) (3.4.0)
Requirement already satisfied: setuptools>=40.8.0 in /srv/local/shengenli/native_envs/crownreach28/lib/python3.11/site-packages (from triton==3.4.0->torch>=1.4.0->onnx2pytorch@ git+https://github.com/Verified-Intelligence/onnx2pytorch.git) (79.0.1)
Requirement already satisfied: pillow!=8.3.*,>=5.3.0 in /srv/local/shengenli/native_envs/crownreach28/lib/python3.11/site-packages (from torchvision>=0.9.0->onnx2pytorch@ git+https://github.com/Verified-Intelligence/onnx2pytorch.git) (12.2.0)
Requirement already satisfied: mpmath<1.4,>=1.1.0 in /srv/local/shengenli/native_envs/crownreach28/lib/python3.11/site-packages (from sympy>=1.13.3->torch>=1.4.0->onnx2pytorch@ git+https://github.com/Verified-Intelligence/onnx2pytorch.git) (1.3.0)
Requirement already satisfied: MarkupSafe>=2.0 in /srv/local/shengenli/native_envs/crownreach28/lib/python3.11/site-packages (from jinja2->torch>=1.4.0->onnx2pytorch@ git+https://github.com/Verified-Intelligence/onnx2pytorch.git) (3.0.3)
Downloading onnx-1.22.0-cp311-cp311-manylinux_2_27_x86_64.manylinux_2_28_x86_64.whl (19.1 MB)
   ━━━━━━━━━━━━━━━━━━━━━━━━━━━━━━━━━━━━━━━━ 19.1/19.1 MB 69.6 MB/s eta 0:00:00
Downloading pyyaml-6.0.3-cp311-cp311-manylinux2014_x86_64.manylinux_2_17_x86_64.manylinux_2_28_x86_64.whl (806 kB)
   ━━━━━━━━━━━━━━━━━━━━━━━━━━━━━━━━━━━━━━━━ 806.6/806.6 kB 54.4 MB/s eta 0:00:00
Downloading appdirs-1.4.4-py2.py3-none-any.whl (9.6 kB)
Downloading graphviz-0.21-py3-none-any.whl (47 kB)
   ━━━━━━━━━━━━━━━━━━━━━━━━━━━━━━━━━━━━━━━━ 47.3/47.3 kB 8.2 MB/s eta 0:00:00
Downloading ml_dtypes-0.5.4-cp311-cp311-manylinux_2_27_x86_64.manylinux_2_28_x86_64.whl (5.0 MB)
   ━━━━━━━━━━━━━━━━━━━━━━━━━━━━━━━━━━━━━━━━ 5.0/5.0 MB 84.8 MB/s eta 0:00:00
Using cached packaging-26.2-py3-none-any.whl (100 kB)
Using cached protobuf-7.35.1-cp310-abi3-manylinux2014_x86_64.whl (327 kB)
Downloading tqdm-4.70.0-py3-none-any.whl (80 kB)
   ━━━━━━━━━━━━━━━━━━━━━━━━━━━━━━━━━━━━━━━━ 80.2/80.2 kB 14.8 MB/s eta 0:00:00
Building wheels for collected packages: onnx2pytorch, auto-lirpa
  Building wheel for onnx2pytorch (pyproject.toml): started
  Building wheel for onnx2pytorch (pyproject.toml): finished with status 'done'
  Created wheel for onnx2pytorch: filename=onnx2pytorch-0.4.1-py3-none-any.whl size=59549 sha256=742ead0ffdb5972cde3d5c66e022d742ee3e805457519db16f542af3c651e79e
  Stored in directory: /tmp/pip-ephem-wheel-cache-29eoy3d0/wheels/2e/d1/9e/72191190638cc96857b7d6c2f14baaf1de577d868b8411bde7
  Building editable for auto-lirpa (pyproject.toml): started
  Building editable for auto-lirpa (pyproject.toml): finished with status 'done'
  Created wheel for auto-lirpa: filename=auto_lirpa-0.7.2-0.editable-py3-none-any.whl size=10624 sha256=b7af669ce24686a8bafeb24f15111be4c1af34994754594e5a598aa2c28360dc
  Stored in directory: /tmp/pip-ephem-wheel-cache-29eoy3d0/wheels/eb/06/97/f0e6260dc0736c1aba076d5e09908295916efdc9c06ce2c012
Successfully built onnx2pytorch auto-lirpa
Installing collected packages: appdirs, tqdm, pyyaml, protobuf, packaging, ml_dtypes, graphviz, onnx, auto-lirpa, onnx2pytorch
Successfully installed appdirs-1.4.4 auto-lirpa-0.7.2 graphviz-0.21 ml_dtypes-0.5.4 onnx-1.22.0 onnx2pytorch-0.4.1 packaging-26.2 protobuf-7.35.1 pyyaml-6.0.3 tqdm-4.70.0
