Step 0
AIRPLANE_PICARD	0	old_lo=-0.01	old_hi=0.01	base_lo=-0.0045828700889064631	base_hi=0.0045756625079801131	diff_lo=-4.9852783938024037e-18	diff_hi=6.7376844844110029e-18	new_lo=-0.0045828700889064683	new_hi=0.0045756625079801201	subset=1
AIRPLANE_PICARD	1	old_lo=-0.01	old_hi=0.01	base_lo=-0.0041983381366027597	base_hi=0.004208684234330992	diff_lo=-3.7057324801341025e-18	diff_hi=5.3880759807537954e-18	new_lo=-0.0041983381366027641	new_hi=0.004208684234330998	subset=1
AIRPLANE_PICARD	2	old_lo=-0.01	old_hi=0.01	base_lo=-0.0026521692730453366	base_hi=0.0026175701708994817	diff_lo=-2.7193663987290531e-18	diff_hi=2.1729250343494065e-18	new_lo=-0.0026521692730453396	new_hi=0.0026175701708994843	subset=1
AIRPLANE_PICARD	3	old_lo=-0.01	old_hi=0.01	base_lo=-0.00065191299669102283	base_hi=0.00065178675061973467	diff_lo=-4.7186698992618409e-18	diff_hi=3.1269431488567539e-19	new_lo=-0.0006519129966910276	new_hi=0.000651786750619735	subset=1
AIRPLANE_PICARD	4	old_lo=-0.01	old_hi=0.01	base_lo=-0.00071638524211935532	base_hi=0.00071829972872695447	diff_lo=-2.7062796448262822e-18	diff_hi=5.2063908739796727e-19	new_lo=-0.00071638524211935803	new_hi=0.00071829972872695502	subset=1
AIRPLANE_PICARD	5	old_lo=-0.01	old_hi=0.01	base_lo=-0.00071598269476844882	base_hi=0.00072279844909052201	diff_lo=-9.6973262753152797e-18	diff_hi=7.461531392749522e-19	new_lo=-0.00071598269476845857	new_hi=0.00072279844909052277	subset=1
AIRPLANE_PICARD	6	old_lo=-0.01	old_hi=0.01	base_lo=-0.0010365128798172755	base_hi=0.0010277466695222011	diff_lo=-1.4571677198205188e-19	diff_hi=1.401656568589261e-19	new_lo=-0.0010365128798172757	new_hi=0.0010277466695222013	subset=1
AIRPLANE_PICARD	7	old_lo=-0.01	old_hi=0.01	base_lo=-0.00073107021126709258	base_hi=0.00072759636069436007	diff_lo=-1.1379786002407858e-19	diff_hi=1.02695629777827e-19	new_lo=-0.0007310702112670928	new_hi=0.00072759636069436018	subset=1
AIRPLANE_PICARD	8	old_lo=-0.01	old_hi=0.01	base_lo=-0.00067391518012525605	base_hi=0.00066597537774343123	diff_lo=-1.0755285551056209e-19	diff_hi=9.3675067702747618e-20	new_lo=-0.00067391518012525616	new_hi=0.00066597537774343134	subset=1
AIRPLANE_PICARD	9	old_lo=-0.01	old_hi=0.01	base_lo=-0.0001	base_hi=0.0001	diff_lo=0	diff_hi=0	new_lo=-0.0001	new_hi=0.0001	subset=1
AIRPLANE_PICARD	10	old_lo=-0.01	old_hi=0.01	base_lo=-0.0001	base_hi=0.0001	diff_lo=0	diff_hi=0	new_lo=-0.0001	new_hi=0.0001	subset=1
AIRPLANE_PICARD	11	old_lo=-0.01	old_hi=0.01	base_lo=-0.0001	base_hi=0.0001	diff_lo=0	diff_hi=0	new_lo=-0.0001	new_hi=0.0001	subset=1
AIRPLANE_PICARD	12	old_lo=-0.01	old_hi=0.01	base_lo=-0	base_hi=0	diff_lo=0	diff_hi=0	new_lo=-0	new_hi=0	subset=1
AIRPLANE_PICARD	13	old_lo=-0.01	old_hi=0.01	base_lo=-0	base_hi=0	diff_lo=0	diff_hi=0	new_lo=-0	new_hi=0	subset=1
AIRPLANE_PICARD	14	old_lo=-0.01	old_hi=0.01	base_lo=-0	base_hi=0	diff_lo=0	diff_hi=0	new_lo=-0	new_hi=0	subset=1
AIRPLANE_PICARD	15	old_lo=-0.01	old_hi=0.01	base_lo=-0	base_hi=0	diff_lo=0	diff_hi=0	new_lo=-0	new_hi=0	subset=1
AIRPLANE_PICARD	16	old_lo=-0.01	old_hi=0.01	base_lo=-0	base_hi=0	diff_lo=0	diff_hi=0	new_lo=-0	new_hi=0	subset=1
AIRPLANE_PICARD	17	old_lo=-0.01	old_hi=0.01	base_lo=-0	base_hi=0	diff_lo=0	diff_hi=0	new_lo=-0	new_hi=0	subset=1
AIRPLANE_PICARD	18	old_lo=-0.01	old_hi=0.01	base_lo=-0	base_hi=0	diff_lo=0	diff_hi=0	new_lo=-0	new_hi=0	subset=1
PERIOD 0 FLOWPIPES 1 STATUS 3 BOX_SAFE 0
DIAGNOSTIC_COMPLETED_CALLS 0/1
FLOWPIPE_SEGMENTS 1
UNKNOWN
time cost: 0.806000
