Step 0
AIRPLANE_PICARD	0	old_lo=-0.01	old_hi=0.01	base_lo=-0.0057921888321063484	base_hi=0.0057878808392656132	diff_lo=-8.851549123297308e-18	diff_hi=9.0609741931757656e-18	new_lo=-0.005792188832106358	new_hi=0.0057878808392656227	subset=1
AIRPLANE_PICARD	1	old_lo=-0.01	old_hi=0.01	base_lo=-0.0058774074334963927	base_hi=0.0059043562914014129	diff_lo=-9.6411952495619515e-18	diff_hi=9.5023156010398824e-18	new_lo=-0.0058774074334964031	new_hi=0.0059043562914014225	subset=1
AIRPLANE_PICARD	2	old_lo=-0.01	old_hi=0.01	base_lo=-0.0031324337266424264	base_hi=0.0030931347981912158	diff_lo=-6.7100214273807569e-18	diff_hi=3.5875191706225029e-18	new_lo=-0.0031324337266424333	new_hi=0.0030931347981912197	subset=1
AIRPLANE_PICARD	3	old_lo=-0.01	old_hi=0.01	base_lo=-0.00081688550157958358	base_hi=0.00081676714475541277	diff_lo=-3.0064839506849243e-19	diff_hi=9.229117470255235e-18	new_lo=-0.00081688550157958391	new_hi=0.00081676714475542209	subset=1
AIRPLANE_PICARD	4	old_lo=-0.01	old_hi=0.01	base_lo=-0.00079302051195210979	base_hi=0.00079802222958079492	diff_lo=-1.1071976668830535e-18	diff_hi=5.5106197383025823e-18	new_lo=-0.00079302051195211099	new_hi=0.00079802222958080045	subset=1
AIRPLANE_PICARD	5	old_lo=-0.01	old_hi=0.01	base_lo=-0.000869423749476186	base_hi=0.00087442120815609339	diff_lo=-1.8157197967383358e-17	diff_hi=5.3473891981070689e-19	new_lo=-0.00086942374947620422	new_hi=0.00087442120815609393	subset=1
AIRPLANE_PICARD	6	old_lo=-0.01	old_hi=0.01	base_lo=-0.0012747363921228945	base_hi=0.0012474009472884572	diff_lo=-2.4702462297909742e-19	diff_hi=2.0261570199409112e-19	new_lo=-0.001274736392122895	new_hi=0.0012474009472884574	subset=1
AIRPLANE_PICARD	7	old_lo=-0.01	old_hi=0.01	base_lo=-0.00094274726581605663	base_hi=0.00093498255226073985	diff_lo=-9.7144514654701223e-20	diff_hi=1.1934897514720438e-19	new_lo=-0.00094274726581605674	new_hi=0.00093498255226074007	subset=1
AIRPLANE_PICARD	8	old_lo=-0.01	old_hi=0.01	base_lo=-0.0008905611754168733	base_hi=0.00086104037685666652	diff_lo=-2.3314683517128296e-19	diff_hi=1.776356839400251e-19	new_lo=-0.00089056117541687363	new_hi=0.00086104037685666673	subset=1
AIRPLANE_PICARD	9	old_lo=-0.01	old_hi=0.01	base_lo=-0.0001	base_hi=0.0001	diff_lo=0	diff_hi=0	new_lo=-0.0001	new_hi=0.0001	subset=1
AIRPLANE_PICARD	10	old_lo=-0.01	old_hi=0.01	base_lo=-0.0001	base_hi=0.0001	diff_lo=0	diff_hi=0	new_lo=-0.0001	new_hi=0.0001	subset=1
AIRPLANE_PICARD	11	old_lo=-0.01	old_hi=0.01	base_lo=-0.0001	base_hi=0.0001	diff_lo=0	diff_hi=0	new_lo=-0.0001	new_hi=0.0001	subset=1
AIRPLANE_PICARD	12	old_lo=-0.01	old_hi=0.01	base_lo=-0	base_hi=0	diff_lo=0	diff_hi=0	new_lo=-0	new_hi=0	subset=1
AIRPLANE_PICARD	13	old_lo=-0.01	old_hi=0.01	base_lo=-0	base_hi=0	diff_lo=0	diff_hi=0	new_lo=-0	new_hi=0	subset=1
AIRPLANE_PICARD	14	old_lo=-0.01	old_hi=0.01	base_lo=-0	base_hi=0	diff_lo=0	diff_hi=0	new_lo=-0	new_hi=0	subset=1
AIRPLANE_PICARD	15	old_lo=-0.01	old_hi=0.01	base_lo=-0	base_hi=0	diff_lo=0	diff_hi=0	new_lo=-0	new_hi=0	subset=1
AIRPLANE_PICARD	16	old_lo=-0.01	old_hi=0.01	base_lo=-0	base_hi=0	diff_lo=0	diff_hi=0	new_lo=-0	new_hi=0	subset=1
AIRPLANE_PICARD	17	old_lo=-0.01	old_hi=0.01	base_lo=-0	base_hi=0	diff_lo=0	diff_hi=0	new_lo=-0	new_hi=0	subset=1
AIRPLANE_PICARD	18	old_lo=-0.01	old_hi=0.01	base_lo=-0	base_hi=0	diff_lo=0	diff_hi=0	new_lo=-0	new_hi=0	subset=1
PERIOD 0 FLOWPIPES 1 STATUS 3 BOX_SAFE 0
DIAGNOSTIC_COMPLETED_CALLS 0/1
FLOWPIPE_SEGMENTS 1
UNKNOWN
time cost: 0.796000
