Step 0
AIRPLANE_PICARD	0	old_lo=-0.01	old_hi=0.01	base_lo=-0.00446423828904546	base_hi=0.0044719150469942678	diff_lo=-6.5847281331225406e-18	diff_hi=8.8131354066452731e-18	new_lo=-0.004464238289045467	new_hi=0.0044719150469942773	subset=1
AIRPLANE_PICARD	1	old_lo=-0.01	old_hi=0.01	base_lo=-0.0041005916651432276	base_hi=0.0041156875017331106	diff_lo=-4.8541402379124618e-18	diff_hi=5.9733930764712383e-18	new_lo=-0.0041005916651432328	new_hi=0.0041156875017331167	subset=1
AIRPLANE_PICARD	2	old_lo=-0.01	old_hi=0.01	base_lo=-0.0025667388473423029	base_hi=0.0025348412338375144	diff_lo=-3.989882498463738e-18	diff_hi=2.8709951083172338e-18	new_lo=-0.0025667388473423073	new_hi=0.0025348412338375174	subset=1
AIRPLANE_PICARD	3	old_lo=-0.01	old_hi=0.01	base_lo=-0.00060186841081804384	base_hi=0.0006017563542038538	diff_lo=-2.777778007612142e-19	diff_hi=9.1943674895844667e-18	new_lo=-0.00060186841081804417	new_hi=0.00060175635420386302	subset=1
AIRPLANE_PICARD	4	old_lo=-0.01	old_hi=0.01	base_lo=-0.00073306364102387119	base_hi=0.00073496537620619149	diff_lo=-1.6073808950523022e-18	diff_hi=5.3163029534175633e-19	new_lo=-0.00073306364102387282	new_hi=0.00073496537620619203	subset=1
AIRPLANE_PICARD	5	old_lo=-0.01	old_hi=0.01	base_lo=-0.00073158401864300247	base_hi=0.00073841053365696443	diff_lo=-9.7112040631230958e-18	diff_hi=7.6003092708276676e-19	new_lo=-0.00073158401864301223	new_hi=0.0007384105336569653	subset=1
AIRPLANE_PICARD	6	old_lo=-0.01	old_hi=0.01	base_lo=-0.00097302659185899702	base_hi=0.00096440967147452805	diff_lo=-1.2975731600306523e-19	diff_hi=1.1310397063368786e-19	new_lo=-0.00097302659185899724	new_hi=0.00096440967147452827	subset=1
AIRPLANE_PICARD	7	old_lo=-0.01	old_hi=0.01	base_lo=-0.00067821124221675941	base_hi=0.00067487460386355248	diff_lo=-1.1310397063368786e-19	diff_hi=1.0200174038743628e-19	new_lo=-0.00067821124221675963	new_hi=0.00067487460386355259	subset=1
AIRPLANE_PICARD	8	old_lo=-0.01	old_hi=0.01	base_lo=-0.00063185380774591143	base_hi=0.00062412231109854467	diff_lo=-1.0338951916821773e-19	diff_hi=9.2287288921966157e-20	new_lo=-0.00063185380774591154	new_hi=0.00062412231109854478	subset=1
AIRPLANE_PICARD	9	old_lo=-0.01	old_hi=0.01	base_lo=-0.0001	base_hi=0.0001	diff_lo=0	diff_hi=0	new_lo=-0.0001	new_hi=0.0001	subset=1
AIRPLANE_PICARD	10	old_lo=-0.01	old_hi=0.01	base_lo=-0.0001	base_hi=0.0001	diff_lo=0	diff_hi=0	new_lo=-0.0001	new_hi=0.0001	subset=1
AIRPLANE_PICARD	11	old_lo=-0.01	old_hi=0.01	base_lo=-0.0001	base_hi=0.0001	diff_lo=0	diff_hi=0	new_lo=-0.0001	new_hi=0.0001	subset=1
AIRPLANE_PICARD	12	old_lo=-0.01	old_hi=0.01	base_lo=-0	base_hi=0	diff_lo=0	diff_hi=0	new_lo=-0	new_hi=0	subset=1
AIRPLANE_PICARD	13	old_lo=-0.01	old_hi=0.01	base_lo=-0	base_hi=0	diff_lo=0	diff_hi=0	new_lo=-0	new_hi=0	subset=1
AIRPLANE_PICARD	14	old_lo=-0.01	old_hi=0.01	base_lo=-0	base_hi=0	diff_lo=0	diff_hi=0	new_lo=-0	new_hi=0	subset=1
AIRPLANE_PICARD	15	old_lo=-0.01	old_hi=0.01	base_lo=-0	base_hi=0	diff_lo=0	diff_hi=0	new_lo=-0	new_hi=0	subset=1
AIRPLANE_PICARD	16	old_lo=-0.01	old_hi=0.01	base_lo=-0	base_hi=0	diff_lo=0	diff_hi=0	new_lo=-0	new_hi=0	subset=1
AIRPLANE_PICARD	17	old_lo=-0.01	old_hi=0.01	base_lo=-0	base_hi=0	diff_lo=0	diff_hi=0	new_lo=-0	new_hi=0	subset=1
AIRPLANE_PICARD	18	old_lo=-0.01	old_hi=0.01	base_lo=-0	base_hi=0	diff_lo=0	diff_hi=0	new_lo=-0	new_hi=0	subset=1
PERIOD 0 FLOWPIPES 1 STATUS 3 BOX_SAFE 0
DIAGNOSTIC_COMPLETED_CALLS 0/1
FLOWPIPE_SEGMENTS 1
UNKNOWN
time cost: 0.800000
