{
  "files": {
    "actual_path_summary.json": {
      "bytes": 2471,
      "sha256": "3460621bd7101ed0dff12563c772585da3232fb318229f037951e41cea6c4a81"
    },
    "raw_remainder_expression_tree.json": {
      "bytes": 115048,
      "sha256": "9189d2f74a9ec3d796d8d27626feb4fdeb2f26ef781d6de182cc20c1e4b284b6"
    },
    "stage_ledger.csv": {
      "bytes": 5897,
      "sha256": "24e75fd7490b5b11e96ea88e908c4bf32a2a9263cf7d4a1882a4a8f1629eb071"
    },
    "stage_ledger.json": {
      "bytes": 886661,
      "sha256": "057a848b930df861fd3bc508b01a643b87fdf529c9b7757c6a843cc16048360f"
    }
  },
  "hook_read_only_equivalence": true,
  "raw_expression_node_count": 18,
  "row_count": 16,
  "schema": "torch_step1_stage_ledger_manifest_v1",
  "status": "validated"
}
