Step 0
AIRPLANE_PICARD	0	old_lo=-0.01	old_hi=0.01	base_lo=-0.0062374409118136163	base_hi=0.0062205334723023833	diff_lo=-8.8132556808062771e-18	diff_hi=9.9331746531798286e-18	new_lo=-0.0062374409118136258	new_hi=0.0062205334723023937	subset=1
AIRPLANE_PICARD	1	old_lo=-0.01	old_hi=0.01	base_lo=-0.0062618398098989317	base_hi=0.0062778031493181622	diff_lo=-1.0383504241614142e-17	diff_hi=1.0237782843702823e-17	new_lo=-0.0062618398098989421	new_hi=0.0062778031493181726	subset=1
AIRPLANE_PICARD	2	old_lo=-0.01	old_hi=0.01	base_lo=-0.0031359439083706816	base_hi=0.0030818945020481812	diff_lo=-4.9044425927865199e-18	diff_hi=7.1637603256865247e-18	new_lo=-0.0031359439083706868	new_hi=0.0030818945020481886	subset=1
AIRPLANE_PICARD	3	old_lo=-0.01	old_hi=0.01	base_lo=-0.00087137774310022166	base_hi=0.00087128353506995691	diff_lo=-2.931127562888492e-19	diff_hi=5.555556015224284e-19	new_lo=-0.00087137774310022198	new_hi=0.00087128353506995757	subset=1
AIRPLANE_PICARD	4	old_lo=-0.01	old_hi=0.01	base_lo=-0.00082867301391998359	base_hi=0.00083522697738359246	diff_lo=-8.091305403468144e-19	diff_hi=9.5549124168314879e-18	new_lo=-0.00082867301391998445	new_hi=0.00083522697738360211	subset=1
AIRPLANE_PICARD	5	old_lo=-0.01	old_hi=0.01	base_lo=-0.00085111831748147339	base_hi=0.00085792035432465628	diff_lo=-1.8595597284232226e-17	diff_hi=7.6266770676625155e-19	new_lo=-0.00085111831748149204	new_hi=0.00085792035432465715	subset=1
AIRPLANE_PICARD	6	old_lo=-0.01	old_hi=0.01	base_lo=-0.00047851422003379623	base_hi=0.00047732438446093694	diff_lo=-6.6266436782314063e-20	diff_hi=6.904199434387695e-20	new_lo=-0.00047851422003379634	new_hi=0.00047732438446093704	subset=1
AIRPLANE_PICARD	7	old_lo=-0.01	old_hi=0.01	base_lo=-0.00046048732098929253	base_hi=0.00046087631582632157	diff_lo=-9.1593399531575438e-20	diff_hi=9.2981178312356887e-20	new_lo=-0.00046048732098929264	new_hi=0.00046087631582632168	subset=1
AIRPLANE_PICARD	8	old_lo=-0.01	old_hi=0.01	base_lo=-0.00039544252926498787	base_hi=0.000394342588462895	diff_lo=-9.089951014118472e-20	diff_hi=1.0200174038743628e-19	new_lo=-0.00039544252926498798	new_hi=0.00039434258846289511	subset=1
AIRPLANE_PICARD	9	old_lo=-0.01	old_hi=0.01	base_lo=-0.0001	base_hi=0.0001	diff_lo=0	diff_hi=0	new_lo=-0.0001	new_hi=0.0001	subset=1
AIRPLANE_PICARD	10	old_lo=-0.01	old_hi=0.01	base_lo=-0.0001	base_hi=0.0001	diff_lo=0	diff_hi=0	new_lo=-0.0001	new_hi=0.0001	subset=1
AIRPLANE_PICARD	11	old_lo=-0.01	old_hi=0.01	base_lo=-0.0001	base_hi=0.0001	diff_lo=0	diff_hi=0	new_lo=-0.0001	new_hi=0.0001	subset=1
AIRPLANE_PICARD	12	old_lo=-0.01	old_hi=0.01	base_lo=-0	base_hi=0	diff_lo=0	diff_hi=0	new_lo=-0	new_hi=0	subset=1
AIRPLANE_PICARD	13	old_lo=-0.01	old_hi=0.01	base_lo=-0	base_hi=0	diff_lo=0	diff_hi=0	new_lo=-0	new_hi=0	subset=1
AIRPLANE_PICARD	14	old_lo=-0.01	old_hi=0.01	base_lo=-0	base_hi=0	diff_lo=0	diff_hi=0	new_lo=-0	new_hi=0	subset=1
AIRPLANE_PICARD	15	old_lo=-0.01	old_hi=0.01	base_lo=-0	base_hi=0	diff_lo=0	diff_hi=0	new_lo=-0	new_hi=0	subset=1
AIRPLANE_PICARD	16	old_lo=-0.01	old_hi=0.01	base_lo=-0	base_hi=0	diff_lo=0	diff_hi=0	new_lo=-0	new_hi=0	subset=1
AIRPLANE_PICARD	17	old_lo=-0.01	old_hi=0.01	base_lo=-0	base_hi=0	diff_lo=0	diff_hi=0	new_lo=-0	new_hi=0	subset=1
AIRPLANE_PICARD	18	old_lo=-0.01	old_hi=0.01	base_lo=-0	base_hi=0	diff_lo=0	diff_hi=0	new_lo=-0	new_hi=0	subset=1
PERIOD 0 FLOWPIPES 1 STATUS 3 BOX_SAFE 0
DIAGNOSTIC_COMPLETED_CALLS 0/1
FLOWPIPE_SEGMENTS 1
UNKNOWN
time cost: 0.788000
