Step 0
AIRPLANE_PICARD	0	old_lo=-0.01	old_hi=0.01	base_lo=-0.0066207885792520802	base_hi=0.0066000199110777648	diff_lo=-7.6394099379761928e-18	diff_hi=6.5985712264608353e-18	new_lo=-0.006620788579252088	new_hi=0.0066000199110777718	subset=1
AIRPLANE_PICARD	1	old_lo=-0.01	old_hi=0.01	base_lo=-0.0067422001492306542	base_hi=0.0067501610768010718	diff_lo=-6.158632631647627e-18	diff_hi=8.3402405352354607e-18	new_lo=-0.0067422001492306611	new_hi=0.0067501610768010804	subset=1
AIRPLANE_PICARD	2	old_lo=-0.01	old_hi=0.01	base_lo=-0.0033375670757552754	base_hi=0.0032937003786233784	diff_lo=-2.5144906411663431e-18	diff_hi=4.808482316024752e-18	new_lo=-0.003337567075755278	new_hi=0.0032937003786233836	subset=1
AIRPLANE_PICARD	3	old_lo=-0.01	old_hi=0.01	base_lo=-0.00096509312320718305	base_hi=0.00096495227218925945	diff_lo=-3.0993263511192034e-19	diff_hi=2.5203172882015685e-18	new_lo=-0.00096509312320718337	new_hi=0.00096495227218926206	subset=1
AIRPLANE_PICARD	4	old_lo=-0.01	old_hi=0.01	base_lo=-0.00099884613515659822	base_hi=0.0010012631504797628	diff_lo=-1.7836796492934358e-18	diff_hi=6.9011007845787312e-19	new_lo=-0.00099884613515660017	new_hi=0.0010012631504797637	subset=1
AIRPLANE_PICARD	5	old_lo=-0.01	old_hi=0.01	base_lo=-0.00080336766706887099	base_hi=0.00081245847681787463	diff_lo=-2.9092006581521454e-19	diff_hi=1.7915377514832194e-17	new_lo=-0.00080336766706887131	new_hi=0.00081245847681789263	subset=1
AIRPLANE_PICARD	6	old_lo=-0.01	old_hi=0.01	base_lo=-0.00047799705349700844	base_hi=0.00047727454852313352	diff_lo=-7.5135210553245476e-20	diff_hi=7.9298546895589824e-20	new_lo=-0.00047799705349700855	new_hi=0.00047727454852313362	subset=1
AIRPLANE_PICARD	7	old_lo=-0.01	old_hi=0.01	base_lo=-0.00043387447582421445	base_hi=0.00043371647651567989	diff_lo=-9.1246454836380079e-20	diff_hi=8.7430063189231102e-20	new_lo=-0.00043387447582421456	new_hi=0.00043371647651568	subset=1
AIRPLANE_PICARD	8	old_lo=-0.01	old_hi=0.01	base_lo=-0.00037889078459201077	base_hi=0.00037809051037373382	diff_lo=-9.089951014118472e-20	diff_hi=8.5348395018058934e-20	new_lo=-0.00037889078459201088	new_hi=0.00037809051037373392	subset=1
AIRPLANE_PICARD	9	old_lo=-0.01	old_hi=0.01	base_lo=-0.0001	base_hi=0.0001	diff_lo=0	diff_hi=0	new_lo=-0.0001	new_hi=0.0001	subset=1
AIRPLANE_PICARD	10	old_lo=-0.01	old_hi=0.01	base_lo=-0.0001	base_hi=0.0001	diff_lo=0	diff_hi=0	new_lo=-0.0001	new_hi=0.0001	subset=1
AIRPLANE_PICARD	11	old_lo=-0.01	old_hi=0.01	base_lo=-0.0001	base_hi=0.0001	diff_lo=0	diff_hi=0	new_lo=-0.0001	new_hi=0.0001	subset=1
AIRPLANE_PICARD	12	old_lo=-0.01	old_hi=0.01	base_lo=-0	base_hi=0	diff_lo=0	diff_hi=0	new_lo=-0	new_hi=0	subset=1
AIRPLANE_PICARD	13	old_lo=-0.01	old_hi=0.01	base_lo=-0	base_hi=0	diff_lo=0	diff_hi=0	new_lo=-0	new_hi=0	subset=1
AIRPLANE_PICARD	14	old_lo=-0.01	old_hi=0.01	base_lo=-0	base_hi=0	diff_lo=0	diff_hi=0	new_lo=-0	new_hi=0	subset=1
AIRPLANE_PICARD	15	old_lo=-0.01	old_hi=0.01	base_lo=-0	base_hi=0	diff_lo=0	diff_hi=0	new_lo=-0	new_hi=0	subset=1
AIRPLANE_PICARD	16	old_lo=-0.01	old_hi=0.01	base_lo=-0	base_hi=0	diff_lo=0	diff_hi=0	new_lo=-0	new_hi=0	subset=1
AIRPLANE_PICARD	17	old_lo=-0.01	old_hi=0.01	base_lo=-0	base_hi=0	diff_lo=0	diff_hi=0	new_lo=-0	new_hi=0	subset=1
AIRPLANE_PICARD	18	old_lo=-0.01	old_hi=0.01	base_lo=-0	base_hi=0	diff_lo=0	diff_hi=0	new_lo=-0	new_hi=0	subset=1
PERIOD 0 FLOWPIPES 1 STATUS 3 BOX_SAFE 0
DIAGNOSTIC_COMPLETED_CALLS 0/1
FLOWPIPE_SEGMENTS 1
UNKNOWN
time cost: 0.785000
