Step 0
AIRPLANE_PICARD	0	old_lo=-0.01	old_hi=0.01	base_lo=-0.0055557871890816743	base_hi=0.0055954604633805692	diff_lo=-7.5690611186137449e-18	diff_hi=1.1954423562166042e-17	new_lo=-0.0055557871890816821	new_hi=0.0055954604633805813	subset=1
AIRPLANE_PICARD	1	old_lo=-0.01	old_hi=0.01	base_lo=-0.0051211507535730855	base_hi=0.005110697886994516	diff_lo=-1.2024505234113191e-17	diff_hi=8.3305908467797597e-18	new_lo=-0.0051211507535730977	new_hi=0.0051106978869945247	subset=1
AIRPLANE_PICARD	2	old_lo=-0.01	old_hi=0.01	base_lo=-0.003022011736722945	base_hi=0.0029905661594597554	diff_lo=-6.768252625022346e-18	diff_hi=3.5569417781526183e-18	new_lo=-0.003022011736722952	new_hi=0.0029905661594597593	subset=1
AIRPLANE_PICARD	3	old_lo=-0.01	old_hi=0.01	base_lo=-0.00067640556401392263	base_hi=0.00067635095504072146	diff_lo=-2.999128723146783e-19	diff_hi=9.2190977074579945e-18	new_lo=-0.00067640556401392295	new_hi=0.00067635095504073079	subset=1
AIRPLANE_PICARD	4	old_lo=-0.01	old_hi=0.01	base_lo=-0.00073614250978163603	base_hi=0.0007411135241205504	diff_lo=-9.9873720404986038e-18	diff_hi=1.0710043962802734e-18	new_lo=-0.00073614250978164611	new_hi=0.00074111352412055149	subset=1
AIRPLANE_PICARD	5	old_lo=-0.01	old_hi=0.01	base_lo=-0.00077999477871316491	base_hi=0.00078508358087693607	diff_lo=-4.8340775826716265e-18	diff_hi=5.333511410299255e-19	new_lo=-0.00077999477871316979	new_hi=0.00078508358087693662	subset=1
AIRPLANE_PICARD	6	old_lo=-0.01	old_hi=0.01	base_lo=-0.0010364420844662069	base_hi=0.0010227557352928544	diff_lo=-1.7347234759768077e-19	diff_hi=1.4016565685892606e-19	new_lo=-0.0010364420844662071	new_hi=0.0010227557352928546	subset=1
AIRPLANE_PICARD	7	old_lo=-0.01	old_hi=0.01	base_lo=-0.00073946252415520684	base_hi=0.00073665465317394115	diff_lo=-7.2164496600635196e-20	diff_hi=8.3266726846886754e-20	new_lo=-0.00073946252415520695	new_hi=0.00073665465317394126	subset=1
AIRPLANE_PICARD	8	old_lo=-0.01	old_hi=0.01	base_lo=-0.00071261022784345344	base_hi=0.00069979192571228304	diff_lo=-1.3322676295501885e-19	diff_hi=1.1102230246251568e-19	new_lo=-0.00071261022784345365	new_hi=0.00069979192571228326	subset=1
AIRPLANE_PICARD	9	old_lo=-0.01	old_hi=0.01	base_lo=-0.0001	base_hi=0.0001	diff_lo=0	diff_hi=0	new_lo=-0.0001	new_hi=0.0001	subset=1
AIRPLANE_PICARD	10	old_lo=-0.01	old_hi=0.01	base_lo=-0.0001	base_hi=0.0001	diff_lo=0	diff_hi=0	new_lo=-0.0001	new_hi=0.0001	subset=1
AIRPLANE_PICARD	11	old_lo=-0.01	old_hi=0.01	base_lo=-0.0001	base_hi=0.0001	diff_lo=0	diff_hi=0	new_lo=-0.0001	new_hi=0.0001	subset=1
AIRPLANE_PICARD	12	old_lo=-0.01	old_hi=0.01	base_lo=-0	base_hi=0	diff_lo=0	diff_hi=0	new_lo=-0	new_hi=0	subset=1
AIRPLANE_PICARD	13	old_lo=-0.01	old_hi=0.01	base_lo=-0	base_hi=0	diff_lo=0	diff_hi=0	new_lo=-0	new_hi=0	subset=1
AIRPLANE_PICARD	14	old_lo=-0.01	old_hi=0.01	base_lo=-0	base_hi=0	diff_lo=0	diff_hi=0	new_lo=-0	new_hi=0	subset=1
AIRPLANE_PICARD	15	old_lo=-0.01	old_hi=0.01	base_lo=-0	base_hi=0	diff_lo=0	diff_hi=0	new_lo=-0	new_hi=0	subset=1
AIRPLANE_PICARD	16	old_lo=-0.01	old_hi=0.01	base_lo=-0	base_hi=0	diff_lo=0	diff_hi=0	new_lo=-0	new_hi=0	subset=1
AIRPLANE_PICARD	17	old_lo=-0.01	old_hi=0.01	base_lo=-0	base_hi=0	diff_lo=0	diff_hi=0	new_lo=-0	new_hi=0	subset=1
AIRPLANE_PICARD	18	old_lo=-0.01	old_hi=0.01	base_lo=-0	base_hi=0	diff_lo=0	diff_hi=0	new_lo=-0	new_hi=0	subset=1
PERIOD 0 FLOWPIPES 1 STATUS 3 BOX_SAFE 0
DIAGNOSTIC_COMPLETED_CALLS 0/1
FLOWPIPE_SEGMENTS 1
UNKNOWN
time cost: 0.803000
