/srv/local/shengenli/flowstar_acceleration_20260921T153643Z/nncs_env/lib/python3.11/site-packages/onnx2pytorch/convert/layer.py:29: UserWarning: The given NumPy array is not writable, and PyTorch does not support non-writable tensors. This means writing to this tensor will result in undefined behavior. You may want to copy the array to protect its data or make it writable before converting it to a tensor. This type of warning will be suppressed for the rest of this program. (Triggered internally at ../torch/csrc/utils/tensor_numpy.cpp:206.)
  layer.weight.data = torch.from_numpy(numpy_helper.to_array(weight))
/srv/local/shengenli/flowstar_acceleration_20260921T153643Z/nncs_env/lib/python3.11/site-packages/onnx2pytorch/convert/model.py:167: TracerWarning: Converting a tensor to a Python boolean might cause the trace to be incorrect. We can't record the data flow of Python values, so this value will be treated as a constant in the future. This means that the trace might not generalize to other inputs!
  if not self.experimental and inputs[0].shape[self.batch_dim] > 1:
/srv/local/shengenli/auto_LiRPA/auto_LiRPA/operators/base.py:441: UserWarning: Constant operand of node [96mBoundSub(name=/input, inputs=[/0, /1], perturbed=True)[0m has batch dimension. Please check your model implementation. Constant operands [93mSHOULD NOT[0m have batch dimension.
  warnings.warn(f"Constant operand of node \033[96m{self}\033[0m has batch dimension. "
Traceback (most recent call last):
  File "/srv/local/shengenli/flowstar_acceleration_20260921T153643Z/runs/archcomp26_20261001/author_tora_remain_h01_refusal_trace_20261002_001/diagnostic_driver.py", line 449, in <module>
    raise SystemExit(main())
                     ^^^^^^
  File "/srv/local/shengenli/flowstar_acceleration_20260921T153643Z/runs/archcomp26_20261001/author_tora_remain_h01_refusal_trace_20261002_001/diagnostic_driver.py", line 445, in main
    return run(args)
           ^^^^^^^^^
  File "/srv/local/shengenli/flowstar_acceleration_20260921T153643Z/runs/archcomp26_20261001/author_tora_remain_h01_refusal_trace_20261002_001/diagnostic_driver.py", line 351, in run
    driver_code = driver.main()
                  ^^^^^^^^^^^^^
  File "/srv/local/shengenli/xiangru_adoption_20260907T032448Z/xiangru_upstream/src/flowstar_gpu/integrations/crown_reach.py", line 1446, in main
    st, ok = advance_sparse(st, code, eng, sched, settings, rem_est, sr)
             ^^^^^^^^^^^^^^^^^^^^^^^^^^^^^^^^^^^^^^^^^^^^^^^^^^^^^^^^^^^
  File "/srv/local/shengenli/flowstar_acceleration_20260921T153643Z/runs/archcomp26_20261001/author_tora_remain_h01_refusal_trace_20261002_001/diagnostic_driver.py", line 295, in observed
    call_args[4] = replace(call_args[4], refinement_callback=capture)
                   ^^^^^^^^^^^^^^^^^^^^^^^^^^^^^^^^^^^^^^^^^^^^^^^^^^
  File "/srv/local/shengenli/miniforge3/envs/py11/lib/python3.11/dataclasses.py", line 1503, in replace
    return obj.__class__(**changes)
           ^^^^^^^^^^^^^^^^^^^^^^^^
TypeError: Settings.__init__() got an unexpected keyword argument 'refinement_callback'
/srv/local/shengenli/miniforge3/envs/py11/lib/python3.11/tempfile.py:934: ResourceWarning: Implicitly cleaning up <TemporaryDirectory '/tmp/tmpa9i5s__s'>
  _warnings.warn(warn_message, ResourceWarning)
